Archive member included to satisfy reference by file (symbol)

/opt/avr/gcc-10.3.0/lib/gcc/avr/10.3.0/avr5/libgcc.a(_mulsi3.o)
                              ../Obj/mega328_st7735_16MHz/ReadADC.o (__mulsi3)
/opt/avr/gcc-10.3.0/lib/gcc/avr/10.3.0/avr5/libgcc.a(_udivmodqi4.o)
                              ../Obj/mega328_st7735_16MHz/lcd-draw.o (__udivmodqi4)
/opt/avr/gcc-10.3.0/lib/gcc/avr/10.3.0/avr5/libgcc.a(_udivmodhi4.o)
                              ../Obj/mega328_st7735_16MHz/RefVoltage.o (__udivmodhi4)
/opt/avr/gcc-10.3.0/lib/gcc/avr/10.3.0/avr5/libgcc.a(_divmodhi4.o)
                              ../Obj/mega328_st7735_16MHz/function_menu.o (__divmodhi4)
/opt/avr/gcc-10.3.0/lib/gcc/avr/10.3.0/avr5/libgcc.a(_udivmodsi4.o)
                              ../Obj/mega328_st7735_16MHz/DisplayValue.o (__udivmodsi4)
/opt/avr/gcc-10.3.0/lib/gcc/avr/10.3.0/avr5/libgcc.a(_divmodsi4.o)
                              ../Obj/mega328_st7735_16MHz/main.o (__divmodsi4)
/opt/avr/gcc-10.3.0/lib/gcc/avr/10.3.0/avr5/libgcc.a(_negsi2.o)
                              /opt/avr/gcc-10.3.0/lib/gcc/avr/10.3.0/avr5/libgcc.a(_divmodsi4.o) (__negsi2)
/opt/avr/gcc-10.3.0/lib/gcc/avr/10.3.0/avr5/libgcc.a(_exit.o)
                              /opt/avr/avr-libc-2.0.0/avr/lib/avr5/crtatmega328p.o (exit)
/opt/avr/gcc-10.3.0/lib/gcc/avr/10.3.0/avr5/libgcc.a(_clear_bss.o)
                              ../Obj/mega328_st7735_16MHz/lcd-routines.o (__do_clear_bss)
/opt/avr/gcc-10.3.0/lib/gcc/avr/10.3.0/avr5/libgcc.a(_umulhisi3.o)
                              ../Obj/mega328_st7735_16MHz/main.o (__umulhisi3)
/opt/avr/gcc-10.3.0/lib/gcc/avr/10.3.0/avr5/libgcc.a(_usmulhisi3.o)
                              ../Obj/mega328_st7735_16MHz/main.o (__usmulhisi3)
/opt/avr/gcc-10.3.0/lib/gcc/avr/10.3.0/avr5/libgcc.a(_muluhisi3.o)
                              ../Obj/mega328_st7735_16MHz/main.o (__muluhisi3)
/opt/avr/gcc-10.3.0/lib/gcc/avr/10.3.0/avr5/libgcc.a(_mulshisi3.o)
                              ../Obj/mega328_st7735_16MHz/ReadCapacity.o (__mulshisi3)
/opt/avr/gcc-10.3.0/lib/gcc/avr/10.3.0/avr5/libgcc.a(_umulsidi3.o)
                              ../Obj/mega328_st7735_16MHz/GetFrequency.o (__umulsidi3)
/opt/avr/gcc-10.3.0/lib/gcc/avr/10.3.0/avr5/libgcc.a(_divdi3.o)
                              ../Obj/mega328_st7735_16MHz/GetFrequency.o (__divdi3)
/opt/avr/gcc-10.3.0/lib/gcc/avr/10.3.0/avr5/libgcc.a(_udivdi3.o)
                              /opt/avr/gcc-10.3.0/lib/gcc/avr/10.3.0/avr5/libgcc.a(_divdi3.o) (__udivdi3_umoddi3)
/opt/avr/gcc-10.3.0/lib/gcc/avr/10.3.0/avr5/libgcc.a(_udivmod64.o)
                              /opt/avr/gcc-10.3.0/lib/gcc/avr/10.3.0/avr5/libgcc.a(_divdi3.o) (__udivmod64)
/opt/avr/gcc-10.3.0/lib/gcc/avr/10.3.0/avr5/libgcc.a(_negdi2.o)
                              /opt/avr/gcc-10.3.0/lib/gcc/avr/10.3.0/avr5/libgcc.a(_divdi3.o) (__negdi2)
/opt/avr/gcc-10.3.0/lib/gcc/avr/10.3.0/avr5/libgcc.a(_prologue.o)
                              ../Obj/mega328_st7735_16MHz/lcd-routines.o (__prologue_saves__)
/opt/avr/gcc-10.3.0/lib/gcc/avr/10.3.0/avr5/libgcc.a(_epilogue.o)
                              ../Obj/mega328_st7735_16MHz/lcd-routines.o (__epilogue_restores__)
/opt/avr/gcc-10.3.0/lib/gcc/avr/10.3.0/avr5/libgcc.a(_muldi3_6.o)
                              /opt/avr/gcc-10.3.0/lib/gcc/avr/10.3.0/avr5/libgcc.a(_umulsidi3.o) (__muldi3_6)
/opt/avr/avr-libc-2.0.0/avr/lib/avr5/libc.a(ultoa_ncheck.o)
                              ../Obj/mega328_st7735_16MHz/DisplayValue.o (__ultoa_ncheck)
/opt/avr/avr-libc-2.0.0/avr/lib/avr5/libc.a(utoa.o)
                              ../Obj/mega328_st7735_16MHz/i2lcd.o (utoa)
/opt/avr/avr-libc-2.0.0/avr/lib/avr5/libc.a(utoa_ncheck.o)
                              /opt/avr/avr-libc-2.0.0/avr/lib/avr5/libc.a(utoa.o) (__utoa_ncheck)
/opt/avr/avr-libc-2.0.0/avr/lib/avr5/libc.a(strrev.o)
                              /opt/avr/avr-libc-2.0.0/avr/lib/avr5/libc.a(ultoa_ncheck.o) (strrev)
/opt/avr/avr-libc-2.0.0/avr/lib/avr5/libatmega328p.a(eerd_byte.o)
                              ../Obj/mega328_st7735_16MHz/lcd-routines.o (eeprom_read_byte)
/opt/avr/avr-libc-2.0.0/avr/lib/avr5/libatmega328p.a(eerd_word.o)
                              ../Obj/mega328_st7735_16MHz/show_Resis_Cap.o (eeprom_read_word)
/opt/avr/avr-libc-2.0.0/avr/lib/avr5/libatmega328p.a(eewr_byte.o)
                              ../Obj/mega328_st7735_16MHz/main.o (eeprom_write_byte)
/opt/avr/avr-libc-2.0.0/avr/lib/avr5/libatmega328p.a(eewr_word.o)
                              ../Obj/mega328_st7735_16MHz/main.o (eeprom_write_word)
/opt/avr/avr-libc-2.0.0/avr/lib/avr5/libatmega328p.a(eerd_block.o)
                              /opt/avr/avr-libc-2.0.0/avr/lib/avr5/libatmega328p.a(eerd_word.o) (eeprom_read_blraw)

Discarded input sections

 .data          0x0000000000000000        0x0 /opt/avr/avr-libc-2.0.0/avr/lib/avr5/crtatmega328p.o
 .bss           0x0000000000000000        0x0 /opt/avr/avr-libc-2.0.0/avr/lib/avr5/crtatmega328p.o
[...]
Memory Configuration

Name             Origin             Length             Attributes
text             0x0000000000000000 0x0000000000020000 xr
data             0x0000000000800060 0x000000000000ffa0 rw !x
eeprom           0x0000000000810000 0x0000000000010000 rw !x
fuse             0x0000000000820000 0x0000000000000400 rw !x
lock             0x0000000000830000 0x0000000000000400 rw !x
signature        0x0000000000840000 0x0000000000000400 rw !x
user_signatures  0x0000000000850000 0x0000000000000400 rw !x
*default*        0x0000000000000000 0xffffffffffffffff

Linker script and memory map

Address of section .data set to 0x800100
LOAD /opt/avr/avr-libc-2.0.0/avr/lib/avr5/crtatmega328p.o
LOAD ../Obj/mega328_st7735_16MHz/lcd_hw_4_bit.o
LOAD ../Obj/mega328_st7735_16MHz/lcd-routines.o
LOAD ../Obj/mega328_st7735_16MHz/i2lcd.o
LOAD ../Obj/mega328_st7735_16MHz/PinLayout.o
LOAD ../Obj/mega328_st7735_16MHz/RvalOut.o
LOAD ../Obj/mega328_st7735_16MHz/UfAusgabe.o
LOAD ../Obj/mega328_st7735_16MHz/DisplayValue.o
LOAD ../Obj/mega328_st7735_16MHz/lcd-draw.o
LOAD ../Obj/mega328_st7735_16MHz/swuart.o
LOAD ../Obj/mega328_st7735_16MHz/wait1000ms.o
LOAD ../Obj/mega328_st7735_16MHz/sleep_5ms.o
LOAD ../Obj/mega328_st7735_16MHz/ReadADC.o
LOAD ../Obj/mega328_st7735_16MHz/wait_for_key_ms.o
LOAD ../Obj/mega328_st7735_16MHz/RefVoltage.o
LOAD ../Obj/mega328_st7735_16MHz/main.o
LOAD ../Obj/mega328_st7735_16MHz/Battery_check.o
LOAD ../Obj/mega328_st7735_16MHz/CheckPins.o
LOAD ../Obj/mega328_st7735_16MHz/GetResistance.o
LOAD ../Obj/mega328_st7735_16MHz/ChargePin10ms.o
LOAD ../Obj/mega328_st7735_16MHz/EntladePins.o
LOAD ../Obj/mega328_st7735_16MHz/ReadCapacity.o
LOAD ../Obj/mega328_st7735_16MHz/GetRLmultip.o
LOAD ../Obj/mega328_st7735_16MHz/Calibrate_UR.o
LOAD ../Obj/mega328_st7735_16MHz/show_Resis_Cap.o
LOAD ../Obj/mega328_st7735_16MHz/get_log.o
LOAD ../Obj/mega328_st7735_16MHz/ReadInductance.o
LOAD ../Obj/mega328_st7735_16MHz/GetESR.o
LOAD ../Obj/mega328_st7735_16MHz/GetVloss.o
LOAD ../Obj/mega328_st7735_16MHz/function_menu.o
LOAD ../Obj/mega328_st7735_16MHz/message_key_released.o
LOAD ../Obj/mega328_st7735_16MHz/GetFrequency.o
LOAD ../Obj/mega328_st7735_16MHz/ReadBigCap.o
LOAD ../Obj/mega328_st7735_16MHz/CheckRotaryEncoder.o
LOAD ../Obj/mega328_st7735_16MHz/CalibrationCap.o
LOAD ../Obj/mega328_st7735_16MHz/CheckUJT.o
LOAD ../Obj/mega328_st7735_16MHz/ShowData.o
LOAD ../Obj/mega328_st7735_16MHz/EE_check_init.o
LOAD ../Obj/mega328_st7735_16MHz/samplingADC.o
LOAD ../Obj/mega328_st7735_16MHz/sampling_cap.o
LOAD ../Obj/mega328_st7735_16MHz/sampling_lc.o
LOAD ../Obj/mega328_st7735_16MHz/sampling_xtal.o
START GROUP
LOAD /opt/avr/gcc-10.3.0/lib/gcc/avr/10.3.0/avr5/libgcc.a
LOAD /opt/avr/avr-libc-2.0.0/avr/lib/avr5/libm.a
LOAD /opt/avr/avr-libc-2.0.0/avr/lib/avr5/libc.a
LOAD /opt/avr/avr-libc-2.0.0/avr/lib/avr5/libatmega328p.a
END GROUP
                0x0000000000020000                __TEXT_REGION_LENGTH__ = DEFINED (__TEXT_REGION_LENGTH__)?__TEXT_REGION_LENGTH__:0x20000
                0x000000000000ffa0                __DATA_REGION_LENGTH__ = DEFINED (__DATA_REGION_LENGTH__)?__DATA_REGION_LENGTH__:0xffa0
                0x0000000000010000                __EEPROM_REGION_LENGTH__ = DEFINED (__EEPROM_REGION_LENGTH__)?__EEPROM_REGION_LENGTH__:0x10000
                0x0000000000000400                __FUSE_REGION_LENGTH__ = DEFINED (__FUSE_REGION_LENGTH__)?__FUSE_REGION_LENGTH__:0x400
                0x0000000000000400                __LOCK_REGION_LENGTH__ = DEFINED (__LOCK_REGION_LENGTH__)?__LOCK_REGION_LENGTH__:0x400
                0x0000000000000400                __SIGNATURE_REGION_LENGTH__ = DEFINED (__SIGNATURE_REGION_LENGTH__)?__SIGNATURE_REGION_LENGTH__:0x400
                0x0000000000000400                __USER_SIGNATURE_REGION_LENGTH__ = DEFINED (__USER_SIGNATURE_REGION_LENGTH__)?__USER_SIGNATURE_REGION_LENGTH__:0x400

.hash
 *(.hash)

.dynsym
 *(.dynsym)

.dynstr
 *(.dynstr)

.gnu.version
 *(.gnu.version)

.gnu.version_d
 *(.gnu.version_d)

.gnu.version_r
 *(.gnu.version_r)

.rel.init
 *(.rel.init)

.rela.init
 *(.rela.init)

.rel.text
 *(.rel.text)
 *(.rel.text.*)
 *(.rel.gnu.linkonce.t*)

.rela.text
 *(.rela.text)
 *(.rela.text.*)
 *(.rela.gnu.linkonce.t*)

.rel.fini
 *(.rel.fini)

.rela.fini
 *(.rela.fini)

.rel.rodata
 *(.rel.rodata)
 *(.rel.rodata.*)
 *(.rel.gnu.linkonce.r*)

.rela.rodata
 *(.rela.rodata)
 *(.rela.rodata.*)
 *(.rela.gnu.linkonce.r*)

.rel.data
 *(.rel.data)
 *(.rel.data.*)
 *(.rel.gnu.linkonce.d*)

.rela.data
 *(.rela.data)
 *(.rela.data.*)
 *(.rela.gnu.linkonce.d*)

.rel.ctors
 *(.rel.ctors)

.rela.ctors
 *(.rela.ctors)

.rel.dtors
 *(.rel.dtors)

.rela.dtors
 *(.rela.dtors)

.rel.got
 *(.rel.got)

.rela.got
 *(.rela.got)

.rel.bss
 *(.rel.bss)

.rela.bss
 *(.rela.bss)

.rel.plt
 *(.rel.plt)

.rela.plt
 *(.rela.plt)

.text           0x0000000000000000     0x7d2c
 *(.vectors)
 .vectors       0x0000000000000000       0x68 /opt/avr/avr-libc-2.0.0/avr/lib/avr5/crtatmega328p.o
                0x0000000000000000                __vectors
                0x0000000000000000                __vector_default
 *(.vectors)
 *(.progmem.gcc*)
 .progmem.gcc   0x0000000000000068      0x124 ../Obj/mega328_st7735_16MHz/samplingADC.o
                0x0000000000000068                samplingADC
                0x0000000000000068                samplingADC_freqgen_sck
                0x0000000000000068                samplingADC_freqgen
                0x000000000000018c                . = ALIGN (0x2)
                0x000000000000018c                __trampolines_start = .
 *(.trampolines)
 .trampolines   0x000000000000018c        0x0 linker stubs
 *(.trampolines*)
                0x000000000000018c                __trampolines_end = .
 *libprintf_flt.a:*(.progmem.data)
 *libc.a:*(.progmem.data)
 *(.progmem.*)
 .progmem.data.bmp_number
                0x000000000000018c        0x6 ../Obj/mega328_st7735_16MHz/lcd-draw.o
 .progmem.data.bmp_vakdiode
                0x0000000000000192       0x20 ../Obj/mega328_st7735_16MHz/main.o
                0x0000000000000192                bmp_vakdiode
 .progmem.data.bmp_three_data
                0x00000000000001b2        0x7 ../Obj/mega328_st7735_16MHz/main.o
                0x00000000000001b2                bmp_three_data
 .progmem.data.bmp_two_data
                0x00000000000001b9        0x7 ../Obj/mega328_st7735_16MHz/main.o
                0x00000000000001b9                bmp_two_data
 .progmem.data.bmp_one_data
                0x00000000000001c0        0x7 ../Obj/mega328_st7735_16MHz/main.o
                0x00000000000001c0                bmp_one_data
 .progmem.data.bmp_pnp
                0x00000000000001c7        0x9 ../Obj/mega328_st7735_16MHz/main.o
                0x00000000000001c7                bmp_pnp
 .progmem.data.bmp_p_jfet
                0x00000000000001d0        0x7 ../Obj/mega328_st7735_16MHz/main.o
                0x00000000000001d0                bmp_p_jfet
 .progmem.data.bmp_p_d_mos
                0x00000000000001d7       0x12 ../Obj/mega328_st7735_16MHz/main.o
                0x00000000000001d7                bmp_p_d_mos
 .progmem.data.bmp_n_d_mos
                0x00000000000001e9        0x6 ../Obj/mega328_st7735_16MHz/main.o
                0x00000000000001e9                bmp_n_d_mos
 .progmem.data.bmp_p_e_mos
                0x00000000000001ef        0xa ../Obj/mega328_st7735_16MHz/main.o
                0x00000000000001ef                bmp_p_e_mos
 .progmem.data.bmp_p_d_igbt
                0x00000000000001f9       0x24 ../Obj/mega328_st7735_16MHz/main.o
                0x00000000000001f9                bmp_p_d_igbt
 .progmem.data.bmp_n_d_igbt
                0x000000000000021d        0xc ../Obj/mega328_st7735_16MHz/main.o
                0x000000000000021d                bmp_n_d_igbt
 .progmem.data.bmp_p_e_igbt
                0x0000000000000229       0x18 ../Obj/mega328_st7735_16MHz/main.o
                0x0000000000000229                bmp_p_e_igbt
 .progmem.data.PinRLRHADCtab
                0x0000000000000241        0x6 ../Obj/mega328_st7735_16MHz/main.o
                0x0000000000000241                PinRLRHADCtab
 .progmem.data.HelpCalibration_str
                0x0000000000000247      0x116 ../Obj/mega328_st7735_16MHz/main.o
                0x0000000000000247                HelpCalibration_str
 .progmem.data.RHtab
                0x000000000000035d       0x12 ../Obj/mega328_st7735_16MHz/main.o
                0x000000000000035d                RHtab
 .progmem.data.LogTab
                0x000000000000036f       0x66 ../Obj/mega328_st7735_16MHz/main.o
                0x000000000000036f                LogTab
 .progmem.data.bigfont
                0x00000000000003d5      0x2a0 ../Obj/mega328_st7735_16MHz/main.o
                0x00000000000003d5                bigfont
 .progmem.data.nfont
                0x0000000000000675      0x578 ../Obj/mega328_st7735_16MHz/main.o
                0x0000000000000675                nfont
 .progmem.data.sfont
                0x0000000000000bed       0x90 ../Obj/mega328_st7735_16MHz/main.o
                0x0000000000000bed                sfont
                0x0000000000000c7e                . = ALIGN (0x2)
 *fill*         0x0000000000000c7d        0x1 
 *(.lowtext)
 *(.lowtext*)
                0x0000000000000c7e                __ctors_start = .
 *(.ctors)
                0x0000000000000c7e                __ctors_end = .
                0x0000000000000c7e                __dtors_start = .
 *(.dtors)
                0x0000000000000c7e                __dtors_end = .
 SORT_BY_NAME(*)(.ctors)
 SORT_BY_NAME(*)(.dtors)
 *(.init0)
 .init0         0x0000000000000c7e        0x0 /opt/avr/avr-libc-2.0.0/avr/lib/avr5/crtatmega328p.o
                0x0000000000000c7e                __init
 *(.init0)
 *(.init1)
 *(.init1)
 *(.init2)
 .init2         0x0000000000000c7e        0xc /opt/avr/avr-libc-2.0.0/avr/lib/avr5/crtatmega328p.o
 *(.init2)
 *(.init3)
 *(.init3)
 *(.init4)
 .init4         0x0000000000000c8a       0x10 /opt/avr/gcc-10.3.0/lib/gcc/avr/10.3.0/avr5/libgcc.a(_clear_bss.o)
                0x0000000000000c8a                __do_clear_bss
 *(.init4)
 *(.init5)
 *(.init5)
 *(.init6)
 *(.init6)
 *(.init7)
 *(.init7)
 *(.init8)
 *(.init8)
 *(.init9)
 .init9         0x0000000000000c9a        0x8 /opt/avr/avr-libc-2.0.0/avr/lib/avr5/crtatmega328p.o
 *(.init9)
 *(.text)
 .text          0x0000000000000ca2        0x2 /opt/avr/avr-libc-2.0.0/avr/lib/avr5/crtatmega328p.o
                0x0000000000000ca2                __vector_22
                0x0000000000000ca2                __vector_1
                0x0000000000000ca2                __vector_24
                0x0000000000000ca2                __bad_interrupt
                0x0000000000000ca2                __vector_6
                0x0000000000000ca2                __vector_3
                0x0000000000000ca2                __vector_23
                0x0000000000000ca2                __vector_25
                0x0000000000000ca2                __vector_17
                0x0000000000000ca2                __vector_19
                0x0000000000000ca2                __vector_4
                0x0000000000000ca2                __vector_9
                0x0000000000000ca2                __vector_2
                0x0000000000000ca2                __vector_15
                0x0000000000000ca2                __vector_8
                0x0000000000000ca2                __vector_14
                0x0000000000000ca2                __vector_18
                0x0000000000000ca2                __vector_20
 .text          0x0000000000000ca4       0x78 ../Obj/mega328_st7735_16MHz/lcd_hw_4_bit.o
                0x0000000000000ca4                _lcd_hw_write
 .text          0x0000000000000d1c       0x38 ../Obj/mega328_st7735_16MHz/i2lcd.o
                0x0000000000000d1c                i2lcd
                0x0000000000000d32                u2lcd
                0x0000000000000d42                i2lcd_space
                0x0000000000000d46                u2lcd_space
                0x0000000000000d48                lcd_space
                0x0000000000000d4c                lcd_minus
                0x0000000000000d50                lcd_equal
 .text          0x0000000000000d54       0xbc ../Obj/mega328_st7735_16MHz/PinLayout.o
                0x0000000000000d54                PinLayout
                0x0000000000000da2                PinLayoutLine
                0x0000000000000dfc                Rnum2pins
 .text          0x0000000000000e10       0x4a ../Obj/mega328_st7735_16MHz/RvalOut.o
                0x0000000000000e10                RvalOut
 .text          0x0000000000000e5a       0xc4 ../Obj/mega328_st7735_16MHz/UfAusgabe.o
                0x0000000000000e5a                mVAusgabe
                0x0000000000000e76                UfAusgabe
                0x0000000000000ea2                SerienDiodenAusgabe
                0x0000000000000ec6                DiodeSymbol_withPins
                0x0000000000000ede                DiodeSymbol_ApinCpin
                0x0000000000000eec                DiodeSymbol_ACpin
                0x0000000000000efe                DiodeSymbol_CpinApin
                0x0000000000000f0c                DiodeSymbol_CApin
 .text          0x0000000000000f1e       0x4c ../Obj/mega328_st7735_16MHz/wait1000ms.o
                0x0000000000000f1e                wait5s
                0x0000000000000f20                wait4s
                0x0000000000000f22                wait3s
                0x0000000000000f24                wait2s
                0x0000000000000f26                wait1000ms
                0x0000000000000f26                wait1s
                0x0000000000000f28                wait500ms
                0x0000000000000f2a                wait400ms
                0x0000000000000f2c                wait300ms
                0x0000000000000f2e                wait200ms
                0x0000000000000f30                wait100ms
                0x0000000000000f32                wait50ms
                0x0000000000000f34                wait40ms
                0x0000000000000f36                wait30ms
                0x0000000000000f38                wait20ms
                0x0000000000000f3a                wait10ms
                0x0000000000000f3c                wait5ms
                0x0000000000000f40                wait4ms
                0x0000000000000f42                wait3ms
                0x0000000000000f44                wait2ms
                0x0000000000000f46                wait1ms
                0x0000000000000f48                wait500us
                0x0000000000000f4a                wait400us
                0x0000000000000f4c                wait300us
                0x0000000000000f4e                wait200us
                0x0000000000000f50                wait100us
                0x0000000000000f52                wait50us
                0x0000000000000f54                wait40us
                0x0000000000000f56                wait30us
                0x0000000000000f58                wait20us
                0x0000000000000f5a                wait10us
                0x0000000000000f5c                wait5us
                0x0000000000000f5e                wait4us
                0x0000000000000f60                wait3us
                0x0000000000000f62                wait2us
                0x0000000000000f64                wait1us
                0x0000000000000f66                wait500ns
 .text          0x0000000000000f6a       0x58 ../Obj/mega328_st7735_16MHz/sleep_5ms.o
                0x0000000000000f6a                sleep_5ms
 .text          0x0000000000000fc2       0xfc ../Obj/mega328_st7735_16MHz/ReadADC.o
                0x0000000000000fc2                W20msReadADC
                0x0000000000000fca                W10msReadADC
                0x0000000000000fd2                W5msReadADC
                0x0000000000000fda                ReadADC
                0x0000000000001096                abs_diff
                0x00000000000010a2                vcc_diff
                0x00000000000010ac                unsigned_diff
 .text          0x00000000000010be       0xb0 ../Obj/mega328_st7735_16MHz/RefVoltage.o
                0x00000000000010be                RefVoltage
 .text          0x000000000000116e       0x7e ../Obj/mega328_st7735_16MHz/GetRLmultip.o
                0x000000000000116e                GetRLmultip
 .text          0x00000000000011ec       0x48 ../Obj/mega328_st7735_16MHz/get_log.o
                0x00000000000011ec                get_log
 .text          0x0000000000001234      0x348 ../Obj/mega328_st7735_16MHz/GetESR.o
                0x0000000000001234                GetESR
                0x000000000000157c                . = ALIGN (0x2)
 *(.text.*)
 .text.lcd_spaces
                0x000000000000157c       0x12 ../Obj/mega328_st7735_16MHz/lcd-routines.o
                0x000000000000157c                lcd_spaces
 .text.lcd_set_cursor
                0x000000000000158e       0x1a ../Obj/mega328_st7735_16MHz/lcd-routines.o
                0x000000000000158e                lcd_set_cursor
 .text.lcd_line1
                0x00000000000015a8        0xc ../Obj/mega328_st7735_16MHz/lcd-routines.o
                0x00000000000015a8                lcd_line1
 .text.lcd_line2
                0x00000000000015b4        0xe ../Obj/mega328_st7735_16MHz/lcd-routines.o
                0x00000000000015b4                lcd_line2
 .text.lcd_line3
                0x00000000000015c2        0xe ../Obj/mega328_st7735_16MHz/lcd-routines.o
                0x00000000000015c2                lcd_line3
 .text.lcd_line4
                0x00000000000015d0        0xe ../Obj/mega328_st7735_16MHz/lcd-routines.o
                0x00000000000015d0                lcd_line4
 .text.lcd_save_position
                0x00000000000015de       0x12 ../Obj/mega328_st7735_16MHz/lcd-routines.o
                0x00000000000015de                lcd_save_position
 .text.lcd_restore_position
                0x00000000000015f0        0xe ../Obj/mega328_st7735_16MHz/lcd-routines.o
                0x00000000000015f0                lcd_restore_position
 .text.lcd_write_word
                0x00000000000015fe       0x14 ../Obj/mega328_st7735_16MHz/lcd-routines.o
                0x00000000000015fe                lcd_write_word
 .text.lcd_command
                0x0000000000001612        0x8 ../Obj/mega328_st7735_16MHz/lcd-routines.o
                0x0000000000001612                lcd_command
 .text.lcd_clear
                0x000000000000161a       0x44 ../Obj/mega328_st7735_16MHz/lcd-routines.o
                0x000000000000161a                lcd_clear
 .text.lcd_init
                0x000000000000165e       0x92 ../Obj/mega328_st7735_16MHz/lcd-routines.o
                0x000000000000165e                lcd_init
 .text.lcd_clear_line
                0x00000000000016f0        0xc ../Obj/mega328_st7735_16MHz/lcd-routines.o
                0x00000000000016f0                lcd_clear_line
 .text.lcd_next_line
                0x00000000000016fc       0x34 ../Obj/mega328_st7735_16MHz/lcd-routines.o
                0x00000000000016fc                lcd_next_line
 .text.lcd_next_line_wait
                0x0000000000001730        0x6 ../Obj/mega328_st7735_16MHz/lcd-routines.o
                0x0000000000001730                lcd_next_line_wait
 .text.lcd_clear_line1
                0x0000000000001736        0x8 ../Obj/mega328_st7735_16MHz/lcd-routines.o
                0x0000000000001736                lcd_clear_line1
 .text.lcd_clear_line2
                0x000000000000173e        0x8 ../Obj/mega328_st7735_16MHz/lcd-routines.o
                0x000000000000173e                lcd_clear_line2
 .text.reverse_byte
                0x0000000000001746       0x20 ../Obj/mega328_st7735_16MHz/lcd-routines.o
                0x0000000000001746                reverse_byte
 .text.lcd_set_pixels
                0x0000000000001766      0x13e ../Obj/mega328_st7735_16MHz/lcd-routines.o
                0x0000000000001766                lcd_set_pixels
 .text.lcd_big_icon
                0x00000000000018a4       0x4e ../Obj/mega328_st7735_16MHz/lcd-routines.o
                0x00000000000018a4                lcd_big_icon
 .text.lcd_update_icon_opt
                0x00000000000018f2       0x30 ../Obj/mega328_st7735_16MHz/lcd-routines.o
                0x00000000000018f2                lcd_update_icon_opt
 .text.lcd_update_icon
                0x0000000000001922        0x6 ../Obj/mega328_st7735_16MHz/lcd-routines.o
                0x0000000000001922                lcd_update_icon
 .text.lcd_data
                0x0000000000001928       0x94 ../Obj/mega328_st7735_16MHz/lcd-routines.o
                0x0000000000001928                lcd_data
 .text.lcd_testpin
                0x00000000000019bc        0x6 ../Obj/mega328_st7735_16MHz/lcd-routines.o
                0x00000000000019bc                lcd_testpin
 .text.lcd_string
                0x00000000000019c2       0x16 ../Obj/mega328_st7735_16MHz/lcd-routines.o
                0x00000000000019c2                lcd_string
 .text.lcd_fix_string
                0x00000000000019d8       0x1c ../Obj/mega328_st7735_16MHz/lcd-routines.o
                0x00000000000019d8                lcd_fix_string
 .text.lcd_pgm_bitmap
                0x00000000000019f4       0x16 ../Obj/mega328_st7735_16MHz/lcd-routines.o
                0x00000000000019f4                lcd_pgm_bitmap
 .text.lcd_show_Cg
                0x0000000000001a0a       0x4c ../Obj/mega328_st7735_16MHz/lcd-routines.o
                0x0000000000001a0a                lcd_show_Cg
 .text.lcd_show_rds
                0x0000000000001a56       0x28 ../Obj/mega328_st7735_16MHz/lcd-routines.o
                0x0000000000001a56                lcd_show_rds
 .text.DisplayValue
                0x0000000000001a7e      0x1c4 ../Obj/mega328_st7735_16MHz/DisplayValue.o
                0x0000000000001a7e                DisplayValue
 .text.DisplayValue16
                0x0000000000001c42       0x40 ../Obj/mega328_st7735_16MHz/DisplayValue.o
                0x0000000000001c42                DisplayValue16
 .text.Display_mV
                0x0000000000001c82       0x3c ../Obj/mega328_st7735_16MHz/DisplayValue.o
                0x0000000000001c82                Display_mV
 .text.Display_Hz
                0x0000000000001cbe       0x14 ../Obj/mega328_st7735_16MHz/DisplayValue.o
                0x0000000000001cbe                Display_Hz
 .text.lcd_draw_pin
                0x0000000000001cd2       0x22 ../Obj/mega328_st7735_16MHz/lcd-draw.o
                0x0000000000001cd2                lcd_draw_pin
 .text.lcd_draw_trans_pins
                0x0000000000001cf4       0x3e ../Obj/mega328_st7735_16MHz/lcd-draw.o
                0x0000000000001cf4                lcd_draw_trans_pins
 .text.ShowIcons
                0x0000000000001d32      0x1da ../Obj/mega328_st7735_16MHz/lcd-draw.o
                0x0000000000001d32                ShowIcons
 .text.check_rotary
                0x0000000000001f0c       0x96 ../Obj/mega328_st7735_16MHz/wait_for_key_ms.o
                0x0000000000001f0c                check_rotary
 .text.wait_for_key_ms
                0x0000000000001fa2       0xd2 ../Obj/mega328_st7735_16MHz/wait_for_key_ms.o
                0x0000000000001fa2                wait_for_key_ms
 .text.wait_for_key_5s_line2
                0x0000000000002074       0x52 ../Obj/mega328_st7735_16MHz/wait_for_key_ms.o
                0x0000000000002074                wait_for_key_5s_line2
 .text.__vector_7
                0x00000000000020c6        0x2 ../Obj/mega328_st7735_16MHz/main.o
                0x00000000000020c6                __vector_7
 .text.__vector_21
                0x00000000000020c8        0x2 ../Obj/mega328_st7735_16MHz/main.o
                0x00000000000020c8                __vector_21
 .text.search_vak_diode
                0x00000000000020ca       0x4a ../Obj/mega328_st7735_16MHz/main.o
                0x00000000000020ca                search_vak_diode
 .text.init_parts
                0x0000000000002114       0x46 ../Obj/mega328_st7735_16MHz/main.o
                0x0000000000002114                init_parts
 .text.switch_tester_off
                0x000000000000215a        0xe ../Obj/mega328_st7735_16MHz/main.o
                0x000000000000215a                switch_tester_off
 .text.ShortedProbes
                0x0000000000002168       0x7e ../Obj/mega328_st7735_16MHz/main.o
                0x0000000000002168                ShortedProbes
 .text.AllProbesShorted
                0x00000000000021e6       0x1e ../Obj/mega328_st7735_16MHz/main.o
                0x00000000000021e6                AllProbesShorted
 .text.AutoCheck
                0x0000000000002204      0x79e ../Obj/mega328_st7735_16MHz/main.o
                0x0000000000002204                AutoCheck
 .text.mark_as_uncalibrated
                0x00000000000029a2       0x24 ../Obj/mega328_st7735_16MHz/main.o
                0x00000000000029a2                mark_as_uncalibrated
 .text.GetIr    0x00000000000029c6       0x90 ../Obj/mega328_st7735_16MHz/main.o
                0x00000000000029c6                GetIr
 .text.startup.main
                0x0000000000002a56      0xc48 ../Obj/mega328_st7735_16MHz/main.o
                0x0000000000002a56                main
 .text.Battery_check
                0x000000000000369e       0x9a ../Obj/mega328_st7735_16MHz/Battery_check.o
                0x000000000000369e                Battery_check
 .text.expand_FET_quadratic
                0x0000000000003738       0x46 ../Obj/mega328_st7735_16MHz/CheckPins.o
                0x0000000000003738                expand_FET_quadratic
 .text.CheckPins
                0x000000000000377e      0xe3a ../Obj/mega328_st7735_16MHz/CheckPins.o
                0x000000000000377e                CheckPins
 .text.GetResistance
                0x00000000000045b8      0x430 ../Obj/mega328_st7735_16MHz/GetResistance.o
                0x00000000000045b8                GetResistance
 .text.ChargePin10ms
                0x00000000000049e8       0x30 ../Obj/mega328_st7735_16MHz/ChargePin10ms.o
                0x00000000000049e8                ChargePin10ms
 .text.EntladePins
                0x0000000000004a18      0x11a ../Obj/mega328_st7735_16MHz/EntladePins.o
                0x0000000000004a18                EntladePins
 .text.Scale_C_with_vcc
                0x0000000000004b32       0x9a ../Obj/mega328_st7735_16MHz/ReadCapacity.o
                0x0000000000004b32                Scale_C_with_vcc
 .text.ReadCapacity
                0x0000000000004bcc      0x5ac ../Obj/mega328_st7735_16MHz/ReadCapacity.o
                0x0000000000004bcc                ReadCapacity
 .text.__vector_13
                0x0000000000005178       0x48 ../Obj/mega328_st7735_16MHz/ReadCapacity.o
                0x0000000000005178                __vector_13
 .text.__vector_10
                0x00000000000051c0       0x40 ../Obj/mega328_st7735_16MHz/ReadCapacity.o
                0x00000000000051c0                __vector_10
 .text.Calibrate_UR
                0x0000000000005200      0x1ac ../Obj/mega328_st7735_16MHz/Calibrate_UR.o
                0x0000000000005200                Calibrate_UR
 .text.show_resis
                0x00000000000053ac      0x188 ../Obj/mega328_st7735_16MHz/show_Resis_Cap.o
                0x00000000000053ac                show_resis
 .text.show_cap
                0x0000000000005534       0xfa ../Obj/mega328_st7735_16MHz/show_Resis_Cap.o
                0x0000000000005534                show_cap
 .text.Bat_update
                0x000000000000562e        0xe ../Obj/mega328_st7735_16MHz/show_Resis_Cap.o
                0x000000000000562e                Bat_update
 .text.Pwr_mode_check
                0x000000000000563c       0x14 ../Obj/mega328_st7735_16MHz/show_Resis_Cap.o
                0x000000000000563c                Pwr_mode_check
 .text.show_Resis13
                0x0000000000005650       0x94 ../Obj/mega328_st7735_16MHz/show_Resis_Cap.o
                0x0000000000005650                show_Resis13
 .text.show_Cap13
                0x00000000000056e4       0xfa ../Obj/mega328_st7735_16MHz/show_Resis_Cap.o
                0x00000000000056e4                show_Cap13
 .text.ReadInductance
                0x00000000000057de      0x498 ../Obj/mega328_st7735_16MHz/ReadInductance.o
                0x00000000000057de                ReadInductance
 .text.GetVloss
                0x0000000000005c76      0x1aa ../Obj/mega328_st7735_16MHz/GetVloss.o
                0x0000000000005c76                GetVloss
 .text.message2line
                0x0000000000005e20       0x88 ../Obj/mega328_st7735_16MHz/function_menu.o
                0x0000000000005e20                message2line
 .text.show_C_ESR
                0x0000000000005ea8       0xe4 ../Obj/mega328_st7735_16MHz/function_menu.o
                0x0000000000005ea8                show_C_ESR
 .text.show_vext
                0x0000000000005f8c       0x7c ../Obj/mega328_st7735_16MHz/function_menu.o
                0x0000000000005f8c                show_vext
 .text.make_frequency
                0x0000000000006008      0x386 ../Obj/mega328_st7735_16MHz/function_menu.o
                0x0000000000006008                make_frequency
 .text.do_10bit_PWM
                0x000000000000638e      0x16c ../Obj/mega328_st7735_16MHz/function_menu.o
                0x000000000000638e                do_10bit_PWM
 .text.set_big_cap_corr
                0x00000000000064fa       0xb2 ../Obj/mega328_st7735_16MHz/function_menu.o
                0x00000000000064fa                set_big_cap_corr
 .text.do_menu  0x00000000000065ac       0x66 ../Obj/mega328_st7735_16MHz/function_menu.o
                0x00000000000065ac                do_menu
 .text.function_menu
                0x0000000000006612       0xca ../Obj/mega328_st7735_16MHz/function_menu.o
                0x0000000000006612                function_menu
 .text.message_key_released
                0x00000000000066dc       0x2e ../Obj/mega328_st7735_16MHz/message_key_released.o
                0x00000000000066dc                message_key_released
 .text.GetFrequency
                0x000000000000670a      0x356 ../Obj/mega328_st7735_16MHz/GetFrequency.o
                0x000000000000670a                GetFrequency
 .text.__vector_16
                0x0000000000006a60       0x42 ../Obj/mega328_st7735_16MHz/GetFrequency.o
                0x0000000000006a60                __vector_16
 .text.__vector_11
                0x0000000000006aa2        0xa ../Obj/mega328_st7735_16MHz/GetFrequency.o
                0x0000000000006aa2                __vector_11
 .text.__vector_12
                0x0000000000006aac       0x18 ../Obj/mega328_st7735_16MHz/GetFrequency.o
                0x0000000000006aac                __vector_12
 .text.__vector_5
                0x0000000000006ac4       0x64 ../Obj/mega328_st7735_16MHz/GetFrequency.o
                0x0000000000006ac4                __vector_5
 .text.ReadBigCap
                0x0000000000006b28      0x274 ../Obj/mega328_st7735_16MHz/ReadBigCap.o
                0x0000000000006b28                ReadBigCap
 .text.ShowData
                0x0000000000006d9c      0x228 ../Obj/mega328_st7735_16MHz/ShowData.o
                0x0000000000006d9c                ShowData
 .text.mylog    0x0000000000006fc4       0xde ../Obj/mega328_st7735_16MHz/sampling_cap.o
 .text.sampling_cap
                0x00000000000070a2      0x1dc ../Obj/mega328_st7735_16MHz/sampling_cap.o
                0x00000000000070a2                sampling_cap
 .text.sampling_cap_calibrate
                0x000000000000727e       0xce ../Obj/mega328_st7735_16MHz/sampling_cap.o
                0x000000000000727e                sampling_cap_calibrate
 .text.peaksearch
                0x000000000000734c      0x24a ../Obj/mega328_st7735_16MHz/sampling_lc.o
 .text.sampling_lc
                0x0000000000007596      0x330 ../Obj/mega328_st7735_16MHz/sampling_lc.o
                0x0000000000007596                sampling_lc
 .text.sampling_lc_calibrate
                0x00000000000078c6       0x8c ../Obj/mega328_st7735_16MHz/sampling_lc.o
                0x00000000000078c6                sampling_lc_calibrate
 .text.libgcc.mul
                0x0000000000007952       0x1e /opt/avr/gcc-10.3.0/lib/gcc/avr/10.3.0/avr5/libgcc.a(_mulsi3.o)
                0x0000000000007952                __mulsi3
 .text.libgcc.div
                0x0000000000007970       0x18 /opt/avr/gcc-10.3.0/lib/gcc/avr/10.3.0/avr5/libgcc.a(_udivmodqi4.o)
                0x0000000000007970                __udivmodqi4
 .text.libgcc.div
                0x0000000000007988       0x28 /opt/avr/gcc-10.3.0/lib/gcc/avr/10.3.0/avr5/libgcc.a(_udivmodhi4.o)
                0x0000000000007988                __udivmodhi4
 .text.libgcc.div
                0x00000000000079b0       0x26 /opt/avr/gcc-10.3.0/lib/gcc/avr/10.3.0/avr5/libgcc.a(_divmodhi4.o)
                0x00000000000079b0                __divmodhi4
                0x00000000000079b0                _div
 .text.libgcc.div
                0x00000000000079d6       0x44 /opt/avr/gcc-10.3.0/lib/gcc/avr/10.3.0/avr5/libgcc.a(_udivmodsi4.o)
                0x00000000000079d6                __udivmodsi4
 .text.libgcc.div
                0x0000000000007a1a       0x28 /opt/avr/gcc-10.3.0/lib/gcc/avr/10.3.0/avr5/libgcc.a(_divmodsi4.o)
                0x0000000000007a1a                __divmodsi4
 .text.libgcc.div
                0x0000000000007a42       0x10 /opt/avr/gcc-10.3.0/lib/gcc/avr/10.3.0/avr5/libgcc.a(_negsi2.o)
                0x0000000000007a42                __negsi2
 .text.libgcc.mul
                0x0000000000007a52       0x1e /opt/avr/gcc-10.3.0/lib/gcc/avr/10.3.0/avr5/libgcc.a(_umulhisi3.o)
                0x0000000000007a52                __umulhisi3
 .text.libgcc.mul
                0x0000000000007a70        0xc /opt/avr/gcc-10.3.0/lib/gcc/avr/10.3.0/avr5/libgcc.a(_usmulhisi3.o)
                0x0000000000007a70                __usmulhisi3
                0x0000000000007a72                __usmulhisi3_tail
 .text.libgcc.mul
                0x0000000000007a7c       0x14 /opt/avr/gcc-10.3.0/lib/gcc/avr/10.3.0/avr5/libgcc.a(_muluhisi3.o)
                0x0000000000007a7c                __muluhisi3
 .text.libgcc.mul
                0x0000000000007a90        0xc /opt/avr/gcc-10.3.0/lib/gcc/avr/10.3.0/avr5/libgcc.a(_mulshisi3.o)
                0x0000000000007a90                __mulshisi3
                0x0000000000007a94                __mulohisi3
 .text.libgcc.mul
                0x0000000000007a9c       0x4e /opt/avr/gcc-10.3.0/lib/gcc/avr/10.3.0/avr5/libgcc.a(_umulsidi3.o)
                0x0000000000007a9c                __umulsidi3
                0x0000000000007a9e                __umulsidi3_helper
 .text.libgcc.div
                0x0000000000007aea       0x1a /opt/avr/gcc-10.3.0/lib/gcc/avr/10.3.0/avr5/libgcc.a(_udivdi3.o)
                0x0000000000007aea                __umoddi3
                0x0000000000007aee                __udivdi3
                0x0000000000007af0                __udivdi3_umoddi3
 .text.libgcc.div
                0x0000000000007b04       0xa2 /opt/avr/gcc-10.3.0/lib/gcc/avr/10.3.0/avr5/libgcc.a(_udivmod64.o)
                0x0000000000007b04                __udivmod64
 .text.libgcc.prologue
                0x0000000000007ba6       0x38 /opt/avr/gcc-10.3.0/lib/gcc/avr/10.3.0/avr5/libgcc.a(_prologue.o)
                0x0000000000007ba6                __prologue_saves__
 .text.libgcc.prologue
                0x0000000000007bde       0x36 /opt/avr/gcc-10.3.0/lib/gcc/avr/10.3.0/avr5/libgcc.a(_epilogue.o)
                0x0000000000007bde                __epilogue_restores__
 .text.libgcc.mul
                0x0000000000007c14       0x10 /opt/avr/gcc-10.3.0/lib/gcc/avr/10.3.0/avr5/libgcc.a(_muldi3_6.o)
                0x0000000000007c14                __muldi3_6
 .text.avr-libc
                0x0000000000007c24       0x42 /opt/avr/avr-libc-2.0.0/avr/lib/avr5/libc.a(ultoa_ncheck.o)
                0x0000000000007c24                __ultoa_ncheck
                0x0000000000007c26                __ultoa_common
 .text.avr-libc
                0x0000000000007c66       0x14 /opt/avr/avr-libc-2.0.0/avr/lib/avr5/libc.a(utoa.o)
                0x0000000000007c66                utoa
                0x0000000000007c66                __utoa
 .text.avr-libc
                0x0000000000007c7a       0x32 /opt/avr/avr-libc-2.0.0/avr/lib/avr5/libc.a(utoa_ncheck.o)
                0x0000000000007c7a                __utoa_ncheck
                0x0000000000007c7c                __utoa_common
 .text.avr-libc
                0x0000000000007cac       0x20 /opt/avr/avr-libc-2.0.0/avr/lib/avr5/libc.a(strrev.o)
                0x0000000000007cac                strrev
 .text.avr-libc
                0x0000000000007ccc       0x10 /opt/avr/avr-libc-2.0.0/avr/lib/avr5/libatmega328p.a(eerd_byte.o)
                0x0000000000007ccc                eeprom_read_byte
 .text.avr-libc
                0x0000000000007cdc        0xa /opt/avr/avr-libc-2.0.0/avr/lib/avr5/libatmega328p.a(eerd_word.o)
                0x0000000000007cdc                eeprom_read_word
 .text.avr-libc
                0x0000000000007ce6       0x1c /opt/avr/avr-libc-2.0.0/avr/lib/avr5/libatmega328p.a(eewr_byte.o)
                0x0000000000007ce6                eeprom_write_byte
                0x0000000000007ce8                eeprom_write_r18
 .text.avr-libc
                0x0000000000007d02        0x6 /opt/avr/avr-libc-2.0.0/avr/lib/avr5/libatmega328p.a(eewr_word.o)
                0x0000000000007d02                eeprom_write_word
 .text.avr-libc
                0x0000000000007d08       0x20 /opt/avr/avr-libc-2.0.0/avr/lib/avr5/libatmega328p.a(eerd_block.o)
                0x0000000000007d08                eeprom_read_block
                0x0000000000007d0c                eeprom_read_blraw
                0x0000000000007d28                . = ALIGN (0x2)
 *(.fini9)
 .fini9         0x0000000000007d28        0x0 /opt/avr/gcc-10.3.0/lib/gcc/avr/10.3.0/avr5/libgcc.a(_exit.o)
                0x0000000000007d28                exit
                0x0000000000007d28                _exit
 *(.fini9)
 *(.fini8)
 *(.fini8)
 *(.fini7)
 *(.fini7)
 *(.fini6)
 *(.fini6)
 *(.fini5)
 *(.fini5)
 *(.fini4)
 *(.fini4)
 *(.fini3)
 *(.fini3)
 *(.fini2)
 *(.fini2)
 *(.fini1)
 *(.fini1)
 *(.fini0)
 .fini0         0x0000000000007d28        0x4 /opt/avr/gcc-10.3.0/lib/gcc/avr/10.3.0/avr5/libgcc.a(_exit.o)
 *(.fini0)
 *(.hightext)
 *(.hightext*)
 *(.progmemx.*)
                0x0000000000007d2c                . = ALIGN (0x2)
 *(.jumptables)
 *(.jumptables*)
                0x0000000000007d2c                _etext = .

.data           0x0000000000800100        0x0 load address 0x0000000000007d2c
                [!provide]                        PROVIDE (__data_start = .)
 *(.data)
 *(.data*)
 *(.gnu.linkonce.d*)
 *(.rodata)
 *(.rodata*)
 *(.gnu.linkonce.r*)
                0x0000000000800100                . = ALIGN (0x2)
                0x0000000000800100                _edata = .
                [!provide]                        PROVIDE (__data_end = .)

.bss            0x0000000000800100       0xc2
                0x0000000000800100                PROVIDE (__bss_start = .)
 *(.bss)
 *(.bss*)
 .bss.icon_yy   0x0000000000800100        0x1 ../Obj/mega328_st7735_16MHz/lcd-routines.o
                0x0000000000800100                icon_yy
 .bss.icon_xx   0x0000000000800101        0x1 ../Obj/mega328_st7735_16MHz/lcd-routines.o
                0x0000000000800101                icon_xx
 .bss._xpos     0x0000000000800102        0x1 ../Obj/mega328_st7735_16MHz/lcd-routines.o
                0x0000000000800102                _xpos
 .bss._page     0x0000000000800103        0x1 ../Obj/mega328_st7735_16MHz/lcd-routines.o
                0x0000000000800103                _page
 .bss.last_text_column
                0x0000000000800104        0x1 ../Obj/mega328_st7735_16MHz/lcd-routines.o
                0x0000000000800104                last_text_column
 .bss.last_text_line
                0x0000000000800105        0x1 ../Obj/mega328_st7735_16MHz/lcd-routines.o
                0x0000000000800105                last_text_line
 .bss.display_time
                0x0000000000800106        0x2 ../Obj/mega328_st7735_16MHz/main.o
                0x0000000000800106                display_time
 .bss.last_line_used
                0x0000000000800108        0x1 ../Obj/mega328_st7735_16MHz/main.o
                0x0000000000800108                last_line_used
 .bss._lcd_column
                0x0000000000800109        0x1 ../Obj/mega328_st7735_16MHz/main.o
                0x0000000000800109                _lcd_column
 .bss.lcd_text_line
                0x000000000080010a        0x1 ../Obj/mega328_st7735_16MHz/main.o
                0x000000000080010a                lcd_text_line
 .bss.DC_Pwr_mode
                0x000000000080010b        0x1 ../Obj/mega328_st7735_16MHz/main.o
                0x000000000080010b                DC_Pwr_mode
 .bss.rotary_switch_present
                0x000000000080010c        0x1 ../Obj/mega328_st7735_16MHz/main.o
                0x000000000080010c                rotary_switch_present
 .bss.rotary    0x000000000080010d        0x7 ../Obj/mega328_st7735_16MHz/main.o
                0x000000000080010d                rotary
 .bss.UnCalibrated
                0x0000000000800114        0x1 ../Obj/mega328_st7735_16MHz/main.o
                0x0000000000800114                UnCalibrated
 .bss.pin_rpl   0x0000000000800115        0x2 ../Obj/mega328_st7735_16MHz/main.o
                0x0000000000800115                pin_rpl
 .bss.pin_rmi   0x0000000000800117        0x2 ../Obj/mega328_st7735_16MHz/main.o
                0x0000000000800117                pin_rmi
 .bss.resis680mi
                0x0000000000800119        0x2 ../Obj/mega328_st7735_16MHz/main.o
                0x0000000000800119                resis680mi
 .bss.resis680pl
                0x000000000080011b        0x2 ../Obj/mega328_st7735_16MHz/main.o
                0x000000000080011b                resis680pl
 .bss.pin_combination
                0x000000000080011d        0x1 ../Obj/mega328_st7735_16MHz/main.o
                0x000000000080011d                pin_combination
 .bss.ADCconfig
                0x000000000080011e        0x6 ../Obj/mega328_st7735_16MHz/main.o
                0x000000000080011e                ADCconfig
 .bss.outval    0x0000000000800124        0xa ../Obj/mega328_st7735_16MHz/main.o
                0x0000000000800124                outval
 .bss.PartMode  0x000000000080012e        0x1 ../Obj/mega328_st7735_16MHz/main.o
                0x000000000080012e                PartMode
 .bss.PartFound
                0x000000000080012f        0x1 ../Obj/mega328_st7735_16MHz/main.o
                0x000000000080012f                PartFound
 .bss.WithReference
                0x0000000000800130        0x1 ../Obj/mega328_st7735_16MHz/main.o
                0x0000000000800130                WithReference
 .bss.load_diff
                0x0000000000800131        0x2 ../Obj/mega328_st7735_16MHz/main.o
                0x0000000000800131                load_diff
 .bss.unfinished
                0x0000000000800133        0x1 ../Obj/mega328_st7735_16MHz/main.o
                0x0000000000800133                unfinished
 .bss.ovcnt16   0x0000000000800134        0x2 ../Obj/mega328_st7735_16MHz/main.o
                0x0000000000800134                ovcnt16
 .bss.cell_mv   0x0000000000800136        0x6 ../Obj/mega328_st7735_16MHz/main.o
                0x0000000000800136                cell_mv
 .bss.cap       0x000000000080013c       0x14 ../Obj/mega328_st7735_16MHz/main.o
                0x000000000080013c                cap
 .bss.pinchange_max
                0x0000000000800150        0x2 ../Obj/mega328_st7735_16MHz/main.o
                0x0000000000800150                pinchange_max
 .bss.pinchange_count
                0x0000000000800152        0x2 ../Obj/mega328_st7735_16MHz/main.o
                0x0000000000800152                pinchange_count
 .bss.ext_freq  0x0000000000800154        0x4 ../Obj/mega328_st7735_16MHz/main.o
                0x0000000000800154                ext_freq
 .bss.RHmultip  0x0000000000800158        0x2 ../Obj/mega328_st7735_16MHz/main.o
                0x0000000000800158                RHmultip
 .bss.adc_vcc_reference
                0x000000000080015a        0x2 ../Obj/mega328_st7735_16MHz/main.o
                0x000000000080015a                adc_vcc_reference
 .bss.adc_internal_reference
                0x000000000080015c        0x2 ../Obj/mega328_st7735_16MHz/main.o
                0x000000000080015c                adc_internal_reference
 .bss.ref_mv_offs
                0x000000000080015e        0x2 ../Obj/mega328_st7735_16MHz/main.o
                0x000000000080015e                ref_mv_offs
 .bss.ref_mv    0x0000000000800160        0x2 ../Obj/mega328_st7735_16MHz/main.o
                0x0000000000800160                ref_mv
 .bss._trans    0x0000000000800162        0x2 ../Obj/mega328_st7735_16MHz/main.o
                0x0000000000800162                _trans
 .bss.ntrans    0x0000000000800164       0x10 ../Obj/mega328_st7735_16MHz/main.o
                0x0000000000800164                ntrans
 .bss.ptrans    0x0000000000800174       0x10 ../Obj/mega328_st7735_16MHz/main.o
                0x0000000000800174                ptrans
 .bss.diode_sequence
                0x0000000000800184        0x1 ../Obj/mega328_st7735_16MHz/main.o
                0x0000000000800184                diode_sequence
 .bss.NumOfDiodes
                0x0000000000800185        0x1 ../Obj/mega328_st7735_16MHz/main.o
                0x0000000000800185                NumOfDiodes
 .bss.diodes    0x0000000000800186       0x18 ../Obj/mega328_st7735_16MHz/main.o
                0x0000000000800186                diodes
 .bss.inductor_lpre
                0x000000000080019e        0x1 ../Obj/mega328_st7735_16MHz/main.o
                0x000000000080019e                inductor_lpre
 .bss.inductor_lx
                0x000000000080019f        0x4 ../Obj/mega328_st7735_16MHz/main.o
                0x000000000080019f                inductor_lx
 .bss.ResistorsFound
                0x00000000008001a3        0x1 ../Obj/mega328_st7735_16MHz/main.o
                0x00000000008001a3                ResistorsFound
 .bss.ResistorChecked
                0x00000000008001a4        0x3 ../Obj/mega328_st7735_16MHz/main.o
                0x00000000008001a4                ResistorChecked
 .bss.ResistorList
                0x00000000008001a7        0x3 ../Obj/mega328_st7735_16MHz/main.o
                0x00000000008001a7                ResistorList
 .bss.ResistorVal
                0x00000000008001aa        0xc ../Obj/mega328_st7735_16MHz/main.o
                0x00000000008001aa                ResistorVal
 .bss.lc_cpartmp
                0x00000000008001b6        0x2 ../Obj/mega328_st7735_16MHz/sampling_lc.o
                0x00000000008001b6                lc_cpartmp
 .bss.lc_lx     0x00000000008001b8        0x4 ../Obj/mega328_st7735_16MHz/sampling_lc.o
                0x00000000008001b8                lc_lx
 .bss.lc_qx     0x00000000008001bc        0x2 ../Obj/mega328_st7735_16MHz/sampling_lc.o
                0x00000000008001bc                lc_qx
 .bss.lc_fx     0x00000000008001be        0x4 ../Obj/mega328_st7735_16MHz/sampling_lc.o
                0x00000000008001be                lc_fx
 *(COMMON)
                0x00000000008001c2                PROVIDE (__bss_end = .)
                0x0000000000007d2c                __data_load_start = LOADADDR (.data)
                0x0000000000007d2c                __data_load_end = (__data_load_start + SIZEOF (.data))

.noinit         0x00000000008001c2        0x0
                [!provide]                        PROVIDE (__noinit_start = .)
 *(.noinit .noinit.* .gnu.linkonce.n.*)
                [!provide]                        PROVIDE (__noinit_end = .)
                0x00000000008001c2                _end = .
                [!provide]                        PROVIDE (__heap_start = .)

.eeprom         0x0000000000810000      0x353
 *(.eeprom*)
 .eeprom        0x0000000000810000      0x342 ../Obj/mega328_st7735_16MHz/main.o
                0x0000000000810006                cap_for_l_meas_str
                0x0000000000810016                REF_R_str
                0x000000000081001d                REF_C_str
                0x0000000000810024                MinCap_str
                0x000000000081002c                PrefixTab
                0x0000000000810034                ResIcon3
                0x000000000081003c                ResIcon2
                0x0000000000810044                ResIcon1
                0x000000000081004c                DiodeIcon2
                0x0000000000810054                DiodeIcon1
                0x000000000081005c                CapIcon
                0x0000000000810064                RDS_str
                0x0000000000810069                CMETER_13_str
                0x000000000081006d                CAP_13_str
                0x0000000000810074                RESIS_13_str
                0x000000000081007f                C_ESR_str
                0x000000000081008b                FatTP2_str
                0x0000000000810091                T50HZ
                0x0000000000810097                C0samp_str
                0x000000000081009f                C0_str
                0x00000000008100a3                RILO_str
                0x00000000008100aa                RIHI_str
                0x00000000008100b1                R0_str
                0x00000000008100b5                RHRL_str
                0x00000000008100bb                RHRH_str
                0x00000000008100c9                RLRL_str
                0x00000000008100d7                RH1H_str
                0x00000000008100db                RH1L_str
                0x00000000008100df                RHfakt_str
                0x00000000008100e4                URef_str
                0x00000000008100e9                ICEs_str
                0x00000000008100ef                ICE0_str
                0x00000000008100f5                VERSION_str
                0x0000000000810103                Inductor_str
                0x0000000000810108                Resistor_str
                0x000000000081010d                Dioden
                0x0000000000810112                zQ_str
                0x0000000000810117                iF_str
                0x000000000081011c                AT05volt
                0x0000000000810123                KatAn_str
                0x0000000000810127                AnKat_str
                0x000000000081012b                Vext_str
                0x0000000000810131                Ir_str
                0x0000000000810135                Lis_str
                0x0000000000810138                VLOSS_str
                0x0000000000810140                ESR_str
                0x0000000000810146                VCC_str
                0x000000000081014b                Cell_str
                0x0000000000810151                CapZeich
                0x0000000000810155                Vgs_str
                0x000000000081015a                vt_str
                0x000000000081015f                Uf_str
                0x0000000000810163                Ube_str
                0x0000000000810168                N123_str
                0x000000000081016e                Pin_str
                0x0000000000810173                PNP_str
                0x000000000081017b                NPN_str
                0x0000000000810183                Cap_str
                0x0000000000810186                GateCap_str
                0x000000000081018a                hfe_str
                0x000000000081018f                igbt_str
                0x0000000000810195                jfet_str
                0x000000000081019a                mosfet_str
                0x000000000081019f                DC_Pwr_Mode_str
                0x00000000008101ab                OK_str
                0x00000000008101ae                Bat_str
                0x00000000008101b4                FREQ_str
                0x00000000008101be                SHORT_PROBES_str
                0x00000000008101cc                FULLCHECK_str
                0x00000000008101d5                TURN_str
                0x00000000008101db                SetCapCorr_str
                0x00000000008101ec                PWM_10bit_str
                0x00000000008101f7                F_GEN_str
                0x0000000000810203                OFF_str
                0x000000000081020e                SHOW_str
                0x0000000000810218                VOLTAGE_str
                0x0000000000810220                TESTER_str
                0x000000000081022b                SELECTION_str
                0x0000000000810236                ATE
                0x000000000081023f                RELPROBE
                0x000000000081024f                SELFTEST
                0x000000000081025f                TestTimedOut
                0x0000000000810268                Detected
                0x0000000000810272                TestFailed1
                0x0000000000810282                Unknown
                0x000000000081028b                Thyristor
                0x0000000000810294                Triac
                0x000000000081029a                Bauteil
                0x000000000081029f                TestFailed2
                0x00000000008102a8                BatEmpty
                0x00000000008102af                BatWeak
                0x00000000008102b4                TestRunning
                0x00000000008102bd                RLtab
                0x0000000000810317                EE_ESR_ZEROtab
                0x000000000081031b                big_cap_corr
                0x000000000081031c                c_zero_tab2_hi
                0x000000000081032a                c_zero_tab2_lo
                0x0000000000810338                c_zero_tab
                0x000000000081033f                ref_offset
                0x0000000000810341                RefDiff
 .eeprom        0x0000000000810342        0xf ../Obj/mega328_st7735_16MHz/show_Resis_Cap.o
                0x0000000000810342                RL_METER_str
 .eeprom        0x0000000000810351        0x2 ../Obj/mega328_st7735_16MHz/sampling_lc.o
                0x0000000000810351                lc_cpar_ee
                0x0000000000810353                __eeprom_end = .

.fuse
 *(.fuse)
 *(.lfuse)
 *(.hfuse)
 *(.efuse)

.lock
 *(.lock*)

.signature
 *(.signature*)

.stab           0x0000000000000000     0x1668
 *(.stab)
 .stab          0x0000000000000000      0x114 /opt/avr/gcc-10.3.0/lib/gcc/avr/10.3.0/avr5/libgcc.a(_mulsi3.o)
 .stab          0x0000000000000114       0xe4 /opt/avr/gcc-10.3.0/lib/gcc/avr/10.3.0/avr5/libgcc.a(_udivmodqi4.o)
                                         0xf0 (size before relaxing)
 .stab          0x00000000000001f8      0x15c /opt/avr/gcc-10.3.0/lib/gcc/avr/10.3.0/avr5/libgcc.a(_udivmodhi4.o)
                                        0x168 (size before relaxing)
 .stab          0x0000000000000354      0x138 /opt/avr/gcc-10.3.0/lib/gcc/avr/10.3.0/avr5/libgcc.a(_divmodhi4.o)
                                        0x144 (size before relaxing)
 .stab          0x000000000000048c      0x228 /opt/avr/gcc-10.3.0/lib/gcc/avr/10.3.0/avr5/libgcc.a(_udivmodsi4.o)
                                        0x234 (size before relaxing)
 .stab          0x00000000000006b4      0x144 /opt/avr/gcc-10.3.0/lib/gcc/avr/10.3.0/avr5/libgcc.a(_divmodsi4.o)
                                        0x150 (size before relaxing)
 .stab          0x00000000000007f8       0x6c /opt/avr/gcc-10.3.0/lib/gcc/avr/10.3.0/avr5/libgcc.a(_negsi2.o)
                                         0x78 (size before relaxing)
 .stab          0x0000000000000864       0x6c /opt/avr/gcc-10.3.0/lib/gcc/avr/10.3.0/avr5/libgcc.a(_exit.o)
                                         0x78 (size before relaxing)
 .stab          0x00000000000008d0       0xb4 /opt/avr/gcc-10.3.0/lib/gcc/avr/10.3.0/avr5/libgcc.a(_clear_bss.o)
                                         0xc0 (size before relaxing)
 .stab          0x0000000000000984      0x108 /opt/avr/gcc-10.3.0/lib/gcc/avr/10.3.0/avr5/libgcc.a(_umulhisi3.o)
                                        0x114 (size before relaxing)
 .stab          0x0000000000000a8c       0xcc /opt/avr/gcc-10.3.0/lib/gcc/avr/10.3.0/avr5/libgcc.a(_usmulhisi3.o)
                                         0xd8 (size before relaxing)
 .stab          0x0000000000000b58       0xcc /opt/avr/gcc-10.3.0/lib/gcc/avr/10.3.0/avr5/libgcc.a(_muluhisi3.o)
                                         0xd8 (size before relaxing)
 .stab          0x0000000000000c24       0xcc /opt/avr/gcc-10.3.0/lib/gcc/avr/10.3.0/avr5/libgcc.a(_mulshisi3.o)
                                         0xd8 (size before relaxing)
 .stab          0x0000000000000cf0      0x1f8 /opt/avr/gcc-10.3.0/lib/gcc/avr/10.3.0/avr5/libgcc.a(_umulsidi3.o)
                                        0x204 (size before relaxing)
 .stab          0x0000000000000ee8      0x150 /opt/avr/gcc-10.3.0/lib/gcc/avr/10.3.0/avr5/libgcc.a(_udivdi3.o)
                                        0x15c (size before relaxing)
 .stab          0x0000000000001038      0x234 /opt/avr/gcc-10.3.0/lib/gcc/avr/10.3.0/avr5/libgcc.a(_udivmod64.o)
                                        0x240 (size before relaxing)
 .stab          0x000000000000126c      0x1a4 /opt/avr/gcc-10.3.0/lib/gcc/avr/10.3.0/avr5/libgcc.a(_prologue.o)
                                        0x1b0 (size before relaxing)
 .stab          0x0000000000001410      0x1a4 /opt/avr/gcc-10.3.0/lib/gcc/avr/10.3.0/avr5/libgcc.a(_epilogue.o)
                                        0x1b0 (size before relaxing)
 .stab          0x00000000000015b4       0xb4 /opt/avr/gcc-10.3.0/lib/gcc/avr/10.3.0/avr5/libgcc.a(_muldi3_6.o)
                                         0xc0 (size before relaxing)

.stabstr        0x0000000000000000      0x350
 *(.stabstr)
 .stabstr       0x0000000000000000      0x350 /opt/avr/gcc-10.3.0/lib/gcc/avr/10.3.0/avr5/libgcc.a(_mulsi3.o)

.stab.excl
 *(.stab.excl)

.stab.exclstr
 *(.stab.exclstr)

.stab.index
 *(.stab.index)

.stab.indexstr
 *(.stab.indexstr)

.comment        0x0000000000000000       0x12
 *(.comment)
 .comment       0x0000000000000000       0x12 ../Obj/mega328_st7735_16MHz/lcd-routines.o
                                         0x13 (size before relaxing)
 .comment       0x0000000000000012       0x13 ../Obj/mega328_st7735_16MHz/DisplayValue.o
 .comment       0x0000000000000012       0x13 ../Obj/mega328_st7735_16MHz/lcd-draw.o
 .comment       0x0000000000000012       0x13 ../Obj/mega328_st7735_16MHz/wait_for_key_ms.o
 .comment       0x0000000000000012       0x13 ../Obj/mega328_st7735_16MHz/main.o
 .comment       0x0000000000000012       0x13 ../Obj/mega328_st7735_16MHz/Battery_check.o
 .comment       0x0000000000000012       0x13 ../Obj/mega328_st7735_16MHz/CheckPins.o
 .comment       0x0000000000000012       0x13 ../Obj/mega328_st7735_16MHz/GetResistance.o
 .comment       0x0000000000000012       0x13 ../Obj/mega328_st7735_16MHz/ChargePin10ms.o
 .comment       0x0000000000000012       0x13 ../Obj/mega328_st7735_16MHz/EntladePins.o
 .comment       0x0000000000000012       0x13 ../Obj/mega328_st7735_16MHz/ReadCapacity.o
 .comment       0x0000000000000012       0x13 ../Obj/mega328_st7735_16MHz/Calibrate_UR.o
 .comment       0x0000000000000012       0x13 ../Obj/mega328_st7735_16MHz/show_Resis_Cap.o
 .comment       0x0000000000000012       0x13 ../Obj/mega328_st7735_16MHz/ReadInductance.o
 .comment       0x0000000000000012       0x13 ../Obj/mega328_st7735_16MHz/GetVloss.o
 .comment       0x0000000000000012       0x13 ../Obj/mega328_st7735_16MHz/function_menu.o
 .comment       0x0000000000000012       0x13 ../Obj/mega328_st7735_16MHz/message_key_released.o
 .comment       0x0000000000000012       0x13 ../Obj/mega328_st7735_16MHz/GetFrequency.o
 .comment       0x0000000000000012       0x13 ../Obj/mega328_st7735_16MHz/ReadBigCap.o
 .comment       0x0000000000000012       0x13 ../Obj/mega328_st7735_16MHz/ShowData.o
 .comment       0x0000000000000012       0x13 ../Obj/mega328_st7735_16MHz/sampling_cap.o
 .comment       0x0000000000000012       0x13 ../Obj/mega328_st7735_16MHz/sampling_lc.o

.note.gnu.avr.deviceinfo
                0x0000000000000000       0x40
 .note.gnu.avr.deviceinfo
                0x0000000000000000       0x40 /opt/avr/avr-libc-2.0.0/avr/lib/avr5/crtatmega328p.o

.note.gnu.build-id
 *(.note.gnu.build-id)

.debug
 *(.debug)

.line
 *(.line)

.debug_srcinfo
 *(.debug_srcinfo)

.debug_sfnames
 *(.debug_sfnames)

.debug_aranges  0x0000000000000000      0x678
 *(.debug_aranges)
 .debug_aranges
                0x0000000000000000       0x20 ../Obj/mega328_st7735_16MHz/lcd_hw_4_bit.o
 .debug_aranges
                0x0000000000000020      0x110 ../Obj/mega328_st7735_16MHz/lcd-routines.o
 .debug_aranges
                0x0000000000000130       0x20 ../Obj/mega328_st7735_16MHz/i2lcd.o
 .debug_aranges
                0x0000000000000150       0x20 ../Obj/mega328_st7735_16MHz/PinLayout.o
 .debug_aranges
                0x0000000000000170       0x20 ../Obj/mega328_st7735_16MHz/RvalOut.o
 .debug_aranges
                0x0000000000000190       0x20 ../Obj/mega328_st7735_16MHz/UfAusgabe.o
 .debug_aranges
                0x00000000000001b0       0x38 ../Obj/mega328_st7735_16MHz/DisplayValue.o
 .debug_aranges
                0x00000000000001e8       0x30 ../Obj/mega328_st7735_16MHz/lcd-draw.o
 .debug_aranges
                0x0000000000000218       0x20 ../Obj/mega328_st7735_16MHz/wait1000ms.o
 .debug_aranges
                0x0000000000000238       0x20 ../Obj/mega328_st7735_16MHz/sleep_5ms.o
 .debug_aranges
                0x0000000000000258       0x20 ../Obj/mega328_st7735_16MHz/ReadADC.o
 .debug_aranges
                0x0000000000000278       0x30 ../Obj/mega328_st7735_16MHz/wait_for_key_ms.o
 .debug_aranges
                0x00000000000002a8       0x20 ../Obj/mega328_st7735_16MHz/RefVoltage.o
 .debug_aranges
                0x00000000000002c8       0x70 ../Obj/mega328_st7735_16MHz/main.o
 .debug_aranges
                0x0000000000000338       0x20 ../Obj/mega328_st7735_16MHz/Battery_check.o
 .debug_aranges
                0x0000000000000358       0x28 ../Obj/mega328_st7735_16MHz/CheckPins.o
 .debug_aranges
                0x0000000000000380       0x20 ../Obj/mega328_st7735_16MHz/GetResistance.o
 .debug_aranges
                0x00000000000003a0       0x20 ../Obj/mega328_st7735_16MHz/ChargePin10ms.o
 .debug_aranges
                0x00000000000003c0       0x20 ../Obj/mega328_st7735_16MHz/EntladePins.o
 .debug_aranges
                0x00000000000003e0       0x38 ../Obj/mega328_st7735_16MHz/ReadCapacity.o
 .debug_aranges
                0x0000000000000418       0x20 ../Obj/mega328_st7735_16MHz/GetRLmultip.o
 .debug_aranges
                0x0000000000000438       0x20 ../Obj/mega328_st7735_16MHz/Calibrate_UR.o
 .debug_aranges
                0x0000000000000458       0x48 ../Obj/mega328_st7735_16MHz/show_Resis_Cap.o
 .debug_aranges
                0x00000000000004a0       0x20 ../Obj/mega328_st7735_16MHz/get_log.o
 .debug_aranges
                0x00000000000004c0       0x20 ../Obj/mega328_st7735_16MHz/ReadInductance.o
 .debug_aranges
                0x00000000000004e0       0x20 ../Obj/mega328_st7735_16MHz/GetESR.o
 .debug_aranges
                0x0000000000000500       0x20 ../Obj/mega328_st7735_16MHz/GetVloss.o
 .debug_aranges
                0x0000000000000520       0x58 ../Obj/mega328_st7735_16MHz/function_menu.o
 .debug_aranges
                0x0000000000000578       0x20 ../Obj/mega328_st7735_16MHz/message_key_released.o
 .debug_aranges
                0x0000000000000598       0x40 ../Obj/mega328_st7735_16MHz/GetFrequency.o
 .debug_aranges
                0x00000000000005d8       0x20 ../Obj/mega328_st7735_16MHz/ReadBigCap.o
 .debug_aranges
                0x00000000000005f8       0x20 ../Obj/mega328_st7735_16MHz/ShowData.o
 .debug_aranges
                0x0000000000000618       0x30 ../Obj/mega328_st7735_16MHz/sampling_cap.o
 .debug_aranges
                0x0000000000000648       0x30 ../Obj/mega328_st7735_16MHz/sampling_lc.o

.debug_pubnames
 *(.debug_pubnames)

.debug_info     0x0000000000000000     0xcd2e
 *(.debug_info .gnu.linkonce.wi.*)
 .debug_info    0x0000000000000000      0x5f4 /opt/avr/avr-libc-2.0.0/avr/lib/avr5/crtatmega328p.o
 .debug_info    0x00000000000005f4       0x26 ../Obj/mega328_st7735_16MHz/lcd_hw_4_bit.o
 .debug_info    0x000000000000061a     0x1372 ../Obj/mega328_st7735_16MHz/lcd-routines.o
 .debug_info    0x000000000000198c       0x26 ../Obj/mega328_st7735_16MHz/i2lcd.o
 .debug_info    0x00000000000019b2       0x26 ../Obj/mega328_st7735_16MHz/PinLayout.o
 .debug_info    0x00000000000019d8       0x26 ../Obj/mega328_st7735_16MHz/RvalOut.o
 .debug_info    0x00000000000019fe       0x26 ../Obj/mega328_st7735_16MHz/UfAusgabe.o
 .debug_info    0x0000000000001a24      0x505 ../Obj/mega328_st7735_16MHz/DisplayValue.o
 .debug_info    0x0000000000001f29      0xa4a ../Obj/mega328_st7735_16MHz/lcd-draw.o
 .debug_info    0x0000000000002973       0x26 ../Obj/mega328_st7735_16MHz/wait1000ms.o
 .debug_info    0x0000000000002999       0x26 ../Obj/mega328_st7735_16MHz/sleep_5ms.o
 .debug_info    0x00000000000029bf       0x26 ../Obj/mega328_st7735_16MHz/ReadADC.o
 .debug_info    0x00000000000029e5      0x36a ../Obj/mega328_st7735_16MHz/wait_for_key_ms.o
 .debug_info    0x0000000000002d4f       0x26 ../Obj/mega328_st7735_16MHz/RefVoltage.o
 .debug_info    0x0000000000002d75     0x3773 ../Obj/mega328_st7735_16MHz/main.o
 .debug_info    0x00000000000064e8      0x24c ../Obj/mega328_st7735_16MHz/Battery_check.o
 .debug_info    0x0000000000006734     0x11d9 ../Obj/mega328_st7735_16MHz/CheckPins.o
 .debug_info    0x000000000000790d      0x6b7 ../Obj/mega328_st7735_16MHz/GetResistance.o
 .debug_info    0x0000000000007fc4       0xd6 ../Obj/mega328_st7735_16MHz/ChargePin10ms.o
 .debug_info    0x000000000000809a      0x1c1 ../Obj/mega328_st7735_16MHz/EntladePins.o
 .debug_info    0x000000000000825b      0x666 ../Obj/mega328_st7735_16MHz/ReadCapacity.o
 .debug_info    0x00000000000088c1       0x26 ../Obj/mega328_st7735_16MHz/GetRLmultip.o
 .debug_info    0x00000000000088e7      0x2d6 ../Obj/mega328_st7735_16MHz/Calibrate_UR.o
 .debug_info    0x0000000000008bbd      0xbd2 ../Obj/mega328_st7735_16MHz/show_Resis_Cap.o
 .debug_info    0x000000000000978f       0x26 ../Obj/mega328_st7735_16MHz/get_log.o
 .debug_info    0x00000000000097b5      0x505 ../Obj/mega328_st7735_16MHz/ReadInductance.o
 .debug_info    0x0000000000009cba       0x26 ../Obj/mega328_st7735_16MHz/GetESR.o
 .debug_info    0x0000000000009ce0      0x360 ../Obj/mega328_st7735_16MHz/GetVloss.o
 .debug_info    0x000000000000a040      0xd60 ../Obj/mega328_st7735_16MHz/function_menu.o
 .debug_info    0x000000000000ada0      0x12a ../Obj/mega328_st7735_16MHz/message_key_released.o
 .debug_info    0x000000000000aeca      0x47f ../Obj/mega328_st7735_16MHz/GetFrequency.o
 .debug_info    0x000000000000b349      0x404 ../Obj/mega328_st7735_16MHz/ReadBigCap.o
 .debug_info    0x000000000000b74d      0x70f ../Obj/mega328_st7735_16MHz/ShowData.o
 .debug_info    0x000000000000be5c      0x62d ../Obj/mega328_st7735_16MHz/sampling_cap.o
 .debug_info    0x000000000000c489      0x8a5 ../Obj/mega328_st7735_16MHz/sampling_lc.o

.debug_abbrev   0x0000000000000000     0x2a67
 *(.debug_abbrev)
 .debug_abbrev  0x0000000000000000      0x5a2 /opt/avr/avr-libc-2.0.0/avr/lib/avr5/crtatmega328p.o
 .debug_abbrev  0x00000000000005a2       0x14 ../Obj/mega328_st7735_16MHz/lcd_hw_4_bit.o
 .debug_abbrev  0x00000000000005b6      0x2f8 ../Obj/mega328_st7735_16MHz/lcd-routines.o
 .debug_abbrev  0x00000000000008ae       0x14 ../Obj/mega328_st7735_16MHz/i2lcd.o
 .debug_abbrev  0x00000000000008c2       0x14 ../Obj/mega328_st7735_16MHz/PinLayout.o
 .debug_abbrev  0x00000000000008d6       0x14 ../Obj/mega328_st7735_16MHz/RvalOut.o
 .debug_abbrev  0x00000000000008ea       0x14 ../Obj/mega328_st7735_16MHz/UfAusgabe.o
 .debug_abbrev  0x00000000000008fe      0x1bf ../Obj/mega328_st7735_16MHz/DisplayValue.o
 .debug_abbrev  0x0000000000000abd      0x1a0 ../Obj/mega328_st7735_16MHz/lcd-draw.o
 .debug_abbrev  0x0000000000000c5d       0x14 ../Obj/mega328_st7735_16MHz/wait1000ms.o
 .debug_abbrev  0x0000000000000c71       0x14 ../Obj/mega328_st7735_16MHz/sleep_5ms.o
 .debug_abbrev  0x0000000000000c85       0x14 ../Obj/mega328_st7735_16MHz/ReadADC.o
 .debug_abbrev  0x0000000000000c99      0x166 ../Obj/mega328_st7735_16MHz/wait_for_key_ms.o
 .debug_abbrev  0x0000000000000dff       0x14 ../Obj/mega328_st7735_16MHz/RefVoltage.o
 .debug_abbrev  0x0000000000000e13      0x3ad ../Obj/mega328_st7735_16MHz/main.o
 .debug_abbrev  0x00000000000011c0       0xde ../Obj/mega328_st7735_16MHz/Battery_check.o
 .debug_abbrev  0x000000000000129e      0x1d7 ../Obj/mega328_st7735_16MHz/CheckPins.o
 .debug_abbrev  0x0000000000001475      0x17d ../Obj/mega328_st7735_16MHz/GetResistance.o
 .debug_abbrev  0x00000000000015f2       0x96 ../Obj/mega328_st7735_16MHz/ChargePin10ms.o
 .debug_abbrev  0x0000000000001688       0xc8 ../Obj/mega328_st7735_16MHz/EntladePins.o
 .debug_abbrev  0x0000000000001750      0x1ba ../Obj/mega328_st7735_16MHz/ReadCapacity.o
 .debug_abbrev  0x000000000000190a       0x14 ../Obj/mega328_st7735_16MHz/GetRLmultip.o
 .debug_abbrev  0x000000000000191e       0xe7 ../Obj/mega328_st7735_16MHz/Calibrate_UR.o
 .debug_abbrev  0x0000000000001a05      0x21a ../Obj/mega328_st7735_16MHz/show_Resis_Cap.o
 .debug_abbrev  0x0000000000001c1f       0x14 ../Obj/mega328_st7735_16MHz/get_log.o
 .debug_abbrev  0x0000000000001c33      0x177 ../Obj/mega328_st7735_16MHz/ReadInductance.o
 .debug_abbrev  0x0000000000001daa       0x14 ../Obj/mega328_st7735_16MHz/GetESR.o
 .debug_abbrev  0x0000000000001dbe      0x162 ../Obj/mega328_st7735_16MHz/GetVloss.o
 .debug_abbrev  0x0000000000001f20      0x23b ../Obj/mega328_st7735_16MHz/function_menu.o
 .debug_abbrev  0x000000000000215b       0xc7 ../Obj/mega328_st7735_16MHz/message_key_released.o
 .debug_abbrev  0x0000000000002222      0x1b3 ../Obj/mega328_st7735_16MHz/GetFrequency.o
 .debug_abbrev  0x00000000000023d5      0x191 ../Obj/mega328_st7735_16MHz/ReadBigCap.o
 .debug_abbrev  0x0000000000002566      0x141 ../Obj/mega328_st7735_16MHz/ShowData.o
 .debug_abbrev  0x00000000000026a7      0x1ab ../Obj/mega328_st7735_16MHz/sampling_cap.o
 .debug_abbrev  0x0000000000002852      0x215 ../Obj/mega328_st7735_16MHz/sampling_lc.o

.debug_line     0x0000000000000000    0x10cd6
 *(.debug_line .debug_line.* .debug_line_end)
 .debug_line    0x0000000000000000       0x1d /opt/avr/avr-libc-2.0.0/avr/lib/avr5/crtatmega328p.o
 .debug_line    0x000000000000001d      0x1a5 ../Obj/mega328_st7735_16MHz/lcd_hw_4_bit.o
 .debug_line    0x00000000000001c2     0x121f ../Obj/mega328_st7735_16MHz/lcd-routines.o
 .debug_line    0x00000000000013e1       0xd7 ../Obj/mega328_st7735_16MHz/i2lcd.o
 .debug_line    0x00000000000014b8      0x257 ../Obj/mega328_st7735_16MHz/PinLayout.o
 .debug_line    0x000000000000170f      0x109 ../Obj/mega328_st7735_16MHz/RvalOut.o
 .debug_line    0x0000000000001818      0x267 ../Obj/mega328_st7735_16MHz/UfAusgabe.o
 .debug_line    0x0000000000001a7f      0x65a ../Obj/mega328_st7735_16MHz/DisplayValue.o
 .debug_line    0x00000000000020d9      0x452 ../Obj/mega328_st7735_16MHz/lcd-draw.o
 .debug_line    0x000000000000252b      0x11f ../Obj/mega328_st7735_16MHz/wait1000ms.o
 .debug_line    0x000000000000264a      0x123 ../Obj/mega328_st7735_16MHz/sleep_5ms.o
 .debug_line    0x000000000000276d      0x272 ../Obj/mega328_st7735_16MHz/ReadADC.o
 .debug_line    0x00000000000029df      0x6d8 ../Obj/mega328_st7735_16MHz/wait_for_key_ms.o
 .debug_line    0x00000000000030b7      0x1de ../Obj/mega328_st7735_16MHz/RefVoltage.o
 .debug_line    0x0000000000003295     0x2ff9 ../Obj/mega328_st7735_16MHz/main.o
 .debug_line    0x000000000000628e      0x1e8 ../Obj/mega328_st7735_16MHz/Battery_check.o
 .debug_line    0x0000000000006476     0x2413 ../Obj/mega328_st7735_16MHz/CheckPins.o
 .debug_line    0x0000000000008889      0x9c4 ../Obj/mega328_st7735_16MHz/GetResistance.o
 .debug_line    0x000000000000924d      0x125 ../Obj/mega328_st7735_16MHz/ChargePin10ms.o
 .debug_line    0x0000000000009372      0x44c ../Obj/mega328_st7735_16MHz/EntladePins.o
 .debug_line    0x00000000000097be      0xcef ../Obj/mega328_st7735_16MHz/ReadCapacity.o
 .debug_line    0x000000000000a4ad      0x18b ../Obj/mega328_st7735_16MHz/GetRLmultip.o
 .debug_line    0x000000000000a638      0x4a8 ../Obj/mega328_st7735_16MHz/Calibrate_UR.o
 .debug_line    0x000000000000aae0      0x763 ../Obj/mega328_st7735_16MHz/show_Resis_Cap.o
 .debug_line    0x000000000000b243       0xfd ../Obj/mega328_st7735_16MHz/get_log.o
 .debug_line    0x000000000000b340      0xaa4 ../Obj/mega328_st7735_16MHz/ReadInductance.o
 .debug_line    0x000000000000bde4      0x8a7 ../Obj/mega328_st7735_16MHz/GetESR.o
 .debug_line    0x000000000000c68b      0x4ce ../Obj/mega328_st7735_16MHz/GetVloss.o
 .debug_line    0x000000000000cb59     0x18a1 ../Obj/mega328_st7735_16MHz/function_menu.o
 .debug_line    0x000000000000e3fa      0x132 ../Obj/mega328_st7735_16MHz/message_key_released.o
 .debug_line    0x000000000000e52c      0x82e ../Obj/mega328_st7735_16MHz/GetFrequency.o
 .debug_line    0x000000000000ed5a      0x60c ../Obj/mega328_st7735_16MHz/ReadBigCap.o
 .debug_line    0x000000000000f366      0x439 ../Obj/mega328_st7735_16MHz/ShowData.o
 .debug_line    0x000000000000f79f      0x78a ../Obj/mega328_st7735_16MHz/sampling_cap.o
 .debug_line    0x000000000000ff29      0xdad ../Obj/mega328_st7735_16MHz/sampling_lc.o

.debug_frame    0x0000000000000000      0xccc
 *(.debug_frame)
 .debug_frame   0x0000000000000000      0x2bc ../Obj/mega328_st7735_16MHz/lcd-routines.o
 .debug_frame   0x00000000000002bc       0xc4 ../Obj/mega328_st7735_16MHz/DisplayValue.o
 .debug_frame   0x0000000000000380       0x60 ../Obj/mega328_st7735_16MHz/lcd-draw.o
 .debug_frame   0x00000000000003e0       0x64 ../Obj/mega328_st7735_16MHz/wait_for_key_ms.o
 .debug_frame   0x0000000000000444      0x120 ../Obj/mega328_st7735_16MHz/main.o
 .debug_frame   0x0000000000000564       0x38 ../Obj/mega328_st7735_16MHz/Battery_check.o
 .debug_frame   0x000000000000059c       0x5c ../Obj/mega328_st7735_16MHz/CheckPins.o
 .debug_frame   0x00000000000005f8       0x48 ../Obj/mega328_st7735_16MHz/GetResistance.o
 .debug_frame   0x0000000000000640       0x2c ../Obj/mega328_st7735_16MHz/ChargePin10ms.o
 .debug_frame   0x000000000000066c       0x3c ../Obj/mega328_st7735_16MHz/EntladePins.o
 .debug_frame   0x00000000000006a8       0xa0 ../Obj/mega328_st7735_16MHz/ReadCapacity.o
 .debug_frame   0x0000000000000748       0x40 ../Obj/mega328_st7735_16MHz/Calibrate_UR.o
 .debug_frame   0x0000000000000788       0xb4 ../Obj/mega328_st7735_16MHz/show_Resis_Cap.o
 .debug_frame   0x000000000000083c       0x4c ../Obj/mega328_st7735_16MHz/ReadInductance.o
 .debug_frame   0x0000000000000888       0x48 ../Obj/mega328_st7735_16MHz/GetVloss.o
 .debug_frame   0x00000000000008d0      0x138 ../Obj/mega328_st7735_16MHz/function_menu.o
 .debug_frame   0x0000000000000a08       0x30 ../Obj/mega328_st7735_16MHz/message_key_released.o
 .debug_frame   0x0000000000000a38       0xac ../Obj/mega328_st7735_16MHz/GetFrequency.o
 .debug_frame   0x0000000000000ae4       0x40 ../Obj/mega328_st7735_16MHz/ReadBigCap.o
 .debug_frame   0x0000000000000b24       0x38 ../Obj/mega328_st7735_16MHz/ShowData.o
 .debug_frame   0x0000000000000b5c       0xd4 ../Obj/mega328_st7735_16MHz/sampling_cap.o
 .debug_frame   0x0000000000000c30       0x9c ../Obj/mega328_st7735_16MHz/sampling_lc.o

.debug_str      0x0000000000000000     0x1c3c
 *(.debug_str)
 .debug_str     0x0000000000000000      0x208 /opt/avr/avr-libc-2.0.0/avr/lib/avr5/crtatmega328p.o
 .debug_str     0x0000000000000208       0x94 ../Obj/mega328_st7735_16MHz/lcd_hw_4_bit.o
 .debug_str     0x000000000000029c      0x4a8 ../Obj/mega328_st7735_16MHz/lcd-routines.o
                                        0x598 (size before relaxing)
 .debug_str     0x0000000000000744        0xb ../Obj/mega328_st7735_16MHz/i2lcd.o
                                         0x8d (size before relaxing)
 .debug_str     0x000000000000074f        0xf ../Obj/mega328_st7735_16MHz/PinLayout.o
                                         0x91 (size before relaxing)
 .debug_str     0x000000000000075e        0xd ../Obj/mega328_st7735_16MHz/RvalOut.o
                                         0x8f (size before relaxing)
 .debug_str     0x000000000000076b        0xf ../Obj/mega328_st7735_16MHz/UfAusgabe.o
                                         0x91 (size before relaxing)
 .debug_str     0x000000000000077a       0xb5 ../Obj/mega328_st7735_16MHz/DisplayValue.o
                                        0x2e0 (size before relaxing)
 .debug_str     0x000000000000082f      0x120 ../Obj/mega328_st7735_16MHz/lcd-draw.o
                                        0x3bb (size before relaxing)
 .debug_str     0x000000000000094f       0x10 ../Obj/mega328_st7735_16MHz/wait1000ms.o
                                         0x92 (size before relaxing)
 .debug_str     0x000000000000095f        0xf ../Obj/mega328_st7735_16MHz/sleep_5ms.o
                                         0x91 (size before relaxing)
 .debug_str     0x000000000000096e        0xd ../Obj/mega328_st7735_16MHz/ReadADC.o
                                         0x8f (size before relaxing)
 .debug_str     0x000000000000097b       0xa3 ../Obj/mega328_st7735_16MHz/wait_for_key_ms.o
                                        0x30e (size before relaxing)
 .debug_str     0x0000000000000a1e       0x10 ../Obj/mega328_st7735_16MHz/RefVoltage.o
                                         0x92 (size before relaxing)
 .debug_str     0x0000000000000a2e      0x9d3 ../Obj/mega328_st7735_16MHz/main.o
                                        0xf61 (size before relaxing)
 .debug_str     0x0000000000001401       0x27 ../Obj/mega328_st7735_16MHz/Battery_check.o
                                        0x2a5 (size before relaxing)
 .debug_str     0x0000000000001428      0x175 ../Obj/mega328_st7735_16MHz/CheckPins.o
                                        0x43a (size before relaxing)
 .debug_str     0x000000000000159d       0x33 ../Obj/mega328_st7735_16MHz/GetResistance.o
                                        0x3c2 (size before relaxing)
 .debug_str     0x00000000000015d0       0x2f ../Obj/mega328_st7735_16MHz/ChargePin10ms.o
                                        0x20f (size before relaxing)
 .debug_str     0x00000000000015ff       0x29 ../Obj/mega328_st7735_16MHz/EntladePins.o
                                        0x23e (size before relaxing)
 .debug_str     0x0000000000001628       0xcd ../Obj/mega328_st7735_16MHz/ReadCapacity.o
                                        0x44e (size before relaxing)
 .debug_str     0x00000000000016f5       0x11 ../Obj/mega328_st7735_16MHz/GetRLmultip.o
                                         0x93 (size before relaxing)
 .debug_str     0x0000000000001706       0x30 ../Obj/mega328_st7735_16MHz/Calibrate_UR.o
                                        0x2cb (size before relaxing)
 .debug_str     0x0000000000001736       0xef ../Obj/mega328_st7735_16MHz/show_Resis_Cap.o
                                        0x566 (size before relaxing)
 .debug_str     0x0000000000001825        0xd ../Obj/mega328_st7735_16MHz/get_log.o
                                         0x8f (size before relaxing)
 .debug_str     0x0000000000001832       0x92 ../Obj/mega328_st7735_16MHz/ReadInductance.o
                                        0x398 (size before relaxing)
 .debug_str     0x00000000000018c4        0xc ../Obj/mega328_st7735_16MHz/GetESR.o
                                         0x8e (size before relaxing)
 .debug_str     0x00000000000018d0       0x20 ../Obj/mega328_st7735_16MHz/GetVloss.o
                                        0x2c4 (size before relaxing)
 .debug_str     0x00000000000018f0      0x145 ../Obj/mega328_st7735_16MHz/function_menu.o
                                        0x603 (size before relaxing)
 .debug_str     0x0000000000001a35       0x21 ../Obj/mega328_st7735_16MHz/message_key_released.o
                                        0x231 (size before relaxing)
 .debug_str     0x0000000000001a56       0x73 ../Obj/mega328_st7735_16MHz/GetFrequency.o
                                        0x341 (size before relaxing)
 .debug_str     0x0000000000001ac9       0x21 ../Obj/mega328_st7735_16MHz/ReadBigCap.o
                                        0x325 (size before relaxing)
 .debug_str     0x0000000000001aea       0x32 ../Obj/mega328_st7735_16MHz/ShowData.o
                                        0x3c2 (size before relaxing)
 .debug_str     0x0000000000001b1c       0x60 ../Obj/mega328_st7735_16MHz/sampling_cap.o
                                        0x385 (size before relaxing)
 .debug_str     0x0000000000001b7c       0xc0 ../Obj/mega328_st7735_16MHz/sampling_lc.o
                                        0x42a (size before relaxing)

.debug_loc      0x0000000000000000     0x8dd0
 *(.debug_loc)
 .debug_loc     0x0000000000000000      0xda4 ../Obj/mega328_st7735_16MHz/lcd-routines.o
 .debug_loc     0x0000000000000da4      0x5c8 ../Obj/mega328_st7735_16MHz/DisplayValue.o
 .debug_loc     0x000000000000136c      0x1af ../Obj/mega328_st7735_16MHz/lcd-draw.o
 .debug_loc     0x000000000000151b      0x2a0 ../Obj/mega328_st7735_16MHz/wait_for_key_ms.o
 .debug_loc     0x00000000000017bb      0xded ../Obj/mega328_st7735_16MHz/main.o
 .debug_loc     0x00000000000025a8       0xb3 ../Obj/mega328_st7735_16MHz/Battery_check.o
 .debug_loc     0x000000000000265b     0x2151 ../Obj/mega328_st7735_16MHz/CheckPins.o
 .debug_loc     0x00000000000047ac      0xa31 ../Obj/mega328_st7735_16MHz/GetResistance.o
 .debug_loc     0x00000000000051dd       0x96 ../Obj/mega328_st7735_16MHz/ChargePin10ms.o
 .debug_loc     0x0000000000005273      0x269 ../Obj/mega328_st7735_16MHz/EntladePins.o
 .debug_loc     0x00000000000054dc      0x465 ../Obj/mega328_st7735_16MHz/ReadCapacity.o
 .debug_loc     0x0000000000005941       0xa1 ../Obj/mega328_st7735_16MHz/Calibrate_UR.o
 .debug_loc     0x00000000000059e2      0x381 ../Obj/mega328_st7735_16MHz/show_Resis_Cap.o
 .debug_loc     0x0000000000005d63      0x534 ../Obj/mega328_st7735_16MHz/ReadInductance.o
 .debug_loc     0x0000000000006297      0x313 ../Obj/mega328_st7735_16MHz/GetVloss.o
 .debug_loc     0x00000000000065aa      0xc4d ../Obj/mega328_st7735_16MHz/function_menu.o
 .debug_loc     0x00000000000071f7       0xa5 ../Obj/mega328_st7735_16MHz/message_key_released.o
 .debug_loc     0x000000000000729c      0x2dc ../Obj/mega328_st7735_16MHz/GetFrequency.o
 .debug_loc     0x0000000000007578      0x1d9 ../Obj/mega328_st7735_16MHz/ReadBigCap.o
 .debug_loc     0x0000000000007751      0x106 ../Obj/mega328_st7735_16MHz/ShowData.o
 .debug_loc     0x0000000000007857      0xa15 ../Obj/mega328_st7735_16MHz/sampling_cap.o
 .debug_loc     0x000000000000826c      0xb64 ../Obj/mega328_st7735_16MHz/sampling_lc.o

.debug_macinfo
 *(.debug_macinfo)

.debug_weaknames
 *(.debug_weaknames)

.debug_funcnames
 *(.debug_funcnames)

.debug_typenames
 *(.debug_typenames)

.debug_varnames
 *(.debug_varnames)

.debug_pubtypes
 *(.debug_pubtypes)

.debug_ranges   0x0000000000000000      0x5a8
 *(.debug_ranges)
 .debug_ranges  0x0000000000000000      0x140 ../Obj/mega328_st7735_16MHz/lcd-routines.o
 .debug_ranges  0x0000000000000140       0x40 ../Obj/mega328_st7735_16MHz/DisplayValue.o
 .debug_ranges  0x0000000000000180       0x20 ../Obj/mega328_st7735_16MHz/lcd-draw.o
 .debug_ranges  0x00000000000001a0       0x60 ../Obj/mega328_st7735_16MHz/wait_for_key_ms.o
 .debug_ranges  0x0000000000000200       0xc8 ../Obj/mega328_st7735_16MHz/main.o
 .debug_ranges  0x00000000000002c8       0x10 ../Obj/mega328_st7735_16MHz/Battery_check.o
 .debug_ranges  0x00000000000002d8       0x60 ../Obj/mega328_st7735_16MHz/CheckPins.o
 .debug_ranges  0x0000000000000338       0x40 ../Obj/mega328_st7735_16MHz/GetResistance.o
 .debug_ranges  0x0000000000000378       0x10 ../Obj/mega328_st7735_16MHz/ChargePin10ms.o
 .debug_ranges  0x0000000000000388       0x10 ../Obj/mega328_st7735_16MHz/EntladePins.o
 .debug_ranges  0x0000000000000398       0x28 ../Obj/mega328_st7735_16MHz/ReadCapacity.o
 .debug_ranges  0x00000000000003c0       0x10 ../Obj/mega328_st7735_16MHz/Calibrate_UR.o
 .debug_ranges  0x00000000000003d0       0x38 ../Obj/mega328_st7735_16MHz/show_Resis_Cap.o
 .debug_ranges  0x0000000000000408       0x10 ../Obj/mega328_st7735_16MHz/ReadInductance.o
 .debug_ranges  0x0000000000000418       0x10 ../Obj/mega328_st7735_16MHz/GetVloss.o
 .debug_ranges  0x0000000000000428       0x88 ../Obj/mega328_st7735_16MHz/function_menu.o
 .debug_ranges  0x00000000000004b0       0x10 ../Obj/mega328_st7735_16MHz/message_key_released.o
 .debug_ranges  0x00000000000004c0       0x30 ../Obj/mega328_st7735_16MHz/GetFrequency.o
 .debug_ranges  0x00000000000004f0       0x10 ../Obj/mega328_st7735_16MHz/ReadBigCap.o
 .debug_ranges  0x0000000000000500       0x10 ../Obj/mega328_st7735_16MHz/ShowData.o
 .debug_ranges  0x0000000000000510       0x58 ../Obj/mega328_st7735_16MHz/sampling_cap.o
 .debug_ranges  0x0000000000000568       0x40 ../Obj/mega328_st7735_16MHz/sampling_lc.o

.debug_addr
 *(.debug_addr)

.debug_line_str
 *(.debug_line_str)

.debug_loclists
 *(.debug_loclists)

.debug_macro
 *(.debug_macro)

.debug_names
 *(.debug_names)

.debug_rnglists
 *(.debug_rnglists)

.debug_str_offsets
 *(.debug_str_offsets)

.debug_sup
 *(.debug_sup)
OUTPUT(../Obj/mega328_st7735_16MHz/mega328_st7735_16MHz.elf elf32-avr)
LOAD linker stubs
