Archive member included because of file (symbol)

/usr/lib/gcc/avr/4.8.2/avr5/libgcc.a(_umulhisi3.o)
                              CheckPins.o (__umulhisi3)
/usr/lib/gcc/avr/4.8.2/avr5/libgcc.a(_usmulhisi3.o)
                              main.o (__usmulhisi3)
/usr/lib/gcc/avr/4.8.2/avr5/libgcc.a(_muluhisi3.o)
                              main.o (__muluhisi3)
/usr/lib/gcc/avr/4.8.2/avr5/libgcc.a(_mulsi3.o)
                              ReadADC.o (__mulsi3)
/usr/lib/gcc/avr/4.8.2/avr5/libgcc.a(_udivmodhi4.o)
                              RefVoltage.o (__udivmodhi4)
/usr/lib/gcc/avr/4.8.2/avr5/libgcc.a(_udivmodsi4.o)
                              DisplayValue.o (__udivmodsi4)
/usr/lib/gcc/avr/4.8.2/avr5/libgcc.a(_divmodsi4.o)
                              main.o (__divmodsi4)
/usr/lib/gcc/avr/4.8.2/avr5/libgcc.a(_negsi2.o)
                              /usr/lib/gcc/avr/4.8.2/avr5/libgcc.a(_divmodsi4.o) (__negsi2)
/usr/lib/gcc/avr/4.8.2/avr5/libgcc.a(_prologue.o)
                              lcd-routines.o (__prologue_saves__)
/usr/lib/gcc/avr/4.8.2/avr5/libgcc.a(_epilogue.o)
                              lcd-routines.o (__epilogue_restores__)
/usr/lib/gcc/avr/4.8.2/avr5/libgcc.a(_exit.o)
                              /usr/lib/gcc/avr/4.8.2/../../../avr/lib/avr5/crtm168.o (exit)
/usr/lib/gcc/avr/4.8.2/avr5/libgcc.a(_clear_bss.o)
                              lcd-routines.o (__do_clear_bss)
/usr/lib/gcc/avr/4.8.2/../../../avr/lib/avr5/libc.a(utoa.o)
                              i2lcd.o (utoa)
/usr/lib/gcc/avr/4.8.2/../../../avr/lib/avr5/libc.a(eerd_byte_atmega168.o)
                              lcd-routines.o (__eerd_byte_m168)
/usr/lib/gcc/avr/4.8.2/../../../avr/lib/avr5/libc.a(eewr_byte_atmega168.o)
                              main.o (__eewr_byte_m168)
/usr/lib/gcc/avr/4.8.2/../../../avr/lib/avr5/libc.a(eewr_word_atmega168.o)
                              main.o (__eewr_word_m168)
/usr/lib/gcc/avr/4.8.2/../../../avr/lib/avr5/libc.a(strrev.o)
                              /usr/lib/gcc/avr/4.8.2/../../../avr/lib/avr5/libc.a(utoa.o) (strrev)

Allocating common symbols
Common symbol       size              file

diode_sequence      0x1               main.o
display_time        0x2               main.o
resis680mi          0x2               main.o
ref_mv_offs         0x2               main.o
NumOfDiodes         0x1               main.o
PartMode            0x1               main.o
PartFound           0x1               main.o
resis680pl          0x2               main.o
tmpval              0x1               main.o
last_text_column    0x1               lcd-routines.o
inductor_lpre       0x1               lcd-routines.o
mess_count          0x1               main.o
last_text_line      0x1               lcd-routines.o
outval              0xa               main.o
ADCconfig           0x6               main.o
pin_rpl             0x2               main.o
ref_mv              0x2               main.o
DC_Pwr_mode         0x1               main.o
OutBuffer           0xa               main.o
tmpval2             0x1               main.o
UnCalibrated        0x1               main.o
pin_rmi             0x2               main.o
WithReference       0x1               main.o
_lcd_column         0x1               lcd-routines.o
_trans              0x2               main.o
last_line_used      0x1               main.o
ntrans              0x10              main.o
empty_count         0x1               main.o
pin_combination     0x1               main.o
ovcnt16             0x2               main.o
cell_mv             0x6               lcd-routines.o
ResistorChecked     0x3               main.o
ResistorList        0x3               main.o
ptrans              0x10              main.o
adc_internal_reference
                    0x2               main.o
ResistorsFound      0x1               main.o
unfinished          0x1               main.o
RHmultip            0x2               main.o
cap                 0x14              main.o
load_diff           0x2               main.o
diodes              0x18              main.o
inductor_lx         0x4               lcd-routines.o
lcd_text_line       0x1               lcd-routines.o
ResistorVal         0xc               main.o

↵
Speichereinrichtung
↵

Name             Ursprung           Länge             Eigenschaften
text             0x0000000000000000 0x0000000000020000 xr
data             0x0000000000800060 0x000000000000ffa0 rw !x
eeprom           0x0000000000810000 0x0000000000010000 rw !x
fuse             0x0000000000820000 0x0000000000000400 rw !x
lock             0x0000000000830000 0x0000000000000400 rw !x
signature        0x0000000000840000 0x0000000000000400 rw !x
user_signatures  0x0000000000850000 0x0000000000000400 rw !x
*default*        0x0000000000000000 0xffffffffffffffff

Linker script and memory map

Address of section .data set to 0x800100
LOAD /usr/lib/gcc/avr/4.8.2/../../../avr/lib/avr5/crtm168.o
LOAD lcd_hw_4_bit.o
LOAD lcd-routines.o
LOAD i2lcd.o
LOAD PinLayout.o
LOAD RvalOut.o
LOAD UfAusgabe.o
LOAD DisplayValue.o
LOAD swuart.o
LOAD wait1000ms.o
LOAD sleep_5ms.o
LOAD ReadADC.o
LOAD wait_for_key_ms.o
LOAD RefVoltage.o
LOAD get_log.o
LOAD main.o
LOAD Battery_check.o
LOAD CheckPins.o
LOAD GetResistance.o
LOAD ChargePin10ms.o
LOAD EntladePins.o
LOAD ReadCapacity.o
LOAD GetRLmultip.o
LOAD Calibrate_UR.o
LOAD ReadInductance.o
LOAD GetESR.o
LOAD GetVloss.o
LOAD GetFrequency.o
LOAD function_menu.o
LOAD message_key_released.o
LOAD ReadBigCap.o
LOAD CheckRotaryEncoder.o
LOAD CalibrationCap.o
LOAD ShowData.o
LOAD show_Resis_Cap.o
LOAD EE_check_init.o
START GROUP
LOAD /usr/lib/gcc/avr/4.8.2/avr5/libgcc.a
LOAD /usr/lib/gcc/avr/4.8.2/../../../avr/lib/avr5/libm.a
LOAD /usr/lib/gcc/avr/4.8.2/../../../avr/lib/avr5/libc.a
END GROUP

.hash
 *(.hash)

.dynsym
 *(.dynsym)

.dynstr
 *(.dynstr)

.gnu.version
 *(.gnu.version)

.gnu.version_d
 *(.gnu.version_d)

.gnu.version_r
 *(.gnu.version_r)

.rel.init
 *(.rel.init)

.rela.init
 *(.rela.init)

.rel.text
 *(.rel.text)
 *(.rel.text.*)
 *(.rel.gnu.linkonce.t*)

.rela.text
 *(.rela.text)
 *(.rela.text.*)
 *(.rela.gnu.linkonce.t*)

.rel.fini
 *(.rel.fini)

.rela.fini
 *(.rela.fini)

.rel.rodata
 *(.rel.rodata)
 *(.rel.rodata.*)
 *(.rel.gnu.linkonce.r*)

.rela.rodata
 *(.rela.rodata)
 *(.rela.rodata.*)
 *(.rela.gnu.linkonce.r*)

.rel.data
 *(.rel.data)
 *(.rel.data.*)
 *(.rel.gnu.linkonce.d*)

.rela.data
 *(.rela.data)
 *(.rela.data.*)
 *(.rela.gnu.linkonce.d*)

.rel.ctors
 *(.rel.ctors)

.rela.ctors
 *(.rela.ctors)

.rel.dtors
 *(.rel.dtors)

.rela.dtors
 *(.rela.dtors)

.rel.got
 *(.rel.got)

.rela.got
 *(.rela.got)

.rel.bss
 *(.rel.bss)

.rela.bss
 *(.rela.bss)

.rel.plt
 *(.rel.plt)

.rela.plt
 *(.rela.plt)

.text           0x0000000000000000     0x3fdc
 *(.vectors)
 .vectors       0x0000000000000000       0x68 /usr/lib/gcc/avr/4.8.2/../../../avr/lib/avr5/crtm168.o
                0x0000000000000000                __vectors
                0x0000000000000000                __vector_default
 *(.vectors)
 *(.progmem.gcc*)
 *(.progmem*)
 .progmem.data  0x0000000000000068       0xaa main.o
                0x0000000000000068                REF_R_str
                0x000000000000006f                REF_C_str
                0x0000000000000076                MinCap_str
                0x000000000000007e                PinRLRHADCtab
                0x0000000000000084                R0_str
                0x0000000000000088                ICEs_str
                0x000000000000008e                ICE0_str
                0x0000000000000094                VERSION_str
                0x00000000000000a2                RHtab
                0x00000000000000b4                LogTab
                0x0000000000000112                . = ALIGN (0x2)
                0x0000000000000112                __trampolines_start = .
 *(.trampolines)
 .trampolines   0x0000000000000112        0x0 linker stubs
 *(.trampolines*)
                0x0000000000000112                __trampolines_end = .
 *(.jumptables)
 *(.jumptables*)
 *(.lowtext)
 *(.lowtext*)
                0x0000000000000112                __ctors_start = .
 *(.ctors)
                0x0000000000000112                __ctors_end = .
                0x0000000000000112                __dtors_start = .
 *(.dtors)
                0x0000000000000112                __dtors_end = .
 SORT(*)(.ctors)
 SORT(*)(.dtors)
 *(.init0)
 .init0         0x0000000000000112        0x0 /usr/lib/gcc/avr/4.8.2/../../../avr/lib/avr5/crtm168.o
                0x0000000000000112                __init
 *(.init0)
 *(.init1)
 *(.init1)
 *(.init2)
 .init2         0x0000000000000112        0xc /usr/lib/gcc/avr/4.8.2/../../../avr/lib/avr5/crtm168.o
 *(.init2)
 *(.init3)
 *(.init3)
 *(.init4)
 .init4         0x000000000000011e       0x10 /usr/lib/gcc/avr/4.8.2/avr5/libgcc.a(_clear_bss.o)
                0x000000000000011e                __do_clear_bss
 *(.init4)
 *(.init5)
 *(.init5)
 *(.init6)
 *(.init6)
 *(.init7)
 *(.init7)
 *(.init8)
 *(.init8)
 *(.init9)
 .init9         0x000000000000012e        0x8 /usr/lib/gcc/avr/4.8.2/../../../avr/lib/avr5/crtm168.o
 *(.init9)
 *(.text)
 .text          0x0000000000000136        0x4 /usr/lib/gcc/avr/4.8.2/../../../avr/lib/avr5/crtm168.o
                0x0000000000000136                __vector_22
                0x0000000000000136                __vector_1
                0x0000000000000136                __vector_24
                0x0000000000000136                __vector_12
                0x0000000000000136                __bad_interrupt
                0x0000000000000136                __vector_6
                0x0000000000000136                __vector_3
                0x0000000000000136                __vector_23
                0x0000000000000136                __vector_25
                0x0000000000000136                __vector_11
                0x0000000000000136                __vector_17
                0x0000000000000136                __vector_19
                0x0000000000000136                __vector_5
                0x0000000000000136                __vector_4
                0x0000000000000136                __vector_9
                0x0000000000000136                __vector_2
                0x0000000000000136                __vector_15
                0x0000000000000136                __vector_8
                0x0000000000000136                __vector_14
                0x0000000000000136                __vector_16
                0x0000000000000136                __vector_18
                0x0000000000000136                __vector_20
 .text          0x000000000000013a       0x5c lcd_hw_4_bit.o
                0x000000000000013a                _lcd_hw_write
 .text          0x0000000000000196      0x268 lcd-routines.o
                0x0000000000000196                lcd_save_position
                0x00000000000001a8                lcd_data
                0x00000000000001b6                lcd_testpin
                0x00000000000001be                lcd_space
                0x00000000000001c6                lcd_spaces
                0x00000000000001ea                lcd_equal
                0x00000000000001f2                lcd_command
                0x0000000000000200                lcd_line1
                0x000000000000020c                lcd_line2
                0x000000000000021a                lcd_line3
                0x0000000000000228                lcd_line4
                0x0000000000000236                lcd_set_cursor
                0x0000000000000258                lcd_next_line
                0x0000000000000282                lcd_next_line_wait
                0x000000000000028c                lcd_restore_position
                0x000000000000029a                lcd_clear
                0x00000000000002b0                lcd_init
                0x0000000000000320                lcd_string
                0x0000000000000338                lcd_pgm_string
                0x0000000000000356                lcd_fix_string
                0x0000000000000376                lcd_fix_customchar
                0x00000000000003a4                lcd_clear_line
                0x00000000000003ac                lcd_clear_line1
                0x00000000000003ba                lcd_clear_line2
                0x00000000000003c8                lcd_show_Cg
 .text          0x00000000000003fe       0x26 i2lcd.o
                0x00000000000003fe                i2lcd
                0x0000000000000414                u2lcd
 .text          0x0000000000000424       0x62 PinLayout.o
                0x0000000000000424                PinLayout
                0x0000000000000472                Rnum2pins
 .text          0x0000000000000486       0x50 RvalOut.o
                0x0000000000000486                RvalOut
 .text          0x00000000000004d6       0x8e UfAusgabe.o
                0x00000000000004d6                mVAusgabe
                0x00000000000004f2                UfAusgabe
                0x000000000000051e                SerienDiodenAusgabe
 .text          0x0000000000000564      0x14c DisplayValue.o
                0x0000000000000564                DisplayValue
                0x000000000000069a                Display_mV
 .text          0x00000000000006b0        0x2 swuart.o
                0x00000000000006b0                uart_putc
 .text          0x00000000000006b2       0x4a wait1000ms.o
                0x00000000000006b2                wait5s
                0x00000000000006b4                wait4s
                0x00000000000006b6                wait3s
                0x00000000000006b8                wait2s
                0x00000000000006ba                wait1000ms
                0x00000000000006ba                wait1s
                0x00000000000006bc                wait500ms
                0x00000000000006be                wait400ms
                0x00000000000006c0                wait300ms
                0x00000000000006c2                wait200ms
                0x00000000000006c4                wait100ms
                0x00000000000006c8                wait50ms
                0x00000000000006ca                wait40ms
                0x00000000000006cc                wait30ms
                0x00000000000006ce                wait20ms
                0x00000000000006d0                wait10ms
                0x00000000000006d2                wait5ms
                0x00000000000006d4                wait4ms
                0x00000000000006d6                wait3ms
                0x00000000000006d8                wait2ms
                0x00000000000006da                wait1ms
                0x00000000000006dc                wait500us
                0x00000000000006de                wait400us
                0x00000000000006e0                wait300us
                0x00000000000006e2                wait200us
                0x00000000000006e4                wait100us
                0x00000000000006e6                wait50us
                0x00000000000006e8                wait40us
                0x00000000000006ea                wait30us
                0x00000000000006ec                wait20us
                0x00000000000006ee                wait10us
                0x00000000000006f0                wait5us
                0x00000000000006f2                wait4us
                0x00000000000006f4                wait3us
                0x00000000000006f6                wait2us
                0x00000000000006f8                wait1us
 .text          0x00000000000006fc       0x54 sleep_5ms.o
                0x00000000000006fc                sleep_5ms
 .text          0x0000000000000750       0xd4 ReadADC.o
                0x0000000000000750                W20msReadADC
                0x0000000000000758                W10msReadADC
                0x0000000000000760                W5msReadADC
                0x0000000000000768                ReadADC
 .text          0x0000000000000824       0x80 wait_for_key_ms.o
                0x0000000000000824                wait_for_key_ms
                0x0000000000000892                wait_for_key_5s_line2
 .text          0x00000000000008a4       0xb0 RefVoltage.o
                0x00000000000008a4                RefVoltage
 .text          0x0000000000000954       0x3e get_log.o
                0x0000000000000954                get_log
 .text          0x0000000000000992      0x6a6 main.o
                0x0000000000000992                __vector_7
                0x0000000000000994                __vector_21
                0x0000000000000996                init_parts
                0x00000000000009e2                ShortedProbes
                0x0000000000000a5e                AllProbesShorted
                0x0000000000000a82                AutoCheck
                0x0000000000000f74                mark_as_uncalibrated
                0x0000000000000f98                GetIr
 .text          0x0000000000001038       0x92 Battery_check.o
                0x0000000000001038                Battery_check
 .text          0x00000000000010ca      0xb70 CheckPins.o
                0x00000000000010ca                CheckPins
 .text          0x0000000000001c3a      0x3d0 GetResistance.o
                0x0000000000001c3a                GetResistance
 .text          0x000000000000200a       0x30 ChargePin10ms.o
                0x000000000000200a                ChargePin10ms
 .text          0x000000000000203a       0xfe EntladePins.o
                0x000000000000203a                EntladePins
 .text          0x0000000000002138      0x65e ReadCapacity.o
                0x0000000000002138                Scale_C_with_vcc
                0x00000000000021b8                ReadCapacity
                0x0000000000002706                __vector_13
                0x0000000000002752                __vector_10
 .text          0x0000000000002796       0x7e GetRLmultip.o
                0x0000000000002796                GetRLmultip
 .text          0x0000000000002814      0x18e Calibrate_UR.o
                0x0000000000002814                Calibrate_UR
 .text          0x00000000000029a2      0x45a ReadInductance.o
                0x00000000000029a2                ReadInductance
 .text          0x0000000000002dfc      0x3b8 GetESR.o
                0x0000000000002dfc                GetESR
 .text          0x00000000000031b4      0x158 GetVloss.o
                0x00000000000031b4                GetVloss
 .text          0x000000000000330c        0x0 GetFrequency.o
 .text          0x000000000000330c        0x0 function_menu.o
 .text          0x000000000000330c        0x0 message_key_released.o
 .text          0x000000000000330c        0x0 ReadBigCap.o
 .text          0x000000000000330c        0x0 CheckRotaryEncoder.o
 .text          0x000000000000330c        0x0 CalibrationCap.o
 .text          0x000000000000330c        0x0 ShowData.o
 .text          0x000000000000330c       0x1a show_Resis_Cap.o
                0x000000000000330c                Bat_update
 .text          0x0000000000003326        0x2 EE_check_init.o
                0x0000000000003326                EE_check_init
 .text          0x0000000000003328        0x0 /usr/lib/gcc/avr/4.8.2/avr5/libgcc.a(_umulhisi3.o)
 .text          0x0000000000003328        0x0 /usr/lib/gcc/avr/4.8.2/avr5/libgcc.a(_usmulhisi3.o)
 .text          0x0000000000003328        0x0 /usr/lib/gcc/avr/4.8.2/avr5/libgcc.a(_muluhisi3.o)
 .text          0x0000000000003328        0x0 /usr/lib/gcc/avr/4.8.2/avr5/libgcc.a(_mulsi3.o)
 .text          0x0000000000003328        0x0 /usr/lib/gcc/avr/4.8.2/avr5/libgcc.a(_udivmodhi4.o)
 .text          0x0000000000003328        0x0 /usr/lib/gcc/avr/4.8.2/avr5/libgcc.a(_udivmodsi4.o)
 .text          0x0000000000003328        0x0 /usr/lib/gcc/avr/4.8.2/avr5/libgcc.a(_divmodsi4.o)
 .text          0x0000000000003328        0x0 /usr/lib/gcc/avr/4.8.2/avr5/libgcc.a(_negsi2.o)
 .text          0x0000000000003328        0x0 /usr/lib/gcc/avr/4.8.2/avr5/libgcc.a(_prologue.o)
 .text          0x0000000000003328        0x0 /usr/lib/gcc/avr/4.8.2/avr5/libgcc.a(_epilogue.o)
 .text          0x0000000000003328        0x0 /usr/lib/gcc/avr/4.8.2/avr5/libgcc.a(_exit.o)
 .text          0x0000000000003328        0x0 /usr/lib/gcc/avr/4.8.2/avr5/libgcc.a(_clear_bss.o)
 .text          0x0000000000003328        0x0 /usr/lib/gcc/avr/4.8.2/../../../avr/lib/avr5/libc.a(utoa.o)
 .text          0x0000000000003328        0x0 /usr/lib/gcc/avr/4.8.2/../../../avr/lib/avr5/libc.a(eerd_byte_atmega168.o)
 .text          0x0000000000003328        0x0 /usr/lib/gcc/avr/4.8.2/../../../avr/lib/avr5/libc.a(eewr_byte_atmega168.o)
 .text          0x0000000000003328        0x0 /usr/lib/gcc/avr/4.8.2/../../../avr/lib/avr5/libc.a(eewr_word_atmega168.o)
 .text          0x0000000000003328        0x0 /usr/lib/gcc/avr/4.8.2/../../../avr/lib/avr5/libc.a(strrev.o)
                0x0000000000003328                . = ALIGN (0x2)
 *(.text.*)
 .text.startup  0x0000000000003328      0xab4 main.o
                0x0000000000003328                main
 .text.libgcc.mul
                0x0000000000003ddc       0x1e /usr/lib/gcc/avr/4.8.2/avr5/libgcc.a(_umulhisi3.o)
                0x0000000000003ddc                __umulhisi3
 .text.libgcc.div
                0x0000000000003dfa        0x0 /usr/lib/gcc/avr/4.8.2/avr5/libgcc.a(_umulhisi3.o)
 .text.libgcc   0x0000000000003dfa        0x0 /usr/lib/gcc/avr/4.8.2/avr5/libgcc.a(_umulhisi3.o)
 .text.libgcc.prologue
                0x0000000000003dfa        0x0 /usr/lib/gcc/avr/4.8.2/avr5/libgcc.a(_umulhisi3.o)
 .text.libgcc.builtins
                0x0000000000003dfa        0x0 /usr/lib/gcc/avr/4.8.2/avr5/libgcc.a(_umulhisi3.o)
 .text.libgcc.fmul
                0x0000000000003dfa        0x0 /usr/lib/gcc/avr/4.8.2/avr5/libgcc.a(_umulhisi3.o)
 .text.libgcc.fixed
                0x0000000000003dfa        0x0 /usr/lib/gcc/avr/4.8.2/avr5/libgcc.a(_umulhisi3.o)
 .text.libgcc.mul
                0x0000000000003dfa        0xe /usr/lib/gcc/avr/4.8.2/avr5/libgcc.a(_usmulhisi3.o)
                0x0000000000003dfa                __usmulhisi3
                0x0000000000003dfe                __usmulhisi3_tail
 .text.libgcc.div
                0x0000000000003e08        0x0 /usr/lib/gcc/avr/4.8.2/avr5/libgcc.a(_usmulhisi3.o)
 .text.libgcc   0x0000000000003e08        0x0 /usr/lib/gcc/avr/4.8.2/avr5/libgcc.a(_usmulhisi3.o)
 .text.libgcc.prologue
                0x0000000000003e08        0x0 /usr/lib/gcc/avr/4.8.2/avr5/libgcc.a(_usmulhisi3.o)
 .text.libgcc.builtins
                0x0000000000003e08        0x0 /usr/lib/gcc/avr/4.8.2/avr5/libgcc.a(_usmulhisi3.o)
 .text.libgcc.fmul
                0x0000000000003e08        0x0 /usr/lib/gcc/avr/4.8.2/avr5/libgcc.a(_usmulhisi3.o)
 .text.libgcc.fixed
                0x0000000000003e08        0x0 /usr/lib/gcc/avr/4.8.2/avr5/libgcc.a(_usmulhisi3.o)
 .text.libgcc.mul
                0x0000000000003e08       0x16 /usr/lib/gcc/avr/4.8.2/avr5/libgcc.a(_muluhisi3.o)
                0x0000000000003e08                __muluhisi3
 .text.libgcc.div
                0x0000000000003e1e        0x0 /usr/lib/gcc/avr/4.8.2/avr5/libgcc.a(_muluhisi3.o)
 .text.libgcc   0x0000000000003e1e        0x0 /usr/lib/gcc/avr/4.8.2/avr5/libgcc.a(_muluhisi3.o)
 .text.libgcc.prologue
                0x0000000000003e1e        0x0 /usr/lib/gcc/avr/4.8.2/avr5/libgcc.a(_muluhisi3.o)
 .text.libgcc.builtins
                0x0000000000003e1e        0x0 /usr/lib/gcc/avr/4.8.2/avr5/libgcc.a(_muluhisi3.o)
 .text.libgcc.fmul
                0x0000000000003e1e        0x0 /usr/lib/gcc/avr/4.8.2/avr5/libgcc.a(_muluhisi3.o)
 .text.libgcc.fixed
                0x0000000000003e1e        0x0 /usr/lib/gcc/avr/4.8.2/avr5/libgcc.a(_muluhisi3.o)
 .text.libgcc.mul
                0x0000000000003e1e       0x20 /usr/lib/gcc/avr/4.8.2/avr5/libgcc.a(_mulsi3.o)
                0x0000000000003e1e                __mulsi3
 .text.libgcc.div
                0x0000000000003e3e        0x0 /usr/lib/gcc/avr/4.8.2/avr5/libgcc.a(_mulsi3.o)
 .text.libgcc   0x0000000000003e3e        0x0 /usr/lib/gcc/avr/4.8.2/avr5/libgcc.a(_mulsi3.o)
 .text.libgcc.prologue
                0x0000000000003e3e        0x0 /usr/lib/gcc/avr/4.8.2/avr5/libgcc.a(_mulsi3.o)
 .text.libgcc.builtins
                0x0000000000003e3e        0x0 /usr/lib/gcc/avr/4.8.2/avr5/libgcc.a(_mulsi3.o)
 .text.libgcc.fmul
                0x0000000000003e3e        0x0 /usr/lib/gcc/avr/4.8.2/avr5/libgcc.a(_mulsi3.o)
 .text.libgcc.fixed
                0x0000000000003e3e        0x0 /usr/lib/gcc/avr/4.8.2/avr5/libgcc.a(_mulsi3.o)
 .text.libgcc.mul
                0x0000000000003e3e        0x0 /usr/lib/gcc/avr/4.8.2/avr5/libgcc.a(_udivmodhi4.o)
 .text.libgcc.div
                0x0000000000003e3e       0x28 /usr/lib/gcc/avr/4.8.2/avr5/libgcc.a(_udivmodhi4.o)
                0x0000000000003e3e                __udivmodhi4
 .text.libgcc   0x0000000000003e66        0x0 /usr/lib/gcc/avr/4.8.2/avr5/libgcc.a(_udivmodhi4.o)
 .text.libgcc.prologue
                0x0000000000003e66        0x0 /usr/lib/gcc/avr/4.8.2/avr5/libgcc.a(_udivmodhi4.o)
 .text.libgcc.builtins
                0x0000000000003e66        0x0 /usr/lib/gcc/avr/4.8.2/avr5/libgcc.a(_udivmodhi4.o)
 .text.libgcc.fmul
                0x0000000000003e66        0x0 /usr/lib/gcc/avr/4.8.2/avr5/libgcc.a(_udivmodhi4.o)
 .text.libgcc.fixed
                0x0000000000003e66        0x0 /usr/lib/gcc/avr/4.8.2/avr5/libgcc.a(_udivmodhi4.o)
 .text.libgcc.mul
                0x0000000000003e66        0x0 /usr/lib/gcc/avr/4.8.2/avr5/libgcc.a(_udivmodsi4.o)
 .text.libgcc.div
                0x0000000000003e66       0x44 /usr/lib/gcc/avr/4.8.2/avr5/libgcc.a(_udivmodsi4.o)
                0x0000000000003e66                __udivmodsi4
 .text.libgcc   0x0000000000003eaa        0x0 /usr/lib/gcc/avr/4.8.2/avr5/libgcc.a(_udivmodsi4.o)
 .text.libgcc.prologue
                0x0000000000003eaa        0x0 /usr/lib/gcc/avr/4.8.2/avr5/libgcc.a(_udivmodsi4.o)
 .text.libgcc.builtins
                0x0000000000003eaa        0x0 /usr/lib/gcc/avr/4.8.2/avr5/libgcc.a(_udivmodsi4.o)
 .text.libgcc.fmul
                0x0000000000003eaa        0x0 /usr/lib/gcc/avr/4.8.2/avr5/libgcc.a(_udivmodsi4.o)
 .text.libgcc.fixed
                0x0000000000003eaa        0x0 /usr/lib/gcc/avr/4.8.2/avr5/libgcc.a(_udivmodsi4.o)
 .text.libgcc.mul
                0x0000000000003eaa        0x0 /usr/lib/gcc/avr/4.8.2/avr5/libgcc.a(_divmodsi4.o)
 .text.libgcc.div
                0x0000000000003eaa       0x2e /usr/lib/gcc/avr/4.8.2/avr5/libgcc.a(_divmodsi4.o)
                0x0000000000003eaa                __divmodsi4
 .text.libgcc   0x0000000000003ed8        0x0 /usr/lib/gcc/avr/4.8.2/avr5/libgcc.a(_divmodsi4.o)
 .text.libgcc.prologue
                0x0000000000003ed8        0x0 /usr/lib/gcc/avr/4.8.2/avr5/libgcc.a(_divmodsi4.o)
 .text.libgcc.builtins
                0x0000000000003ed8        0x0 /usr/lib/gcc/avr/4.8.2/avr5/libgcc.a(_divmodsi4.o)
 .text.libgcc.fmul
                0x0000000000003ed8        0x0 /usr/lib/gcc/avr/4.8.2/avr5/libgcc.a(_divmodsi4.o)
 .text.libgcc.fixed
                0x0000000000003ed8        0x0 /usr/lib/gcc/avr/4.8.2/avr5/libgcc.a(_divmodsi4.o)
 .text.libgcc.mul
                0x0000000000003ed8        0x0 /usr/lib/gcc/avr/4.8.2/avr5/libgcc.a(_negsi2.o)
 .text.libgcc.div
                0x0000000000003ed8       0x10 /usr/lib/gcc/avr/4.8.2/avr5/libgcc.a(_negsi2.o)
                0x0000000000003ed8                __negsi2
 .text.libgcc   0x0000000000003ee8        0x0 /usr/lib/gcc/avr/4.8.2/avr5/libgcc.a(_negsi2.o)
 .text.libgcc.prologue
                0x0000000000003ee8        0x0 /usr/lib/gcc/avr/4.8.2/avr5/libgcc.a(_negsi2.o)
 .text.libgcc.builtins
                0x0000000000003ee8        0x0 /usr/lib/gcc/avr/4.8.2/avr5/libgcc.a(_negsi2.o)
 .text.libgcc.fmul
                0x0000000000003ee8        0x0 /usr/lib/gcc/avr/4.8.2/avr5/libgcc.a(_negsi2.o)
 .text.libgcc.fixed
                0x0000000000003ee8        0x0 /usr/lib/gcc/avr/4.8.2/avr5/libgcc.a(_negsi2.o)
 .text.libgcc.mul
                0x0000000000003ee8        0x0 /usr/lib/gcc/avr/4.8.2/avr5/libgcc.a(_prologue.o)
 .text.libgcc.div
                0x0000000000003ee8        0x0 /usr/lib/gcc/avr/4.8.2/avr5/libgcc.a(_prologue.o)
 .text.libgcc   0x0000000000003ee8        0x0 /usr/lib/gcc/avr/4.8.2/avr5/libgcc.a(_prologue.o)
 .text.libgcc.prologue
                0x0000000000003ee8       0x38 /usr/lib/gcc/avr/4.8.2/avr5/libgcc.a(_prologue.o)
                0x0000000000003ee8                __prologue_saves__
 .text.libgcc.builtins
                0x0000000000003f20        0x0 /usr/lib/gcc/avr/4.8.2/avr5/libgcc.a(_prologue.o)
 .text.libgcc.fmul
                0x0000000000003f20        0x0 /usr/lib/gcc/avr/4.8.2/avr5/libgcc.a(_prologue.o)
 .text.libgcc.fixed
                0x0000000000003f20        0x0 /usr/lib/gcc/avr/4.8.2/avr5/libgcc.a(_prologue.o)
 .text.libgcc.mul
                0x0000000000003f20        0x0 /usr/lib/gcc/avr/4.8.2/avr5/libgcc.a(_epilogue.o)
 .text.libgcc.div
                0x0000000000003f20        0x0 /usr/lib/gcc/avr/4.8.2/avr5/libgcc.a(_epilogue.o)
 .text.libgcc   0x0000000000003f20        0x0 /usr/lib/gcc/avr/4.8.2/avr5/libgcc.a(_epilogue.o)
 .text.libgcc.prologue
                0x0000000000003f20       0x36 /usr/lib/gcc/avr/4.8.2/avr5/libgcc.a(_epilogue.o)
                0x0000000000003f20                __epilogue_restores__
 .text.libgcc.builtins
                0x0000000000003f56        0x0 /usr/lib/gcc/avr/4.8.2/avr5/libgcc.a(_epilogue.o)
 .text.libgcc.fmul
                0x0000000000003f56        0x0 /usr/lib/gcc/avr/4.8.2/avr5/libgcc.a(_epilogue.o)
 .text.libgcc.fixed
                0x0000000000003f56        0x0 /usr/lib/gcc/avr/4.8.2/avr5/libgcc.a(_epilogue.o)
 .text.libgcc.mul
                0x0000000000003f56        0x0 /usr/lib/gcc/avr/4.8.2/avr5/libgcc.a(_exit.o)
 .text.libgcc.div
                0x0000000000003f56        0x0 /usr/lib/gcc/avr/4.8.2/avr5/libgcc.a(_exit.o)
 .text.libgcc   0x0000000000003f56        0x0 /usr/lib/gcc/avr/4.8.2/avr5/libgcc.a(_exit.o)
 .text.libgcc.prologue
                0x0000000000003f56        0x0 /usr/lib/gcc/avr/4.8.2/avr5/libgcc.a(_exit.o)
 .text.libgcc.builtins
                0x0000000000003f56        0x0 /usr/lib/gcc/avr/4.8.2/avr5/libgcc.a(_exit.o)
 .text.libgcc.fmul
                0x0000000000003f56        0x0 /usr/lib/gcc/avr/4.8.2/avr5/libgcc.a(_exit.o)
 .text.libgcc.fixed
                0x0000000000003f56        0x0 /usr/lib/gcc/avr/4.8.2/avr5/libgcc.a(_exit.o)
 .text.libgcc.mul
                0x0000000000003f56        0x0 /usr/lib/gcc/avr/4.8.2/avr5/libgcc.a(_clear_bss.o)
 .text.libgcc.div
                0x0000000000003f56        0x0 /usr/lib/gcc/avr/4.8.2/avr5/libgcc.a(_clear_bss.o)
 .text.libgcc   0x0000000000003f56        0x0 /usr/lib/gcc/avr/4.8.2/avr5/libgcc.a(_clear_bss.o)
 .text.libgcc.prologue
                0x0000000000003f56        0x0 /usr/lib/gcc/avr/4.8.2/avr5/libgcc.a(_clear_bss.o)
 .text.libgcc.builtins
                0x0000000000003f56        0x0 /usr/lib/gcc/avr/4.8.2/avr5/libgcc.a(_clear_bss.o)
 .text.libgcc.fmul
                0x0000000000003f56        0x0 /usr/lib/gcc/avr/4.8.2/avr5/libgcc.a(_clear_bss.o)
 .text.libgcc.fixed
                0x0000000000003f56        0x0 /usr/lib/gcc/avr/4.8.2/avr5/libgcc.a(_clear_bss.o)
 .text.avr-libc
                0x0000000000003f56       0x2c /usr/lib/gcc/avr/4.8.2/../../../avr/lib/avr5/libc.a(utoa.o)
                0x0000000000003f56                utoa
 .text.avr-libc
                0x0000000000003f82       0x10 /usr/lib/gcc/avr/4.8.2/../../../avr/lib/avr5/libc.a(eerd_byte_atmega168.o)
                0x0000000000003f82                __eerd_byte_m168
 .text.avr-libc
                0x0000000000003f92       0x1c /usr/lib/gcc/avr/4.8.2/../../../avr/lib/avr5/libc.a(eewr_byte_atmega168.o)
                0x0000000000003f92                __eewr_byte_m168
                0x0000000000003f94                __eewr_r18_m168
 .text.avr-libc
                0x0000000000003fae        0xa /usr/lib/gcc/avr/4.8.2/../../../avr/lib/avr5/libc.a(eewr_word_atmega168.o)
                0x0000000000003fae                __eewr_word_m168
 .text.avr-libc
                0x0000000000003fb8       0x20 /usr/lib/gcc/avr/4.8.2/../../../avr/lib/avr5/libc.a(strrev.o)
                0x0000000000003fb8                strrev
                0x0000000000003fd8                . = ALIGN (0x2)
 *(.fini9)
 .fini9         0x0000000000003fd8        0x0 /usr/lib/gcc/avr/4.8.2/avr5/libgcc.a(_exit.o)
                0x0000000000003fd8                exit
                0x0000000000003fd8                _exit
 *(.fini9)
 *(.fini8)
 *(.fini8)
 *(.fini7)
 *(.fini7)
 *(.fini6)
 *(.fini6)
 *(.fini5)
 *(.fini5)
 *(.fini4)
 *(.fini4)
 *(.fini3)
 *(.fini3)
 *(.fini2)
 *(.fini2)
 *(.fini1)
 *(.fini1)
 *(.fini0)
 .fini0         0x0000000000003fd8        0x4 /usr/lib/gcc/avr/4.8.2/avr5/libgcc.a(_exit.o)
 *(.fini0)
                0x0000000000003fdc                _etext = .

.data           0x0000000000800100        0x0 load address 0x0000000000003fdc
                0x0000000000800100                PROVIDE (__data_start, .)
 *(.data)
 .data          0x0000000000800100        0x0 /usr/lib/gcc/avr/4.8.2/../../../avr/lib/avr5/crtm168.o
 .data          0x0000000000800100        0x0 lcd_hw_4_bit.o
 .data          0x0000000000800100        0x0 lcd-routines.o
 .data          0x0000000000800100        0x0 i2lcd.o
 .data          0x0000000000800100        0x0 PinLayout.o
 .data          0x0000000000800100        0x0 RvalOut.o
 .data          0x0000000000800100        0x0 UfAusgabe.o
 .data          0x0000000000800100        0x0 DisplayValue.o
 .data          0x0000000000800100        0x0 swuart.o
 .data          0x0000000000800100        0x0 wait1000ms.o
 .data          0x0000000000800100        0x0 sleep_5ms.o
 .data          0x0000000000800100        0x0 ReadADC.o
 .data          0x0000000000800100        0x0 wait_for_key_ms.o
 .data          0x0000000000800100        0x0 RefVoltage.o
 .data          0x0000000000800100        0x0 get_log.o
 .data          0x0000000000800100        0x0 main.o
 .data          0x0000000000800100        0x0 Battery_check.o
 .data          0x0000000000800100        0x0 CheckPins.o
 .data          0x0000000000800100        0x0 GetResistance.o
 .data          0x0000000000800100        0x0 ChargePin10ms.o
 .data          0x0000000000800100        0x0 EntladePins.o
 .data          0x0000000000800100        0x0 ReadCapacity.o
 .data          0x0000000000800100        0x0 GetRLmultip.o
 .data          0x0000000000800100        0x0 Calibrate_UR.o
 .data          0x0000000000800100        0x0 ReadInductance.o
 .data          0x0000000000800100        0x0 GetESR.o
 .data          0x0000000000800100        0x0 GetVloss.o
 .data          0x0000000000800100        0x0 GetFrequency.o
 .data          0x0000000000800100        0x0 function_menu.o
 .data          0x0000000000800100        0x0 message_key_released.o
 .data          0x0000000000800100        0x0 ReadBigCap.o
 .data          0x0000000000800100        0x0 CheckRotaryEncoder.o
 .data          0x0000000000800100        0x0 CalibrationCap.o
 .data          0x0000000000800100        0x0 ShowData.o
 .data          0x0000000000800100        0x0 show_Resis_Cap.o
 .data          0x0000000000800100        0x0 EE_check_init.o
 .data          0x0000000000800100        0x0 /usr/lib/gcc/avr/4.8.2/avr5/libgcc.a(_umulhisi3.o)
 .data          0x0000000000800100        0x0 /usr/lib/gcc/avr/4.8.2/avr5/libgcc.a(_usmulhisi3.o)
 .data          0x0000000000800100        0x0 /usr/lib/gcc/avr/4.8.2/avr5/libgcc.a(_muluhisi3.o)
 .data          0x0000000000800100        0x0 /usr/lib/gcc/avr/4.8.2/avr5/libgcc.a(_mulsi3.o)
 .data          0x0000000000800100        0x0 /usr/lib/gcc/avr/4.8.2/avr5/libgcc.a(_udivmodhi4.o)
 .data          0x0000000000800100        0x0 /usr/lib/gcc/avr/4.8.2/avr5/libgcc.a(_udivmodsi4.o)
 .data          0x0000000000800100        0x0 /usr/lib/gcc/avr/4.8.2/avr5/libgcc.a(_divmodsi4.o)
 .data          0x0000000000800100        0x0 /usr/lib/gcc/avr/4.8.2/avr5/libgcc.a(_negsi2.o)
 .data          0x0000000000800100        0x0 /usr/lib/gcc/avr/4.8.2/avr5/libgcc.a(_prologue.o)
 .data          0x0000000000800100        0x0 /usr/lib/gcc/avr/4.8.2/avr5/libgcc.a(_epilogue.o)
 .data          0x0000000000800100        0x0 /usr/lib/gcc/avr/4.8.2/avr5/libgcc.a(_exit.o)
 .data          0x0000000000800100        0x0 /usr/lib/gcc/avr/4.8.2/avr5/libgcc.a(_clear_bss.o)
 .data          0x0000000000800100        0x0 /usr/lib/gcc/avr/4.8.2/../../../avr/lib/avr5/libc.a(utoa.o)
 .data          0x0000000000800100        0x0 /usr/lib/gcc/avr/4.8.2/../../../avr/lib/avr5/libc.a(eerd_byte_atmega168.o)
 .data          0x0000000000800100        0x0 /usr/lib/gcc/avr/4.8.2/../../../avr/lib/avr5/libc.a(eewr_byte_atmega168.o)
 .data          0x0000000000800100        0x0 /usr/lib/gcc/avr/4.8.2/../../../avr/lib/avr5/libc.a(eewr_word_atmega168.o)
 .data          0x0000000000800100        0x0 /usr/lib/gcc/avr/4.8.2/../../../avr/lib/avr5/libc.a(strrev.o)
 *(.data*)
 *(.rodata)
 *(.rodata*)
 *(.gnu.linkonce.d*)
                0x0000000000800100                . = ALIGN (0x2)
                0x0000000000800100                _edata = .
                0x0000000000800100                PROVIDE (__data_end, .)

.bss            0x0000000000800100       0xae
                0x0000000000800100                PROVIDE (__bss_start, .)
 *(.bss)
 .bss           0x0000000000800100        0x0 /usr/lib/gcc/avr/4.8.2/../../../avr/lib/avr5/crtm168.o
 .bss           0x0000000000800100        0x0 lcd_hw_4_bit.o
 .bss           0x0000000000800100        0x0 lcd-routines.o
 .bss           0x0000000000800100        0x0 i2lcd.o
 .bss           0x0000000000800100        0x0 PinLayout.o
 .bss           0x0000000000800100        0x0 RvalOut.o
 .bss           0x0000000000800100        0x0 UfAusgabe.o
 .bss           0x0000000000800100        0x0 DisplayValue.o
 .bss           0x0000000000800100        0x0 swuart.o
 .bss           0x0000000000800100        0x0 wait1000ms.o
 .bss           0x0000000000800100        0x0 sleep_5ms.o
 .bss           0x0000000000800100        0x0 ReadADC.o
 .bss           0x0000000000800100        0x0 wait_for_key_ms.o
 .bss           0x0000000000800100        0x0 RefVoltage.o
 .bss           0x0000000000800100        0x0 get_log.o
 .bss           0x0000000000800100        0x0 main.o
 .bss           0x0000000000800100        0x0 Battery_check.o
 .bss           0x0000000000800100        0x0 CheckPins.o
 .bss           0x0000000000800100        0x0 GetResistance.o
 .bss           0x0000000000800100        0x0 ChargePin10ms.o
 .bss           0x0000000000800100        0x0 EntladePins.o
 .bss           0x0000000000800100        0x0 ReadCapacity.o
 .bss           0x0000000000800100        0x0 GetRLmultip.o
 .bss           0x0000000000800100        0x0 Calibrate_UR.o
 .bss           0x0000000000800100        0x0 ReadInductance.o
 .bss           0x0000000000800100        0x0 GetESR.o
 .bss           0x0000000000800100        0x0 GetVloss.o
 .bss           0x0000000000800100        0x0 GetFrequency.o
 .bss           0x0000000000800100        0x0 function_menu.o
 .bss           0x0000000000800100        0x0 message_key_released.o
 .bss           0x0000000000800100        0x0 ReadBigCap.o
 .bss           0x0000000000800100        0x0 CheckRotaryEncoder.o
 .bss           0x0000000000800100        0x0 CalibrationCap.o
 .bss           0x0000000000800100        0x0 ShowData.o
 .bss           0x0000000000800100        0x0 show_Resis_Cap.o
 .bss           0x0000000000800100        0x0 EE_check_init.o
 .bss           0x0000000000800100        0x0 /usr/lib/gcc/avr/4.8.2/avr5/libgcc.a(_umulhisi3.o)
 .bss           0x0000000000800100        0x0 /usr/lib/gcc/avr/4.8.2/avr5/libgcc.a(_usmulhisi3.o)
 .bss           0x0000000000800100        0x0 /usr/lib/gcc/avr/4.8.2/avr5/libgcc.a(_muluhisi3.o)
 .bss           0x0000000000800100        0x0 /usr/lib/gcc/avr/4.8.2/avr5/libgcc.a(_mulsi3.o)
 .bss           0x0000000000800100        0x0 /usr/lib/gcc/avr/4.8.2/avr5/libgcc.a(_udivmodhi4.o)
 .bss           0x0000000000800100        0x0 /usr/lib/gcc/avr/4.8.2/avr5/libgcc.a(_udivmodsi4.o)
 .bss           0x0000000000800100        0x0 /usr/lib/gcc/avr/4.8.2/avr5/libgcc.a(_divmodsi4.o)
 .bss           0x0000000000800100        0x0 /usr/lib/gcc/avr/4.8.2/avr5/libgcc.a(_negsi2.o)
 .bss           0x0000000000800100        0x0 /usr/lib/gcc/avr/4.8.2/avr5/libgcc.a(_prologue.o)
 .bss           0x0000000000800100        0x0 /usr/lib/gcc/avr/4.8.2/avr5/libgcc.a(_epilogue.o)
 .bss           0x0000000000800100        0x0 /usr/lib/gcc/avr/4.8.2/avr5/libgcc.a(_exit.o)
 .bss           0x0000000000800100        0x0 /usr/lib/gcc/avr/4.8.2/avr5/libgcc.a(_clear_bss.o)
 .bss           0x0000000000800100        0x0 /usr/lib/gcc/avr/4.8.2/../../../avr/lib/avr5/libc.a(utoa.o)
 .bss           0x0000000000800100        0x0 /usr/lib/gcc/avr/4.8.2/../../../avr/lib/avr5/libc.a(eerd_byte_atmega168.o)
 .bss           0x0000000000800100        0x0 /usr/lib/gcc/avr/4.8.2/../../../avr/lib/avr5/libc.a(eewr_byte_atmega168.o)
 .bss           0x0000000000800100        0x0 /usr/lib/gcc/avr/4.8.2/../../../avr/lib/avr5/libc.a(eewr_word_atmega168.o)
 .bss           0x0000000000800100        0x0 /usr/lib/gcc/avr/4.8.2/../../../avr/lib/avr5/libc.a(strrev.o)
 *(.bss*)
 *(COMMON)
 COMMON         0x0000000000800100        0xf lcd-routines.o
                0x0000000000800100                last_text_column
                0x0000000000800101                inductor_lpre
                0x0000000000800102                last_text_line
                0x0000000000800103                _lcd_column
                0x0000000000800104                cell_mv
                0x000000000080010a                inductor_lx
                0x000000000080010e                lcd_text_line
 COMMON         0x000000000080010f       0x9f main.o
                0x000000000080010f                diode_sequence
                0x0000000000800110                display_time
                0x0000000000800112                resis680mi
                0x0000000000800114                ref_mv_offs
                0x0000000000800116                NumOfDiodes
                0x0000000000800117                PartMode
                0x0000000000800118                PartFound
                0x0000000000800119                resis680pl
                0x000000000080011b                tmpval
                0x000000000080011c                mess_count
                0x000000000080011d                outval
                0x0000000000800127                ADCconfig
                0x000000000080012d                pin_rpl
                0x000000000080012f                ref_mv
                0x0000000000800131                DC_Pwr_mode
                0x0000000000800132                OutBuffer
                0x000000000080013c                tmpval2
                0x000000000080013d                UnCalibrated
                0x000000000080013e                pin_rmi
                0x0000000000800140                WithReference
                0x0000000000800141                _trans
                0x0000000000800143                last_line_used
                0x0000000000800144                ntrans
                0x0000000000800154                empty_count
                0x0000000000800155                pin_combination
                0x0000000000800156                ovcnt16
                0x0000000000800158                ResistorChecked
                0x000000000080015b                ResistorList
                0x000000000080015e                ptrans
                0x000000000080016e                adc_internal_reference
                0x0000000000800170                ResistorsFound
                0x0000000000800171                unfinished
                0x0000000000800172                RHmultip
                0x0000000000800174                cap
                0x0000000000800188                load_diff
                0x000000000080018a                diodes
                0x00000000008001a2                ResistorVal
                0x00000000008001ae                PROVIDE (__bss_end, .)
                0x0000000000003fdc                __data_load_start = LOADADDR (.data)
                0x0000000000003fdc                __data_load_end = (__data_load_start + SIZEOF (.data))

.noinit         0x00000000008001ae        0x0
                0x00000000008001ae                PROVIDE (__noinit_start, .)
 *(.noinit*)
                0x00000000008001ae                PROVIDE (__noinit_end, .)
                0x00000000008001ae                _end = .
                0x00000000008001ae                PROVIDE (__heap_start, .)

.eeprom         0x0000000000810000      0x1c6
 *(.eeprom*)
 .eeprom        0x0000000000810000      0x1c6 main.o
                0x0000000000810000                PrefixTab
                0x0000000000810007                ResIcon2
                0x000000000081000f                ResIcon1
                0x0000000000810017                DiodeIcon2
                0x000000000081001f                DiodeIcon1
                0x0000000000810027                CapIcon
                0x000000000081002f                T50HZ
                0x0000000000810035                C0_str
                0x0000000000810039                RILO
                0x0000000000810040                RIHI
                0x0000000000810047                Inductor_str
                0x000000000081004c                Resistor_str
                0x0000000000810051                Dioden
                0x0000000000810056                KatAn
                0x000000000081005a                AnKat
                0x000000000081005e                Ir_str
                0x0000000000810064                Lis_str
                0x0000000000810067                VLOSS_str
                0x000000000081006f                ESR_str
                0x0000000000810075                VCC_str
                0x000000000081007a                Cell_str
                0x0000000000810080                CapZeich
                0x0000000000810084                Vgs_str
                0x0000000000810089                vt_str
                0x000000000081008e                Uf_str
                0x0000000000810092                Ube_str
                0x0000000000810097                N123_str
                0x000000000081009d                PNP_str
                0x00000000008100a1                NPN_str
                0x00000000008100a5                Cap_str
                0x00000000008100a8                GateCap_str
                0x00000000008100ab                hfe_str
                0x00000000008100ae                igbt_str
                0x00000000008100b4                jfet_str
                0x00000000008100b9                mosfet_str
                0x00000000008100be                DC_Pwr_Mode_str
                0x00000000008100ca                OK_str
                0x00000000008100cd                Bat_str
                0x00000000008100d3                ATE
                0x00000000008100dc                RELPROBE
                0x00000000008100ec                SELFTEST
                0x00000000008100fc                TestTimedOut
                0x0000000000810105                OrBroken
                0x0000000000810111                TestFailed1
                0x0000000000810121                Unknown
                0x000000000081012a                Thyristor
                0x0000000000810133                Triac
                0x0000000000810139                Bauteil
                0x000000000081013e                TestFailed2
                0x0000000000810147                BatEmpty
                0x000000000081014e                BatWeak
                0x0000000000810153                TestRunning
                0x000000000081015e                RLtab
                0x00000000008101b8                EE_ESR_ZEROtab
                0x00000000008101bc                c_zero_tab
                0x00000000008101c3                ref_offset
                0x00000000008101c5                RefDiff
                0x00000000008101c6                __eeprom_end = .

.fuse
 *(.fuse)
 *(.lfuse)
 *(.hfuse)
 *(.efuse)

.lock
 *(.lock*)

.signature
 *(.signature*)

.user_signatures
 *(.user_signatures*)

.stab           0x0000000000000000      0xa98
 *(.stab)
 .stab          0x0000000000000000      0x6cc /usr/lib/gcc/avr/4.8.2/../../../avr/lib/avr5/crtm168.o
 .stab          0x00000000000006cc      0x12c /usr/lib/gcc/avr/4.8.2/../../../avr/lib/avr5/libc.a(utoa.o)
                                        0x138 (size before relaxing)
 .stab          0x00000000000007f8       0x90 /usr/lib/gcc/avr/4.8.2/../../../avr/lib/avr5/libc.a(eerd_byte_atmega168.o)
                                         0x9c (size before relaxing)
 .stab          0x0000000000000888       0xe4 /usr/lib/gcc/avr/4.8.2/../../../avr/lib/avr5/libc.a(eewr_byte_atmega168.o)
                                         0xf0 (size before relaxing)
 .stab          0x000000000000096c       0x54 /usr/lib/gcc/avr/4.8.2/../../../avr/lib/avr5/libc.a(eewr_word_atmega168.o)
                                         0x60 (size before relaxing)
 .stab          0x00000000000009c0       0xd8 /usr/lib/gcc/avr/4.8.2/../../../avr/lib/avr5/libc.a(strrev.o)
                                         0xe4 (size before relaxing)

.stabstr        0x0000000000000000      0x141
 *(.stabstr)
 .stabstr       0x0000000000000000      0x141 /usr/lib/gcc/avr/4.8.2/../../../avr/lib/avr5/crtm168.o

.stab.excl
 *(.stab.excl)

.stab.exclstr
 *(.stab.exclstr)

.stab.index
 *(.stab.index)

.stab.indexstr
 *(.stab.indexstr)

.comment        0x0000000000000000       0x11
 *(.comment)
 .comment       0x0000000000000000       0x11 lcd-routines.o
                                         0x12 (size before relaxing)
 .comment       0x0000000000000000       0x12 DisplayValue.o
 .comment       0x0000000000000000       0x12 main.o
 .comment       0x0000000000000000       0x12 Battery_check.o
 .comment       0x0000000000000000       0x12 CheckPins.o
 .comment       0x0000000000000000       0x12 GetResistance.o
 .comment       0x0000000000000000       0x12 ChargePin10ms.o
 .comment       0x0000000000000000       0x12 EntladePins.o
 .comment       0x0000000000000000       0x12 ReadCapacity.o
 .comment       0x0000000000000000       0x12 Calibrate_UR.o
 .comment       0x0000000000000000       0x12 ReadInductance.o
 .comment       0x0000000000000000       0x12 GetVloss.o
 .comment       0x0000000000000000       0x12 GetFrequency.o
 .comment       0x0000000000000000       0x12 function_menu.o
 .comment       0x0000000000000000       0x12 message_key_released.o
 .comment       0x0000000000000000       0x12 ReadBigCap.o
 .comment       0x0000000000000000       0x12 CheckRotaryEncoder.o
 .comment       0x0000000000000000       0x12 CalibrationCap.o
 .comment       0x0000000000000000       0x12 ShowData.o
 .comment       0x0000000000000000       0x12 show_Resis_Cap.o
 .comment       0x0000000000000000       0x12 EE_check_init.o

.debug
 *(.debug)

.line
 *(.line)

.debug_srcinfo
 *(.debug_srcinfo)

.debug_sfnames
 *(.debug_sfnames)

.debug_aranges  0x0000000000000000      0x430
 *(.debug_aranges)
 .debug_aranges
                0x0000000000000000       0x20 lcd_hw_4_bit.o
 .debug_aranges
                0x0000000000000020       0x20 lcd-routines.o
 .debug_aranges
                0x0000000000000040       0x20 i2lcd.o
 .debug_aranges
                0x0000000000000060       0x20 PinLayout.o
 .debug_aranges
                0x0000000000000080       0x20 RvalOut.o
 .debug_aranges
                0x00000000000000a0       0x20 UfAusgabe.o
 .debug_aranges
                0x00000000000000c0       0x20 DisplayValue.o
 .debug_aranges
                0x00000000000000e0       0x20 swuart.o
 .debug_aranges
                0x0000000000000100       0x20 wait1000ms.o
 .debug_aranges
                0x0000000000000120       0x20 sleep_5ms.o
 .debug_aranges
                0x0000000000000140       0x20 ReadADC.o
 .debug_aranges
                0x0000000000000160       0x20 wait_for_key_ms.o
 .debug_aranges
                0x0000000000000180       0x20 RefVoltage.o
 .debug_aranges
                0x00000000000001a0       0x20 get_log.o
 .debug_aranges
                0x00000000000001c0       0x28 main.o
 .debug_aranges
                0x00000000000001e8       0x20 Battery_check.o
 .debug_aranges
                0x0000000000000208       0x20 CheckPins.o
 .debug_aranges
                0x0000000000000228       0x20 GetResistance.o
 .debug_aranges
                0x0000000000000248       0x20 ChargePin10ms.o
 .debug_aranges
                0x0000000000000268       0x20 EntladePins.o
 .debug_aranges
                0x0000000000000288       0x20 ReadCapacity.o
 .debug_aranges
                0x00000000000002a8       0x20 GetRLmultip.o
 .debug_aranges
                0x00000000000002c8       0x20 Calibrate_UR.o
 .debug_aranges
                0x00000000000002e8       0x20 ReadInductance.o
 .debug_aranges
                0x0000000000000308       0x20 GetESR.o
 .debug_aranges
                0x0000000000000328       0x20 GetVloss.o
 .debug_aranges
                0x0000000000000348       0x18 GetFrequency.o
 .debug_aranges
                0x0000000000000360       0x18 function_menu.o
 .debug_aranges
                0x0000000000000378       0x18 message_key_released.o
 .debug_aranges
                0x0000000000000390       0x18 ReadBigCap.o
 .debug_aranges
                0x00000000000003a8       0x18 CheckRotaryEncoder.o
 .debug_aranges
                0x00000000000003c0       0x18 CalibrationCap.o
 .debug_aranges
                0x00000000000003d8       0x18 ShowData.o
 .debug_aranges
                0x00000000000003f0       0x20 show_Resis_Cap.o
 .debug_aranges
                0x0000000000000410       0x20 EE_check_init.o

.debug_pubnames
 *(.debug_pubnames)

.debug_info     0x0000000000000000     0x6b8b
 *(.debug_info)
 .debug_info    0x0000000000000000       0x7d lcd_hw_4_bit.o
 .debug_info    0x000000000000007d      0x9ed lcd-routines.o
 .debug_info    0x0000000000000a6a       0x76 i2lcd.o
 .debug_info    0x0000000000000ae0       0x7a PinLayout.o
 .debug_info    0x0000000000000b5a       0x78 RvalOut.o
 .debug_info    0x0000000000000bd2       0x7a UfAusgabe.o
 .debug_info    0x0000000000000c4c      0x2e8 DisplayValue.o
 .debug_info    0x0000000000000f34       0x77 swuart.o
 .debug_info    0x0000000000000fab       0x7b wait1000ms.o
 .debug_info    0x0000000000001026       0x7a sleep_5ms.o
 .debug_info    0x00000000000010a0       0x78 ReadADC.o
 .debug_info    0x0000000000001118       0x80 wait_for_key_ms.o
 .debug_info    0x0000000000001198       0x7b RefVoltage.o
 .debug_info    0x0000000000001213       0x78 get_log.o
 .debug_info    0x000000000000128b     0x29eb main.o
 .debug_info    0x0000000000003c76      0x297 Battery_check.o
 .debug_info    0x0000000000003f0d      0xb70 CheckPins.o
 .debug_info    0x0000000000004a7d      0x547 GetResistance.o
 .debug_info    0x0000000000004fc4      0x119 ChargePin10ms.o
 .debug_info    0x00000000000050dd      0x1f2 EntladePins.o
 .debug_info    0x00000000000052cf      0x607 ReadCapacity.o
 .debug_info    0x00000000000058d6       0x7c GetRLmultip.o
 .debug_info    0x0000000000005952      0x2c2 Calibrate_UR.o
 .debug_info    0x0000000000005c14      0x4cd ReadInductance.o
 .debug_info    0x00000000000060e1       0x77 GetESR.o
 .debug_info    0x0000000000006158      0x35d GetVloss.o
 .debug_info    0x00000000000064b5       0xae GetFrequency.o
 .debug_info    0x0000000000006563       0xae function_menu.o
 .debug_info    0x0000000000006611       0xae message_key_released.o
 .debug_info    0x00000000000066bf       0xae ReadBigCap.o
 .debug_info    0x000000000000676d       0xae CheckRotaryEncoder.o
 .debug_info    0x000000000000681b       0xae CalibrationCap.o
 .debug_info    0x00000000000068c9       0xae ShowData.o
 .debug_info    0x0000000000006977      0x148 show_Resis_Cap.o
 .debug_info    0x0000000000006abf       0xcc EE_check_init.o
 *(.gnu.linkonce.wi.*)

.debug_abbrev   0x0000000000000000     0x1819
 *(.debug_abbrev)
 .debug_abbrev  0x0000000000000000       0x14 lcd_hw_4_bit.o
 .debug_abbrev  0x0000000000000014      0x27e lcd-routines.o
 .debug_abbrev  0x0000000000000292       0x14 i2lcd.o
 .debug_abbrev  0x00000000000002a6       0x14 PinLayout.o
 .debug_abbrev  0x00000000000002ba       0x14 RvalOut.o
 .debug_abbrev  0x00000000000002ce       0x14 UfAusgabe.o
 .debug_abbrev  0x00000000000002e2      0x143 DisplayValue.o
 .debug_abbrev  0x0000000000000425       0x14 swuart.o
 .debug_abbrev  0x0000000000000439       0x14 wait1000ms.o
 .debug_abbrev  0x000000000000044d       0x14 sleep_5ms.o
 .debug_abbrev  0x0000000000000461       0x14 ReadADC.o
 .debug_abbrev  0x0000000000000475       0x14 wait_for_key_ms.o
 .debug_abbrev  0x0000000000000489       0x14 RefVoltage.o
 .debug_abbrev  0x000000000000049d       0x14 get_log.o
 .debug_abbrev  0x00000000000004b1      0x381 main.o
 .debug_abbrev  0x0000000000000832      0x12f Battery_check.o
 .debug_abbrev  0x0000000000000961      0x1b9 CheckPins.o
 .debug_abbrev  0x0000000000000b1a      0x18c GetResistance.o
 .debug_abbrev  0x0000000000000ca6       0xb2 ChargePin10ms.o
 .debug_abbrev  0x0000000000000d58       0xe5 EntladePins.o
 .debug_abbrev  0x0000000000000e3d      0x1e9 ReadCapacity.o
 .debug_abbrev  0x0000000000001026       0x14 GetRLmultip.o
 .debug_abbrev  0x000000000000103a      0x12a Calibrate_UR.o
 .debug_abbrev  0x0000000000001164      0x18e ReadInductance.o
 .debug_abbrev  0x00000000000012f2       0x14 GetESR.o
 .debug_abbrev  0x0000000000001306      0x16a GetVloss.o
 .debug_abbrev  0x0000000000001470       0x56 GetFrequency.o
 .debug_abbrev  0x00000000000014c6       0x56 function_menu.o
 .debug_abbrev  0x000000000000151c       0x56 message_key_released.o
 .debug_abbrev  0x0000000000001572       0x56 ReadBigCap.o
 .debug_abbrev  0x00000000000015c8       0x56 CheckRotaryEncoder.o
 .debug_abbrev  0x000000000000161e       0x56 CalibrationCap.o
 .debug_abbrev  0x0000000000001674       0x56 ShowData.o
 .debug_abbrev  0x00000000000016ca       0xdd show_Resis_Cap.o
 .debug_abbrev  0x00000000000017a7       0x72 EE_check_init.o

.debug_line     0x0000000000000000     0x1d95
 *(.debug_line)
 .debug_line    0x0000000000000000       0x6c lcd_hw_4_bit.o
 .debug_line    0x000000000000006c      0x195 lcd-routines.o
 .debug_line    0x0000000000000201       0x48 i2lcd.o
 .debug_line    0x0000000000000249       0x6c PinLayout.o
 .debug_line    0x00000000000002b5       0x5c RvalOut.o
 .debug_line    0x0000000000000311       0x80 UfAusgabe.o
 .debug_line    0x0000000000000391      0x12d DisplayValue.o
 .debug_line    0x00000000000004be       0x39 swuart.o
 .debug_line    0x00000000000004f7       0x64 wait1000ms.o
 .debug_line    0x000000000000055b       0x60 sleep_5ms.o
 .debug_line    0x00000000000005bb       0x88 ReadADC.o
 .debug_line    0x0000000000000643       0x82 wait_for_key_ms.o
 .debug_line    0x00000000000006c5       0x83 RefVoltage.o
 .debug_line    0x0000000000000748       0x54 get_log.o
 .debug_line    0x000000000000079c      0x440 main.o
 .debug_line    0x0000000000000bdc       0xd1 Battery_check.o
 .debug_line    0x0000000000000cad      0x2af CheckPins.o
 .debug_line    0x0000000000000f5c      0x130 GetResistance.o
 .debug_line    0x000000000000108c       0x99 ChargePin10ms.o
 .debug_line    0x0000000000001125       0xf4 EntladePins.o
 .debug_line    0x0000000000001219      0x1f7 ReadCapacity.o
 .debug_line    0x0000000000001410       0x76 GetRLmultip.o
 .debug_line    0x0000000000001486       0xd4 Calibrate_UR.o
 .debug_line    0x000000000000155a      0x18e ReadInductance.o
 .debug_line    0x00000000000016e8      0x1d4 GetESR.o
 .debug_line    0x00000000000018bc      0x116 GetVloss.o
 .debug_line    0x00000000000019d2       0x5f GetFrequency.o
 .debug_line    0x0000000000001a31       0x5f function_menu.o
 .debug_line    0x0000000000001a90       0x5f message_key_released.o
 .debug_line    0x0000000000001aef       0x5f ReadBigCap.o
 .debug_line    0x0000000000001b4e       0x5f CheckRotaryEncoder.o
 .debug_line    0x0000000000001bad       0x5f CalibrationCap.o
 .debug_line    0x0000000000001c0c       0x5f ShowData.o
 .debug_line    0x0000000000001c6b       0xab show_Resis_Cap.o
 .debug_line    0x0000000000001d16       0x7f EE_check_init.o

.debug_frame    0x0000000000000000      0x660
 *(.debug_frame)
 .debug_frame   0x0000000000000000      0x1ec lcd-routines.o
 .debug_frame   0x00000000000001ec       0x58 DisplayValue.o
 .debug_frame   0x0000000000000244      0x124 main.o
 .debug_frame   0x0000000000000368       0x38 Battery_check.o
 .debug_frame   0x00000000000003a0       0x4c CheckPins.o
 .debug_frame   0x00000000000003ec       0x48 GetResistance.o
 .debug_frame   0x0000000000000434       0x2c ChargePin10ms.o
 .debug_frame   0x0000000000000460       0x3c EntladePins.o
 .debug_frame   0x000000000000049c       0xb0 ReadCapacity.o
 .debug_frame   0x000000000000054c       0x40 Calibrate_UR.o
 .debug_frame   0x000000000000058c       0x4c ReadInductance.o
 .debug_frame   0x00000000000005d8       0x40 GetVloss.o
 .debug_frame   0x0000000000000618       0x24 show_Resis_Cap.o
 .debug_frame   0x000000000000063c       0x24 EE_check_init.o

.debug_str      0x0000000000000000      0xecc
 *(.debug_str)
 .debug_str     0x0000000000000000      0x3a4 lcd-routines.o
                                        0x3f3 (size before relaxing)
 .debug_str     0x00000000000003a4       0x6c DisplayValue.o
                                        0x212 (size before relaxing)
 .debug_str     0x0000000000000410      0x662 main.o
                                        0x9be (size before relaxing)
 .debug_str     0x0000000000000a72       0x33 Battery_check.o
                                        0x227 (size before relaxing)
 .debug_str     0x0000000000000aa5      0x119 CheckPins.o
                                        0x3ac (size before relaxing)
 .debug_str     0x0000000000000bbe       0x33 GetResistance.o
                                        0x30b (size before relaxing)
 .debug_str     0x0000000000000bf1       0x2f ChargePin10ms.o
                                        0x1b2 (size before relaxing)
 .debug_str     0x0000000000000c20       0x29 EntladePins.o
                                        0x1d9 (size before relaxing)
 .debug_str     0x0000000000000c49       0xd3 ReadCapacity.o
                                        0x3bd (size before relaxing)
 .debug_str     0x0000000000000d1c       0x35 Calibrate_UR.o
                                        0x247 (size before relaxing)
 .debug_str     0x0000000000000d51       0x92 ReadInductance.o
                                        0x31a (size before relaxing)
 .debug_str     0x0000000000000de3       0x20 GetVloss.o
                                        0x260 (size before relaxing)
 .debug_str     0x0000000000000e03       0x12 GetFrequency.o
                                        0x175 (size before relaxing)
 .debug_str     0x0000000000000e15       0x13 function_menu.o
                                        0x176 (size before relaxing)
 .debug_str     0x0000000000000e28       0x1a message_key_released.o
                                        0x17d (size before relaxing)
 .debug_str     0x0000000000000e42       0x10 ReadBigCap.o
                                        0x173 (size before relaxing)
 .debug_str     0x0000000000000e52       0x18 CheckRotaryEncoder.o
                                        0x17b (size before relaxing)
 .debug_str     0x0000000000000e6a       0x14 CalibrationCap.o
                                        0x177 (size before relaxing)
 .debug_str     0x0000000000000e7e        0xe ShowData.o
                                        0x171 (size before relaxing)
 .debug_str     0x0000000000000e8c       0x1f show_Resis_Cap.o
                                        0x1b2 (size before relaxing)
 .debug_str     0x0000000000000eab       0x21 EE_check_init.o
                                        0x184 (size before relaxing)

.debug_loc      0x0000000000000000     0x3a5b
 *(.debug_loc)
 .debug_loc     0x0000000000000000      0x43c lcd-routines.o
 .debug_loc     0x000000000000043c      0x255 DisplayValue.o
 .debug_loc     0x0000000000000691      0x7f1 main.o
 .debug_loc     0x0000000000000e82       0x89 Battery_check.o
 .debug_loc     0x0000000000000f0b     0x1679 CheckPins.o
 .debug_loc     0x0000000000002584      0x7e6 GetResistance.o
 .debug_loc     0x0000000000002d6a       0x72 ChargePin10ms.o
 .debug_loc     0x0000000000002ddc      0x19f EntladePins.o
 .debug_loc     0x0000000000002f7b      0x39f ReadCapacity.o
 .debug_loc     0x000000000000331a       0x88 Calibrate_UR.o
 .debug_loc     0x00000000000033a2      0x45d ReadInductance.o
 .debug_loc     0x00000000000037ff      0x23b GetVloss.o
 .debug_loc     0x0000000000003a3a       0x21 show_Resis_Cap.o

.debug_macinfo
 *(.debug_macinfo)

.debug_pubtypes
 *(.debug_pubtypes)

.debug_ranges   0x0000000000000000       0x18
 *(.debug_ranges)
 .debug_ranges  0x0000000000000000       0x18 main.o

.debug_macro
 *(.debug_macro)
OUTPUT(TransistorTester.elf elf32-avr)
LOAD linker stubs
