Archive member included because of file (symbol)

/usr/lib/gcc/avr/4.5.3/avr5/libgcc.a(_mulsi3.o)
                              main.o (__mulsi3)
/usr/lib/gcc/avr/4.5.3/avr5/libgcc.a(_udivmodqi4.o)
                              main.o (__udivmodqi4)
/usr/lib/gcc/avr/4.5.3/avr5/libgcc.a(_udivmodhi4.o)
                              main.o (__udivmodhi4)
/usr/lib/gcc/avr/4.5.3/avr5/libgcc.a(_udivmodsi4.o)
                              main.o (__udivmodsi4)
/usr/lib/gcc/avr/4.5.3/avr5/libgcc.a(_divmodsi4.o)
                              main.o (__divmodsi4)
/usr/lib/gcc/avr/4.5.3/avr5/libgcc.a(_exit.o)
                              /usr/lib/gcc/avr/4.5.3/../../../avr/lib/avr5/crtm328p.o (exit)
/usr/lib/gcc/avr/4.5.3/avr5/libgcc.a(_copy_data.o)
                              main.o (__do_copy_data)
/usr/lib/gcc/avr/4.5.3/avr5/libgcc.a(_clear_bss.o)
                              main.o (__do_clear_bss)
/usr/lib/gcc/avr/4.5.3/../../../avr/lib/avr5/libc.a(itoa.o)
                              main.o (itoa)
/usr/lib/gcc/avr/4.5.3/../../../avr/lib/avr5/libc.a(utoa.o)
                              main.o (utoa)
/usr/lib/gcc/avr/4.5.3/../../../avr/lib/avr5/libc.a(eerd_byte_atmega328p.o)
                              lcd-routines.o (__eerd_byte_m328p)
/usr/lib/gcc/avr/4.5.3/../../../avr/lib/avr5/libc.a(eerd_word_atmega328p.o)
                              main.o (__eerd_word_m328p)
/usr/lib/gcc/avr/4.5.3/../../../avr/lib/avr5/libc.a(eewr_byte_atmega328p.o)
                              main.o (__eewr_byte_m328p)
/usr/lib/gcc/avr/4.5.3/../../../avr/lib/avr5/libc.a(eewr_word_atmega328p.o)
                              main.o (__eewr_word_m328p)
/usr/lib/gcc/avr/4.5.3/../../../avr/lib/avr5/libc.a(strrev.o)
                              /usr/lib/gcc/avr/4.5.3/../../../avr/lib/avr5/libc.a(itoa.o) (strrev)
/usr/lib/gcc/avr/4.5.3/../../../avr/lib/avr5/libc.a(eerd_block_atmega328p.o)
                              /usr/lib/gcc/avr/4.5.3/../../../avr/lib/avr5/libc.a(eerd_word_atmega328p.o) (__eerd_blraw_m328p)

Allocating common symbols
Common symbol       size              file

display_time        0x2               main.o
resis680mi          0x2               main.o
PartReady           0x1               main.o
NumOfDiodes         0x1               main.o
PartMode            0x1               main.o
PartFound           0x1               main.o
cb                  0x1               main.o
resis680pl          0x2               main.o
tmpval              0x1               main.o
mess_count          0x1               main.o
outval              0xc               main.o
resis               0x21              main.o
ADCconfig           0x6               main.o
ref_mv              0x2               main.o
tmpval2             0x1               main.o
WithReference       0x1               main.o
empty_count         0x1               main.o
ii                  0x1               main.o
pin_combination     0x1               main.o
cpre                0x1               main.o
trans               0xf               main.o
ResistorsFound      0x1               main.o
cval_uncorrected    0x4               main.o
gthvoltage          0x2               main.o
ca                  0x1               main.o
load_diff           0x2               main.o
diodes              0x18              main.o
cval                0x4               main.o

Memory Configuration

Name             Origin             Length             Attributes
text             0x0000000000000000 0x0000000000020000 xr
data             0x0000000000800060 0x000000000000ffa0 rw !x
eeprom           0x0000000000810000 0x0000000000010000 rw !x
fuse             0x0000000000820000 0x0000000000000400 rw !x
lock             0x0000000000830000 0x0000000000000400 rw !x
signature        0x0000000000840000 0x0000000000000400 rw !x
*default*        0x0000000000000000 0xffffffffffffffff

Linker script and memory map

Address of section .data set to 0x800100
LOAD /usr/lib/gcc/avr/4.5.3/../../../avr/lib/avr5/crtm328p.o
LOAD lcd-routines.o
LOAD main.o
LOAD swuart.o
LOAD wait1000ms.o
LOAD CombineToLong.o
LOAD ReadADC.o
LOAD /usr/lib/gcc/avr/4.5.3/avr5/libgcc.a
LOAD /usr/lib/gcc/avr/4.5.3/../../../avr/lib/avr5/libc.a
LOAD /usr/lib/gcc/avr/4.5.3/avr5/libgcc.a

.hash
 *(.hash)

.dynsym
 *(.dynsym)

.dynstr
 *(.dynstr)

.gnu.version
 *(.gnu.version)

.gnu.version_d
 *(.gnu.version_d)

.gnu.version_r
 *(.gnu.version_r)

.rel.init
 *(.rel.init)

.rela.init
 *(.rela.init)

.rel.text
 *(.rel.text)
 *(.rel.text.*)
 *(.rel.gnu.linkonce.t*)

.rela.text
 *(.rela.text)
 *(.rela.text.*)
 *(.rela.gnu.linkonce.t*)

.rel.fini
 *(.rel.fini)

.rela.fini
 *(.rela.fini)

.rel.rodata
 *(.rel.rodata)
 *(.rel.rodata.*)
 *(.rel.gnu.linkonce.r*)

.rela.rodata
 *(.rela.rodata)
 *(.rela.rodata.*)
 *(.rela.gnu.linkonce.r*)

.rel.data
 *(.rel.data)
 *(.rel.data.*)
 *(.rel.gnu.linkonce.d*)

.rela.data
 *(.rela.data)
 *(.rela.data.*)
 *(.rela.gnu.linkonce.d*)

.rel.ctors
 *(.rel.ctors)

.rela.ctors
 *(.rela.ctors)

.rel.dtors
 *(.rel.dtors)

.rela.dtors
 *(.rela.dtors)

.rel.got
 *(.rel.got)

.rela.got
 *(.rela.got)

.rel.bss
 *(.rel.bss)

.rela.bss
 *(.rela.bss)

.rel.plt
 *(.rel.plt)

.rela.plt
 *(.rela.plt)

.text           0x0000000000000000     0x351c
 *(.vectors)
 .vectors       0x0000000000000000       0x68 /usr/lib/gcc/avr/4.5.3/../../../avr/lib/avr5/crtm328p.o
                0x0000000000000000                __vectors
                0x0000000000000000                __vector_default
 *(.vectors)
 *(.progmem.gcc*)
 *(.progmem*)
                0x0000000000000068                . = ALIGN (0x2)
                0x0000000000000068                __trampolines_start = .
 *(.trampolines)
 .trampolines   0x0000000000000068        0x0 linker stubs
 *(.trampolines*)
                0x0000000000000068                __trampolines_end = .
 *(.jumptables)
 *(.jumptables*)
 *(.lowtext)
 *(.lowtext*)
                0x0000000000000068                __ctors_start = .
 *(.ctors)
                0x0000000000000068                __ctors_end = .
                0x0000000000000068                __dtors_start = .
 *(.dtors)
                0x0000000000000068                __dtors_end = .
 SORT(*)(.ctors)
 SORT(*)(.dtors)
 *(.init0)
 .init0         0x0000000000000068        0x0 /usr/lib/gcc/avr/4.5.3/../../../avr/lib/avr5/crtm328p.o
                0x0000000000000068                __init
 *(.init0)
 *(.init1)
 *(.init1)
 *(.init2)
 .init2         0x0000000000000068        0xc /usr/lib/gcc/avr/4.5.3/../../../avr/lib/avr5/crtm328p.o
 *(.init2)
 *(.init3)
 *(.init3)
 *(.init4)
 .init4         0x0000000000000074       0x16 /usr/lib/gcc/avr/4.5.3/avr5/libgcc.a(_copy_data.o)
                0x0000000000000074                __do_copy_data
 .init4         0x000000000000008a       0x10 /usr/lib/gcc/avr/4.5.3/avr5/libgcc.a(_clear_bss.o)
                0x000000000000008a                __do_clear_bss
 *(.init4)
 *(.init5)
 *(.init5)
 *(.init6)
 *(.init6)
 *(.init7)
 *(.init7)
 *(.init8)
 *(.init8)
 *(.init9)
 .init9         0x000000000000009a        0x8 /usr/lib/gcc/avr/4.5.3/../../../avr/lib/avr5/crtm328p.o
 *(.init9)
 *(.text)
 .text          0x00000000000000a2        0x4 /usr/lib/gcc/avr/4.5.3/../../../avr/lib/avr5/crtm328p.o
                0x00000000000000a2                __vector_22
                0x00000000000000a2                __vector_1
                0x00000000000000a2                __vector_24
                0x00000000000000a2                __vector_12
                0x00000000000000a2                __bad_interrupt
                0x00000000000000a2                __vector_6
                0x00000000000000a2                __vector_3
                0x00000000000000a2                __vector_23
                0x00000000000000a2                __vector_25
                0x00000000000000a2                __vector_11
                0x00000000000000a2                __vector_13
                0x00000000000000a2                __vector_17
                0x00000000000000a2                __vector_19
                0x00000000000000a2                __vector_7
                0x00000000000000a2                __vector_5
                0x00000000000000a2                __vector_4
                0x00000000000000a2                __vector_9
                0x00000000000000a2                __vector_2
                0x00000000000000a2                __vector_21
                0x00000000000000a2                __vector_15
                0x00000000000000a2                __vector_8
                0x00000000000000a2                __vector_14
                0x00000000000000a2                __vector_10
                0x00000000000000a2                __vector_16
                0x00000000000000a2                __vector_18
                0x00000000000000a2                __vector_20
 .text          0x00000000000000a6      0x1e4 lcd-routines.o
                0x00000000000000a6                lcd_enable
                0x00000000000000b0                lcd_send
                0x00000000000000f8                lcd_data
                0x0000000000000154                lcd_space
                0x000000000000015c                lcd_testpin
                0x0000000000000164                uart_newline
                0x0000000000000172                lcd_command
                0x000000000000018c                lcd_clear
                0x000000000000019c                lcd_init
                0x00000000000001f2                lcd_string
                0x000000000000021a                lcd_pgm_string
                0x000000000000023a                lcd_fix_string
                0x000000000000025c                lcd_fix_customchar
 .text          0x000000000000028a     0x2f32 main.o
                0x000000000000028a                ChargePin10ms
                0x00000000000002cc                CheckPins
                0x0000000000001048                EntladePins
                0x000000000000117e                ReadInductance
                0x0000000000001636                getRLmultip
                0x00000000000016ba                Scale_C_with_vcc
                0x000000000000175a                ReadCapacity
                0x0000000000001bae                RefVoltage
                0x0000000000001c4e                lcd_clear_line
                0x0000000000001c5e                DisplayValue
                0x0000000000001dca                RvalOut
                0x0000000000001dfe                mVAusgabe
                0x0000000000001e2e                UfAusgabe
                0x0000000000001e56                AutoCheck
                0x0000000000002786                main
 .text          0x00000000000031bc       0x40 swuart.o
                0x00000000000031bc                uart_putc
 .text          0x00000000000031fc       0x4a wait1000ms.o
                0x00000000000031fc                wait5s
                0x00000000000031fe                wait4s
                0x0000000000003200                wait3s
                0x0000000000003202                wait2s
                0x0000000000003204                wait1000ms
                0x0000000000003204                wait1s
                0x0000000000003206                wait500ms
                0x0000000000003208                wait400ms
                0x000000000000320a                wait300ms
                0x000000000000320c                wait200ms
                0x000000000000320e                wait100ms
                0x0000000000003212                wait50ms
                0x0000000000003214                wait40ms
                0x0000000000003216                wait30ms
                0x0000000000003218                wait20ms
                0x000000000000321a                wait10ms
                0x000000000000321c                wait5ms
                0x000000000000321e                wait4ms
                0x0000000000003220                wait3ms
                0x0000000000003222                wait2ms
                0x0000000000003224                wait1ms
                0x0000000000003226                wait500us
                0x0000000000003228                wait400us
                0x000000000000322a                wait300us
                0x000000000000322c                wait200us
                0x000000000000322e                wait100us
                0x0000000000003230                wait50us
                0x0000000000003232                wait40us
                0x0000000000003234                wait30us
                0x0000000000003236                wait20us
                0x0000000000003238                wait10us
                0x000000000000323a                wait5us
                0x000000000000323c                wait4us
                0x000000000000323e                wait3us
                0x0000000000003240                wait2us
                0x0000000000003242                wait1us
 .text          0x0000000000003246        0x4 CombineToLong.o
                0x0000000000003246                CombineBI2Long
                0x0000000000003248                CombineII2Long
 .text          0x000000000000324a       0xe6 ReadADC.o
                0x000000000000324a                W20msReadADC
                0x000000000000324e                W10msReadADC
                0x0000000000003252                W5msReadADC
                0x0000000000003256                ReadADC
 .text          0x0000000000003330        0x0 /usr/lib/gcc/avr/4.5.3/avr5/libgcc.a(_mulsi3.o)
 .text          0x0000000000003330        0x0 /usr/lib/gcc/avr/4.5.3/avr5/libgcc.a(_udivmodqi4.o)
 .text          0x0000000000003330        0x0 /usr/lib/gcc/avr/4.5.3/avr5/libgcc.a(_udivmodhi4.o)
 .text          0x0000000000003330        0x0 /usr/lib/gcc/avr/4.5.3/avr5/libgcc.a(_udivmodsi4.o)
 .text          0x0000000000003330        0x0 /usr/lib/gcc/avr/4.5.3/avr5/libgcc.a(_divmodsi4.o)
 .text          0x0000000000003330        0x0 /usr/lib/gcc/avr/4.5.3/avr5/libgcc.a(_exit.o)
 .text          0x0000000000003330        0x0 /usr/lib/gcc/avr/4.5.3/avr5/libgcc.a(_copy_data.o)
 .text          0x0000000000003330        0x0 /usr/lib/gcc/avr/4.5.3/avr5/libgcc.a(_clear_bss.o)
 .text          0x0000000000003330        0x0 /usr/lib/gcc/avr/4.5.3/../../../avr/lib/avr5/libc.a(itoa.o)
 .text          0x0000000000003330        0x0 /usr/lib/gcc/avr/4.5.3/../../../avr/lib/avr5/libc.a(utoa.o)
 .text          0x0000000000003330        0x0 /usr/lib/gcc/avr/4.5.3/../../../avr/lib/avr5/libc.a(eerd_byte_atmega328p.o)
 .text          0x0000000000003330        0x0 /usr/lib/gcc/avr/4.5.3/../../../avr/lib/avr5/libc.a(eerd_word_atmega328p.o)
 .text          0x0000000000003330        0x0 /usr/lib/gcc/avr/4.5.3/../../../avr/lib/avr5/libc.a(eewr_byte_atmega328p.o)
 .text          0x0000000000003330        0x0 /usr/lib/gcc/avr/4.5.3/../../../avr/lib/avr5/libc.a(eewr_word_atmega328p.o)
 .text          0x0000000000003330        0x0 /usr/lib/gcc/avr/4.5.3/../../../avr/lib/avr5/libc.a(strrev.o)
 .text          0x0000000000003330        0x0 /usr/lib/gcc/avr/4.5.3/../../../avr/lib/avr5/libc.a(eerd_block_atmega328p.o)
                0x0000000000003330                . = ALIGN (0x2)
 *(.text.*)
 .text.libgcc   0x0000000000003330       0x3e /usr/lib/gcc/avr/4.5.3/avr5/libgcc.a(_mulsi3.o)
                0x0000000000003330                __mulsi3
 .text.libgcc   0x000000000000336e       0x18 /usr/lib/gcc/avr/4.5.3/avr5/libgcc.a(_udivmodqi4.o)
                0x000000000000336e                __udivmodqi4
 .text.libgcc   0x0000000000003386       0x28 /usr/lib/gcc/avr/4.5.3/avr5/libgcc.a(_udivmodhi4.o)
                0x0000000000003386                __udivmodhi4
 .text.libgcc   0x00000000000033ae       0x44 /usr/lib/gcc/avr/4.5.3/avr5/libgcc.a(_udivmodsi4.o)
                0x00000000000033ae                __udivmodsi4
 .text.libgcc   0x00000000000033f2       0x36 /usr/lib/gcc/avr/4.5.3/avr5/libgcc.a(_divmodsi4.o)
                0x00000000000033f2                __divmodsi4
 .text.libgcc   0x0000000000003428        0x0 /usr/lib/gcc/avr/4.5.3/avr5/libgcc.a(_exit.o)
 .text.libgcc   0x0000000000003428        0x0 /usr/lib/gcc/avr/4.5.3/avr5/libgcc.a(_copy_data.o)
 .text.libgcc   0x0000000000003428        0x0 /usr/lib/gcc/avr/4.5.3/avr5/libgcc.a(_clear_bss.o)
 .text.avr-libc
                0x0000000000003428       0x42 /usr/lib/gcc/avr/4.5.3/../../../avr/lib/avr5/libc.a(itoa.o)
                0x0000000000003428                itoa
 .text.avr-libc
                0x000000000000346a       0x2c /usr/lib/gcc/avr/4.5.3/../../../avr/lib/avr5/libc.a(utoa.o)
                0x000000000000346a                utoa
 .text.avr-libc
                0x0000000000003496       0x10 /usr/lib/gcc/avr/4.5.3/../../../avr/lib/avr5/libc.a(eerd_byte_atmega328p.o)
                0x0000000000003496                __eerd_byte_m328p
 .text.avr-libc
                0x00000000000034a6        0xc /usr/lib/gcc/avr/4.5.3/../../../avr/lib/avr5/libc.a(eerd_word_atmega328p.o)
                0x00000000000034a6                __eerd_word_m328p
 .text.avr-libc
                0x00000000000034b2       0x1c /usr/lib/gcc/avr/4.5.3/../../../avr/lib/avr5/libc.a(eewr_byte_atmega328p.o)
                0x00000000000034b2                __eewr_byte_m328p
                0x00000000000034b4                __eewr_r18_m328p
 .text.avr-libc
                0x00000000000034ce        0xa /usr/lib/gcc/avr/4.5.3/../../../avr/lib/avr5/libc.a(eewr_word_atmega328p.o)
                0x00000000000034ce                __eewr_word_m328p
 .text.avr-libc
                0x00000000000034d8       0x20 /usr/lib/gcc/avr/4.5.3/../../../avr/lib/avr5/libc.a(strrev.o)
                0x00000000000034d8                strrev
 .text.avr-libc
                0x00000000000034f8       0x20 /usr/lib/gcc/avr/4.5.3/../../../avr/lib/avr5/libc.a(eerd_block_atmega328p.o)
                0x00000000000034f8                __eerd_block_m328p
                0x00000000000034fc                __eerd_blraw_m328p
                0x0000000000003518                . = ALIGN (0x2)
 *(.fini9)
 .fini9         0x0000000000003518        0x0 /usr/lib/gcc/avr/4.5.3/avr5/libgcc.a(_exit.o)
                0x0000000000003518                exit
                0x0000000000003518                _exit
 *(.fini9)
 *(.fini8)
 *(.fini8)
 *(.fini7)
 *(.fini7)
 *(.fini6)
 *(.fini6)
 *(.fini5)
 *(.fini5)
 *(.fini4)
 *(.fini4)
 *(.fini3)
 *(.fini3)
 *(.fini2)
 *(.fini2)
 *(.fini1)
 *(.fini1)
 *(.fini0)
 .fini0         0x0000000000003518        0x4 /usr/lib/gcc/avr/4.5.3/avr5/libgcc.a(_exit.o)
 *(.fini0)
                0x000000000000351c                _etext = .

.data           0x0000000000800100        0x2 load address 0x000000000000351c
                0x0000000000800100                PROVIDE (__data_start, .)
 *(.data)
 .data          0x0000000000800100        0x0 /usr/lib/gcc/avr/4.5.3/../../../avr/lib/avr5/crtm328p.o
 .data          0x0000000000800100        0x0 lcd-routines.o
 .data          0x0000000000800100        0x2 main.o
                0x0000000000800100                RHmultip
 .data          0x0000000000800102        0x0 swuart.o
 .data          0x0000000000800102        0x0 wait1000ms.o
 .data          0x0000000000800102        0x0 CombineToLong.o
 .data          0x0000000000800102        0x0 ReadADC.o
 .data          0x0000000000800102        0x0 /usr/lib/gcc/avr/4.5.3/avr5/libgcc.a(_mulsi3.o)
 .data          0x0000000000800102        0x0 /usr/lib/gcc/avr/4.5.3/avr5/libgcc.a(_udivmodqi4.o)
 .data          0x0000000000800102        0x0 /usr/lib/gcc/avr/4.5.3/avr5/libgcc.a(_udivmodhi4.o)
 .data          0x0000000000800102        0x0 /usr/lib/gcc/avr/4.5.3/avr5/libgcc.a(_udivmodsi4.o)
 .data          0x0000000000800102        0x0 /usr/lib/gcc/avr/4.5.3/avr5/libgcc.a(_divmodsi4.o)
 .data          0x0000000000800102        0x0 /usr/lib/gcc/avr/4.5.3/avr5/libgcc.a(_exit.o)
 .data          0x0000000000800102        0x0 /usr/lib/gcc/avr/4.5.3/avr5/libgcc.a(_copy_data.o)
 .data          0x0000000000800102        0x0 /usr/lib/gcc/avr/4.5.3/avr5/libgcc.a(_clear_bss.o)
 .data          0x0000000000800102        0x0 /usr/lib/gcc/avr/4.5.3/../../../avr/lib/avr5/libc.a(itoa.o)
 .data          0x0000000000800102        0x0 /usr/lib/gcc/avr/4.5.3/../../../avr/lib/avr5/libc.a(utoa.o)
 .data          0x0000000000800102        0x0 /usr/lib/gcc/avr/4.5.3/../../../avr/lib/avr5/libc.a(eerd_byte_atmega328p.o)
 .data          0x0000000000800102        0x0 /usr/lib/gcc/avr/4.5.3/../../../avr/lib/avr5/libc.a(eerd_word_atmega328p.o)
 .data          0x0000000000800102        0x0 /usr/lib/gcc/avr/4.5.3/../../../avr/lib/avr5/libc.a(eewr_byte_atmega328p.o)
 .data          0x0000000000800102        0x0 /usr/lib/gcc/avr/4.5.3/../../../avr/lib/avr5/libc.a(eewr_word_atmega328p.o)
 .data          0x0000000000800102        0x0 /usr/lib/gcc/avr/4.5.3/../../../avr/lib/avr5/libc.a(strrev.o)
 .data          0x0000000000800102        0x0 /usr/lib/gcc/avr/4.5.3/../../../avr/lib/avr5/libc.a(eerd_block_atmega328p.o)
 *(.data*)
 *(.rodata)
 *(.rodata*)
 *(.gnu.linkonce.d*)
                0x0000000000800102                . = ALIGN (0x2)
                0x0000000000800102                _edata = .
                0x0000000000800102                PROVIDE (__data_end, .)

.bss            0x0000000000800102       0x7d
                0x0000000000800102                PROVIDE (__bss_start, .)
 *(.bss)
 .bss           0x0000000000800102        0x0 /usr/lib/gcc/avr/4.5.3/../../../avr/lib/avr5/crtm328p.o
 .bss           0x0000000000800102        0x0 lcd-routines.o
 .bss           0x0000000000800102        0x0 main.o
 .bss           0x0000000000800102        0x0 swuart.o
 .bss           0x0000000000800102        0x0 wait1000ms.o
 .bss           0x0000000000800102        0x0 CombineToLong.o
 .bss           0x0000000000800102        0x0 ReadADC.o
 .bss           0x0000000000800102        0x0 /usr/lib/gcc/avr/4.5.3/avr5/libgcc.a(_mulsi3.o)
 .bss           0x0000000000800102        0x0 /usr/lib/gcc/avr/4.5.3/avr5/libgcc.a(_udivmodqi4.o)
 .bss           0x0000000000800102        0x0 /usr/lib/gcc/avr/4.5.3/avr5/libgcc.a(_udivmodhi4.o)
 .bss           0x0000000000800102        0x0 /usr/lib/gcc/avr/4.5.3/avr5/libgcc.a(_udivmodsi4.o)
 .bss           0x0000000000800102        0x0 /usr/lib/gcc/avr/4.5.3/avr5/libgcc.a(_divmodsi4.o)
 .bss           0x0000000000800102        0x0 /usr/lib/gcc/avr/4.5.3/avr5/libgcc.a(_exit.o)
 .bss           0x0000000000800102        0x0 /usr/lib/gcc/avr/4.5.3/avr5/libgcc.a(_copy_data.o)
 .bss           0x0000000000800102        0x0 /usr/lib/gcc/avr/4.5.3/avr5/libgcc.a(_clear_bss.o)
 .bss           0x0000000000800102        0x0 /usr/lib/gcc/avr/4.5.3/../../../avr/lib/avr5/libc.a(itoa.o)
 .bss           0x0000000000800102        0x0 /usr/lib/gcc/avr/4.5.3/../../../avr/lib/avr5/libc.a(utoa.o)
 .bss           0x0000000000800102        0x0 /usr/lib/gcc/avr/4.5.3/../../../avr/lib/avr5/libc.a(eerd_byte_atmega328p.o)
 .bss           0x0000000000800102        0x0 /usr/lib/gcc/avr/4.5.3/../../../avr/lib/avr5/libc.a(eerd_word_atmega328p.o)
 .bss           0x0000000000800102        0x0 /usr/lib/gcc/avr/4.5.3/../../../avr/lib/avr5/libc.a(eewr_byte_atmega328p.o)
 .bss           0x0000000000800102        0x0 /usr/lib/gcc/avr/4.5.3/../../../avr/lib/avr5/libc.a(eewr_word_atmega328p.o)
 .bss           0x0000000000800102        0x0 /usr/lib/gcc/avr/4.5.3/../../../avr/lib/avr5/libc.a(strrev.o)
 .bss           0x0000000000800102        0x0 /usr/lib/gcc/avr/4.5.3/../../../avr/lib/avr5/libc.a(eerd_block_atmega328p.o)
 *(.bss*)
 *(COMMON)
 COMMON         0x0000000000800102       0x7d main.o
                0x0000000000800102                display_time
                0x0000000000800104                resis680mi
                0x0000000000800106                PartReady
                0x0000000000800107                NumOfDiodes
                0x0000000000800108                PartMode
                0x0000000000800109                PartFound
                0x000000000080010a                cb
                0x000000000080010b                resis680pl
                0x000000000080010d                tmpval
                0x000000000080010e                mess_count
                0x000000000080010f                outval
                0x000000000080011b                resis
                0x000000000080013c                ADCconfig
                0x0000000000800142                ref_mv
                0x0000000000800144                tmpval2
                0x0000000000800145                WithReference
                0x0000000000800146                empty_count
                0x0000000000800147                ii
                0x0000000000800148                pin_combination
                0x0000000000800149                cpre
                0x000000000080014a                trans
                0x0000000000800159                ResistorsFound
                0x000000000080015a                cval_uncorrected
                0x000000000080015e                gthvoltage
                0x0000000000800160                ca
                0x0000000000800161                load_diff
                0x0000000000800163                diodes
                0x000000000080017b                cval
                0x000000000080017f                PROVIDE (__bss_end, .)
                0x000000000000351c                __data_load_start = LOADADDR (.data)
                0x000000000000351e                __data_load_end = (__data_load_start + SIZEOF (.data))

.noinit         0x000000000080017f        0x0
                0x000000000080017f                PROVIDE (__noinit_start, .)
 *(.noinit*)
                0x000000000080017f                PROVIDE (__noinit_end, .)
                0x000000000080017f                _end = .
                0x000000000080017f                PROVIDE (__heap_start, .)

.eeprom         0x0000000000810000      0x266
 *(.eeprom*)
 .eeprom        0x0000000000810000      0x266 main.o
                0x0000000000810000                RLtab
                0x000000000081005a                LogTab
                0x00000000008100b6                RHtab
                0x00000000008100c8                TestRunning
                0x00000000008100d3                BatWeak
                0x00000000008100d8                BatEmpty
                0x00000000008100df                TestFailed2
                0x00000000008100e8                Bauteil
                0x00000000008100ed                Diode
                0x00000000008100f5                GAK
                0x00000000008100fa                Triac
                0x0000000000810100                Thyristor
                0x000000000081010a                Unknown
                0x0000000000810113                TestFailed1
                0x0000000000810123                OrBroken
                0x000000000081012f                TestTimedOut
                0x0000000000810138                SELFTEST
                0x0000000000810148                RELPROBE
                0x0000000000810156                ATE
                0x0000000000810163                Bat
                0x0000000000810169                OK
                0x000000000081016c                mosfet
                0x0000000000810171                jfet
                0x0000000000810176                GateCap
                0x0000000000810179                hfestr
                0x000000000081017c                NPN
                0x0000000000810181                PNP
                0x0000000000810186                ebcstr
                0x000000000081018c                gds
                0x0000000000810192                Uf
                0x0000000000810196                vt
                0x000000000081019b                Vgs_str
                0x00000000008101a1                CapZeich
                0x00000000008101a5                Cell_str
                0x00000000008101ab                AnKat
                0x00000000008101af                KatAn
                0x00000000008101b3                Dioden
                0x00000000008101b8                Resistor_str
                0x00000000008101bd                VERSION
                0x00000000008101cb                URefT
                0x00000000008101d0                RHfakt
                0x00000000008101d5                RH1L
                0x00000000008101d9                RH1H
                0x00000000008101dd                RLRL
                0x00000000008101eb                RHRH
                0x00000000008101f9                RIHI
                0x0000000000810200                RILO
                0x0000000000810207                T50HZ
                0x000000000081020d                MinCap
                0x0000000000810215                REF_Cstr
                0x000000000081021c                REF_Rstr
                0x0000000000810223                DiodeIcon1
                0x000000000081022b                DiodeIcon2
                0x0000000000810233                CapIcon
                0x000000000081023b                ResIcon1
                0x0000000000810243                ResIcon2
                0x000000000081024b                PinRLtab
                0x000000000081024e                PinADCtab
                0x0000000000810251                R680pl
                0x0000000000810253                R680mi
                0x0000000000810255                RefDiff
                0x0000000000810256                PrefixTab
                0x000000000081025d                ref_offset
                0x000000000081025f                c_zero_tab
                0x0000000000810266                __eeprom_end = .

.fuse
 *(.fuse)
 *(.lfuse)
 *(.hfuse)
 *(.efuse)

.lock
 *(.lock*)

.signature
 *(.signature*)

.stab           0x0000000000000000      0xdbc
 *(.stab)
 .stab          0x0000000000000000      0x6cc /usr/lib/gcc/avr/4.5.3/../../../avr/lib/avr5/crtm328p.o
 .stab          0x00000000000006cc      0x1b0 /usr/lib/gcc/avr/4.5.3/../../../avr/lib/avr5/libc.a(itoa.o)
                                        0x1bc (size before relaxing)
 .stab          0x000000000000087c      0x12c /usr/lib/gcc/avr/4.5.3/../../../avr/lib/avr5/libc.a(utoa.o)
                                        0x138 (size before relaxing)
 .stab          0x00000000000009a8       0x90 /usr/lib/gcc/avr/4.5.3/../../../avr/lib/avr5/libc.a(eerd_byte_atmega328p.o)
                                         0x9c (size before relaxing)
 .stab          0x0000000000000a38       0x6c /usr/lib/gcc/avr/4.5.3/../../../avr/lib/avr5/libc.a(eerd_word_atmega328p.o)
                                         0x78 (size before relaxing)
 .stab          0x0000000000000aa4       0xe4 /usr/lib/gcc/avr/4.5.3/../../../avr/lib/avr5/libc.a(eewr_byte_atmega328p.o)
                                         0xf0 (size before relaxing)
 .stab          0x0000000000000b88       0x54 /usr/lib/gcc/avr/4.5.3/../../../avr/lib/avr5/libc.a(eewr_word_atmega328p.o)
                                         0x60 (size before relaxing)
 .stab          0x0000000000000bdc       0xd8 /usr/lib/gcc/avr/4.5.3/../../../avr/lib/avr5/libc.a(strrev.o)
                                         0xe4 (size before relaxing)
 .stab          0x0000000000000cb4      0x108 /usr/lib/gcc/avr/4.5.3/../../../avr/lib/avr5/libc.a(eerd_block_atmega328p.o)
                                        0x114 (size before relaxing)

.stabstr        0x0000000000000000      0x1d2
 *(.stabstr)
 .stabstr       0x0000000000000000      0x1d2 /usr/lib/gcc/avr/4.5.3/../../../avr/lib/avr5/crtm328p.o

.stab.excl
 *(.stab.excl)

.stab.exclstr
 *(.stab.exclstr)

.stab.index
 *(.stab.index)

.stab.indexstr
 *(.stab.indexstr)

.comment
 *(.comment)

.debug
 *(.debug)

.line
 *(.line)

.debug_srcinfo
 *(.debug_srcinfo)

.debug_sfnames
 *(.debug_sfnames)

.debug_aranges  0x0000000000000000       0x40
 *(.debug_aranges)
 .debug_aranges
                0x0000000000000000       0x20 lcd-routines.o
 .debug_aranges
                0x0000000000000020       0x20 main.o

.debug_pubnames
                0x0000000000000000      0x63c
 *(.debug_pubnames)
 .debug_pubnames
                0x0000000000000000       0xe1 lcd-routines.o
 .debug_pubnames
                0x00000000000000e1      0x55b main.o

.debug_info     0x0000000000000000     0x1bd5
 *(.debug_info)
 .debug_info    0x0000000000000000      0x2a2 lcd-routines.o
 .debug_info    0x00000000000002a2     0x1933 main.o
 *(.gnu.linkonce.wi.*)

.debug_abbrev   0x0000000000000000      0x379
 *(.debug_abbrev)
 .debug_abbrev  0x0000000000000000       0xbe lcd-routines.o
 .debug_abbrev  0x00000000000000be      0x2bb main.o

.debug_line     0x0000000000000000     0x2cb7
 *(.debug_line)
 .debug_line    0x0000000000000000      0x39f lcd-routines.o
 .debug_line    0x000000000000039f     0x2918 main.o

.debug_frame    0x0000000000000000      0x1e0
 *(.debug_frame)
 .debug_frame   0x0000000000000000       0xe0 lcd-routines.o
 .debug_frame   0x00000000000000e0      0x100 main.o

.debug_str      0x0000000000000000      0x754
 *(.debug_str)
 .debug_str     0x0000000000000000      0x172 lcd-routines.o
                                        0x1b0 (size before relaxing)
 .debug_str     0x0000000000000172      0x5e2 main.o
                                        0x6e9 (size before relaxing)

.debug_loc      0x0000000000000000     0x10f9
 *(.debug_loc)
 .debug_loc     0x0000000000000000      0x1f4 lcd-routines.o
 .debug_loc     0x00000000000001f4      0xf05 main.o

.debug_macinfo
 *(.debug_macinfo)
OUTPUT(TransistorTester.elf elf32-avr)
LOAD linker stubs

.debug_pubtypes
                0x0000000000000000       0x93
 .debug_pubtypes
                0x0000000000000000       0x2b lcd-routines.o
 .debug_pubtypes
                0x000000000000002b       0x68 main.o
