Archive member included because of file (symbol)

/usr/lib/gcc/avr/4.8.2/avr5/libgcc.a(_umulhisi3.o)
                              CheckPins.o (__umulhisi3)
/usr/lib/gcc/avr/4.8.2/avr5/libgcc.a(_usmulhisi3.o)
                              main.o (__usmulhisi3)
/usr/lib/gcc/avr/4.8.2/avr5/libgcc.a(_muluhisi3.o)
                              main.o (__muluhisi3)
/usr/lib/gcc/avr/4.8.2/avr5/libgcc.a(_mulsi3.o)
                              ReadADC.o (__mulsi3)
/usr/lib/gcc/avr/4.8.2/avr5/libgcc.a(_udivmodqi4.o)
                              DisplayValue.o (__udivmodqi4)
/usr/lib/gcc/avr/4.8.2/avr5/libgcc.a(_udivmodhi4.o)
                              RefVoltage.o (__udivmodhi4)
/usr/lib/gcc/avr/4.8.2/avr5/libgcc.a(_udivmodsi4.o)
                              DisplayValue.o (__udivmodsi4)
/usr/lib/gcc/avr/4.8.2/avr5/libgcc.a(_divmodsi4.o)
                              main.o (__divmodsi4)
/usr/lib/gcc/avr/4.8.2/avr5/libgcc.a(_negsi2.o)
                              /usr/lib/gcc/avr/4.8.2/avr5/libgcc.a(_divmodsi4.o) (__negsi2)
/usr/lib/gcc/avr/4.8.2/avr5/libgcc.a(_prologue.o)
                              lcd-routines.o (__prologue_saves__)
/usr/lib/gcc/avr/4.8.2/avr5/libgcc.a(_epilogue.o)
                              lcd-routines.o (__epilogue_restores__)
/usr/lib/gcc/avr/4.8.2/avr5/libgcc.a(_exit.o)
                              /usr/lib/gcc/avr/4.8.2/../../../avr/lib/avr5/crtm168.o (exit)
/usr/lib/gcc/avr/4.8.2/avr5/libgcc.a(_clear_bss.o)
                              lcd-routines.o (__do_clear_bss)
/usr/lib/gcc/avr/4.8.2/../../../avr/lib/avr5/libc.a(utoa.o)
                              i2lcd.o (utoa)
/usr/lib/gcc/avr/4.8.2/../../../avr/lib/avr5/libc.a(eerd_byte_atmega168.o)
                              lcd-routines.o (__eerd_byte_m168)
/usr/lib/gcc/avr/4.8.2/../../../avr/lib/avr5/libc.a(eewr_byte_atmega168.o)
                              main.o (__eewr_byte_m168)
/usr/lib/gcc/avr/4.8.2/../../../avr/lib/avr5/libc.a(eewr_word_atmega168.o)
                              main.o (__eewr_word_m168)
/usr/lib/gcc/avr/4.8.2/../../../avr/lib/avr5/libc.a(strrev.o)
                              /usr/lib/gcc/avr/4.8.2/../../../avr/lib/avr5/libc.a(utoa.o) (strrev)

Allocating common symbols
Common symbol       size              file

diode_sequence      0x1               main.o
display_time        0x2               main.o
resis680mi          0x2               main.o
ref_mv_offs         0x2               main.o
NumOfDiodes         0x1               main.o
PartMode            0x1               main.o
PartFound           0x1               main.o
resis680pl          0x2               main.o
tmpval              0x1               main.o
last_text_column    0x1               lcd-routines.o
adc_vcc_reference   0x2               main.o
inductor_lpre       0x1               lcd-routines.o
mess_count          0x1               main.o
last_text_line      0x1               lcd-routines.o
outval              0xa               main.o
ADCconfig           0x6               main.o
pin_rpl             0x2               main.o
ref_mv              0x2               main.o
DC_Pwr_mode         0x1               main.o
tmpval2             0x1               main.o
UnCalibrated        0x1               main.o
pin_rmi             0x2               main.o
WithReference       0x1               main.o
_lcd_column         0x1               main.o
_trans              0x2               main.o
last_line_used      0x1               main.o
ntrans              0x10              main.o
empty_count         0x1               main.o
pin_combination     0x1               main.o
cell_mv             0x6               lcd-routines.o
ResistorChecked     0x3               main.o
ResistorList        0x3               main.o
ptrans              0x10              main.o
adc_internal_reference
                    0x2               main.o
ResistorsFound      0x1               main.o
RHmultip            0x2               main.o
cap                 0x14              main.o
load_diff           0x2               main.o
diodes              0x18              main.o
inductor_lx         0x4               lcd-routines.o
lcd_text_line       0x1               main.o
ResistorVal         0xc               main.o

↵
Speichereinrichtung
↵

Name             Ursprung           Länge             Eigenschaften
text             0x0000000000000000 0x0000000000020000 xr
data             0x0000000000800060 0x000000000000ffa0 rw !x
eeprom           0x0000000000810000 0x0000000000010000 rw !x
fuse             0x0000000000820000 0x0000000000000400 rw !x
lock             0x0000000000830000 0x0000000000000400 rw !x
signature        0x0000000000840000 0x0000000000000400 rw !x
user_signatures  0x0000000000850000 0x0000000000000400 rw !x
*default*        0x0000000000000000 0xffffffffffffffff

Linker script and memory map

Address of section .data set to 0x800100
LOAD /usr/lib/gcc/avr/4.8.2/../../../avr/lib/avr5/crtm168.o
LOAD lcd_hw_4_bit.o
LOAD lcd-routines.o
LOAD i2lcd.o
LOAD PinLayout.o
LOAD RvalOut.o
LOAD UfAusgabe.o
LOAD DisplayValue.o
LOAD swuart.o
LOAD wait1000ms.o
LOAD ReadADC.o
LOAD wait_for_key_ms.o
LOAD RefVoltage.o
LOAD get_log.o
LOAD main.o
LOAD Battery_check.o
LOAD CheckPins.o
LOAD GetResistance.o
LOAD ChargePin10ms.o
LOAD EntladePins.o
LOAD ReadCapacity.o
LOAD GetRLmultip.o
LOAD Calibrate_UR.o
LOAD show_Resis_Cap.o
LOAD ReadInductance.o
LOAD GetESR.o
LOAD GetVloss.o
LOAD GetFrequency.o
LOAD function_menu.o
LOAD message_key_released.o
LOAD ReadBigCap.o
LOAD CheckRotaryEncoder.o
LOAD CalibrationCap.o
LOAD ShowData.o
LOAD CheckUJT.o
LOAD EE_check_init.o
START GROUP
LOAD /usr/lib/gcc/avr/4.8.2/avr5/libgcc.a
LOAD /usr/lib/gcc/avr/4.8.2/../../../avr/lib/avr5/libm.a
LOAD /usr/lib/gcc/avr/4.8.2/../../../avr/lib/avr5/libc.a
END GROUP

.hash
 *(.hash)

.dynsym
 *(.dynsym)

.dynstr
 *(.dynstr)

.gnu.version
 *(.gnu.version)

.gnu.version_d
 *(.gnu.version_d)

.gnu.version_r
 *(.gnu.version_r)

.rel.init
 *(.rel.init)

.rela.init
 *(.rela.init)

.rel.text
 *(.rel.text)
 *(.rel.text.*)
 *(.rel.gnu.linkonce.t*)

.rela.text
 *(.rela.text)
 *(.rela.text.*)
 *(.rela.gnu.linkonce.t*)

.rel.fini
 *(.rel.fini)

.rela.fini
 *(.rela.fini)

.rel.rodata
 *(.rel.rodata)
 *(.rel.rodata.*)
 *(.rel.gnu.linkonce.r*)

.rela.rodata
 *(.rela.rodata)
 *(.rela.rodata.*)
 *(.rela.gnu.linkonce.r*)

.rel.data
 *(.rel.data)
 *(.rel.data.*)
 *(.rel.gnu.linkonce.d*)

.rela.data
 *(.rela.data)
 *(.rela.data.*)
 *(.rela.gnu.linkonce.d*)

.rel.ctors
 *(.rel.ctors)

.rela.ctors
 *(.rela.ctors)

.rel.dtors
 *(.rel.dtors)

.rela.dtors
 *(.rela.dtors)

.rel.got
 *(.rel.got)

.rela.got
 *(.rela.got)

.rel.bss
 *(.rel.bss)

.rela.bss
 *(.rela.bss)

.rel.plt
 *(.rel.plt)

.rela.plt
 *(.rela.plt)

.text           0x0000000000000000     0x3f72
 *(.vectors)
 .vectors       0x0000000000000000       0x68 /usr/lib/gcc/avr/4.8.2/../../../avr/lib/avr5/crtm168.o
                0x0000000000000000                __vectors
                0x0000000000000000                __vector_default
 *(.vectors)
 *(.progmem.gcc*)
 *(.progmem*)
 .progmem.data  0x0000000000000068       0xa4 main.o
                0x0000000000000068                REF_R_str
                0x000000000000006f                REF_C_str
                0x0000000000000076                MinCap_str
                0x000000000000007e                PinRLRHADCtab
                0x0000000000000084                R0_str
                0x0000000000000088                ICEs_str
                0x000000000000008e                ICE0_str
                0x0000000000000094                RHtab
                0x00000000000000a6                LogTab
                0x000000000000010c                . = ALIGN (0x2)
                0x000000000000010c                __trampolines_start = .
 *(.trampolines)
 .trampolines   0x000000000000010c        0x0 linker stubs
 *(.trampolines*)
                0x000000000000010c                __trampolines_end = .
 *(.jumptables)
 *(.jumptables*)
 *(.lowtext)
 *(.lowtext*)
                0x000000000000010c                __ctors_start = .
 *(.ctors)
                0x000000000000010c                __ctors_end = .
                0x000000000000010c                __dtors_start = .
 *(.dtors)
                0x000000000000010c                __dtors_end = .
 SORT(*)(.ctors)
 SORT(*)(.dtors)
 *(.init0)
 .init0         0x000000000000010c        0x0 /usr/lib/gcc/avr/4.8.2/../../../avr/lib/avr5/crtm168.o
                0x000000000000010c                __init
 *(.init0)
 *(.init1)
 *(.init1)
 *(.init2)
 .init2         0x000000000000010c        0xc /usr/lib/gcc/avr/4.8.2/../../../avr/lib/avr5/crtm168.o
 *(.init2)
 *(.init3)
 *(.init3)
 *(.init4)
 .init4         0x0000000000000118       0x10 /usr/lib/gcc/avr/4.8.2/avr5/libgcc.a(_clear_bss.o)
                0x0000000000000118                __do_clear_bss
 *(.init4)
 *(.init5)
 *(.init5)
 *(.init6)
 *(.init6)
 *(.init7)
 *(.init7)
 *(.init8)
 *(.init8)
 *(.init9)
 .init9         0x0000000000000128        0x8 /usr/lib/gcc/avr/4.8.2/../../../avr/lib/avr5/crtm168.o
 *(.init9)
 *(.text)
 .text          0x0000000000000130        0x2 /usr/lib/gcc/avr/4.8.2/../../../avr/lib/avr5/crtm168.o
                0x0000000000000130                __vector_22
                0x0000000000000130                __vector_1
                0x0000000000000130                __vector_24
                0x0000000000000130                __vector_12
                0x0000000000000130                __bad_interrupt
                0x0000000000000130                __vector_6
                0x0000000000000130                __vector_3
                0x0000000000000130                __vector_23
                0x0000000000000130                __vector_25
                0x0000000000000130                __vector_11
                0x0000000000000130                __vector_13
                0x0000000000000130                __vector_17
                0x0000000000000130                __vector_19
                0x0000000000000130                __vector_7
                0x0000000000000130                __vector_5
                0x0000000000000130                __vector_4
                0x0000000000000130                __vector_9
                0x0000000000000130                __vector_2
                0x0000000000000130                __vector_21
                0x0000000000000130                __vector_15
                0x0000000000000130                __vector_8
                0x0000000000000130                __vector_14
                0x0000000000000130                __vector_10
                0x0000000000000130                __vector_16
                0x0000000000000130                __vector_18
                0x0000000000000130                __vector_20
 .text          0x0000000000000132       0x5c lcd_hw_4_bit.o
                0x0000000000000132                _lcd_hw_write
 .text          0x000000000000018e      0x24a lcd-routines.o
                0x000000000000018e                lcd_save_position
                0x00000000000001a0                lcd_data
                0x00000000000001b2                lcd_testpin
                0x00000000000001b6                lcd_space
                0x00000000000001ba                lcd_spaces
                0x00000000000001dc                lcd_equal
                0x00000000000001e0                lcd_command
                0x00000000000001e8                lcd_line1
                0x00000000000001f6                lcd_line2
                0x0000000000000206                lcd_line3
                0x0000000000000216                lcd_line4
                0x0000000000000226                lcd_set_cursor
                0x0000000000000238                lcd_restore_position
                0x0000000000000242                lcd_clear
                0x000000000000024a                lcd_string
                0x0000000000000260                lcd_pgm_string
                0x000000000000027c                lcd_fix_string
                0x000000000000029a                lcd_fix_customchar
                0x00000000000002c6                lcd_init
                0x0000000000000324                lcd_clear_line
                0x000000000000032e                lcd_next_line
                0x000000000000036e                lcd_next_line_wait
                0x0000000000000372                lcd_clear_line1
                0x0000000000000378                lcd_clear_line2
                0x000000000000037e                lcd_set_pixels
                0x0000000000000380                lcd_show_Cg
                0x00000000000003b0                lcd_show_rds
 .text          0x00000000000003d8       0x2c i2lcd.o
                0x00000000000003d8                i2lcd
                0x00000000000003ee                u2lcd
                0x00000000000003fc                i2lcd_space
                0x0000000000000400                u2lcd_space
 .text          0x0000000000000404       0x62 PinLayout.o
                0x0000000000000404                PinLayout
                0x0000000000000452                Rnum2pins
 .text          0x0000000000000466       0x4c RvalOut.o
                0x0000000000000466                RvalOut
 .text          0x00000000000004b2       0xba UfAusgabe.o
                0x00000000000004b2                mVAusgabe
                0x00000000000004ce                UfAusgabe
                0x00000000000004fa                SerienDiodenAusgabe
                0x000000000000051c                DiodeSymbol_withPins
                0x0000000000000534                DiodeSymbol_ApinCpin
                0x0000000000000540                DiodeSymbol_ACpin
                0x0000000000000550                DiodeSymbol_CpinApin
                0x000000000000055c                DiodeSymbol_CApin
 .text          0x000000000000056c      0x18e DisplayValue.o
                0x000000000000056c                DisplayValue
                0x00000000000006d0                DisplayValue16
                0x00000000000006e6                Display_mV
 .text          0x00000000000006fa        0x2 swuart.o
                0x00000000000006fa                uart_putc
 .text          0x00000000000006fc       0x4a wait1000ms.o
                0x00000000000006fc                wait5s
                0x00000000000006fe                wait4s
                0x0000000000000700                wait3s
                0x0000000000000702                wait2s
                0x0000000000000704                wait1000ms
                0x0000000000000704                wait1s
                0x0000000000000706                wait500ms
                0x0000000000000708                wait400ms
                0x000000000000070a                wait300ms
                0x000000000000070c                wait200ms
                0x000000000000070e                wait100ms
                0x0000000000000710                wait50ms
                0x0000000000000712                wait40ms
                0x0000000000000714                wait30ms
                0x0000000000000716                wait20ms
                0x0000000000000718                wait10ms
                0x000000000000071a                wait5ms
                0x000000000000071e                wait4ms
                0x0000000000000720                wait3ms
                0x0000000000000722                wait2ms
                0x0000000000000724                wait1ms
                0x0000000000000726                wait500us
                0x0000000000000728                wait400us
                0x000000000000072a                wait300us
                0x000000000000072c                wait200us
                0x000000000000072e                wait100us
                0x0000000000000730                wait50us
                0x0000000000000732                wait40us
                0x0000000000000734                wait30us
                0x0000000000000736                wait20us
                0x0000000000000738                wait10us
                0x000000000000073a                wait5us
                0x000000000000073c                wait4us
                0x000000000000073e                wait3us
                0x0000000000000740                wait2us
                0x0000000000000742                wait1us
 .text          0x0000000000000746       0xe6 ReadADC.o
                0x0000000000000746                W20msReadADC
                0x0000000000000748                W10msReadADC
                0x000000000000074a                W5msReadADC
                0x000000000000074c                ReadADC
                0x0000000000000804                abs_diff
                0x0000000000000810                vcc_diff
                0x000000000000081a                unsigned_diff
 .text          0x000000000000082c       0xb0 wait_for_key_ms.o
                0x000000000000082c                wait_for_key_ms
                0x0000000000000896                wait_for_key_5s_line2
 .text          0x00000000000008dc       0xb0 RefVoltage.o
                0x00000000000008dc                RefVoltage
 .text          0x000000000000098c       0x48 get_log.o
                0x000000000000098c                get_log
 .text          0x00000000000009d4      0x66c main.o
                0x00000000000009d4                search_vak_diode
                0x0000000000000a28                init_parts
                0x0000000000000a7e                switch_tester_off
                0x0000000000000a88                ShortedProbes
                0x0000000000000b0c                AllProbesShorted
                0x0000000000000b2a                AutoCheck
                0x0000000000000f86                mark_as_uncalibrated
                0x0000000000000faa                GetIr
 .text          0x0000000000001040       0x7e Battery_check.o
                0x0000000000001040                Battery_check
 .text          0x00000000000010be      0xc7c CheckPins.o
                0x00000000000010be                CheckPins
 .text          0x0000000000001d3a      0x408 GetResistance.o
                0x0000000000001d3a                GetResistance
 .text          0x0000000000002142       0x2e ChargePin10ms.o
                0x0000000000002142                ChargePin10ms
 .text          0x0000000000002170       0xfa EntladePins.o
                0x0000000000002170                EntladePins
 .text          0x000000000000226a      0x56c ReadCapacity.o
                0x000000000000226a                Scale_C_with_vcc
                0x00000000000022ea                ReadCapacity
 .text          0x00000000000027d6       0x7e GetRLmultip.o
                0x00000000000027d6                GetRLmultip
 .text          0x0000000000002854      0x192 Calibrate_UR.o
                0x0000000000002854                Calibrate_UR
 .text          0x00000000000029e6      0x16c show_Resis_Cap.o
                0x00000000000029e6                show_resis
                0x0000000000002a54                show_cap_simple
                0x0000000000002b28                Bat_update
                0x0000000000002b3e                Pwr_mode_check
 .text          0x0000000000002b52      0x44c ReadInductance.o
                0x0000000000002b52                ReadInductance
 .text          0x0000000000002f9e      0x32c GetESR.o
                0x0000000000002f9e                GetESR
 .text          0x00000000000032ca      0x17c GetVloss.o
                0x00000000000032ca                GetVloss
 .text          0x0000000000003446        0x0 GetFrequency.o
 .text          0x0000000000003446        0x0 function_menu.o
 .text          0x0000000000003446        0x0 message_key_released.o
 .text          0x0000000000003446        0x0 ReadBigCap.o
 .text          0x0000000000003446        0x0 CheckRotaryEncoder.o
 .text          0x0000000000003446        0x0 CalibrationCap.o
 .text          0x0000000000003446        0x0 ShowData.o
 .text          0x0000000000003446        0x0 CheckUJT.o
 .text          0x0000000000003446        0x2 EE_check_init.o
                0x0000000000003446                EE_check_init
 .text          0x0000000000003448        0x0 /usr/lib/gcc/avr/4.8.2/avr5/libgcc.a(_umulhisi3.o)
 .text          0x0000000000003448        0x0 /usr/lib/gcc/avr/4.8.2/avr5/libgcc.a(_usmulhisi3.o)
 .text          0x0000000000003448        0x0 /usr/lib/gcc/avr/4.8.2/avr5/libgcc.a(_muluhisi3.o)
 .text          0x0000000000003448        0x0 /usr/lib/gcc/avr/4.8.2/avr5/libgcc.a(_mulsi3.o)
 .text          0x0000000000003448        0x0 /usr/lib/gcc/avr/4.8.2/avr5/libgcc.a(_udivmodqi4.o)
 .text          0x0000000000003448        0x0 /usr/lib/gcc/avr/4.8.2/avr5/libgcc.a(_udivmodhi4.o)
 .text          0x0000000000003448        0x0 /usr/lib/gcc/avr/4.8.2/avr5/libgcc.a(_udivmodsi4.o)
 .text          0x0000000000003448        0x0 /usr/lib/gcc/avr/4.8.2/avr5/libgcc.a(_divmodsi4.o)
 .text          0x0000000000003448        0x0 /usr/lib/gcc/avr/4.8.2/avr5/libgcc.a(_negsi2.o)
 .text          0x0000000000003448        0x0 /usr/lib/gcc/avr/4.8.2/avr5/libgcc.a(_prologue.o)
 .text          0x0000000000003448        0x0 /usr/lib/gcc/avr/4.8.2/avr5/libgcc.a(_epilogue.o)
 .text          0x0000000000003448        0x0 /usr/lib/gcc/avr/4.8.2/avr5/libgcc.a(_exit.o)
 .text          0x0000000000003448        0x0 /usr/lib/gcc/avr/4.8.2/avr5/libgcc.a(_clear_bss.o)
 .text          0x0000000000003448        0x0 /usr/lib/gcc/avr/4.8.2/../../../avr/lib/avr5/libc.a(utoa.o)
 .text          0x0000000000003448        0x0 /usr/lib/gcc/avr/4.8.2/../../../avr/lib/avr5/libc.a(eerd_byte_atmega168.o)
 .text          0x0000000000003448        0x0 /usr/lib/gcc/avr/4.8.2/../../../avr/lib/avr5/libc.a(eewr_byte_atmega168.o)
 .text          0x0000000000003448        0x0 /usr/lib/gcc/avr/4.8.2/../../../avr/lib/avr5/libc.a(eewr_word_atmega168.o)
 .text          0x0000000000003448        0x0 /usr/lib/gcc/avr/4.8.2/../../../avr/lib/avr5/libc.a(strrev.o)
                0x0000000000003448                . = ALIGN (0x2)
 *(.text.*)
 .text.startup  0x0000000000003448      0x926 main.o
                0x0000000000003448                main
 .text.libgcc.mul
                0x0000000000003d6e       0x1e /usr/lib/gcc/avr/4.8.2/avr5/libgcc.a(_umulhisi3.o)
                0x0000000000003d6e                __umulhisi3
 .text.libgcc.div
                0x0000000000003d8c        0x0 /usr/lib/gcc/avr/4.8.2/avr5/libgcc.a(_umulhisi3.o)
 .text.libgcc   0x0000000000003d8c        0x0 /usr/lib/gcc/avr/4.8.2/avr5/libgcc.a(_umulhisi3.o)
 .text.libgcc.prologue
                0x0000000000003d8c        0x0 /usr/lib/gcc/avr/4.8.2/avr5/libgcc.a(_umulhisi3.o)
 .text.libgcc.builtins
                0x0000000000003d8c        0x0 /usr/lib/gcc/avr/4.8.2/avr5/libgcc.a(_umulhisi3.o)
 .text.libgcc.fmul
                0x0000000000003d8c        0x0 /usr/lib/gcc/avr/4.8.2/avr5/libgcc.a(_umulhisi3.o)
 .text.libgcc.fixed
                0x0000000000003d8c        0x0 /usr/lib/gcc/avr/4.8.2/avr5/libgcc.a(_umulhisi3.o)
 .text.libgcc.mul
                0x0000000000003d8c        0xc /usr/lib/gcc/avr/4.8.2/avr5/libgcc.a(_usmulhisi3.o)
                0x0000000000003d8c                __usmulhisi3
                0x0000000000003d8e                __usmulhisi3_tail
 .text.libgcc.div
                0x0000000000003d98        0x0 /usr/lib/gcc/avr/4.8.2/avr5/libgcc.a(_usmulhisi3.o)
 .text.libgcc   0x0000000000003d98        0x0 /usr/lib/gcc/avr/4.8.2/avr5/libgcc.a(_usmulhisi3.o)
 .text.libgcc.prologue
                0x0000000000003d98        0x0 /usr/lib/gcc/avr/4.8.2/avr5/libgcc.a(_usmulhisi3.o)
 .text.libgcc.builtins
                0x0000000000003d98        0x0 /usr/lib/gcc/avr/4.8.2/avr5/libgcc.a(_usmulhisi3.o)
 .text.libgcc.fmul
                0x0000000000003d98        0x0 /usr/lib/gcc/avr/4.8.2/avr5/libgcc.a(_usmulhisi3.o)
 .text.libgcc.fixed
                0x0000000000003d98        0x0 /usr/lib/gcc/avr/4.8.2/avr5/libgcc.a(_usmulhisi3.o)
 .text.libgcc.mul
                0x0000000000003d98       0x14 /usr/lib/gcc/avr/4.8.2/avr5/libgcc.a(_muluhisi3.o)
                0x0000000000003d98                __muluhisi3
 .text.libgcc.div
                0x0000000000003dac        0x0 /usr/lib/gcc/avr/4.8.2/avr5/libgcc.a(_muluhisi3.o)
 .text.libgcc   0x0000000000003dac        0x0 /usr/lib/gcc/avr/4.8.2/avr5/libgcc.a(_muluhisi3.o)
 .text.libgcc.prologue
                0x0000000000003dac        0x0 /usr/lib/gcc/avr/4.8.2/avr5/libgcc.a(_muluhisi3.o)
 .text.libgcc.builtins
                0x0000000000003dac        0x0 /usr/lib/gcc/avr/4.8.2/avr5/libgcc.a(_muluhisi3.o)
 .text.libgcc.fmul
                0x0000000000003dac        0x0 /usr/lib/gcc/avr/4.8.2/avr5/libgcc.a(_muluhisi3.o)
 .text.libgcc.fixed
                0x0000000000003dac        0x0 /usr/lib/gcc/avr/4.8.2/avr5/libgcc.a(_muluhisi3.o)
 .text.libgcc.mul
                0x0000000000003dac       0x1e /usr/lib/gcc/avr/4.8.2/avr5/libgcc.a(_mulsi3.o)
                0x0000000000003dac                __mulsi3
 .text.libgcc.div
                0x0000000000003dca        0x0 /usr/lib/gcc/avr/4.8.2/avr5/libgcc.a(_mulsi3.o)
 .text.libgcc   0x0000000000003dca        0x0 /usr/lib/gcc/avr/4.8.2/avr5/libgcc.a(_mulsi3.o)
 .text.libgcc.prologue
                0x0000000000003dca        0x0 /usr/lib/gcc/avr/4.8.2/avr5/libgcc.a(_mulsi3.o)
 .text.libgcc.builtins
                0x0000000000003dca        0x0 /usr/lib/gcc/avr/4.8.2/avr5/libgcc.a(_mulsi3.o)
 .text.libgcc.fmul
                0x0000000000003dca        0x0 /usr/lib/gcc/avr/4.8.2/avr5/libgcc.a(_mulsi3.o)
 .text.libgcc.fixed
                0x0000000000003dca        0x0 /usr/lib/gcc/avr/4.8.2/avr5/libgcc.a(_mulsi3.o)
 .text.libgcc.mul
                0x0000000000003dca        0x0 /usr/lib/gcc/avr/4.8.2/avr5/libgcc.a(_udivmodqi4.o)
 .text.libgcc.div
                0x0000000000003dca       0x18 /usr/lib/gcc/avr/4.8.2/avr5/libgcc.a(_udivmodqi4.o)
                0x0000000000003dca                __udivmodqi4
 .text.libgcc   0x0000000000003de2        0x0 /usr/lib/gcc/avr/4.8.2/avr5/libgcc.a(_udivmodqi4.o)
 .text.libgcc.prologue
                0x0000000000003de2        0x0 /usr/lib/gcc/avr/4.8.2/avr5/libgcc.a(_udivmodqi4.o)
 .text.libgcc.builtins
                0x0000000000003de2        0x0 /usr/lib/gcc/avr/4.8.2/avr5/libgcc.a(_udivmodqi4.o)
 .text.libgcc.fmul
                0x0000000000003de2        0x0 /usr/lib/gcc/avr/4.8.2/avr5/libgcc.a(_udivmodqi4.o)
 .text.libgcc.fixed
                0x0000000000003de2        0x0 /usr/lib/gcc/avr/4.8.2/avr5/libgcc.a(_udivmodqi4.o)
 .text.libgcc.mul
                0x0000000000003de2        0x0 /usr/lib/gcc/avr/4.8.2/avr5/libgcc.a(_udivmodhi4.o)
 .text.libgcc.div
                0x0000000000003de2       0x28 /usr/lib/gcc/avr/4.8.2/avr5/libgcc.a(_udivmodhi4.o)
                0x0000000000003de2                __udivmodhi4
 .text.libgcc   0x0000000000003e0a        0x0 /usr/lib/gcc/avr/4.8.2/avr5/libgcc.a(_udivmodhi4.o)
 .text.libgcc.prologue
                0x0000000000003e0a        0x0 /usr/lib/gcc/avr/4.8.2/avr5/libgcc.a(_udivmodhi4.o)
 .text.libgcc.builtins
                0x0000000000003e0a        0x0 /usr/lib/gcc/avr/4.8.2/avr5/libgcc.a(_udivmodhi4.o)
 .text.libgcc.fmul
                0x0000000000003e0a        0x0 /usr/lib/gcc/avr/4.8.2/avr5/libgcc.a(_udivmodhi4.o)
 .text.libgcc.fixed
                0x0000000000003e0a        0x0 /usr/lib/gcc/avr/4.8.2/avr5/libgcc.a(_udivmodhi4.o)
 .text.libgcc.mul
                0x0000000000003e0a        0x0 /usr/lib/gcc/avr/4.8.2/avr5/libgcc.a(_udivmodsi4.o)
 .text.libgcc.div
                0x0000000000003e0a       0x44 /usr/lib/gcc/avr/4.8.2/avr5/libgcc.a(_udivmodsi4.o)
                0x0000000000003e0a                __udivmodsi4
 .text.libgcc   0x0000000000003e4e        0x0 /usr/lib/gcc/avr/4.8.2/avr5/libgcc.a(_udivmodsi4.o)
 .text.libgcc.prologue
                0x0000000000003e4e        0x0 /usr/lib/gcc/avr/4.8.2/avr5/libgcc.a(_udivmodsi4.o)
 .text.libgcc.builtins
                0x0000000000003e4e        0x0 /usr/lib/gcc/avr/4.8.2/avr5/libgcc.a(_udivmodsi4.o)
 .text.libgcc.fmul
                0x0000000000003e4e        0x0 /usr/lib/gcc/avr/4.8.2/avr5/libgcc.a(_udivmodsi4.o)
 .text.libgcc.fixed
                0x0000000000003e4e        0x0 /usr/lib/gcc/avr/4.8.2/avr5/libgcc.a(_udivmodsi4.o)
 .text.libgcc.mul
                0x0000000000003e4e        0x0 /usr/lib/gcc/avr/4.8.2/avr5/libgcc.a(_divmodsi4.o)
 .text.libgcc.div
                0x0000000000003e4e       0x28 /usr/lib/gcc/avr/4.8.2/avr5/libgcc.a(_divmodsi4.o)
                0x0000000000003e4e                __divmodsi4
 .text.libgcc   0x0000000000003e76        0x0 /usr/lib/gcc/avr/4.8.2/avr5/libgcc.a(_divmodsi4.o)
 .text.libgcc.prologue
                0x0000000000003e76        0x0 /usr/lib/gcc/avr/4.8.2/avr5/libgcc.a(_divmodsi4.o)
 .text.libgcc.builtins
                0x0000000000003e76        0x0 /usr/lib/gcc/avr/4.8.2/avr5/libgcc.a(_divmodsi4.o)
 .text.libgcc.fmul
                0x0000000000003e76        0x0 /usr/lib/gcc/avr/4.8.2/avr5/libgcc.a(_divmodsi4.o)
 .text.libgcc.fixed
                0x0000000000003e76        0x0 /usr/lib/gcc/avr/4.8.2/avr5/libgcc.a(_divmodsi4.o)
 .text.libgcc.mul
                0x0000000000003e76        0x0 /usr/lib/gcc/avr/4.8.2/avr5/libgcc.a(_negsi2.o)
 .text.libgcc.div
                0x0000000000003e76       0x10 /usr/lib/gcc/avr/4.8.2/avr5/libgcc.a(_negsi2.o)
                0x0000000000003e76                __negsi2
 .text.libgcc   0x0000000000003e86        0x0 /usr/lib/gcc/avr/4.8.2/avr5/libgcc.a(_negsi2.o)
 .text.libgcc.prologue
                0x0000000000003e86        0x0 /usr/lib/gcc/avr/4.8.2/avr5/libgcc.a(_negsi2.o)
 .text.libgcc.builtins
                0x0000000000003e86        0x0 /usr/lib/gcc/avr/4.8.2/avr5/libgcc.a(_negsi2.o)
 .text.libgcc.fmul
                0x0000000000003e86        0x0 /usr/lib/gcc/avr/4.8.2/avr5/libgcc.a(_negsi2.o)
 .text.libgcc.fixed
                0x0000000000003e86        0x0 /usr/lib/gcc/avr/4.8.2/avr5/libgcc.a(_negsi2.o)
 .text.libgcc.mul
                0x0000000000003e86        0x0 /usr/lib/gcc/avr/4.8.2/avr5/libgcc.a(_prologue.o)
 .text.libgcc.div
                0x0000000000003e86        0x0 /usr/lib/gcc/avr/4.8.2/avr5/libgcc.a(_prologue.o)
 .text.libgcc   0x0000000000003e86        0x0 /usr/lib/gcc/avr/4.8.2/avr5/libgcc.a(_prologue.o)
 .text.libgcc.prologue
                0x0000000000003e86       0x38 /usr/lib/gcc/avr/4.8.2/avr5/libgcc.a(_prologue.o)
                0x0000000000003e86                __prologue_saves__
 .text.libgcc.builtins
                0x0000000000003ebe        0x0 /usr/lib/gcc/avr/4.8.2/avr5/libgcc.a(_prologue.o)
 .text.libgcc.fmul
                0x0000000000003ebe        0x0 /usr/lib/gcc/avr/4.8.2/avr5/libgcc.a(_prologue.o)
 .text.libgcc.fixed
                0x0000000000003ebe        0x0 /usr/lib/gcc/avr/4.8.2/avr5/libgcc.a(_prologue.o)
 .text.libgcc.mul
                0x0000000000003ebe        0x0 /usr/lib/gcc/avr/4.8.2/avr5/libgcc.a(_epilogue.o)
 .text.libgcc.div
                0x0000000000003ebe        0x0 /usr/lib/gcc/avr/4.8.2/avr5/libgcc.a(_epilogue.o)
 .text.libgcc   0x0000000000003ebe        0x0 /usr/lib/gcc/avr/4.8.2/avr5/libgcc.a(_epilogue.o)
 .text.libgcc.prologue
                0x0000000000003ebe       0x36 /usr/lib/gcc/avr/4.8.2/avr5/libgcc.a(_epilogue.o)
                0x0000000000003ebe                __epilogue_restores__
 .text.libgcc.builtins
                0x0000000000003ef4        0x0 /usr/lib/gcc/avr/4.8.2/avr5/libgcc.a(_epilogue.o)
 .text.libgcc.fmul
                0x0000000000003ef4        0x0 /usr/lib/gcc/avr/4.8.2/avr5/libgcc.a(_epilogue.o)
 .text.libgcc.fixed
                0x0000000000003ef4        0x0 /usr/lib/gcc/avr/4.8.2/avr5/libgcc.a(_epilogue.o)
 .text.libgcc.mul
                0x0000000000003ef4        0x0 /usr/lib/gcc/avr/4.8.2/avr5/libgcc.a(_exit.o)
 .text.libgcc.div
                0x0000000000003ef4        0x0 /usr/lib/gcc/avr/4.8.2/avr5/libgcc.a(_exit.o)
 .text.libgcc   0x0000000000003ef4        0x0 /usr/lib/gcc/avr/4.8.2/avr5/libgcc.a(_exit.o)
 .text.libgcc.prologue
                0x0000000000003ef4        0x0 /usr/lib/gcc/avr/4.8.2/avr5/libgcc.a(_exit.o)
 .text.libgcc.builtins
                0x0000000000003ef4        0x0 /usr/lib/gcc/avr/4.8.2/avr5/libgcc.a(_exit.o)
 .text.libgcc.fmul
                0x0000000000003ef4        0x0 /usr/lib/gcc/avr/4.8.2/avr5/libgcc.a(_exit.o)
 .text.libgcc.fixed
                0x0000000000003ef4        0x0 /usr/lib/gcc/avr/4.8.2/avr5/libgcc.a(_exit.o)
 .text.libgcc.mul
                0x0000000000003ef4        0x0 /usr/lib/gcc/avr/4.8.2/avr5/libgcc.a(_clear_bss.o)
 .text.libgcc.div
                0x0000000000003ef4        0x0 /usr/lib/gcc/avr/4.8.2/avr5/libgcc.a(_clear_bss.o)
 .text.libgcc   0x0000000000003ef4        0x0 /usr/lib/gcc/avr/4.8.2/avr5/libgcc.a(_clear_bss.o)
 .text.libgcc.prologue
                0x0000000000003ef4        0x0 /usr/lib/gcc/avr/4.8.2/avr5/libgcc.a(_clear_bss.o)
 .text.libgcc.builtins
                0x0000000000003ef4        0x0 /usr/lib/gcc/avr/4.8.2/avr5/libgcc.a(_clear_bss.o)
 .text.libgcc.fmul
                0x0000000000003ef4        0x0 /usr/lib/gcc/avr/4.8.2/avr5/libgcc.a(_clear_bss.o)
 .text.libgcc.fixed
                0x0000000000003ef4        0x0 /usr/lib/gcc/avr/4.8.2/avr5/libgcc.a(_clear_bss.o)
 .text.avr-libc
                0x0000000000003ef4       0x28 /usr/lib/gcc/avr/4.8.2/../../../avr/lib/avr5/libc.a(utoa.o)
                0x0000000000003ef4                utoa
 .text.avr-libc
                0x0000000000003f1c       0x10 /usr/lib/gcc/avr/4.8.2/../../../avr/lib/avr5/libc.a(eerd_byte_atmega168.o)
                0x0000000000003f1c                __eerd_byte_m168
 .text.avr-libc
                0x0000000000003f2c       0x1c /usr/lib/gcc/avr/4.8.2/../../../avr/lib/avr5/libc.a(eewr_byte_atmega168.o)
                0x0000000000003f2c                __eewr_byte_m168
                0x0000000000003f2e                __eewr_r18_m168
 .text.avr-libc
                0x0000000000003f48        0x6 /usr/lib/gcc/avr/4.8.2/../../../avr/lib/avr5/libc.a(eewr_word_atmega168.o)
                0x0000000000003f48                __eewr_word_m168
 .text.avr-libc
                0x0000000000003f4e       0x20 /usr/lib/gcc/avr/4.8.2/../../../avr/lib/avr5/libc.a(strrev.o)
                0x0000000000003f4e                strrev
                0x0000000000003f6e                . = ALIGN (0x2)
 *(.fini9)
 .fini9         0x0000000000003f6e        0x0 /usr/lib/gcc/avr/4.8.2/avr5/libgcc.a(_exit.o)
                0x0000000000003f6e                exit
                0x0000000000003f6e                _exit
 *(.fini9)
 *(.fini8)
 *(.fini8)
 *(.fini7)
 *(.fini7)
 *(.fini6)
 *(.fini6)
 *(.fini5)
 *(.fini5)
 *(.fini4)
 *(.fini4)
 *(.fini3)
 *(.fini3)
 *(.fini2)
 *(.fini2)
 *(.fini1)
 *(.fini1)
 *(.fini0)
 .fini0         0x0000000000003f6e        0x4 /usr/lib/gcc/avr/4.8.2/avr5/libgcc.a(_exit.o)
 *(.fini0)
                0x0000000000003f72                _etext = .

.data           0x0000000000800100        0x0 load address 0x0000000000003f72
                0x0000000000800100                PROVIDE (__data_start, .)
 *(.data)
 .data          0x0000000000800100        0x0 /usr/lib/gcc/avr/4.8.2/../../../avr/lib/avr5/crtm168.o
 .data          0x0000000000800100        0x0 lcd_hw_4_bit.o
 .data          0x0000000000800100        0x0 lcd-routines.o
 .data          0x0000000000800100        0x0 i2lcd.o
 .data          0x0000000000800100        0x0 PinLayout.o
 .data          0x0000000000800100        0x0 RvalOut.o
 .data          0x0000000000800100        0x0 UfAusgabe.o
 .data          0x0000000000800100        0x0 DisplayValue.o
 .data          0x0000000000800100        0x0 swuart.o
 .data          0x0000000000800100        0x0 wait1000ms.o
 .data          0x0000000000800100        0x0 ReadADC.o
 .data          0x0000000000800100        0x0 wait_for_key_ms.o
 .data          0x0000000000800100        0x0 RefVoltage.o
 .data          0x0000000000800100        0x0 get_log.o
 .data          0x0000000000800100        0x0 main.o
 .data          0x0000000000800100        0x0 Battery_check.o
 .data          0x0000000000800100        0x0 CheckPins.o
 .data          0x0000000000800100        0x0 GetResistance.o
 .data          0x0000000000800100        0x0 ChargePin10ms.o
 .data          0x0000000000800100        0x0 EntladePins.o
 .data          0x0000000000800100        0x0 ReadCapacity.o
 .data          0x0000000000800100        0x0 GetRLmultip.o
 .data          0x0000000000800100        0x0 Calibrate_UR.o
 .data          0x0000000000800100        0x0 show_Resis_Cap.o
 .data          0x0000000000800100        0x0 ReadInductance.o
 .data          0x0000000000800100        0x0 GetESR.o
 .data          0x0000000000800100        0x0 GetVloss.o
 .data          0x0000000000800100        0x0 GetFrequency.o
 .data          0x0000000000800100        0x0 function_menu.o
 .data          0x0000000000800100        0x0 message_key_released.o
 .data          0x0000000000800100        0x0 ReadBigCap.o
 .data          0x0000000000800100        0x0 CheckRotaryEncoder.o
 .data          0x0000000000800100        0x0 CalibrationCap.o
 .data          0x0000000000800100        0x0 ShowData.o
 .data          0x0000000000800100        0x0 CheckUJT.o
 .data          0x0000000000800100        0x0 EE_check_init.o
 .data          0x0000000000800100        0x0 /usr/lib/gcc/avr/4.8.2/avr5/libgcc.a(_umulhisi3.o)
 .data          0x0000000000800100        0x0 /usr/lib/gcc/avr/4.8.2/avr5/libgcc.a(_usmulhisi3.o)
 .data          0x0000000000800100        0x0 /usr/lib/gcc/avr/4.8.2/avr5/libgcc.a(_muluhisi3.o)
 .data          0x0000000000800100        0x0 /usr/lib/gcc/avr/4.8.2/avr5/libgcc.a(_mulsi3.o)
 .data          0x0000000000800100        0x0 /usr/lib/gcc/avr/4.8.2/avr5/libgcc.a(_udivmodqi4.o)
 .data          0x0000000000800100        0x0 /usr/lib/gcc/avr/4.8.2/avr5/libgcc.a(_udivmodhi4.o)
 .data          0x0000000000800100        0x0 /usr/lib/gcc/avr/4.8.2/avr5/libgcc.a(_udivmodsi4.o)
 .data          0x0000000000800100        0x0 /usr/lib/gcc/avr/4.8.2/avr5/libgcc.a(_divmodsi4.o)
 .data          0x0000000000800100        0x0 /usr/lib/gcc/avr/4.8.2/avr5/libgcc.a(_negsi2.o)
 .data          0x0000000000800100        0x0 /usr/lib/gcc/avr/4.8.2/avr5/libgcc.a(_prologue.o)
 .data          0x0000000000800100        0x0 /usr/lib/gcc/avr/4.8.2/avr5/libgcc.a(_epilogue.o)
 .data          0x0000000000800100        0x0 /usr/lib/gcc/avr/4.8.2/avr5/libgcc.a(_exit.o)
 .data          0x0000000000800100        0x0 /usr/lib/gcc/avr/4.8.2/avr5/libgcc.a(_clear_bss.o)
 .data          0x0000000000800100        0x0 /usr/lib/gcc/avr/4.8.2/../../../avr/lib/avr5/libc.a(utoa.o)
 .data          0x0000000000800100        0x0 /usr/lib/gcc/avr/4.8.2/../../../avr/lib/avr5/libc.a(eerd_byte_atmega168.o)
 .data          0x0000000000800100        0x0 /usr/lib/gcc/avr/4.8.2/../../../avr/lib/avr5/libc.a(eewr_byte_atmega168.o)
 .data          0x0000000000800100        0x0 /usr/lib/gcc/avr/4.8.2/../../../avr/lib/avr5/libc.a(eewr_word_atmega168.o)
 .data          0x0000000000800100        0x0 /usr/lib/gcc/avr/4.8.2/../../../avr/lib/avr5/libc.a(strrev.o)
 *(.data*)
 *(.rodata)
 *(.rodata*)
 *(.gnu.linkonce.d*)
                0x0000000000800100                . = ALIGN (0x2)
                0x0000000000800100                _edata = .
                0x0000000000800100                PROVIDE (__data_end, .)

.bss            0x0000000000800100       0xa3
                0x0000000000800100                PROVIDE (__bss_start, .)
 *(.bss)
 .bss           0x0000000000800100        0x0 /usr/lib/gcc/avr/4.8.2/../../../avr/lib/avr5/crtm168.o
 .bss           0x0000000000800100        0x0 lcd_hw_4_bit.o
 .bss           0x0000000000800100        0x0 lcd-routines.o
 .bss           0x0000000000800100        0x0 i2lcd.o
 .bss           0x0000000000800100        0x0 PinLayout.o
 .bss           0x0000000000800100        0x0 RvalOut.o
 .bss           0x0000000000800100        0x0 UfAusgabe.o
 .bss           0x0000000000800100        0x0 DisplayValue.o
 .bss           0x0000000000800100        0x0 swuart.o
 .bss           0x0000000000800100        0x0 wait1000ms.o
 .bss           0x0000000000800100        0x0 ReadADC.o
 .bss           0x0000000000800100        0x0 wait_for_key_ms.o
 .bss           0x0000000000800100        0x0 RefVoltage.o
 .bss           0x0000000000800100        0x0 get_log.o
 .bss           0x0000000000800100        0x0 main.o
 .bss           0x0000000000800100        0x0 Battery_check.o
 .bss           0x0000000000800100        0x0 CheckPins.o
 .bss           0x0000000000800100        0x0 GetResistance.o
 .bss           0x0000000000800100        0x0 ChargePin10ms.o
 .bss           0x0000000000800100        0x0 EntladePins.o
 .bss           0x0000000000800100        0x0 ReadCapacity.o
 .bss           0x0000000000800100        0x0 GetRLmultip.o
 .bss           0x0000000000800100        0x0 Calibrate_UR.o
 .bss           0x0000000000800100        0x0 show_Resis_Cap.o
 .bss           0x0000000000800100        0x0 ReadInductance.o
 .bss           0x0000000000800100        0x0 GetESR.o
 .bss           0x0000000000800100        0x0 GetVloss.o
 .bss           0x0000000000800100        0x0 GetFrequency.o
 .bss           0x0000000000800100        0x0 function_menu.o
 .bss           0x0000000000800100        0x0 message_key_released.o
 .bss           0x0000000000800100        0x0 ReadBigCap.o
 .bss           0x0000000000800100        0x0 CheckRotaryEncoder.o
 .bss           0x0000000000800100        0x0 CalibrationCap.o
 .bss           0x0000000000800100        0x0 ShowData.o
 .bss           0x0000000000800100        0x0 CheckUJT.o
 .bss           0x0000000000800100        0x0 EE_check_init.o
 .bss           0x0000000000800100        0x0 /usr/lib/gcc/avr/4.8.2/avr5/libgcc.a(_umulhisi3.o)
 .bss           0x0000000000800100        0x0 /usr/lib/gcc/avr/4.8.2/avr5/libgcc.a(_usmulhisi3.o)
 .bss           0x0000000000800100        0x0 /usr/lib/gcc/avr/4.8.2/avr5/libgcc.a(_muluhisi3.o)
 .bss           0x0000000000800100        0x0 /usr/lib/gcc/avr/4.8.2/avr5/libgcc.a(_mulsi3.o)
 .bss           0x0000000000800100        0x0 /usr/lib/gcc/avr/4.8.2/avr5/libgcc.a(_udivmodqi4.o)
 .bss           0x0000000000800100        0x0 /usr/lib/gcc/avr/4.8.2/avr5/libgcc.a(_udivmodhi4.o)
 .bss           0x0000000000800100        0x0 /usr/lib/gcc/avr/4.8.2/avr5/libgcc.a(_udivmodsi4.o)
 .bss           0x0000000000800100        0x0 /usr/lib/gcc/avr/4.8.2/avr5/libgcc.a(_divmodsi4.o)
 .bss           0x0000000000800100        0x0 /usr/lib/gcc/avr/4.8.2/avr5/libgcc.a(_negsi2.o)
 .bss           0x0000000000800100        0x0 /usr/lib/gcc/avr/4.8.2/avr5/libgcc.a(_prologue.o)
 .bss           0x0000000000800100        0x0 /usr/lib/gcc/avr/4.8.2/avr5/libgcc.a(_epilogue.o)
 .bss           0x0000000000800100        0x0 /usr/lib/gcc/avr/4.8.2/avr5/libgcc.a(_exit.o)
 .bss           0x0000000000800100        0x0 /usr/lib/gcc/avr/4.8.2/avr5/libgcc.a(_clear_bss.o)
 .bss           0x0000000000800100        0x0 /usr/lib/gcc/avr/4.8.2/../../../avr/lib/avr5/libc.a(utoa.o)
 .bss           0x0000000000800100        0x0 /usr/lib/gcc/avr/4.8.2/../../../avr/lib/avr5/libc.a(eerd_byte_atmega168.o)
 .bss           0x0000000000800100        0x0 /usr/lib/gcc/avr/4.8.2/../../../avr/lib/avr5/libc.a(eewr_byte_atmega168.o)
 .bss           0x0000000000800100        0x0 /usr/lib/gcc/avr/4.8.2/../../../avr/lib/avr5/libc.a(eewr_word_atmega168.o)
 .bss           0x0000000000800100        0x0 /usr/lib/gcc/avr/4.8.2/../../../avr/lib/avr5/libc.a(strrev.o)
 *(.bss*)
 *(COMMON)
 COMMON         0x0000000000800100        0xd lcd-routines.o
                0x0000000000800100                last_text_column
                0x0000000000800101                inductor_lpre
                0x0000000000800102                last_text_line
                0x0000000000800103                cell_mv
                0x0000000000800109                inductor_lx
 COMMON         0x000000000080010d       0x96 main.o
                0x000000000080010d                diode_sequence
                0x000000000080010e                display_time
                0x0000000000800110                resis680mi
                0x0000000000800112                ref_mv_offs
                0x0000000000800114                NumOfDiodes
                0x0000000000800115                PartMode
                0x0000000000800116                PartFound
                0x0000000000800117                resis680pl
                0x0000000000800119                tmpval
                0x000000000080011a                adc_vcc_reference
                0x000000000080011c                mess_count
                0x000000000080011d                outval
                0x0000000000800127                ADCconfig
                0x000000000080012d                pin_rpl
                0x000000000080012f                ref_mv
                0x0000000000800131                DC_Pwr_mode
                0x0000000000800132                tmpval2
                0x0000000000800133                UnCalibrated
                0x0000000000800134                pin_rmi
                0x0000000000800136                WithReference
                0x0000000000800137                _lcd_column
                0x0000000000800138                _trans
                0x000000000080013a                last_line_used
                0x000000000080013b                ntrans
                0x000000000080014b                empty_count
                0x000000000080014c                pin_combination
                0x000000000080014d                ResistorChecked
                0x0000000000800150                ResistorList
                0x0000000000800153                ptrans
                0x0000000000800163                adc_internal_reference
                0x0000000000800165                ResistorsFound
                0x0000000000800166                RHmultip
                0x0000000000800168                cap
                0x000000000080017c                load_diff
                0x000000000080017e                diodes
                0x0000000000800196                lcd_text_line
                0x0000000000800197                ResistorVal
                0x00000000008001a3                PROVIDE (__bss_end, .)
                0x0000000000003f72                __data_load_start = LOADADDR (.data)
                0x0000000000003f72                __data_load_end = (__data_load_start + SIZEOF (.data))

.noinit         0x00000000008001a3        0x0
                0x00000000008001a3                PROVIDE (__noinit_start, .)
 *(.noinit*)
                0x00000000008001a3                PROVIDE (__noinit_end, .)
                0x00000000008001a3                _end = .
                0x00000000008001a3                PROVIDE (__heap_start, .)

.eeprom         0x0000000000810000      0x1d6
 *(.eeprom*)
 .eeprom        0x0000000000810000      0x1d6 main.o
                0x0000000000810000                PrefixTab
                0x0000000000810008                ResIcon2
                0x0000000000810010                ResIcon1
                0x0000000000810018                DiodeIcon2
                0x0000000000810020                DiodeIcon1
                0x0000000000810028                CapIcon
                0x0000000000810030                RDS_str
                0x0000000000810035                T50HZ
                0x000000000081003b                C0_str
                0x000000000081003f                RILO_str
                0x0000000000810046                RIHI_str
                0x000000000081004d                VERSION_str
                0x000000000081005b                Inductor_str
                0x0000000000810060                Resistor_str
                0x0000000000810065                Dioden
                0x000000000081006a                KatAn_str
                0x000000000081006e                AnKat_str
                0x0000000000810072                Ir_str
                0x0000000000810078                Lis_str
                0x000000000081007b                VLOSS_str
                0x0000000000810083                ESR_str
                0x0000000000810089                VCC_str
                0x000000000081008e                Cell_str
                0x0000000000810094                CapZeich
                0x0000000000810098                Vgs_str
                0x000000000081009d                vt_str
                0x00000000008100a2                Uf_str
                0x00000000008100a6                Ube_str
                0x00000000008100ab                N123_str
                0x00000000008100b1                PNP_str
                0x00000000008100b5                NPN_str
                0x00000000008100b9                Cap_str
                0x00000000008100bc                GateCap_str
                0x00000000008100bf                hfe_str
                0x00000000008100c2                igbt_str
                0x00000000008100c8                jfet_str
                0x00000000008100cd                mosfet_str
                0x00000000008100d2                DC_Pwr_Mode_str
                0x00000000008100de                OK_str
                0x00000000008100e1                Bat_str
                0x00000000008100e7                ATE
                0x00000000008100f0                RELPROBE
                0x0000000000810100                SELFTEST
                0x0000000000810110                TestTimedOut
                0x0000000000810119                Detected
                0x0000000000810123                TestFailed1
                0x0000000000810133                Unknown
                0x000000000081013c                Thyristor
                0x0000000000810145                Triac
                0x000000000081014b                Bauteil
                0x0000000000810150                TestFailed2
                0x0000000000810159                BatEmpty
                0x0000000000810160                BatWeak
                0x0000000000810165                TestRunning
                0x000000000081016e                RLtab
                0x00000000008101c8                EE_ESR_ZEROtab
                0x00000000008101cc                c_zero_tab
                0x00000000008101d3                ref_offset
                0x00000000008101d5                RefDiff
                0x00000000008101d6                __eeprom_end = .

.fuse
 *(.fuse)
 *(.lfuse)
 *(.hfuse)
 *(.efuse)

.lock
 *(.lock*)

.signature
 *(.signature*)

.user_signatures
 *(.user_signatures*)

.stab           0x0000000000000000      0xa98
 *(.stab)
 .stab          0x0000000000000000      0x6cc /usr/lib/gcc/avr/4.8.2/../../../avr/lib/avr5/crtm168.o
 .stab          0x00000000000006cc      0x12c /usr/lib/gcc/avr/4.8.2/../../../avr/lib/avr5/libc.a(utoa.o)
                                        0x138 (size before relaxing)
 .stab          0x00000000000007f8       0x90 /usr/lib/gcc/avr/4.8.2/../../../avr/lib/avr5/libc.a(eerd_byte_atmega168.o)
                                         0x9c (size before relaxing)
 .stab          0x0000000000000888       0xe4 /usr/lib/gcc/avr/4.8.2/../../../avr/lib/avr5/libc.a(eewr_byte_atmega168.o)
                                         0xf0 (size before relaxing)
 .stab          0x000000000000096c       0x54 /usr/lib/gcc/avr/4.8.2/../../../avr/lib/avr5/libc.a(eewr_word_atmega168.o)
                                         0x60 (size before relaxing)
 .stab          0x00000000000009c0       0xd8 /usr/lib/gcc/avr/4.8.2/../../../avr/lib/avr5/libc.a(strrev.o)
                                         0xe4 (size before relaxing)

.stabstr        0x0000000000000000      0x141
 *(.stabstr)
 .stabstr       0x0000000000000000      0x141 /usr/lib/gcc/avr/4.8.2/../../../avr/lib/avr5/crtm168.o

.stab.excl
 *(.stab.excl)

.stab.exclstr
 *(.stab.exclstr)

.stab.index
 *(.stab.index)

.stab.indexstr
 *(.stab.indexstr)

.comment        0x0000000000000000       0x11
 *(.comment)
 .comment       0x0000000000000000       0x11 lcd-routines.o
                                         0x12 (size before relaxing)
 .comment       0x0000000000000000       0x12 DisplayValue.o
 .comment       0x0000000000000000       0x12 main.o
 .comment       0x0000000000000000       0x12 Battery_check.o
 .comment       0x0000000000000000       0x12 CheckPins.o
 .comment       0x0000000000000000       0x12 GetResistance.o
 .comment       0x0000000000000000       0x12 ChargePin10ms.o
 .comment       0x0000000000000000       0x12 EntladePins.o
 .comment       0x0000000000000000       0x12 ReadCapacity.o
 .comment       0x0000000000000000       0x12 Calibrate_UR.o
 .comment       0x0000000000000000       0x12 show_Resis_Cap.o
 .comment       0x0000000000000000       0x12 ReadInductance.o
 .comment       0x0000000000000000       0x12 GetVloss.o
 .comment       0x0000000000000000       0x12 GetFrequency.o
 .comment       0x0000000000000000       0x12 function_menu.o
 .comment       0x0000000000000000       0x12 message_key_released.o
 .comment       0x0000000000000000       0x12 ReadBigCap.o
 .comment       0x0000000000000000       0x12 CheckRotaryEncoder.o
 .comment       0x0000000000000000       0x12 CalibrationCap.o
 .comment       0x0000000000000000       0x12 ShowData.o
 .comment       0x0000000000000000       0x12 CheckUJT.o
 .comment       0x0000000000000000       0x12 EE_check_init.o

.debug
 *(.debug)

.line
 *(.line)

.debug_srcinfo
 *(.debug_srcinfo)

.debug_sfnames
 *(.debug_sfnames)

.debug_aranges  0x0000000000000000      0x428
 *(.debug_aranges)
 .debug_aranges
                0x0000000000000000       0x20 lcd_hw_4_bit.o
 .debug_aranges
                0x0000000000000020       0x20 lcd-routines.o
 .debug_aranges
                0x0000000000000040       0x20 i2lcd.o
 .debug_aranges
                0x0000000000000060       0x20 PinLayout.o
 .debug_aranges
                0x0000000000000080       0x20 RvalOut.o
 .debug_aranges
                0x00000000000000a0       0x20 UfAusgabe.o
 .debug_aranges
                0x00000000000000c0       0x20 DisplayValue.o
 .debug_aranges
                0x00000000000000e0       0x20 swuart.o
 .debug_aranges
                0x0000000000000100       0x20 wait1000ms.o
 .debug_aranges
                0x0000000000000120       0x20 ReadADC.o
 .debug_aranges
                0x0000000000000140       0x20 wait_for_key_ms.o
 .debug_aranges
                0x0000000000000160       0x20 RefVoltage.o
 .debug_aranges
                0x0000000000000180       0x20 get_log.o
 .debug_aranges
                0x00000000000001a0       0x28 main.o
 .debug_aranges
                0x00000000000001c8       0x20 Battery_check.o
 .debug_aranges
                0x00000000000001e8       0x20 CheckPins.o
 .debug_aranges
                0x0000000000000208       0x20 GetResistance.o
 .debug_aranges
                0x0000000000000228       0x20 ChargePin10ms.o
 .debug_aranges
                0x0000000000000248       0x20 EntladePins.o
 .debug_aranges
                0x0000000000000268       0x20 ReadCapacity.o
 .debug_aranges
                0x0000000000000288       0x20 GetRLmultip.o
 .debug_aranges
                0x00000000000002a8       0x20 Calibrate_UR.o
 .debug_aranges
                0x00000000000002c8       0x20 show_Resis_Cap.o
 .debug_aranges
                0x00000000000002e8       0x20 ReadInductance.o
 .debug_aranges
                0x0000000000000308       0x20 GetESR.o
 .debug_aranges
                0x0000000000000328       0x20 GetVloss.o
 .debug_aranges
                0x0000000000000348       0x18 GetFrequency.o
 .debug_aranges
                0x0000000000000360       0x18 function_menu.o
 .debug_aranges
                0x0000000000000378       0x18 message_key_released.o
 .debug_aranges
                0x0000000000000390       0x18 ReadBigCap.o
 .debug_aranges
                0x00000000000003a8       0x18 CheckRotaryEncoder.o
 .debug_aranges
                0x00000000000003c0       0x18 CalibrationCap.o
 .debug_aranges
                0x00000000000003d8       0x18 ShowData.o
 .debug_aranges
                0x00000000000003f0       0x18 CheckUJT.o
 .debug_aranges
                0x0000000000000408       0x20 EE_check_init.o

.debug_pubnames
 *(.debug_pubnames)

.debug_info     0x0000000000000000     0x77a6
 *(.debug_info)
 .debug_info    0x0000000000000000       0x7d lcd_hw_4_bit.o
 .debug_info    0x000000000000007d      0xbca lcd-routines.o
 .debug_info    0x0000000000000c47       0x76 i2lcd.o
 .debug_info    0x0000000000000cbd       0x7a PinLayout.o
 .debug_info    0x0000000000000d37       0x78 RvalOut.o
 .debug_info    0x0000000000000daf       0x7a UfAusgabe.o
 .debug_info    0x0000000000000e29      0x3b9 DisplayValue.o
 .debug_info    0x00000000000011e2       0x77 swuart.o
 .debug_info    0x0000000000001259       0x7b wait1000ms.o
 .debug_info    0x00000000000012d4       0x78 ReadADC.o
 .debug_info    0x000000000000134c       0x80 wait_for_key_ms.o
 .debug_info    0x00000000000013cc       0x7b RefVoltage.o
 .debug_info    0x0000000000001447       0x78 get_log.o
 .debug_info    0x00000000000014bf     0x28df main.o
 .debug_info    0x0000000000003d9e      0x2aa Battery_check.o
 .debug_info    0x0000000000004048     0x100b CheckPins.o
 .debug_info    0x0000000000005053      0x687 GetResistance.o
 .debug_info    0x00000000000056da      0x10d ChargePin10ms.o
 .debug_info    0x00000000000057e7      0x1f2 EntladePins.o
 .debug_info    0x00000000000059d9      0x5c5 ReadCapacity.o
 .debug_info    0x0000000000005f9e       0x7c GetRLmultip.o
 .debug_info    0x000000000000601a      0x315 Calibrate_UR.o
 .debug_info    0x000000000000632f      0x5a6 show_Resis_Cap.o
 .debug_info    0x00000000000068d5      0x4c1 ReadInductance.o
 .debug_info    0x0000000000006d96       0x77 GetESR.o
 .debug_info    0x0000000000006e0d      0x35d GetVloss.o
 .debug_info    0x000000000000716a       0xae GetFrequency.o
 .debug_info    0x0000000000007218       0xae function_menu.o
 .debug_info    0x00000000000072c6       0xae message_key_released.o
 .debug_info    0x0000000000007374       0xae ReadBigCap.o
 .debug_info    0x0000000000007422       0xae CheckRotaryEncoder.o
 .debug_info    0x00000000000074d0       0xae CalibrationCap.o
 .debug_info    0x000000000000757e       0xae ShowData.o
 .debug_info    0x000000000000762c       0xae CheckUJT.o
 .debug_info    0x00000000000076da       0xcc EE_check_init.o
 *(.gnu.linkonce.wi.*)

.debug_abbrev   0x0000000000000000     0x18f2
 *(.debug_abbrev)
 .debug_abbrev  0x0000000000000000       0x14 lcd_hw_4_bit.o
 .debug_abbrev  0x0000000000000014      0x26e lcd-routines.o
 .debug_abbrev  0x0000000000000282       0x14 i2lcd.o
 .debug_abbrev  0x0000000000000296       0x14 PinLayout.o
 .debug_abbrev  0x00000000000002aa       0x14 RvalOut.o
 .debug_abbrev  0x00000000000002be       0x14 UfAusgabe.o
 .debug_abbrev  0x00000000000002d2      0x134 DisplayValue.o
 .debug_abbrev  0x0000000000000406       0x14 swuart.o
 .debug_abbrev  0x000000000000041a       0x14 wait1000ms.o
 .debug_abbrev  0x000000000000042e       0x14 ReadADC.o
 .debug_abbrev  0x0000000000000442       0x14 wait_for_key_ms.o
 .debug_abbrev  0x0000000000000456       0x14 RefVoltage.o
 .debug_abbrev  0x000000000000046a       0x14 get_log.o
 .debug_abbrev  0x000000000000047e      0x35a main.o
 .debug_abbrev  0x00000000000007d8      0x11e Battery_check.o
 .debug_abbrev  0x00000000000008f6      0x1b9 CheckPins.o
 .debug_abbrev  0x0000000000000aaf      0x17d GetResistance.o
 .debug_abbrev  0x0000000000000c2c       0x9f ChargePin10ms.o
 .debug_abbrev  0x0000000000000ccb       0xe5 EntladePins.o
 .debug_abbrev  0x0000000000000db0      0x1ea ReadCapacity.o
 .debug_abbrev  0x0000000000000f9a       0x14 GetRLmultip.o
 .debug_abbrev  0x0000000000000fae      0x132 Calibrate_UR.o
 .debug_abbrev  0x00000000000010e0      0x200 show_Resis_Cap.o
 .debug_abbrev  0x00000000000012e0      0x172 ReadInductance.o
 .debug_abbrev  0x0000000000001452       0x14 GetESR.o
 .debug_abbrev  0x0000000000001466      0x16a GetVloss.o
 .debug_abbrev  0x00000000000015d0       0x56 GetFrequency.o
 .debug_abbrev  0x0000000000001626       0x56 function_menu.o
 .debug_abbrev  0x000000000000167c       0x56 message_key_released.o
 .debug_abbrev  0x00000000000016d2       0x56 ReadBigCap.o
 .debug_abbrev  0x0000000000001728       0x56 CheckRotaryEncoder.o
 .debug_abbrev  0x000000000000177e       0x56 CalibrationCap.o
 .debug_abbrev  0x00000000000017d4       0x56 ShowData.o
 .debug_abbrev  0x000000000000182a       0x56 CheckUJT.o
 .debug_abbrev  0x0000000000001880       0x72 EE_check_init.o

.debug_line     0x0000000000000000     0x1ee1
 *(.debug_line)
 .debug_line    0x0000000000000000       0x6c lcd_hw_4_bit.o
 .debug_line    0x000000000000006c      0x1b5 lcd-routines.o
 .debug_line    0x0000000000000221       0x4d i2lcd.o
 .debug_line    0x000000000000026e       0x6c PinLayout.o
 .debug_line    0x00000000000002da       0x5b RvalOut.o
 .debug_line    0x0000000000000335       0x9f UfAusgabe.o
 .debug_line    0x00000000000003d4      0x136 DisplayValue.o
 .debug_line    0x000000000000050a       0x39 swuart.o
 .debug_line    0x0000000000000543       0x67 wait1000ms.o
 .debug_line    0x00000000000005aa       0x94 ReadADC.o
 .debug_line    0x000000000000063e       0x9a wait_for_key_ms.o
 .debug_line    0x00000000000006d8       0x83 RefVoltage.o
 .debug_line    0x000000000000075b       0x59 get_log.o
 .debug_line    0x00000000000007b4      0x467 main.o
 .debug_line    0x0000000000000c1b       0xe3 Battery_check.o
 .debug_line    0x0000000000000cfe      0x318 CheckPins.o
 .debug_line    0x0000000000001016      0x13d GetResistance.o
 .debug_line    0x0000000000001153       0x98 ChargePin10ms.o
 .debug_line    0x00000000000011eb       0xf8 EntladePins.o
 .debug_line    0x00000000000012e3      0x1d8 ReadCapacity.o
 .debug_line    0x00000000000014bb       0x76 GetRLmultip.o
 .debug_line    0x0000000000001531       0xd3 Calibrate_UR.o
 .debug_line    0x0000000000001604      0x121 show_Resis_Cap.o
 .debug_line    0x0000000000001725      0x18c ReadInductance.o
 .debug_line    0x00000000000018b1      0x1a9 GetESR.o
 .debug_line    0x0000000000001a5a      0x110 GetVloss.o
 .debug_line    0x0000000000001b6a       0x5f GetFrequency.o
 .debug_line    0x0000000000001bc9       0x5f function_menu.o
 .debug_line    0x0000000000001c28       0x5f message_key_released.o
 .debug_line    0x0000000000001c87       0x5f ReadBigCap.o
 .debug_line    0x0000000000001ce6       0x5f CheckRotaryEncoder.o
 .debug_line    0x0000000000001d45       0x5f CalibrationCap.o
 .debug_line    0x0000000000001da4       0x5f ShowData.o
 .debug_line    0x0000000000001e03       0x5f CheckUJT.o
 .debug_line    0x0000000000001e62       0x7f EE_check_init.o

.debug_frame    0x0000000000000000      0x6bc
 *(.debug_frame)
 .debug_frame   0x0000000000000000      0x214 lcd-routines.o
 .debug_frame   0x0000000000000214       0x7c DisplayValue.o
 .debug_frame   0x0000000000000290      0x134 main.o
 .debug_frame   0x00000000000003c4       0x38 Battery_check.o
 .debug_frame   0x00000000000003fc       0x4c CheckPins.o
 .debug_frame   0x0000000000000448       0x48 GetResistance.o
 .debug_frame   0x0000000000000490       0x2c ChargePin10ms.o
 .debug_frame   0x00000000000004bc       0x3c EntladePins.o
 .debug_frame   0x00000000000004f8       0x6c ReadCapacity.o
 .debug_frame   0x0000000000000564       0x40 Calibrate_UR.o
 .debug_frame   0x00000000000005a4       0x6c show_Resis_Cap.o
 .debug_frame   0x0000000000000610       0x4c ReadInductance.o
 .debug_frame   0x000000000000065c       0x3c GetVloss.o
 .debug_frame   0x0000000000000698       0x24 EE_check_init.o

.debug_str      0x0000000000000000     0x109e
 *(.debug_str)
 .debug_str     0x0000000000000000      0x456 lcd-routines.o
                                        0x4b5 (size before relaxing)
 .debug_str     0x0000000000000456       0x80 DisplayValue.o
                                        0x23c (size before relaxing)
 .debug_str     0x00000000000004d6      0x6cd main.o
                                        0xa9b (size before relaxing)
 .debug_str     0x0000000000000ba3       0x3a Battery_check.o
                                        0x245 (size before relaxing)
 .debug_str     0x0000000000000bdd      0x157 CheckPins.o
                                        0x3ad (size before relaxing)
 .debug_str     0x0000000000000d34       0x33 GetResistance.o
                                        0x365 (size before relaxing)
 .debug_str     0x0000000000000d67       0x2f ChargePin10ms.o
                                        0x1b1 (size before relaxing)
 .debug_str     0x0000000000000d96       0x31 EntladePins.o
                                        0x1d9 (size before relaxing)
 .debug_str     0x0000000000000dc7       0xb4 ReadCapacity.o
                                        0x39a (size before relaxing)
 .debug_str     0x0000000000000e7b       0x35 Calibrate_UR.o
                                        0x26e (size before relaxing)
 .debug_str     0x0000000000000eb0       0x7b show_Resis_Cap.o
                                        0x333 (size before relaxing)
 .debug_str     0x0000000000000f2b       0x9b ReadInductance.o
                                        0x319 (size before relaxing)
 .debug_str     0x0000000000000fc6       0x20 GetVloss.o
                                        0x260 (size before relaxing)
 .debug_str     0x0000000000000fe6       0x12 GetFrequency.o
                                        0x175 (size before relaxing)
 .debug_str     0x0000000000000ff8       0x13 function_menu.o
                                        0x176 (size before relaxing)
 .debug_str     0x000000000000100b       0x1a message_key_released.o
                                        0x17d (size before relaxing)
 .debug_str     0x0000000000001025       0x10 ReadBigCap.o
                                        0x173 (size before relaxing)
 .debug_str     0x0000000000001035       0x18 CheckRotaryEncoder.o
                                        0x17b (size before relaxing)
 .debug_str     0x000000000000104d       0x14 CalibrationCap.o
                                        0x177 (size before relaxing)
 .debug_str     0x0000000000001061        0xe ShowData.o
                                        0x171 (size before relaxing)
 .debug_str     0x000000000000106f        0xe CheckUJT.o
                                        0x171 (size before relaxing)
 .debug_str     0x000000000000107d       0x21 EE_check_init.o
                                        0x184 (size before relaxing)

.debug_loc      0x0000000000000000     0x3d3f
 *(.debug_loc)
 .debug_loc     0x0000000000000000      0x43f lcd-routines.o
 .debug_loc     0x000000000000043f      0x3f2 DisplayValue.o
 .debug_loc     0x0000000000000831      0x78a main.o
 .debug_loc     0x0000000000000fbb       0x89 Battery_check.o
 .debug_loc     0x0000000000001044     0x17a1 CheckPins.o
 .debug_loc     0x00000000000027e5      0x78d GetResistance.o
 .debug_loc     0x0000000000002f72       0x72 ChargePin10ms.o
 .debug_loc     0x0000000000002fe4      0x1b6 EntladePins.o
 .debug_loc     0x000000000000319a      0x359 ReadCapacity.o
 .debug_loc     0x00000000000034f3       0x72 Calibrate_UR.o
 .debug_loc     0x0000000000003565      0x165 show_Resis_Cap.o
 .debug_loc     0x00000000000036ca      0x45d ReadInductance.o
 .debug_loc     0x0000000000003b27      0x218 GetVloss.o

.debug_macinfo
 *(.debug_macinfo)

.debug_pubtypes
 *(.debug_pubtypes)

.debug_ranges   0x0000000000000000       0x18
 *(.debug_ranges)
 .debug_ranges  0x0000000000000000       0x18 main.o

.debug_macro
 *(.debug_macro)
OUTPUT(TransistorTester.elf elf32-avr)
LOAD linker stubs
