Archive member included because of file (symbol)

/usr/lib/gcc/avr/4.5.3/avr5/libgcc.a(_mulsi3.o)
                              main.o (__mulsi3)
/usr/lib/gcc/avr/4.5.3/avr5/libgcc.a(_udivmodqi4.o)
                              main.o (__udivmodqi4)
/usr/lib/gcc/avr/4.5.3/avr5/libgcc.a(_udivmodhi4.o)
                              main.o (__udivmodhi4)
/usr/lib/gcc/avr/4.5.3/avr5/libgcc.a(_udivmodsi4.o)
                              main.o (__udivmodsi4)
/usr/lib/gcc/avr/4.5.3/avr5/libgcc.a(_divmodsi4.o)
                              main.o (__divmodsi4)
/usr/lib/gcc/avr/4.5.3/avr5/libgcc.a(_exit.o)
                              /usr/lib/gcc/avr/4.5.3/../../../avr/lib/avr5/crtm168.o (exit)
/usr/lib/gcc/avr/4.5.3/avr5/libgcc.a(_copy_data.o)
                              main.o (__do_copy_data)
/usr/lib/gcc/avr/4.5.3/avr5/libgcc.a(_clear_bss.o)
                              main.o (__do_clear_bss)
/usr/lib/gcc/avr/4.5.3/../../../avr/lib/avr5/libc.a(itoa.o)
                              main.o (itoa)
/usr/lib/gcc/avr/4.5.3/../../../avr/lib/avr5/libc.a(utoa.o)
                              main.o (utoa)
/usr/lib/gcc/avr/4.5.3/../../../avr/lib/avr5/libc.a(eerd_byte_atmega168.o)
                              lcd-routines.o (__eerd_byte_m168)
/usr/lib/gcc/avr/4.5.3/../../../avr/lib/avr5/libc.a(eerd_word_atmega168.o)
                              main.o (__eerd_word_m168)
/usr/lib/gcc/avr/4.5.3/../../../avr/lib/avr5/libc.a(eewr_byte_atmega168.o)
                              main.o (__eewr_byte_m168)
/usr/lib/gcc/avr/4.5.3/../../../avr/lib/avr5/libc.a(eewr_word_atmega168.o)
                              main.o (__eewr_word_m168)
/usr/lib/gcc/avr/4.5.3/../../../avr/lib/avr5/libc.a(strrev.o)
                              /usr/lib/gcc/avr/4.5.3/../../../avr/lib/avr5/libc.a(itoa.o) (strrev)
/usr/lib/gcc/avr/4.5.3/../../../avr/lib/avr5/libc.a(eerd_block_atmega168.o)
                              /usr/lib/gcc/avr/4.5.3/../../../avr/lib/avr5/libc.a(eerd_word_atmega168.o) (__eerd_blraw_m168)

Allocating common symbols
Common symbol       size              file

resis680mi          0x2               main.o
PartReady           0x1               main.o
NumOfDiodes         0x1               main.o
PartMode            0x1               main.o
PartFound           0x1               main.o
resis680pl          0x2               main.o
tmpval              0x1               main.o
mess_count          0x1               main.o
outval              0xc               main.o
resis               0x24              main.o
ADCconfig           0x6               main.o
pin_rpl             0x2               main.o
ref_mv              0x2               main.o
tmpval2             0x1               main.o
pin_rmi             0x2               main.o
WithReference       0x1               main.o
empty_count         0x1               main.o
ii                  0x1               main.o
pin_combination     0x1               main.o
ovcnt16             0x2               main.o
trans               0xf               main.o
ResistorsFound      0x1               main.o
gthvoltage          0x2               main.o
unfinished          0x1               main.o
cap                 0x14              main.o
load_diff           0x2               main.o
diodes              0x18              main.o

Memory Configuration

Name             Origin             Length             Attributes
text             0x0000000000000000 0x0000000000020000 xr
data             0x0000000000800060 0x000000000000ffa0 rw !x
eeprom           0x0000000000810000 0x0000000000010000 rw !x
fuse             0x0000000000820000 0x0000000000000400 rw !x
lock             0x0000000000830000 0x0000000000000400 rw !x
signature        0x0000000000840000 0x0000000000000400 rw !x
*default*        0x0000000000000000 0xffffffffffffffff

Linker script and memory map

Address of section .data set to 0x800100
LOAD /usr/lib/gcc/avr/4.5.3/../../../avr/lib/avr5/crtm168.o
LOAD lcd-routines.o
LOAD lcd_hw_4_bit.o
LOAD main.o
LOAD swuart.o
LOAD wait1000ms.o
LOAD ReadCapacity.o
LOAD ReadInductance.o
LOAD ReadADC.o
LOAD GetESR.o
LOAD GetVloss.o
LOAD Calibrate_UR.o
LOAD /usr/lib/gcc/avr/4.5.3/avr5/libgcc.a
LOAD /usr/lib/gcc/avr/4.5.3/../../../avr/lib/avr5/libc.a
LOAD /usr/lib/gcc/avr/4.5.3/avr5/libgcc.a

.hash
 *(.hash)

.dynsym
 *(.dynsym)

.dynstr
 *(.dynstr)

.gnu.version
 *(.gnu.version)

.gnu.version_d
 *(.gnu.version_d)

.gnu.version_r
 *(.gnu.version_r)

.rel.init
 *(.rel.init)

.rela.init
 *(.rela.init)

.rel.text
 *(.rel.text)
 *(.rel.text.*)
 *(.rel.gnu.linkonce.t*)

.rela.text
 *(.rela.text)
 *(.rela.text.*)
 *(.rela.gnu.linkonce.t*)

.rel.fini
 *(.rel.fini)

.rela.fini
 *(.rela.fini)

.rel.rodata
 *(.rel.rodata)
 *(.rel.rodata.*)
 *(.rel.gnu.linkonce.r*)

.rela.rodata
 *(.rela.rodata)
 *(.rela.rodata.*)
 *(.rela.gnu.linkonce.r*)

.rel.data
 *(.rel.data)
 *(.rel.data.*)
 *(.rel.gnu.linkonce.d*)

.rela.data
 *(.rela.data)
 *(.rela.data.*)
 *(.rela.gnu.linkonce.d*)

.rel.ctors
 *(.rel.ctors)

.rela.ctors
 *(.rela.ctors)

.rel.dtors
 *(.rel.dtors)

.rela.dtors
 *(.rela.dtors)

.rel.got
 *(.rel.got)

.rela.got
 *(.rela.got)

.rel.bss
 *(.rel.bss)

.rela.bss
 *(.rela.bss)

.rel.plt
 *(.rel.plt)

.rela.plt
 *(.rela.plt)

.text           0x0000000000000000     0x3f40
 *(.vectors)
 .vectors       0x0000000000000000       0x68 /usr/lib/gcc/avr/4.5.3/../../../avr/lib/avr5/crtm168.o
                0x0000000000000000                __vectors
                0x0000000000000000                __vector_default
 *(.vectors)
 *(.progmem.gcc*)
 *(.progmem*)
 .progmem.data  0x0000000000000068       0x80 main.o
                0x0000000000000068                LogTab
                0x00000000000000c6                RHtab
                0x00000000000000d8                URefT
                0x00000000000000dd                RHfakt
                0x00000000000000e2                PinRLtab
                0x00000000000000e5                PinADCtab
                0x00000000000000e8                . = ALIGN (0x2)
                0x00000000000000e8                __trampolines_start = .
 *(.trampolines)
 .trampolines   0x00000000000000e8        0x0 linker stubs
 *(.trampolines*)
                0x00000000000000e8                __trampolines_end = .
 *(.jumptables)
 *(.jumptables*)
 *(.lowtext)
 *(.lowtext*)
                0x00000000000000e8                __ctors_start = .
 *(.ctors)
                0x00000000000000e8                __ctors_end = .
                0x00000000000000e8                __dtors_start = .
 *(.dtors)
                0x00000000000000e8                __dtors_end = .
 SORT(*)(.ctors)
 SORT(*)(.dtors)
 *(.init0)
 .init0         0x00000000000000e8        0x0 /usr/lib/gcc/avr/4.5.3/../../../avr/lib/avr5/crtm168.o
                0x00000000000000e8                __init
 *(.init0)
 *(.init1)
 *(.init1)
 *(.init2)
 .init2         0x00000000000000e8        0xc /usr/lib/gcc/avr/4.5.3/../../../avr/lib/avr5/crtm168.o
 *(.init2)
 *(.init3)
 *(.init3)
 *(.init4)
 .init4         0x00000000000000f4       0x16 /usr/lib/gcc/avr/4.5.3/avr5/libgcc.a(_copy_data.o)
                0x00000000000000f4                __do_copy_data
 .init4         0x000000000000010a       0x10 /usr/lib/gcc/avr/4.5.3/avr5/libgcc.a(_clear_bss.o)
                0x000000000000010a                __do_clear_bss
 *(.init4)
 *(.init5)
 *(.init5)
 *(.init6)
 *(.init6)
 *(.init7)
 *(.init7)
 *(.init8)
 *(.init8)
 *(.init9)
 .init9         0x000000000000011a        0x8 /usr/lib/gcc/avr/4.5.3/../../../avr/lib/avr5/crtm168.o
 *(.init9)
 *(.text)
 .text          0x0000000000000122        0x4 /usr/lib/gcc/avr/4.5.3/../../../avr/lib/avr5/crtm168.o
                0x0000000000000122                __vector_22
                0x0000000000000122                __vector_1
                0x0000000000000122                __vector_24
                0x0000000000000122                __vector_12
                0x0000000000000122                __bad_interrupt
                0x0000000000000122                __vector_6
                0x0000000000000122                __vector_3
                0x0000000000000122                __vector_23
                0x0000000000000122                __vector_25
                0x0000000000000122                __vector_11
                0x0000000000000122                __vector_17
                0x0000000000000122                __vector_19
                0x0000000000000122                __vector_5
                0x0000000000000122                __vector_4
                0x0000000000000122                __vector_9
                0x0000000000000122                __vector_2
                0x0000000000000122                __vector_15
                0x0000000000000122                __vector_8
                0x0000000000000122                __vector_14
                0x0000000000000122                __vector_16
                0x0000000000000122                __vector_18
                0x0000000000000122                __vector_20
 .text          0x0000000000000126      0x1b2 lcd-routines.o
                0x0000000000000126                lcd_data
                0x0000000000000190                lcd_space
                0x0000000000000198                lcd_testpin
                0x00000000000001a0                uart_newline
                0x00000000000001ae                lcd_command
                0x00000000000001ce                lcd_clear
                0x00000000000001e8                lcd_init
                0x0000000000000240                lcd_string
                0x0000000000000268                lcd_pgm_string
                0x0000000000000288                lcd_fix_string
                0x00000000000002aa                lcd_fix_customchar
 .text          0x00000000000002d8       0x5c lcd_hw_4_bit.o
                0x00000000000002d8                _lcd_hw_write
 .text          0x0000000000000334     0x2438 main.o
                0x0000000000000334                __vector_7
                0x0000000000000336                __vector_21
                0x0000000000000338                EntladePins
                0x000000000000046e                RefVoltage
                0x00000000000004f2                lcd_clear_line
                0x0000000000000502                DisplayValue
                0x000000000000066e                RvalOut
                0x00000000000006a2                mVAusgabe
                0x00000000000006d2                UfAusgabe
                0x00000000000006fa                sleep_5ms
                0x0000000000000740                ChargePin10ms
                0x0000000000000776                CheckPins
                0x00000000000014ee                PinLayout
                0x0000000000001554                AutoCheck
                0x0000000000001daa                main
 .text          0x000000000000276c       0x2a swuart.o
                0x000000000000276c                uart_putc
 .text          0x0000000000002796       0x4a wait1000ms.o
                0x0000000000002796                wait5s
                0x0000000000002798                wait4s
                0x000000000000279a                wait3s
                0x000000000000279c                wait2s
                0x000000000000279e                wait1000ms
                0x000000000000279e                wait1s
                0x00000000000027a0                wait500ms
                0x00000000000027a2                wait400ms
                0x00000000000027a4                wait300ms
                0x00000000000027a6                wait200ms
                0x00000000000027a8                wait100ms
                0x00000000000027ac                wait50ms
                0x00000000000027ae                wait40ms
                0x00000000000027b0                wait30ms
                0x00000000000027b2                wait20ms
                0x00000000000027b4                wait10ms
                0x00000000000027b6                wait5ms
                0x00000000000027b8                wait4ms
                0x00000000000027ba                wait3ms
                0x00000000000027bc                wait2ms
                0x00000000000027be                wait1ms
                0x00000000000027c0                wait500us
                0x00000000000027c2                wait400us
                0x00000000000027c4                wait300us
                0x00000000000027c6                wait200us
                0x00000000000027c8                wait100us
                0x00000000000027ca                wait50us
                0x00000000000027cc                wait40us
                0x00000000000027ce                wait30us
                0x00000000000027d0                wait20us
                0x00000000000027d2                wait10us
                0x00000000000027d4                wait5us
                0x00000000000027d6                wait4us
                0x00000000000027d8                wait3us
                0x00000000000027da                wait2us
                0x00000000000027dc                wait1us
 .text          0x00000000000027e0      0x708 ReadCapacity.o
                0x00000000000027e0                getRLmultip
                0x0000000000002864                Scale_C_with_vcc
                0x0000000000002904                ReadCapacity
                0x0000000000002ea2                __vector_13
                0x0000000000002ed0                __vector_10
 .text          0x0000000000002ee8      0x558 ReadInductance.o
                0x0000000000002ee8                get_log
                0x0000000000002f3a                ReadInductance
 .text          0x0000000000003440      0x12a ReadADC.o
                0x0000000000003440                ReadADC
                0x0000000000003528                W5msReadADC
                0x000000000000353e                W10msReadADC
                0x0000000000003554                W20msReadADC
 .text          0x000000000000356a      0x470 GetESR.o
                0x000000000000356a                GetESR
 .text          0x00000000000039da      0x174 GetVloss.o
                0x00000000000039da                GetVloss
 .text          0x0000000000003b4e      0x206 Calibrate_UR.o
                0x0000000000003b4e                Calibrate_UR
 .text          0x0000000000003d54        0x0 /usr/lib/gcc/avr/4.5.3/avr5/libgcc.a(_mulsi3.o)
 .text          0x0000000000003d54        0x0 /usr/lib/gcc/avr/4.5.3/avr5/libgcc.a(_udivmodqi4.o)
 .text          0x0000000000003d54        0x0 /usr/lib/gcc/avr/4.5.3/avr5/libgcc.a(_udivmodhi4.o)
 .text          0x0000000000003d54        0x0 /usr/lib/gcc/avr/4.5.3/avr5/libgcc.a(_udivmodsi4.o)
 .text          0x0000000000003d54        0x0 /usr/lib/gcc/avr/4.5.3/avr5/libgcc.a(_divmodsi4.o)
 .text          0x0000000000003d54        0x0 /usr/lib/gcc/avr/4.5.3/avr5/libgcc.a(_exit.o)
 .text          0x0000000000003d54        0x0 /usr/lib/gcc/avr/4.5.3/avr5/libgcc.a(_copy_data.o)
 .text          0x0000000000003d54        0x0 /usr/lib/gcc/avr/4.5.3/avr5/libgcc.a(_clear_bss.o)
 .text          0x0000000000003d54        0x0 /usr/lib/gcc/avr/4.5.3/../../../avr/lib/avr5/libc.a(itoa.o)
 .text          0x0000000000003d54        0x0 /usr/lib/gcc/avr/4.5.3/../../../avr/lib/avr5/libc.a(utoa.o)
 .text          0x0000000000003d54        0x0 /usr/lib/gcc/avr/4.5.3/../../../avr/lib/avr5/libc.a(eerd_byte_atmega168.o)
 .text          0x0000000000003d54        0x0 /usr/lib/gcc/avr/4.5.3/../../../avr/lib/avr5/libc.a(eerd_word_atmega168.o)
 .text          0x0000000000003d54        0x0 /usr/lib/gcc/avr/4.5.3/../../../avr/lib/avr5/libc.a(eewr_byte_atmega168.o)
 .text          0x0000000000003d54        0x0 /usr/lib/gcc/avr/4.5.3/../../../avr/lib/avr5/libc.a(eewr_word_atmega168.o)
 .text          0x0000000000003d54        0x0 /usr/lib/gcc/avr/4.5.3/../../../avr/lib/avr5/libc.a(strrev.o)
 .text          0x0000000000003d54        0x0 /usr/lib/gcc/avr/4.5.3/../../../avr/lib/avr5/libc.a(eerd_block_atmega168.o)
                0x0000000000003d54                . = ALIGN (0x2)
 *(.text.*)
 .text.libgcc   0x0000000000003d54       0x3e /usr/lib/gcc/avr/4.5.3/avr5/libgcc.a(_mulsi3.o)
                0x0000000000003d54                __mulsi3
 .text.libgcc   0x0000000000003d92       0x18 /usr/lib/gcc/avr/4.5.3/avr5/libgcc.a(_udivmodqi4.o)
                0x0000000000003d92                __udivmodqi4
 .text.libgcc   0x0000000000003daa       0x28 /usr/lib/gcc/avr/4.5.3/avr5/libgcc.a(_udivmodhi4.o)
                0x0000000000003daa                __udivmodhi4
 .text.libgcc   0x0000000000003dd2       0x44 /usr/lib/gcc/avr/4.5.3/avr5/libgcc.a(_udivmodsi4.o)
                0x0000000000003dd2                __udivmodsi4
 .text.libgcc   0x0000000000003e16       0x36 /usr/lib/gcc/avr/4.5.3/avr5/libgcc.a(_divmodsi4.o)
                0x0000000000003e16                __divmodsi4
 .text.libgcc   0x0000000000003e4c        0x0 /usr/lib/gcc/avr/4.5.3/avr5/libgcc.a(_exit.o)
 .text.libgcc   0x0000000000003e4c        0x0 /usr/lib/gcc/avr/4.5.3/avr5/libgcc.a(_copy_data.o)
 .text.libgcc   0x0000000000003e4c        0x0 /usr/lib/gcc/avr/4.5.3/avr5/libgcc.a(_clear_bss.o)
 .text.avr-libc
                0x0000000000003e4c       0x42 /usr/lib/gcc/avr/4.5.3/../../../avr/lib/avr5/libc.a(itoa.o)
                0x0000000000003e4c                itoa
 .text.avr-libc
                0x0000000000003e8e       0x2c /usr/lib/gcc/avr/4.5.3/../../../avr/lib/avr5/libc.a(utoa.o)
                0x0000000000003e8e                utoa
 .text.avr-libc
                0x0000000000003eba       0x10 /usr/lib/gcc/avr/4.5.3/../../../avr/lib/avr5/libc.a(eerd_byte_atmega168.o)
                0x0000000000003eba                __eerd_byte_m168
 .text.avr-libc
                0x0000000000003eca        0xc /usr/lib/gcc/avr/4.5.3/../../../avr/lib/avr5/libc.a(eerd_word_atmega168.o)
                0x0000000000003eca                __eerd_word_m168
 .text.avr-libc
                0x0000000000003ed6       0x1c /usr/lib/gcc/avr/4.5.3/../../../avr/lib/avr5/libc.a(eewr_byte_atmega168.o)
                0x0000000000003ed6                __eewr_byte_m168
                0x0000000000003ed8                __eewr_r18_m168
 .text.avr-libc
                0x0000000000003ef2        0xa /usr/lib/gcc/avr/4.5.3/../../../avr/lib/avr5/libc.a(eewr_word_atmega168.o)
                0x0000000000003ef2                __eewr_word_m168
 .text.avr-libc
                0x0000000000003efc       0x20 /usr/lib/gcc/avr/4.5.3/../../../avr/lib/avr5/libc.a(strrev.o)
                0x0000000000003efc                strrev
 .text.avr-libc
                0x0000000000003f1c       0x20 /usr/lib/gcc/avr/4.5.3/../../../avr/lib/avr5/libc.a(eerd_block_atmega168.o)
                0x0000000000003f1c                __eerd_block_m168
                0x0000000000003f20                __eerd_blraw_m168
                0x0000000000003f3c                . = ALIGN (0x2)
 *(.fini9)
 .fini9         0x0000000000003f3c        0x0 /usr/lib/gcc/avr/4.5.3/avr5/libgcc.a(_exit.o)
                0x0000000000003f3c                exit
                0x0000000000003f3c                _exit
 *(.fini9)
 *(.fini8)
 *(.fini8)
 *(.fini7)
 *(.fini7)
 *(.fini6)
 *(.fini6)
 *(.fini5)
 *(.fini5)
 *(.fini4)
 *(.fini4)
 *(.fini3)
 *(.fini3)
 *(.fini2)
 *(.fini2)
 *(.fini1)
 *(.fini1)
 *(.fini0)
 .fini0         0x0000000000003f3c        0x4 /usr/lib/gcc/avr/4.5.3/avr5/libgcc.a(_exit.o)
 *(.fini0)
                0x0000000000003f40                _etext = .

.data           0x0000000000800100        0x2 load address 0x0000000000003f40
                0x0000000000800100                PROVIDE (__data_start, .)
 *(.data)
 .data          0x0000000000800100        0x0 /usr/lib/gcc/avr/4.5.3/../../../avr/lib/avr5/crtm168.o
 .data          0x0000000000800100        0x0 lcd-routines.o
 .data          0x0000000000800100        0x0 lcd_hw_4_bit.o
 .data          0x0000000000800100        0x2 main.o
                0x0000000000800100                RHmultip
 .data          0x0000000000800102        0x0 swuart.o
 .data          0x0000000000800102        0x0 wait1000ms.o
 .data          0x0000000000800102        0x0 ReadCapacity.o
 .data          0x0000000000800102        0x0 ReadInductance.o
 .data          0x0000000000800102        0x0 ReadADC.o
 .data          0x0000000000800102        0x0 GetESR.o
 .data          0x0000000000800102        0x0 GetVloss.o
 .data          0x0000000000800102        0x0 Calibrate_UR.o
 .data          0x0000000000800102        0x0 /usr/lib/gcc/avr/4.5.3/avr5/libgcc.a(_mulsi3.o)
 .data          0x0000000000800102        0x0 /usr/lib/gcc/avr/4.5.3/avr5/libgcc.a(_udivmodqi4.o)
 .data          0x0000000000800102        0x0 /usr/lib/gcc/avr/4.5.3/avr5/libgcc.a(_udivmodhi4.o)
 .data          0x0000000000800102        0x0 /usr/lib/gcc/avr/4.5.3/avr5/libgcc.a(_udivmodsi4.o)
 .data          0x0000000000800102        0x0 /usr/lib/gcc/avr/4.5.3/avr5/libgcc.a(_divmodsi4.o)
 .data          0x0000000000800102        0x0 /usr/lib/gcc/avr/4.5.3/avr5/libgcc.a(_exit.o)
 .data          0x0000000000800102        0x0 /usr/lib/gcc/avr/4.5.3/avr5/libgcc.a(_copy_data.o)
 .data          0x0000000000800102        0x0 /usr/lib/gcc/avr/4.5.3/avr5/libgcc.a(_clear_bss.o)
 .data          0x0000000000800102        0x0 /usr/lib/gcc/avr/4.5.3/../../../avr/lib/avr5/libc.a(itoa.o)
 .data          0x0000000000800102        0x0 /usr/lib/gcc/avr/4.5.3/../../../avr/lib/avr5/libc.a(utoa.o)
 .data          0x0000000000800102        0x0 /usr/lib/gcc/avr/4.5.3/../../../avr/lib/avr5/libc.a(eerd_byte_atmega168.o)
 .data          0x0000000000800102        0x0 /usr/lib/gcc/avr/4.5.3/../../../avr/lib/avr5/libc.a(eerd_word_atmega168.o)
 .data          0x0000000000800102        0x0 /usr/lib/gcc/avr/4.5.3/../../../avr/lib/avr5/libc.a(eewr_byte_atmega168.o)
 .data          0x0000000000800102        0x0 /usr/lib/gcc/avr/4.5.3/../../../avr/lib/avr5/libc.a(eewr_word_atmega168.o)
 .data          0x0000000000800102        0x0 /usr/lib/gcc/avr/4.5.3/../../../avr/lib/avr5/libc.a(strrev.o)
 .data          0x0000000000800102        0x0 /usr/lib/gcc/avr/4.5.3/../../../avr/lib/avr5/libc.a(eerd_block_atmega168.o)
 *(.data*)
 *(.rodata)
 *(.rodata*)
 *(.gnu.linkonce.d*)
                0x0000000000800102                . = ALIGN (0x2)
                0x0000000000800102                _edata = .
                0x0000000000800102                PROVIDE (__data_end, .)

.bss            0x0000000000800102       0x8e
                0x0000000000800102                PROVIDE (__bss_start, .)
 *(.bss)
 .bss           0x0000000000800102        0x0 /usr/lib/gcc/avr/4.5.3/../../../avr/lib/avr5/crtm168.o
 .bss           0x0000000000800102        0x0 lcd-routines.o
 .bss           0x0000000000800102        0x0 lcd_hw_4_bit.o
 .bss           0x0000000000800102        0x0 main.o
 .bss           0x0000000000800102        0x0 swuart.o
 .bss           0x0000000000800102        0x0 wait1000ms.o
 .bss           0x0000000000800102        0x0 ReadCapacity.o
 .bss           0x0000000000800102        0x0 ReadInductance.o
 .bss           0x0000000000800102        0x0 ReadADC.o
 .bss           0x0000000000800102        0x0 GetESR.o
 .bss           0x0000000000800102        0x0 GetVloss.o
 .bss           0x0000000000800102        0x0 Calibrate_UR.o
 .bss           0x0000000000800102        0x0 /usr/lib/gcc/avr/4.5.3/avr5/libgcc.a(_mulsi3.o)
 .bss           0x0000000000800102        0x0 /usr/lib/gcc/avr/4.5.3/avr5/libgcc.a(_udivmodqi4.o)
 .bss           0x0000000000800102        0x0 /usr/lib/gcc/avr/4.5.3/avr5/libgcc.a(_udivmodhi4.o)
 .bss           0x0000000000800102        0x0 /usr/lib/gcc/avr/4.5.3/avr5/libgcc.a(_udivmodsi4.o)
 .bss           0x0000000000800102        0x0 /usr/lib/gcc/avr/4.5.3/avr5/libgcc.a(_divmodsi4.o)
 .bss           0x0000000000800102        0x0 /usr/lib/gcc/avr/4.5.3/avr5/libgcc.a(_exit.o)
 .bss           0x0000000000800102        0x0 /usr/lib/gcc/avr/4.5.3/avr5/libgcc.a(_copy_data.o)
 .bss           0x0000000000800102        0x0 /usr/lib/gcc/avr/4.5.3/avr5/libgcc.a(_clear_bss.o)
 .bss           0x0000000000800102        0x0 /usr/lib/gcc/avr/4.5.3/../../../avr/lib/avr5/libc.a(itoa.o)
 .bss           0x0000000000800102        0x0 /usr/lib/gcc/avr/4.5.3/../../../avr/lib/avr5/libc.a(utoa.o)
 .bss           0x0000000000800102        0x0 /usr/lib/gcc/avr/4.5.3/../../../avr/lib/avr5/libc.a(eerd_byte_atmega168.o)
 .bss           0x0000000000800102        0x0 /usr/lib/gcc/avr/4.5.3/../../../avr/lib/avr5/libc.a(eerd_word_atmega168.o)
 .bss           0x0000000000800102        0x0 /usr/lib/gcc/avr/4.5.3/../../../avr/lib/avr5/libc.a(eewr_byte_atmega168.o)
 .bss           0x0000000000800102        0x0 /usr/lib/gcc/avr/4.5.3/../../../avr/lib/avr5/libc.a(eewr_word_atmega168.o)
 .bss           0x0000000000800102        0x0 /usr/lib/gcc/avr/4.5.3/../../../avr/lib/avr5/libc.a(strrev.o)
 .bss           0x0000000000800102        0x0 /usr/lib/gcc/avr/4.5.3/../../../avr/lib/avr5/libc.a(eerd_block_atmega168.o)
 *(.bss*)
 *(COMMON)
 COMMON         0x0000000000800102       0x8e main.o
                0x0000000000800102                resis680mi
                0x0000000000800104                PartReady
                0x0000000000800105                NumOfDiodes
                0x0000000000800106                PartMode
                0x0000000000800107                PartFound
                0x0000000000800108                resis680pl
                0x000000000080010a                tmpval
                0x000000000080010b                mess_count
                0x000000000080010c                outval
                0x0000000000800118                resis
                0x000000000080013c                ADCconfig
                0x0000000000800142                pin_rpl
                0x0000000000800144                ref_mv
                0x0000000000800146                tmpval2
                0x0000000000800147                pin_rmi
                0x0000000000800149                WithReference
                0x000000000080014a                empty_count
                0x000000000080014b                ii
                0x000000000080014c                pin_combination
                0x000000000080014d                ovcnt16
                0x000000000080014f                trans
                0x000000000080015e                ResistorsFound
                0x000000000080015f                gthvoltage
                0x0000000000800161                unfinished
                0x0000000000800162                cap
                0x0000000000800176                load_diff
                0x0000000000800178                diodes
                0x0000000000800190                PROVIDE (__bss_end, .)
                0x0000000000003f40                __data_load_start = LOADADDR (.data)
                0x0000000000003f42                __data_load_end = (__data_load_start + SIZEOF (.data))

.noinit         0x0000000000800190        0x0
                0x0000000000800190                PROVIDE (__noinit_start, .)
 *(.noinit*)
                0x0000000000800190                PROVIDE (__noinit_end, .)
                0x0000000000800190                _end = .
                0x0000000000800190                PROVIDE (__heap_start, .)

.eeprom         0x0000000000810000      0x1f7
 *(.eeprom*)
 .eeprom        0x0000000000810000      0x1f7 main.o
                0x0000000000810000                RLtab
                0x000000000081005a                TestRunning
                0x0000000000810065                BatWeak
                0x000000000081006a                BatEmpty
                0x0000000000810071                TestFailed2
                0x000000000081007a                Bauteil
                0x000000000081007f                Diode
                0x0000000000810087                Triac
                0x000000000081008d                Thyristor
                0x0000000000810097                Unknown
                0x00000000008100a0                TestFailed1
                0x00000000008100b0                OrBroken
                0x00000000008100bc                TestTimedOut
                0x00000000008100c5                SELFTEST
                0x00000000008100d5                RELPROBE
                0x00000000008100e4                ATE
                0x00000000008100ed                Bat_str
                0x00000000008100f3                OK_str
                0x00000000008100f6                mosfet_str
                0x00000000008100fb                jfet_str
                0x0000000000810100                GateCap_str
                0x0000000000810103                hfe_str
                0x0000000000810106                NPN_str
                0x000000000081010b                PNP_str
                0x0000000000810110                N123_str
                0x0000000000810116                Uf_str
                0x000000000081011a                vt_str
                0x000000000081011f                Vgs_str
                0x0000000000810125                CapZeich
                0x0000000000810129                Cell_str
                0x000000000081012f                VCC_str
                0x0000000000810134                ESR_str
                0x000000000081013a                VLOSS_str
                0x0000000000810142                Lis_str
                0x0000000000810145                AnKat
                0x0000000000810149                KatAn
                0x000000000081014d                Dioden
                0x0000000000810152                Resistor_str
                0x0000000000810157                VERSION_str
                0x0000000000810165                RH1L
                0x0000000000810169                RH1H
                0x000000000081016d                RLRL
                0x000000000081017b                RHRH
                0x0000000000810189                RHRL
                0x000000000081018f                RIHI
                0x0000000000810196                RILO
                0x000000000081019d                C0_str
                0x00000000008101a1                T50HZ
                0x00000000008101a7                MinCap_str
                0x00000000008101af                REF_C_str
                0x00000000008101b6                REF_R_str
                0x00000000008101bd                DiodeIcon1
                0x00000000008101c5                DiodeIcon2
                0x00000000008101cd                CapIcon
                0x00000000008101d5                ResIcon1
                0x00000000008101dd                ResIcon2
                0x00000000008101e5                RefDiff
                0x00000000008101e6                PrefixTab
                0x00000000008101ed                ref_offset
                0x00000000008101ef                c_zero_tab
                0x00000000008101f6                EE_ESR_ZERO
                0x00000000008101f7                __eeprom_end = .

.fuse
 *(.fuse)
 *(.lfuse)
 *(.hfuse)
 *(.efuse)

.lock
 *(.lock*)

.signature
 *(.signature*)

.stab           0x0000000000000000      0xdbc
 *(.stab)
 .stab          0x0000000000000000      0x6cc /usr/lib/gcc/avr/4.5.3/../../../avr/lib/avr5/crtm168.o
 .stab          0x00000000000006cc      0x1b0 /usr/lib/gcc/avr/4.5.3/../../../avr/lib/avr5/libc.a(itoa.o)
                                        0x1bc (size before relaxing)
 .stab          0x000000000000087c      0x12c /usr/lib/gcc/avr/4.5.3/../../../avr/lib/avr5/libc.a(utoa.o)
                                        0x138 (size before relaxing)
 .stab          0x00000000000009a8       0x90 /usr/lib/gcc/avr/4.5.3/../../../avr/lib/avr5/libc.a(eerd_byte_atmega168.o)
                                         0x9c (size before relaxing)
 .stab          0x0000000000000a38       0x6c /usr/lib/gcc/avr/4.5.3/../../../avr/lib/avr5/libc.a(eerd_word_atmega168.o)
                                         0x78 (size before relaxing)
 .stab          0x0000000000000aa4       0xe4 /usr/lib/gcc/avr/4.5.3/../../../avr/lib/avr5/libc.a(eewr_byte_atmega168.o)
                                         0xf0 (size before relaxing)
 .stab          0x0000000000000b88       0x54 /usr/lib/gcc/avr/4.5.3/../../../avr/lib/avr5/libc.a(eewr_word_atmega168.o)
                                         0x60 (size before relaxing)
 .stab          0x0000000000000bdc       0xd8 /usr/lib/gcc/avr/4.5.3/../../../avr/lib/avr5/libc.a(strrev.o)
                                         0xe4 (size before relaxing)
 .stab          0x0000000000000cb4      0x108 /usr/lib/gcc/avr/4.5.3/../../../avr/lib/avr5/libc.a(eerd_block_atmega168.o)
                                        0x114 (size before relaxing)

.stabstr        0x0000000000000000      0x1d2
 *(.stabstr)
 .stabstr       0x0000000000000000      0x1d2 /usr/lib/gcc/avr/4.5.3/../../../avr/lib/avr5/crtm168.o

.stab.excl
 *(.stab.excl)

.stab.exclstr
 *(.stab.exclstr)

.stab.index
 *(.stab.index)

.stab.indexstr
 *(.stab.indexstr)

.comment
 *(.comment)

.debug
 *(.debug)

.line
 *(.line)

.debug_srcinfo
 *(.debug_srcinfo)

.debug_sfnames
 *(.debug_sfnames)

.debug_aranges  0x0000000000000000       0xe0
 *(.debug_aranges)
 .debug_aranges
                0x0000000000000000       0x20 lcd-routines.o
 .debug_aranges
                0x0000000000000020       0x20 main.o
 .debug_aranges
                0x0000000000000040       0x20 ReadCapacity.o
 .debug_aranges
                0x0000000000000060       0x20 ReadInductance.o
 .debug_aranges
                0x0000000000000080       0x20 ReadADC.o
 .debug_aranges
                0x00000000000000a0       0x20 GetVloss.o
 .debug_aranges
                0x00000000000000c0       0x20 Calibrate_UR.o

.debug_pubnames
                0x0000000000000000      0x793
 *(.debug_pubnames)
 .debug_pubnames
                0x0000000000000000       0xc5 lcd-routines.o
 .debug_pubnames
                0x00000000000000c5      0x5a3 main.o
 .debug_pubnames
                0x0000000000000668       0x68 ReadCapacity.o
 .debug_pubnames
                0x00000000000006d0       0x31 ReadInductance.o
 .debug_pubnames
                0x0000000000000701       0x50 ReadADC.o
 .debug_pubnames
                0x0000000000000751       0x1f GetVloss.o
 .debug_pubnames
                0x0000000000000770       0x23 Calibrate_UR.o

.debug_info     0x0000000000000000     0x2e40
 *(.debug_info)
 .debug_info    0x0000000000000000      0x264 lcd-routines.o
 .debug_info    0x0000000000000264     0x198a main.o
 .debug_info    0x0000000000001bee      0x5be ReadCapacity.o
 .debug_info    0x00000000000021ac      0x52a ReadInductance.o
 .debug_info    0x00000000000026d6      0x1d2 ReadADC.o
 .debug_info    0x00000000000028a8      0x313 GetVloss.o
 .debug_info    0x0000000000002bbb      0x285 Calibrate_UR.o
 *(.gnu.linkonce.wi.*)

.debug_abbrev   0x0000000000000000      0x94d
 *(.debug_abbrev)
 .debug_abbrev  0x0000000000000000       0xbe lcd-routines.o
 .debug_abbrev  0x00000000000000be      0x2c8 main.o
 .debug_abbrev  0x0000000000000386      0x1ae ReadCapacity.o
 .debug_abbrev  0x0000000000000534      0x167 ReadInductance.o
 .debug_abbrev  0x000000000000069b       0xb9 ReadADC.o
 .debug_abbrev  0x0000000000000754      0x132 GetVloss.o
 .debug_abbrev  0x0000000000000886       0xc7 Calibrate_UR.o

.debug_line     0x0000000000000000     0x34e4
 *(.debug_line)
 .debug_line    0x0000000000000000      0x309 lcd-routines.o
 .debug_line    0x0000000000000309     0x20fb main.o
 .debug_line    0x0000000000002404      0x606 ReadCapacity.o
 .debug_line    0x0000000000002a0a      0x464 ReadInductance.o
 .debug_line    0x0000000000002e6e      0x1e8 ReadADC.o
 .debug_line    0x0000000000003056      0x24d GetVloss.o
 .debug_line    0x00000000000032a3      0x241 Calibrate_UR.o

.debug_frame    0x0000000000000000      0x2e0
 *(.debug_frame)
 .debug_frame   0x0000000000000000       0xc0 lcd-routines.o
 .debug_frame   0x00000000000000c0      0x100 main.o
 .debug_frame   0x00000000000001c0       0x60 ReadCapacity.o
 .debug_frame   0x0000000000000220       0x30 ReadInductance.o
 .debug_frame   0x0000000000000250       0x50 ReadADC.o
 .debug_frame   0x00000000000002a0       0x20 GetVloss.o
 .debug_frame   0x00000000000002c0       0x20 Calibrate_UR.o

.debug_str      0x0000000000000000      0x940
 *(.debug_str)
 .debug_str     0x0000000000000000      0x15e lcd-routines.o
                                        0x19c (size before relaxing)
 .debug_str     0x000000000000015e      0x612 main.o
                                        0x71f (size before relaxing)
 .debug_str     0x0000000000000770       0xa9 ReadCapacity.o
                                        0x2cf (size before relaxing)
 .debug_str     0x0000000000000819       0x9e ReadInductance.o
                                        0x26d (size before relaxing)
 .debug_str     0x00000000000008b7       0x40 ReadADC.o
                                        0x158 (size before relaxing)
 .debug_str     0x00000000000008f7       0x1c GetVloss.o
                                        0x1af (size before relaxing)
 .debug_str     0x0000000000000913       0x2d Calibrate_UR.o
                                        0x18c (size before relaxing)

.debug_loc      0x0000000000000000     0x17d9
 *(.debug_loc)
 .debug_loc     0x0000000000000000      0x1e1 lcd-routines.o
 .debug_loc     0x00000000000001e1      0xcab main.o
 .debug_loc     0x0000000000000e8c      0x2a3 ReadCapacity.o
 .debug_loc     0x000000000000112f      0x3f3 ReadInductance.o
 .debug_loc     0x0000000000001522      0x131 ReadADC.o
 .debug_loc     0x0000000000001653       0xda GetVloss.o
 .debug_loc     0x000000000000172d       0xac Calibrate_UR.o

.debug_macinfo
 *(.debug_macinfo)
OUTPUT(TransistorTester.elf elf32-avr)
LOAD linker stubs

.debug_pubtypes
                0x0000000000000000      0x25a
 .debug_pubtypes
                0x0000000000000000       0x2b lcd-routines.o
 .debug_pubtypes
                0x000000000000002b       0x80 main.o
 .debug_pubtypes
                0x00000000000000ab       0x74 ReadCapacity.o
 .debug_pubtypes
                0x000000000000011f       0x5e ReadInductance.o
 .debug_pubtypes
                0x000000000000017d       0x3b ReadADC.o
 .debug_pubtypes
                0x00000000000001b8       0x5c GetVloss.o
 .debug_pubtypes
                0x0000000000000214       0x46 Calibrate_UR.o
