Archive member included because of file (symbol)

/usr/lib/gcc/avr/4.5.3/avr5/libgcc.a(_mulsi3.o)
                              main.o (__mulsi3)
/usr/lib/gcc/avr/4.5.3/avr5/libgcc.a(_udivmodqi4.o)
                              main.o (__udivmodqi4)
/usr/lib/gcc/avr/4.5.3/avr5/libgcc.a(_udivmodhi4.o)
                              main.o (__udivmodhi4)
/usr/lib/gcc/avr/4.5.3/avr5/libgcc.a(_udivmodsi4.o)
                              main.o (__udivmodsi4)
/usr/lib/gcc/avr/4.5.3/avr5/libgcc.a(_divmodsi4.o)
                              main.o (__divmodsi4)
/usr/lib/gcc/avr/4.5.3/avr5/libgcc.a(_exit.o)
                              /usr/lib/gcc/avr/4.5.3/../../../avr/lib/avr5/crtm168.o (exit)
/usr/lib/gcc/avr/4.5.3/avr5/libgcc.a(_copy_data.o)
                              main.o (__do_copy_data)
/usr/lib/gcc/avr/4.5.3/avr5/libgcc.a(_clear_bss.o)
                              main.o (__do_clear_bss)
/usr/lib/gcc/avr/4.5.3/../../../avr/lib/avr5/libc.a(itoa.o)
                              main.o (itoa)
/usr/lib/gcc/avr/4.5.3/../../../avr/lib/avr5/libc.a(utoa.o)
                              main.o (utoa)
/usr/lib/gcc/avr/4.5.3/../../../avr/lib/avr5/libc.a(eerd_byte_atmega168.o)
                              main.o (__eerd_byte_m168)
/usr/lib/gcc/avr/4.5.3/../../../avr/lib/avr5/libc.a(eerd_word_atmega168.o)
                              main.o (__eerd_word_m168)
/usr/lib/gcc/avr/4.5.3/../../../avr/lib/avr5/libc.a(eewr_byte_atmega168.o)
                              main.o (__eewr_byte_m168)
/usr/lib/gcc/avr/4.5.3/../../../avr/lib/avr5/libc.a(eewr_word_atmega168.o)
                              main.o (__eewr_word_m168)
/usr/lib/gcc/avr/4.5.3/../../../avr/lib/avr5/libc.a(strrev.o)
                              /usr/lib/gcc/avr/4.5.3/../../../avr/lib/avr5/libc.a(itoa.o) (strrev)
/usr/lib/gcc/avr/4.5.3/../../../avr/lib/avr5/libc.a(eerd_block_atmega168.o)
                              /usr/lib/gcc/avr/4.5.3/../../../avr/lib/avr5/libc.a(eerd_word_atmega168.o) (__eerd_blraw_m168)

Allocating common symbols
Common symbol       size              file

resis680mi          0x2               main.o
PartReady           0x1               main.o
NumOfDiodes         0x1               main.o
PartMode            0x1               main.o
PartFound           0x1               main.o
resis680pl          0x2               main.o
tmpval              0x1               main.o
mess_count          0x1               main.o
outval              0xc               main.o
resis               0x21              main.o
ADCconfig           0x6               main.o
ref_mv              0x2               main.o
tmpval2             0x1               main.o
WithReference       0x1               main.o
empty_count         0x1               main.o
ii                  0x1               main.o
pin_combination     0x1               main.o
ovcnt16             0x2               main.o
trans               0xf               main.o
ResistorsFound      0x1               main.o
gthvoltage          0x2               main.o
unfinished          0x1               main.o
cap                 0x12              main.o
load_diff           0x2               main.o
diodes              0x18              main.o

Memory Configuration

Name             Origin             Length             Attributes
text             0x0000000000000000 0x0000000000020000 xr
data             0x0000000000800060 0x000000000000ffa0 rw !x
eeprom           0x0000000000810000 0x0000000000010000 rw !x
fuse             0x0000000000820000 0x0000000000000400 rw !x
lock             0x0000000000830000 0x0000000000000400 rw !x
signature        0x0000000000840000 0x0000000000000400 rw !x
*default*        0x0000000000000000 0xffffffffffffffff

Linker script and memory map

Address of section .data set to 0x800100
LOAD /usr/lib/gcc/avr/4.5.3/../../../avr/lib/avr5/crtm168.o
LOAD lcd-routines.o
LOAD lcd_hw_4_bit.o
LOAD main.o
LOAD swuart.o
LOAD wait1000ms.o
LOAD ReadCapacity.o
LOAD ReadInductance.o
LOAD ReadADC.o
LOAD GetESR.o
LOAD /usr/lib/gcc/avr/4.5.3/avr5/libgcc.a
LOAD /usr/lib/gcc/avr/4.5.3/../../../avr/lib/avr5/libc.a
LOAD /usr/lib/gcc/avr/4.5.3/avr5/libgcc.a

.hash
 *(.hash)

.dynsym
 *(.dynsym)

.dynstr
 *(.dynstr)

.gnu.version
 *(.gnu.version)

.gnu.version_d
 *(.gnu.version_d)

.gnu.version_r
 *(.gnu.version_r)

.rel.init
 *(.rel.init)

.rela.init
 *(.rela.init)

.rel.text
 *(.rel.text)
 *(.rel.text.*)
 *(.rel.gnu.linkonce.t*)

.rela.text
 *(.rela.text)
 *(.rela.text.*)
 *(.rela.gnu.linkonce.t*)

.rel.fini
 *(.rel.fini)

.rela.fini
 *(.rela.fini)

.rel.rodata
 *(.rel.rodata)
 *(.rel.rodata.*)
 *(.rel.gnu.linkonce.r*)

.rela.rodata
 *(.rela.rodata)
 *(.rela.rodata.*)
 *(.rela.gnu.linkonce.r*)

.rel.data
 *(.rel.data)
 *(.rel.data.*)
 *(.rel.gnu.linkonce.d*)

.rela.data
 *(.rela.data)
 *(.rela.data.*)
 *(.rela.gnu.linkonce.d*)

.rel.ctors
 *(.rel.ctors)

.rela.ctors
 *(.rela.ctors)

.rel.dtors
 *(.rel.dtors)

.rela.dtors
 *(.rela.dtors)

.rel.got
 *(.rel.got)

.rela.got
 *(.rela.got)

.rel.bss
 *(.rel.bss)

.rela.bss
 *(.rela.bss)

.rel.plt
 *(.rel.plt)

.rela.plt
 *(.rela.plt)

.text           0x0000000000000000     0x3e80
 *(.vectors)
 .vectors       0x0000000000000000       0x68 /usr/lib/gcc/avr/4.5.3/../../../avr/lib/avr5/crtm168.o
                0x0000000000000000                __vectors
                0x0000000000000000                __vector_default
 *(.vectors)
 *(.progmem.gcc*)
 *(.progmem*)
 .progmem.data  0x0000000000000068      0x262 main.o
                0x0000000000000068                RLtab
                0x00000000000000c2                LogTab
                0x000000000000011e                RHtab
                0x0000000000000130                TestRunning
                0x000000000000013b                BatWeak
                0x0000000000000140                BatEmpty
                0x0000000000000147                TestFailed2
                0x0000000000000150                Bauteil
                0x0000000000000155                Diode
                0x000000000000015d                Triac
                0x0000000000000163                Thyristor
                0x000000000000016d                Unknown
                0x0000000000000176                TestFailed1
                0x0000000000000186                OrBroken
                0x0000000000000192                TestTimedOut
                0x000000000000019b                SELFTEST
                0x00000000000001ab                RELPROBE
                0x00000000000001ba                ATE
                0x00000000000001c3                Bat_str
                0x00000000000001c9                OK_str
                0x00000000000001cc                mosfet_str
                0x00000000000001d1                jfet_str
                0x00000000000001d6                GateCap_str
                0x00000000000001d9                hfe_str
                0x00000000000001dc                NPN_str
                0x00000000000001e1                PNP_str
                0x00000000000001e6                N123_str
                0x00000000000001ec                Uf_str
                0x00000000000001f0                vt_str
                0x00000000000001f5                Vgs_str
                0x00000000000001fb                CapZeich
                0x00000000000001ff                Cell_str
                0x0000000000000205                VCC_str
                0x000000000000020a                ESR_str
                0x0000000000000210                Lis_str
                0x0000000000000213                AnKat
                0x0000000000000217                KatAn
                0x000000000000021b                Dioden
                0x0000000000000220                Resistor_str
                0x0000000000000225                VERSION_str
                0x0000000000000233                URefT
                0x0000000000000238                RHfakt
                0x000000000000023d                RH1L
                0x0000000000000241                RH1H
                0x0000000000000245                RLRL
                0x0000000000000253                RHRH
                0x0000000000000261                RHRL
                0x0000000000000267                RIHI
                0x000000000000026e                RILO
                0x0000000000000275                C0_str
                0x0000000000000279                T50HZ
                0x000000000000027f                MinCap_str
                0x0000000000000287                REF_C_str
                0x000000000000028e                REF_R_str
                0x0000000000000295                DiodeIcon1
                0x000000000000029d                DiodeIcon2
                0x00000000000002a5                CapIcon
                0x00000000000002ad                ResIcon1
                0x00000000000002b5                ResIcon2
                0x00000000000002bd                PinRLtab
                0x00000000000002c0                PinADCtab
                0x00000000000002c3                PrefixTab
                0x00000000000002ca                . = ALIGN (0x2)
                0x00000000000002ca                __trampolines_start = .
 *(.trampolines)
 .trampolines   0x00000000000002ca        0x0 linker stubs
 *(.trampolines*)
                0x00000000000002ca                __trampolines_end = .
 *(.jumptables)
 *(.jumptables*)
 *(.lowtext)
 *(.lowtext*)
                0x00000000000002ca                __ctors_start = .
 *(.ctors)
                0x00000000000002ca                __ctors_end = .
                0x00000000000002ca                __dtors_start = .
 *(.dtors)
                0x00000000000002ca                __dtors_end = .
 SORT(*)(.ctors)
 SORT(*)(.dtors)
 *(.init0)
 .init0         0x00000000000002ca        0x0 /usr/lib/gcc/avr/4.5.3/../../../avr/lib/avr5/crtm168.o
                0x00000000000002ca                __init
 *(.init0)
 *(.init1)
 *(.init1)
 *(.init2)
 .init2         0x00000000000002ca        0xc /usr/lib/gcc/avr/4.5.3/../../../avr/lib/avr5/crtm168.o
 *(.init2)
 *(.init3)
 *(.init3)
 *(.init4)
 .init4         0x00000000000002d6       0x16 /usr/lib/gcc/avr/4.5.3/avr5/libgcc.a(_copy_data.o)
                0x00000000000002d6                __do_copy_data
 .init4         0x00000000000002ec       0x10 /usr/lib/gcc/avr/4.5.3/avr5/libgcc.a(_clear_bss.o)
                0x00000000000002ec                __do_clear_bss
 *(.init4)
 *(.init5)
 *(.init5)
 *(.init6)
 *(.init6)
 *(.init7)
 *(.init7)
 *(.init8)
 *(.init8)
 *(.init9)
 .init9         0x00000000000002fc        0x8 /usr/lib/gcc/avr/4.5.3/../../../avr/lib/avr5/crtm168.o
 *(.init9)
 *(.text)
 .text          0x0000000000000304        0x4 /usr/lib/gcc/avr/4.5.3/../../../avr/lib/avr5/crtm168.o
                0x0000000000000304                __vector_22
                0x0000000000000304                __vector_1
                0x0000000000000304                __vector_24
                0x0000000000000304                __vector_12
                0x0000000000000304                __bad_interrupt
                0x0000000000000304                __vector_6
                0x0000000000000304                __vector_3
                0x0000000000000304                __vector_23
                0x0000000000000304                __vector_25
                0x0000000000000304                __vector_11
                0x0000000000000304                __vector_17
                0x0000000000000304                __vector_19
                0x0000000000000304                __vector_5
                0x0000000000000304                __vector_4
                0x0000000000000304                __vector_9
                0x0000000000000304                __vector_2
                0x0000000000000304                __vector_15
                0x0000000000000304                __vector_8
                0x0000000000000304                __vector_14
                0x0000000000000304                __vector_16
                0x0000000000000304                __vector_18
                0x0000000000000304                __vector_20
 .text          0x0000000000000308      0x196 lcd-routines.o
                0x0000000000000308                lcd_data
                0x000000000000036a                lcd_space
                0x0000000000000372                lcd_testpin
                0x000000000000037a                uart_newline
                0x0000000000000388                lcd_command
                0x00000000000003a8                lcd_clear
                0x00000000000003be                lcd_init
                0x000000000000040a                lcd_string
                0x0000000000000432                lcd_pgm_string
                0x0000000000000452                lcd_fix_string
                0x0000000000000472                lcd_fix_customchar
 .text          0x000000000000049e       0x5c lcd_hw_4_bit.o
                0x000000000000049e                _lcd_hw_write
 .text          0x00000000000004fa     0x25d6 main.o
                0x00000000000004fa                __vector_7
                0x00000000000004fc                __vector_21
                0x00000000000004fe                EntladePins
                0x0000000000000634                RefVoltage
                0x00000000000006b8                lcd_clear_line
                0x00000000000006c8                DisplayValue
                0x0000000000000832                RvalOut
                0x0000000000000866                mVAusgabe
                0x0000000000000896                UfAusgabe
                0x00000000000008be                sleep_5ms
                0x0000000000000904                ChargePin10ms
                0x000000000000093a                CheckPins
                0x00000000000016b2                PinLayout
                0x0000000000001718                AutoCheck
                0x000000000000209c                main
 .text          0x0000000000002ad0       0x40 swuart.o
                0x0000000000002ad0                uart_putc
 .text          0x0000000000002b10       0x4a wait1000ms.o
                0x0000000000002b10                wait5s
                0x0000000000002b12                wait4s
                0x0000000000002b14                wait3s
                0x0000000000002b16                wait2s
                0x0000000000002b18                wait1000ms
                0x0000000000002b18                wait1s
                0x0000000000002b1a                wait500ms
                0x0000000000002b1c                wait400ms
                0x0000000000002b1e                wait300ms
                0x0000000000002b20                wait200ms
                0x0000000000002b22                wait100ms
                0x0000000000002b26                wait50ms
                0x0000000000002b28                wait40ms
                0x0000000000002b2a                wait30ms
                0x0000000000002b2c                wait20ms
                0x0000000000002b2e                wait10ms
                0x0000000000002b30                wait5ms
                0x0000000000002b32                wait4ms
                0x0000000000002b34                wait3ms
                0x0000000000002b36                wait2ms
                0x0000000000002b38                wait1ms
                0x0000000000002b3a                wait500us
                0x0000000000002b3c                wait400us
                0x0000000000002b3e                wait300us
                0x0000000000002b40                wait200us
                0x0000000000002b42                wait100us
                0x0000000000002b44                wait50us
                0x0000000000002b46                wait40us
                0x0000000000002b48                wait30us
                0x0000000000002b4a                wait20us
                0x0000000000002b4c                wait10us
                0x0000000000002b4e                wait5us
                0x0000000000002b50                wait4us
                0x0000000000002b52                wait3us
                0x0000000000002b54                wait2us
                0x0000000000002b56                wait1us
 .text          0x0000000000002b5a      0x67c ReadCapacity.o
                0x0000000000002b5a                getRLmultip
                0x0000000000002bc2                Scale_C_with_vcc
                0x0000000000002c62                ReadCapacity
                0x00000000000031a2                __vector_13
                0x00000000000031d0                __vector_10
 .text          0x00000000000031d6      0x532 ReadInductance.o
                0x00000000000031d6                ReadInductance
 .text          0x0000000000003708      0x12a ReadADC.o
                0x0000000000003708                ReadADC
                0x00000000000037f0                W5msReadADC
                0x0000000000003806                W10msReadADC
                0x000000000000381c                W20msReadADC
 .text          0x0000000000003832      0x462 GetESR.o
                0x0000000000003832                GetESR
 .text          0x0000000000003c94        0x0 /usr/lib/gcc/avr/4.5.3/avr5/libgcc.a(_mulsi3.o)
 .text          0x0000000000003c94        0x0 /usr/lib/gcc/avr/4.5.3/avr5/libgcc.a(_udivmodqi4.o)
 .text          0x0000000000003c94        0x0 /usr/lib/gcc/avr/4.5.3/avr5/libgcc.a(_udivmodhi4.o)
 .text          0x0000000000003c94        0x0 /usr/lib/gcc/avr/4.5.3/avr5/libgcc.a(_udivmodsi4.o)
 .text          0x0000000000003c94        0x0 /usr/lib/gcc/avr/4.5.3/avr5/libgcc.a(_divmodsi4.o)
 .text          0x0000000000003c94        0x0 /usr/lib/gcc/avr/4.5.3/avr5/libgcc.a(_exit.o)
 .text          0x0000000000003c94        0x0 /usr/lib/gcc/avr/4.5.3/avr5/libgcc.a(_copy_data.o)
 .text          0x0000000000003c94        0x0 /usr/lib/gcc/avr/4.5.3/avr5/libgcc.a(_clear_bss.o)
 .text          0x0000000000003c94        0x0 /usr/lib/gcc/avr/4.5.3/../../../avr/lib/avr5/libc.a(itoa.o)
 .text          0x0000000000003c94        0x0 /usr/lib/gcc/avr/4.5.3/../../../avr/lib/avr5/libc.a(utoa.o)
 .text          0x0000000000003c94        0x0 /usr/lib/gcc/avr/4.5.3/../../../avr/lib/avr5/libc.a(eerd_byte_atmega168.o)
 .text          0x0000000000003c94        0x0 /usr/lib/gcc/avr/4.5.3/../../../avr/lib/avr5/libc.a(eerd_word_atmega168.o)
 .text          0x0000000000003c94        0x0 /usr/lib/gcc/avr/4.5.3/../../../avr/lib/avr5/libc.a(eewr_byte_atmega168.o)
 .text          0x0000000000003c94        0x0 /usr/lib/gcc/avr/4.5.3/../../../avr/lib/avr5/libc.a(eewr_word_atmega168.o)
 .text          0x0000000000003c94        0x0 /usr/lib/gcc/avr/4.5.3/../../../avr/lib/avr5/libc.a(strrev.o)
 .text          0x0000000000003c94        0x0 /usr/lib/gcc/avr/4.5.3/../../../avr/lib/avr5/libc.a(eerd_block_atmega168.o)
                0x0000000000003c94                . = ALIGN (0x2)
 *(.text.*)
 .text.libgcc   0x0000000000003c94       0x3e /usr/lib/gcc/avr/4.5.3/avr5/libgcc.a(_mulsi3.o)
                0x0000000000003c94                __mulsi3
 .text.libgcc   0x0000000000003cd2       0x18 /usr/lib/gcc/avr/4.5.3/avr5/libgcc.a(_udivmodqi4.o)
                0x0000000000003cd2                __udivmodqi4
 .text.libgcc   0x0000000000003cea       0x28 /usr/lib/gcc/avr/4.5.3/avr5/libgcc.a(_udivmodhi4.o)
                0x0000000000003cea                __udivmodhi4
 .text.libgcc   0x0000000000003d12       0x44 /usr/lib/gcc/avr/4.5.3/avr5/libgcc.a(_udivmodsi4.o)
                0x0000000000003d12                __udivmodsi4
 .text.libgcc   0x0000000000003d56       0x36 /usr/lib/gcc/avr/4.5.3/avr5/libgcc.a(_divmodsi4.o)
                0x0000000000003d56                __divmodsi4
 .text.libgcc   0x0000000000003d8c        0x0 /usr/lib/gcc/avr/4.5.3/avr5/libgcc.a(_exit.o)
 .text.libgcc   0x0000000000003d8c        0x0 /usr/lib/gcc/avr/4.5.3/avr5/libgcc.a(_copy_data.o)
 .text.libgcc   0x0000000000003d8c        0x0 /usr/lib/gcc/avr/4.5.3/avr5/libgcc.a(_clear_bss.o)
 .text.avr-libc
                0x0000000000003d8c       0x42 /usr/lib/gcc/avr/4.5.3/../../../avr/lib/avr5/libc.a(itoa.o)
                0x0000000000003d8c                itoa
 .text.avr-libc
                0x0000000000003dce       0x2c /usr/lib/gcc/avr/4.5.3/../../../avr/lib/avr5/libc.a(utoa.o)
                0x0000000000003dce                utoa
 .text.avr-libc
                0x0000000000003dfa       0x10 /usr/lib/gcc/avr/4.5.3/../../../avr/lib/avr5/libc.a(eerd_byte_atmega168.o)
                0x0000000000003dfa                __eerd_byte_m168
 .text.avr-libc
                0x0000000000003e0a        0xc /usr/lib/gcc/avr/4.5.3/../../../avr/lib/avr5/libc.a(eerd_word_atmega168.o)
                0x0000000000003e0a                __eerd_word_m168
 .text.avr-libc
                0x0000000000003e16       0x1c /usr/lib/gcc/avr/4.5.3/../../../avr/lib/avr5/libc.a(eewr_byte_atmega168.o)
                0x0000000000003e16                __eewr_byte_m168
                0x0000000000003e18                __eewr_r18_m168
 .text.avr-libc
                0x0000000000003e32        0xa /usr/lib/gcc/avr/4.5.3/../../../avr/lib/avr5/libc.a(eewr_word_atmega168.o)
                0x0000000000003e32                __eewr_word_m168
 .text.avr-libc
                0x0000000000003e3c       0x20 /usr/lib/gcc/avr/4.5.3/../../../avr/lib/avr5/libc.a(strrev.o)
                0x0000000000003e3c                strrev
 .text.avr-libc
                0x0000000000003e5c       0x20 /usr/lib/gcc/avr/4.5.3/../../../avr/lib/avr5/libc.a(eerd_block_atmega168.o)
                0x0000000000003e5c                __eerd_block_m168
                0x0000000000003e60                __eerd_blraw_m168
                0x0000000000003e7c                . = ALIGN (0x2)
 *(.fini9)
 .fini9         0x0000000000003e7c        0x0 /usr/lib/gcc/avr/4.5.3/avr5/libgcc.a(_exit.o)
                0x0000000000003e7c                exit
                0x0000000000003e7c                _exit
 *(.fini9)
 *(.fini8)
 *(.fini8)
 *(.fini7)
 *(.fini7)
 *(.fini6)
 *(.fini6)
 *(.fini5)
 *(.fini5)
 *(.fini4)
 *(.fini4)
 *(.fini3)
 *(.fini3)
 *(.fini2)
 *(.fini2)
 *(.fini1)
 *(.fini1)
 *(.fini0)
 .fini0         0x0000000000003e7c        0x4 /usr/lib/gcc/avr/4.5.3/avr5/libgcc.a(_exit.o)
 *(.fini0)
                0x0000000000003e80                _etext = .

.data           0x0000000000800100        0x2 load address 0x0000000000003e80
                0x0000000000800100                PROVIDE (__data_start, .)
 *(.data)
 .data          0x0000000000800100        0x0 /usr/lib/gcc/avr/4.5.3/../../../avr/lib/avr5/crtm168.o
 .data          0x0000000000800100        0x0 lcd-routines.o
 .data          0x0000000000800100        0x0 lcd_hw_4_bit.o
 .data          0x0000000000800100        0x2 main.o
                0x0000000000800100                RHmultip
 .data          0x0000000000800102        0x0 swuart.o
 .data          0x0000000000800102        0x0 wait1000ms.o
 .data          0x0000000000800102        0x0 ReadCapacity.o
 .data          0x0000000000800102        0x0 ReadInductance.o
 .data          0x0000000000800102        0x0 ReadADC.o
 .data          0x0000000000800102        0x0 GetESR.o
 .data          0x0000000000800102        0x0 /usr/lib/gcc/avr/4.5.3/avr5/libgcc.a(_mulsi3.o)
 .data          0x0000000000800102        0x0 /usr/lib/gcc/avr/4.5.3/avr5/libgcc.a(_udivmodqi4.o)
 .data          0x0000000000800102        0x0 /usr/lib/gcc/avr/4.5.3/avr5/libgcc.a(_udivmodhi4.o)
 .data          0x0000000000800102        0x0 /usr/lib/gcc/avr/4.5.3/avr5/libgcc.a(_udivmodsi4.o)
 .data          0x0000000000800102        0x0 /usr/lib/gcc/avr/4.5.3/avr5/libgcc.a(_divmodsi4.o)
 .data          0x0000000000800102        0x0 /usr/lib/gcc/avr/4.5.3/avr5/libgcc.a(_exit.o)
 .data          0x0000000000800102        0x0 /usr/lib/gcc/avr/4.5.3/avr5/libgcc.a(_copy_data.o)
 .data          0x0000000000800102        0x0 /usr/lib/gcc/avr/4.5.3/avr5/libgcc.a(_clear_bss.o)
 .data          0x0000000000800102        0x0 /usr/lib/gcc/avr/4.5.3/../../../avr/lib/avr5/libc.a(itoa.o)
 .data          0x0000000000800102        0x0 /usr/lib/gcc/avr/4.5.3/../../../avr/lib/avr5/libc.a(utoa.o)
 .data          0x0000000000800102        0x0 /usr/lib/gcc/avr/4.5.3/../../../avr/lib/avr5/libc.a(eerd_byte_atmega168.o)
 .data          0x0000000000800102        0x0 /usr/lib/gcc/avr/4.5.3/../../../avr/lib/avr5/libc.a(eerd_word_atmega168.o)
 .data          0x0000000000800102        0x0 /usr/lib/gcc/avr/4.5.3/../../../avr/lib/avr5/libc.a(eewr_byte_atmega168.o)
 .data          0x0000000000800102        0x0 /usr/lib/gcc/avr/4.5.3/../../../avr/lib/avr5/libc.a(eewr_word_atmega168.o)
 .data          0x0000000000800102        0x0 /usr/lib/gcc/avr/4.5.3/../../../avr/lib/avr5/libc.a(strrev.o)
 .data          0x0000000000800102        0x0 /usr/lib/gcc/avr/4.5.3/../../../avr/lib/avr5/libc.a(eerd_block_atmega168.o)
 *(.data*)
 *(.rodata)
 *(.rodata*)
 *(.gnu.linkonce.d*)
                0x0000000000800102                . = ALIGN (0x2)
                0x0000000000800102                _edata = .
                0x0000000000800102                PROVIDE (__data_end, .)

.bss            0x0000000000800102       0x85
                0x0000000000800102                PROVIDE (__bss_start, .)
 *(.bss)
 .bss           0x0000000000800102        0x0 /usr/lib/gcc/avr/4.5.3/../../../avr/lib/avr5/crtm168.o
 .bss           0x0000000000800102        0x0 lcd-routines.o
 .bss           0x0000000000800102        0x0 lcd_hw_4_bit.o
 .bss           0x0000000000800102        0x0 main.o
 .bss           0x0000000000800102        0x0 swuart.o
 .bss           0x0000000000800102        0x0 wait1000ms.o
 .bss           0x0000000000800102        0x0 ReadCapacity.o
 .bss           0x0000000000800102        0x0 ReadInductance.o
 .bss           0x0000000000800102        0x0 ReadADC.o
 .bss           0x0000000000800102        0x0 GetESR.o
 .bss           0x0000000000800102        0x0 /usr/lib/gcc/avr/4.5.3/avr5/libgcc.a(_mulsi3.o)
 .bss           0x0000000000800102        0x0 /usr/lib/gcc/avr/4.5.3/avr5/libgcc.a(_udivmodqi4.o)
 .bss           0x0000000000800102        0x0 /usr/lib/gcc/avr/4.5.3/avr5/libgcc.a(_udivmodhi4.o)
 .bss           0x0000000000800102        0x0 /usr/lib/gcc/avr/4.5.3/avr5/libgcc.a(_udivmodsi4.o)
 .bss           0x0000000000800102        0x0 /usr/lib/gcc/avr/4.5.3/avr5/libgcc.a(_divmodsi4.o)
 .bss           0x0000000000800102        0x0 /usr/lib/gcc/avr/4.5.3/avr5/libgcc.a(_exit.o)
 .bss           0x0000000000800102        0x0 /usr/lib/gcc/avr/4.5.3/avr5/libgcc.a(_copy_data.o)
 .bss           0x0000000000800102        0x0 /usr/lib/gcc/avr/4.5.3/avr5/libgcc.a(_clear_bss.o)
 .bss           0x0000000000800102        0x0 /usr/lib/gcc/avr/4.5.3/../../../avr/lib/avr5/libc.a(itoa.o)
 .bss           0x0000000000800102        0x0 /usr/lib/gcc/avr/4.5.3/../../../avr/lib/avr5/libc.a(utoa.o)
 .bss           0x0000000000800102        0x0 /usr/lib/gcc/avr/4.5.3/../../../avr/lib/avr5/libc.a(eerd_byte_atmega168.o)
 .bss           0x0000000000800102        0x0 /usr/lib/gcc/avr/4.5.3/../../../avr/lib/avr5/libc.a(eerd_word_atmega168.o)
 .bss           0x0000000000800102        0x0 /usr/lib/gcc/avr/4.5.3/../../../avr/lib/avr5/libc.a(eewr_byte_atmega168.o)
 .bss           0x0000000000800102        0x0 /usr/lib/gcc/avr/4.5.3/../../../avr/lib/avr5/libc.a(eewr_word_atmega168.o)
 .bss           0x0000000000800102        0x0 /usr/lib/gcc/avr/4.5.3/../../../avr/lib/avr5/libc.a(strrev.o)
 .bss           0x0000000000800102        0x0 /usr/lib/gcc/avr/4.5.3/../../../avr/lib/avr5/libc.a(eerd_block_atmega168.o)
 *(.bss*)
 *(COMMON)
 COMMON         0x0000000000800102       0x85 main.o
                0x0000000000800102                resis680mi
                0x0000000000800104                PartReady
                0x0000000000800105                NumOfDiodes
                0x0000000000800106                PartMode
                0x0000000000800107                PartFound
                0x0000000000800108                resis680pl
                0x000000000080010a                tmpval
                0x000000000080010b                mess_count
                0x000000000080010c                outval
                0x0000000000800118                resis
                0x0000000000800139                ADCconfig
                0x000000000080013f                ref_mv
                0x0000000000800141                tmpval2
                0x0000000000800142                WithReference
                0x0000000000800143                empty_count
                0x0000000000800144                ii
                0x0000000000800145                pin_combination
                0x0000000000800146                ovcnt16
                0x0000000000800148                trans
                0x0000000000800157                ResistorsFound
                0x0000000000800158                gthvoltage
                0x000000000080015a                unfinished
                0x000000000080015b                cap
                0x000000000080016d                load_diff
                0x000000000080016f                diodes
                0x0000000000800187                PROVIDE (__bss_end, .)
                0x0000000000003e80                __data_load_start = LOADADDR (.data)
                0x0000000000003e82                __data_load_end = (__data_load_start + SIZEOF (.data))

.noinit         0x0000000000800187        0x0
                0x0000000000800187                PROVIDE (__noinit_start, .)
 *(.noinit*)
                0x0000000000800187                PROVIDE (__noinit_end, .)
                0x0000000000800187                _end = .
                0x0000000000800187                PROVIDE (__heap_start, .)

.eeprom         0x0000000000810000        0xf
 *(.eeprom*)
 .eeprom        0x0000000000810000        0xf main.o
                0x0000000000810000                R680pl
                0x0000000000810002                R680mi
                0x0000000000810004                RefDiff
                0x0000000000810005                ref_offset
                0x0000000000810007                c_zero_tab
                0x000000000081000e                EE_ESR_ZERO
                0x000000000081000f                __eeprom_end = .

.fuse
 *(.fuse)
 *(.lfuse)
 *(.hfuse)
 *(.efuse)

.lock
 *(.lock*)

.signature
 *(.signature*)

.stab           0x0000000000000000      0xdbc
 *(.stab)
 .stab          0x0000000000000000      0x6cc /usr/lib/gcc/avr/4.5.3/../../../avr/lib/avr5/crtm168.o
 .stab          0x00000000000006cc      0x1b0 /usr/lib/gcc/avr/4.5.3/../../../avr/lib/avr5/libc.a(itoa.o)
                                        0x1bc (size before relaxing)
 .stab          0x000000000000087c      0x12c /usr/lib/gcc/avr/4.5.3/../../../avr/lib/avr5/libc.a(utoa.o)
                                        0x138 (size before relaxing)
 .stab          0x00000000000009a8       0x90 /usr/lib/gcc/avr/4.5.3/../../../avr/lib/avr5/libc.a(eerd_byte_atmega168.o)
                                         0x9c (size before relaxing)
 .stab          0x0000000000000a38       0x6c /usr/lib/gcc/avr/4.5.3/../../../avr/lib/avr5/libc.a(eerd_word_atmega168.o)
                                         0x78 (size before relaxing)
 .stab          0x0000000000000aa4       0xe4 /usr/lib/gcc/avr/4.5.3/../../../avr/lib/avr5/libc.a(eewr_byte_atmega168.o)
                                         0xf0 (size before relaxing)
 .stab          0x0000000000000b88       0x54 /usr/lib/gcc/avr/4.5.3/../../../avr/lib/avr5/libc.a(eewr_word_atmega168.o)
                                         0x60 (size before relaxing)
 .stab          0x0000000000000bdc       0xd8 /usr/lib/gcc/avr/4.5.3/../../../avr/lib/avr5/libc.a(strrev.o)
                                         0xe4 (size before relaxing)
 .stab          0x0000000000000cb4      0x108 /usr/lib/gcc/avr/4.5.3/../../../avr/lib/avr5/libc.a(eerd_block_atmega168.o)
                                        0x114 (size before relaxing)

.stabstr        0x0000000000000000      0x1d2
 *(.stabstr)
 .stabstr       0x0000000000000000      0x1d2 /usr/lib/gcc/avr/4.5.3/../../../avr/lib/avr5/crtm168.o

.stab.excl
 *(.stab.excl)

.stab.exclstr
 *(.stab.exclstr)

.stab.index
 *(.stab.index)

.stab.indexstr
 *(.stab.indexstr)

.comment
 *(.comment)

.debug
 *(.debug)

.line
 *(.line)

.debug_srcinfo
 *(.debug_srcinfo)

.debug_sfnames
 *(.debug_sfnames)

.debug_aranges  0x0000000000000000       0xc0
 *(.debug_aranges)
 .debug_aranges
                0x0000000000000000       0x20 lcd-routines.o
 .debug_aranges
                0x0000000000000020       0x20 main.o
 .debug_aranges
                0x0000000000000040       0x20 ReadCapacity.o
 .debug_aranges
                0x0000000000000060       0x20 ReadInductance.o
 .debug_aranges
                0x0000000000000080       0x20 ReadADC.o
 .debug_aranges
                0x00000000000000a0       0x20 GetESR.o

.debug_pubnames
                0x0000000000000000      0x752
 *(.debug_pubnames)
 .debug_pubnames
                0x0000000000000000       0xc5 lcd-routines.o
 .debug_pubnames
                0x00000000000000c5      0x593 main.o
 .debug_pubnames
                0x0000000000000658       0x68 ReadCapacity.o
 .debug_pubnames
                0x00000000000006c0       0x25 ReadInductance.o
 .debug_pubnames
                0x00000000000006e5       0x50 ReadADC.o
 .debug_pubnames
                0x0000000000000735       0x1d GetESR.o

.debug_info     0x0000000000000000     0x2c46
 *(.debug_info)
 .debug_info    0x0000000000000000      0x2b4 lcd-routines.o
 .debug_info    0x00000000000002b4     0x1998 main.o
 .debug_info    0x0000000000001c4c      0x5d6 ReadCapacity.o
 .debug_info    0x0000000000002222      0x4d1 ReadInductance.o
 .debug_info    0x00000000000026f3      0x1d2 ReadADC.o
 .debug_info    0x00000000000028c5      0x381 GetESR.o
 *(.gnu.linkonce.wi.*)

.debug_abbrev   0x0000000000000000      0x830
 *(.debug_abbrev)
 .debug_abbrev  0x0000000000000000       0xbe lcd-routines.o
 .debug_abbrev  0x00000000000000be      0x2c9 main.o
 .debug_abbrev  0x0000000000000387      0x1be ReadCapacity.o
 .debug_abbrev  0x0000000000000545      0x11e ReadInductance.o
 .debug_abbrev  0x0000000000000663       0xb9 ReadADC.o
 .debug_abbrev  0x000000000000071c      0x114 GetESR.o

.debug_line     0x0000000000000000     0x35c1
 *(.debug_line)
 .debug_line    0x0000000000000000      0x2f9 lcd-routines.o
 .debug_line    0x00000000000002f9     0x2280 main.o
 .debug_line    0x0000000000002579      0x5d6 ReadCapacity.o
 .debug_line    0x0000000000002b4f      0x42d ReadInductance.o
 .debug_line    0x0000000000002f7c      0x1e8 ReadADC.o
 .debug_line    0x0000000000003164      0x45d GetESR.o

.debug_frame    0x0000000000000000      0x2b0
 *(.debug_frame)
 .debug_frame   0x0000000000000000       0xc0 lcd-routines.o
 .debug_frame   0x00000000000000c0      0x100 main.o
 .debug_frame   0x00000000000001c0       0x60 ReadCapacity.o
 .debug_frame   0x0000000000000220       0x20 ReadInductance.o
 .debug_frame   0x0000000000000240       0x50 ReadADC.o
 .debug_frame   0x0000000000000290       0x20 GetESR.o

.debug_str      0x0000000000000000      0x8e5
 *(.debug_str)
 .debug_str     0x0000000000000000      0x15e lcd-routines.o
                                        0x19c (size before relaxing)
 .debug_str     0x000000000000015e      0x607 main.o
                                        0x723 (size before relaxing)
 .debug_str     0x0000000000000765       0xa3 ReadCapacity.o
                                        0x2c2 (size before relaxing)
 .debug_str     0x0000000000000808       0x62 ReadInductance.o
                                        0x253 (size before relaxing)
 .debug_str     0x000000000000086a       0x40 ReadADC.o
                                        0x158 (size before relaxing)
 .debug_str     0x00000000000008aa       0x3b GetESR.o
                                        0x1b7 (size before relaxing)

.debug_loc      0x0000000000000000     0x17b0
 *(.debug_loc)
 .debug_loc     0x0000000000000000      0x270 lcd-routines.o
 .debug_loc     0x0000000000000270      0xd60 main.o
 .debug_loc     0x0000000000000fd0      0x258 ReadCapacity.o
 .debug_loc     0x0000000000001228      0x298 ReadInductance.o
 .debug_loc     0x00000000000014c0      0x131 ReadADC.o
 .debug_loc     0x00000000000015f1      0x1bf GetESR.o

.debug_macinfo
 *(.debug_macinfo)
OUTPUT(TransistorTester.elf elf32-avr)
LOAD linker stubs

.debug_pubtypes
                0x0000000000000000      0x21a
 .debug_pubtypes
                0x0000000000000000       0x2b lcd-routines.o
 .debug_pubtypes
                0x000000000000002b       0x80 main.o
 .debug_pubtypes
                0x00000000000000ab       0x74 ReadCapacity.o
 .debug_pubtypes
                0x000000000000011f       0x74 ReadInductance.o
 .debug_pubtypes
                0x0000000000000193       0x3b ReadADC.o
 .debug_pubtypes
                0x00000000000001ce       0x4c GetESR.o
