Archive member included because of file (symbol)

/usr/lib/gcc/avr/4.8.2/avr5/libgcc.a(_umulhisi3.o)
                              CheckPins.o (__umulhisi3)
/usr/lib/gcc/avr/4.8.2/avr5/libgcc.a(_usmulhisi3.o)
                              main.o (__usmulhisi3)
/usr/lib/gcc/avr/4.8.2/avr5/libgcc.a(_muluhisi3.o)
                              main.o (__muluhisi3)
/usr/lib/gcc/avr/4.8.2/avr5/libgcc.a(_mulsi3.o)
                              ReadADC.o (__mulsi3)
/usr/lib/gcc/avr/4.8.2/avr5/libgcc.a(_udivmodhi4.o)
                              RefVoltage.o (__udivmodhi4)
/usr/lib/gcc/avr/4.8.2/avr5/libgcc.a(_udivmodsi4.o)
                              DisplayValue.o (__udivmodsi4)
/usr/lib/gcc/avr/4.8.2/avr5/libgcc.a(_divmodsi4.o)
                              main.o (__divmodsi4)
/usr/lib/gcc/avr/4.8.2/avr5/libgcc.a(_negsi2.o)
                              /usr/lib/gcc/avr/4.8.2/avr5/libgcc.a(_divmodsi4.o) (__negsi2)
/usr/lib/gcc/avr/4.8.2/avr5/libgcc.a(_prologue.o)
                              DisplayValue.o (__prologue_saves__)
/usr/lib/gcc/avr/4.8.2/avr5/libgcc.a(_epilogue.o)
                              DisplayValue.o (__epilogue_restores__)
/usr/lib/gcc/avr/4.8.2/avr5/libgcc.a(_exit.o)
                              /usr/lib/gcc/avr/4.8.2/../../../avr/lib/avr5/crtm168.o (exit)
/usr/lib/gcc/avr/4.8.2/avr5/libgcc.a(_clear_bss.o)
                              lcd-routines.o (__do_clear_bss)
/usr/lib/gcc/avr/4.8.2/../../../avr/lib/avr5/libc.a(utoa.o)
                              i2lcd.o (utoa)
/usr/lib/gcc/avr/4.8.2/../../../avr/lib/avr5/libc.a(eerd_byte_atmega168.o)
                              lcd-routines.o (__eerd_byte_m168)
/usr/lib/gcc/avr/4.8.2/../../../avr/lib/avr5/libc.a(eewr_byte_atmega168.o)
                              main.o (__eewr_byte_m168)
/usr/lib/gcc/avr/4.8.2/../../../avr/lib/avr5/libc.a(eewr_word_atmega168.o)
                              main.o (__eewr_word_m168)
/usr/lib/gcc/avr/4.8.2/../../../avr/lib/avr5/libc.a(strrev.o)
                              /usr/lib/gcc/avr/4.8.2/../../../avr/lib/avr5/libc.a(utoa.o) (strrev)

Allocating common symbols
Common symbol       size              file

diode_sequence      0x1               main.o
display_time        0x2               main.o
resis680mi          0x2               main.o
ref_mv_offs         0x2               main.o
NumOfDiodes         0x1               main.o
PartMode            0x1               main.o
PartFound           0x1               main.o
resis680pl          0x2               main.o
tmpval              0x1               main.o
inductor_lpre       0x1               lcd-routines.o
mess_count          0x1               main.o
outval              0xa               main.o
resis               0x18              main.o
ADCconfig           0x6               main.o
pin_rpl             0x2               main.o
ref_mv              0x2               main.o
OutBuffer           0xa               main.o
tmpval2             0x1               main.o
UnCalibrated        0x1               main.o
pin_rmi             0x2               main.o
WithReference       0x1               main.o
_trans              0x2               main.o
ntrans              0x10              main.o
empty_count         0x1               main.o
pin_combination     0x1               main.o
ovcnt16             0x2               main.o
cell_mv             0x6               lcd-routines.o
ptrans              0x10              main.o
adc_internal_reference
                    0x2               main.o
ResistorsFound      0x1               main.o
unfinished          0x1               main.o
RHmultip            0x2               main.o
cap                 0x14              main.o
load_diff           0x2               main.o
diodes              0x18              main.o
inductor_lx         0x4               lcd-routines.o

↵
Speichereinrichtung
↵

Name             Ursprung           Länge             Eigenschaften
text             0x0000000000000000 0x0000000000020000 xr
data             0x0000000000800060 0x000000000000ffa0 rw !x
eeprom           0x0000000000810000 0x0000000000010000 rw !x
fuse             0x0000000000820000 0x0000000000000400 rw !x
lock             0x0000000000830000 0x0000000000000400 rw !x
signature        0x0000000000840000 0x0000000000000400 rw !x
user_signatures  0x0000000000850000 0x0000000000000400 rw !x
*default*        0x0000000000000000 0xffffffffffffffff

Linker script and memory map

Address of section .data set to 0x800100
LOAD /usr/lib/gcc/avr/4.8.2/../../../avr/lib/avr5/crtm168.o
LOAD lcd_hw_4_bit.o
LOAD lcd-routines.o
LOAD i2lcd.o
LOAD PinLayout.o
LOAD RvalOut.o
LOAD UfAusgabe.o
LOAD DisplayValue.o
LOAD swuart.o
LOAD wait1000ms.o
LOAD sleep_5ms.o
LOAD ReadADC.o
LOAD wait_for_key_ms.o
LOAD RefVoltage.o
LOAD get_log.o
LOAD main.o
LOAD CheckPins.o
LOAD ChargePin10ms.o
LOAD EntladePins.o
LOAD ReadCapacity.o
LOAD GetRLmultip.o
LOAD Calibrate_UR.o
LOAD ReadInductance.o
LOAD GetESR.o
LOAD GetVloss.o
LOAD GetFrequency.o
LOAD function_menu.o
LOAD message_key_released.o
LOAD ReadBigCap.o
LOAD CheckRotaryEncoder.o
LOAD CalibrationCap.o
LOAD ShowData.o
LOAD EE_check_init.o
START GROUP
LOAD /usr/lib/gcc/avr/4.8.2/avr5/libgcc.a
LOAD /usr/lib/gcc/avr/4.8.2/../../../avr/lib/avr5/libm.a
LOAD /usr/lib/gcc/avr/4.8.2/../../../avr/lib/avr5/libc.a
END GROUP

.hash
 *(.hash)

.dynsym
 *(.dynsym)

.dynstr
 *(.dynstr)

.gnu.version
 *(.gnu.version)

.gnu.version_d
 *(.gnu.version_d)

.gnu.version_r
 *(.gnu.version_r)

.rel.init
 *(.rel.init)

.rela.init
 *(.rela.init)

.rel.text
 *(.rel.text)
 *(.rel.text.*)
 *(.rel.gnu.linkonce.t*)

.rela.text
 *(.rela.text)
 *(.rela.text.*)
 *(.rela.gnu.linkonce.t*)

.rel.fini
 *(.rel.fini)

.rela.fini
 *(.rela.fini)

.rel.rodata
 *(.rel.rodata)
 *(.rel.rodata.*)
 *(.rel.gnu.linkonce.r*)

.rela.rodata
 *(.rela.rodata)
 *(.rela.rodata.*)
 *(.rela.gnu.linkonce.r*)

.rel.data
 *(.rel.data)
 *(.rel.data.*)
 *(.rel.gnu.linkonce.d*)

.rela.data
 *(.rela.data)
 *(.rela.data.*)
 *(.rela.gnu.linkonce.d*)

.rel.ctors
 *(.rel.ctors)

.rela.ctors
 *(.rela.ctors)

.rel.dtors
 *(.rel.dtors)

.rela.dtors
 *(.rela.dtors)

.rel.got
 *(.rel.got)

.rela.got
 *(.rela.got)

.rel.bss
 *(.rel.bss)

.rela.bss
 *(.rela.bss)

.rel.plt
 *(.rel.plt)

.rela.plt
 *(.rela.plt)

.text           0x0000000000000000     0x3fa0
 *(.vectors)
 .vectors       0x0000000000000000       0x68 /usr/lib/gcc/avr/4.8.2/../../../avr/lib/avr5/crtm168.o
                0x0000000000000000                __vectors
                0x0000000000000000                __vector_default
 *(.vectors)
 *(.progmem.gcc*)
 *(.progmem*)
 .progmem.data  0x0000000000000068       0xaa main.o
                0x0000000000000068                REF_R_str
                0x000000000000006f                REF_C_str
                0x0000000000000076                MinCap_str
                0x000000000000007e                PinADCtab
                0x0000000000000081                PinRLtab
                0x0000000000000084                R0_str
                0x0000000000000088                ICEs_str
                0x000000000000008e                ICE0_str
                0x0000000000000094                VERSION_str
                0x00000000000000a2                RHtab
                0x00000000000000b4                LogTab
                0x0000000000000112                . = ALIGN (0x2)
                0x0000000000000112                __trampolines_start = .
 *(.trampolines)
 .trampolines   0x0000000000000112        0x0 linker stubs
 *(.trampolines*)
                0x0000000000000112                __trampolines_end = .
 *(.jumptables)
 *(.jumptables*)
 *(.lowtext)
 *(.lowtext*)
                0x0000000000000112                __ctors_start = .
 *(.ctors)
                0x0000000000000112                __ctors_end = .
                0x0000000000000112                __dtors_start = .
 *(.dtors)
                0x0000000000000112                __dtors_end = .
 SORT(*)(.ctors)
 SORT(*)(.dtors)
 *(.init0)
 .init0         0x0000000000000112        0x0 /usr/lib/gcc/avr/4.8.2/../../../avr/lib/avr5/crtm168.o
                0x0000000000000112                __init
 *(.init0)
 *(.init1)
 *(.init1)
 *(.init2)
 .init2         0x0000000000000112        0xc /usr/lib/gcc/avr/4.8.2/../../../avr/lib/avr5/crtm168.o
 *(.init2)
 *(.init3)
 *(.init3)
 *(.init4)
 .init4         0x000000000000011e       0x10 /usr/lib/gcc/avr/4.8.2/avr5/libgcc.a(_clear_bss.o)
                0x000000000000011e                __do_clear_bss
 *(.init4)
 *(.init5)
 *(.init5)
 *(.init6)
 *(.init6)
 *(.init7)
 *(.init7)
 *(.init8)
 *(.init8)
 *(.init9)
 .init9         0x000000000000012e        0x8 /usr/lib/gcc/avr/4.8.2/../../../avr/lib/avr5/crtm168.o
 *(.init9)
 *(.text)
 .text          0x0000000000000136        0x4 /usr/lib/gcc/avr/4.8.2/../../../avr/lib/avr5/crtm168.o
                0x0000000000000136                __vector_22
                0x0000000000000136                __vector_1
                0x0000000000000136                __vector_24
                0x0000000000000136                __vector_12
                0x0000000000000136                __bad_interrupt
                0x0000000000000136                __vector_6
                0x0000000000000136                __vector_3
                0x0000000000000136                __vector_23
                0x0000000000000136                __vector_25
                0x0000000000000136                __vector_11
                0x0000000000000136                __vector_17
                0x0000000000000136                __vector_19
                0x0000000000000136                __vector_5
                0x0000000000000136                __vector_4
                0x0000000000000136                __vector_9
                0x0000000000000136                __vector_2
                0x0000000000000136                __vector_15
                0x0000000000000136                __vector_8
                0x0000000000000136                __vector_14
                0x0000000000000136                __vector_16
                0x0000000000000136                __vector_18
                0x0000000000000136                __vector_20
 .text          0x000000000000013a       0x5c lcd_hw_4_bit.o
                0x000000000000013a                _lcd_hw_write
 .text          0x0000000000000196      0x1f8 lcd-routines.o
                0x0000000000000196                lcd_data
                0x00000000000001fc                lcd_testpin
                0x0000000000000204                lcd_space
                0x000000000000020c                uart_newline
                0x000000000000021a                lcd_command
                0x0000000000000238                lcd_line1
                0x0000000000000240                lcd_line2
                0x0000000000000248                lcd_line3
                0x0000000000000250                lcd_line4
                0x0000000000000258                lcd_set_cursor
                0x0000000000000276                lcd_clear
                0x000000000000028c                lcd_init
                0x00000000000002fc                lcd_string
                0x0000000000000314                lcd_pgm_string
                0x0000000000000332                lcd_fix_string
                0x0000000000000352                lcd_fix_customchar
                0x000000000000037e                lcd_clear_line
 .text          0x000000000000038e       0x26 i2lcd.o
                0x000000000000038e                i2lcd
                0x00000000000003a4                u2lcd
 .text          0x00000000000003b4       0x4e PinLayout.o
                0x00000000000003b4                PinLayout
 .text          0x0000000000000402       0x4c RvalOut.o
                0x0000000000000402                RvalOut
 .text          0x000000000000044e       0xb0 UfAusgabe.o
                0x000000000000044e                mVAusgabe
                0x0000000000000476                UfAusgabe
                0x00000000000004a2                SerienDiodenAusgabe
 .text          0x00000000000004fe      0x136 DisplayValue.o
                0x00000000000004fe                DisplayValue
 .text          0x0000000000000634       0x26 swuart.o
                0x0000000000000634                uart_putc
 .text          0x000000000000065a       0x4a wait1000ms.o
                0x000000000000065a                wait5s
                0x000000000000065c                wait4s
                0x000000000000065e                wait3s
                0x0000000000000660                wait2s
                0x0000000000000662                wait1000ms
                0x0000000000000662                wait1s
                0x0000000000000664                wait500ms
                0x0000000000000666                wait400ms
                0x0000000000000668                wait300ms
                0x000000000000066a                wait200ms
                0x000000000000066c                wait100ms
                0x0000000000000670                wait50ms
                0x0000000000000672                wait40ms
                0x0000000000000674                wait30ms
                0x0000000000000676                wait20ms
                0x0000000000000678                wait10ms
                0x000000000000067a                wait5ms
                0x000000000000067c                wait4ms
                0x000000000000067e                wait3ms
                0x0000000000000680                wait2ms
                0x0000000000000682                wait1ms
                0x0000000000000684                wait500us
                0x0000000000000686                wait400us
                0x0000000000000688                wait300us
                0x000000000000068a                wait200us
                0x000000000000068c                wait100us
                0x000000000000068e                wait50us
                0x0000000000000690                wait40us
                0x0000000000000692                wait30us
                0x0000000000000694                wait20us
                0x0000000000000696                wait10us
                0x0000000000000698                wait5us
                0x000000000000069a                wait4us
                0x000000000000069c                wait3us
                0x000000000000069e                wait2us
                0x00000000000006a0                wait1us
 .text          0x00000000000006a4       0x54 sleep_5ms.o
                0x00000000000006a4                sleep_5ms
 .text          0x00000000000006f8       0xd4 ReadADC.o
                0x00000000000006f8                W20msReadADC
                0x0000000000000700                W10msReadADC
                0x0000000000000708                W5msReadADC
                0x0000000000000710                ReadADC
 .text          0x00000000000007cc       0x80 wait_for_key_ms.o
                0x00000000000007cc                wait_for_key_ms
                0x000000000000083a                wait_for_key_5s_line2
 .text          0x000000000000084c       0xb0 RefVoltage.o
                0x000000000000084c                RefVoltage
 .text          0x00000000000008fc       0x3e get_log.o
                0x00000000000008fc                get_log
 .text          0x000000000000093a      0x61e main.o
                0x000000000000093a                __vector_7
                0x000000000000093c                __vector_21
                0x000000000000093e                ShortedProbes
                0x00000000000009b8                AllProbesShorted
                0x00000000000009dc                AutoCheck
                0x0000000000000eba                mark_as_uncalibrated
                0x0000000000000ede                GetIr
 .text          0x0000000000000f58      0xf62 CheckPins.o
                0x0000000000000f58                CheckPins
 .text          0x0000000000001eba       0x30 ChargePin10ms.o
                0x0000000000001eba                ChargePin10ms
 .text          0x0000000000001eea      0x102 EntladePins.o
                0x0000000000001eea                EntladePins
 .text          0x0000000000001fec      0x66c ReadCapacity.o
                0x0000000000001fec                Scale_C_with_vcc
                0x000000000000206c                ReadCapacity
                0x00000000000025c8                __vector_13
                0x0000000000002614                __vector_10
 .text          0x0000000000002658       0x7e GetRLmultip.o
                0x0000000000002658                GetRLmultip
 .text          0x00000000000026d6      0x194 Calibrate_UR.o
                0x00000000000026d6                Calibrate_UR
 .text          0x000000000000286a      0x474 ReadInductance.o
                0x000000000000286a                ReadInductance
 .text          0x0000000000002cde      0x3b8 GetESR.o
                0x0000000000002cde                GetESR
 .text          0x0000000000003096      0x15e GetVloss.o
                0x0000000000003096                GetVloss
 .text          0x00000000000031f4        0x0 GetFrequency.o
 .text          0x00000000000031f4        0x0 function_menu.o
 .text          0x00000000000031f4        0x0 message_key_released.o
 .text          0x00000000000031f4        0x0 ReadBigCap.o
 .text          0x00000000000031f4        0x0 CheckRotaryEncoder.o
 .text          0x00000000000031f4        0x0 CalibrationCap.o
 .text          0x00000000000031f4        0x0 ShowData.o
 .text          0x00000000000031f4        0x2 EE_check_init.o
                0x00000000000031f4                EE_check_init
 .text          0x00000000000031f6        0x0 /usr/lib/gcc/avr/4.8.2/avr5/libgcc.a(_umulhisi3.o)
 .text          0x00000000000031f6        0x0 /usr/lib/gcc/avr/4.8.2/avr5/libgcc.a(_usmulhisi3.o)
 .text          0x00000000000031f6        0x0 /usr/lib/gcc/avr/4.8.2/avr5/libgcc.a(_muluhisi3.o)
 .text          0x00000000000031f6        0x0 /usr/lib/gcc/avr/4.8.2/avr5/libgcc.a(_mulsi3.o)
 .text          0x00000000000031f6        0x0 /usr/lib/gcc/avr/4.8.2/avr5/libgcc.a(_udivmodhi4.o)
 .text          0x00000000000031f6        0x0 /usr/lib/gcc/avr/4.8.2/avr5/libgcc.a(_udivmodsi4.o)
 .text          0x00000000000031f6        0x0 /usr/lib/gcc/avr/4.8.2/avr5/libgcc.a(_divmodsi4.o)
 .text          0x00000000000031f6        0x0 /usr/lib/gcc/avr/4.8.2/avr5/libgcc.a(_negsi2.o)
 .text          0x00000000000031f6        0x0 /usr/lib/gcc/avr/4.8.2/avr5/libgcc.a(_prologue.o)
 .text          0x00000000000031f6        0x0 /usr/lib/gcc/avr/4.8.2/avr5/libgcc.a(_epilogue.o)
 .text          0x00000000000031f6        0x0 /usr/lib/gcc/avr/4.8.2/avr5/libgcc.a(_exit.o)
 .text          0x00000000000031f6        0x0 /usr/lib/gcc/avr/4.8.2/avr5/libgcc.a(_clear_bss.o)
 .text          0x00000000000031f6        0x0 /usr/lib/gcc/avr/4.8.2/../../../avr/lib/avr5/libc.a(utoa.o)
 .text          0x00000000000031f6        0x0 /usr/lib/gcc/avr/4.8.2/../../../avr/lib/avr5/libc.a(eerd_byte_atmega168.o)
 .text          0x00000000000031f6        0x0 /usr/lib/gcc/avr/4.8.2/../../../avr/lib/avr5/libc.a(eewr_byte_atmega168.o)
 .text          0x00000000000031f6        0x0 /usr/lib/gcc/avr/4.8.2/../../../avr/lib/avr5/libc.a(eewr_word_atmega168.o)
 .text          0x00000000000031f6        0x0 /usr/lib/gcc/avr/4.8.2/../../../avr/lib/avr5/libc.a(strrev.o)
                0x00000000000031f6                . = ALIGN (0x2)
 *(.text.*)
 .text.startup  0x00000000000031f6      0xbaa main.o
                0x00000000000031f6                main
 .text.libgcc.mul
                0x0000000000003da0       0x1e /usr/lib/gcc/avr/4.8.2/avr5/libgcc.a(_umulhisi3.o)
                0x0000000000003da0                __umulhisi3
 .text.libgcc.div
                0x0000000000003dbe        0x0 /usr/lib/gcc/avr/4.8.2/avr5/libgcc.a(_umulhisi3.o)
 .text.libgcc   0x0000000000003dbe        0x0 /usr/lib/gcc/avr/4.8.2/avr5/libgcc.a(_umulhisi3.o)
 .text.libgcc.prologue
                0x0000000000003dbe        0x0 /usr/lib/gcc/avr/4.8.2/avr5/libgcc.a(_umulhisi3.o)
 .text.libgcc.builtins
                0x0000000000003dbe        0x0 /usr/lib/gcc/avr/4.8.2/avr5/libgcc.a(_umulhisi3.o)
 .text.libgcc.fmul
                0x0000000000003dbe        0x0 /usr/lib/gcc/avr/4.8.2/avr5/libgcc.a(_umulhisi3.o)
 .text.libgcc.fixed
                0x0000000000003dbe        0x0 /usr/lib/gcc/avr/4.8.2/avr5/libgcc.a(_umulhisi3.o)
 .text.libgcc.mul
                0x0000000000003dbe        0xe /usr/lib/gcc/avr/4.8.2/avr5/libgcc.a(_usmulhisi3.o)
                0x0000000000003dbe                __usmulhisi3
                0x0000000000003dc2                __usmulhisi3_tail
 .text.libgcc.div
                0x0000000000003dcc        0x0 /usr/lib/gcc/avr/4.8.2/avr5/libgcc.a(_usmulhisi3.o)
 .text.libgcc   0x0000000000003dcc        0x0 /usr/lib/gcc/avr/4.8.2/avr5/libgcc.a(_usmulhisi3.o)
 .text.libgcc.prologue
                0x0000000000003dcc        0x0 /usr/lib/gcc/avr/4.8.2/avr5/libgcc.a(_usmulhisi3.o)
 .text.libgcc.builtins
                0x0000000000003dcc        0x0 /usr/lib/gcc/avr/4.8.2/avr5/libgcc.a(_usmulhisi3.o)
 .text.libgcc.fmul
                0x0000000000003dcc        0x0 /usr/lib/gcc/avr/4.8.2/avr5/libgcc.a(_usmulhisi3.o)
 .text.libgcc.fixed
                0x0000000000003dcc        0x0 /usr/lib/gcc/avr/4.8.2/avr5/libgcc.a(_usmulhisi3.o)
 .text.libgcc.mul
                0x0000000000003dcc       0x16 /usr/lib/gcc/avr/4.8.2/avr5/libgcc.a(_muluhisi3.o)
                0x0000000000003dcc                __muluhisi3
 .text.libgcc.div
                0x0000000000003de2        0x0 /usr/lib/gcc/avr/4.8.2/avr5/libgcc.a(_muluhisi3.o)
 .text.libgcc   0x0000000000003de2        0x0 /usr/lib/gcc/avr/4.8.2/avr5/libgcc.a(_muluhisi3.o)
 .text.libgcc.prologue
                0x0000000000003de2        0x0 /usr/lib/gcc/avr/4.8.2/avr5/libgcc.a(_muluhisi3.o)
 .text.libgcc.builtins
                0x0000000000003de2        0x0 /usr/lib/gcc/avr/4.8.2/avr5/libgcc.a(_muluhisi3.o)
 .text.libgcc.fmul
                0x0000000000003de2        0x0 /usr/lib/gcc/avr/4.8.2/avr5/libgcc.a(_muluhisi3.o)
 .text.libgcc.fixed
                0x0000000000003de2        0x0 /usr/lib/gcc/avr/4.8.2/avr5/libgcc.a(_muluhisi3.o)
 .text.libgcc.mul
                0x0000000000003de2       0x20 /usr/lib/gcc/avr/4.8.2/avr5/libgcc.a(_mulsi3.o)
                0x0000000000003de2                __mulsi3
 .text.libgcc.div
                0x0000000000003e02        0x0 /usr/lib/gcc/avr/4.8.2/avr5/libgcc.a(_mulsi3.o)
 .text.libgcc   0x0000000000003e02        0x0 /usr/lib/gcc/avr/4.8.2/avr5/libgcc.a(_mulsi3.o)
 .text.libgcc.prologue
                0x0000000000003e02        0x0 /usr/lib/gcc/avr/4.8.2/avr5/libgcc.a(_mulsi3.o)
 .text.libgcc.builtins
                0x0000000000003e02        0x0 /usr/lib/gcc/avr/4.8.2/avr5/libgcc.a(_mulsi3.o)
 .text.libgcc.fmul
                0x0000000000003e02        0x0 /usr/lib/gcc/avr/4.8.2/avr5/libgcc.a(_mulsi3.o)
 .text.libgcc.fixed
                0x0000000000003e02        0x0 /usr/lib/gcc/avr/4.8.2/avr5/libgcc.a(_mulsi3.o)
 .text.libgcc.mul
                0x0000000000003e02        0x0 /usr/lib/gcc/avr/4.8.2/avr5/libgcc.a(_udivmodhi4.o)
 .text.libgcc.div
                0x0000000000003e02       0x28 /usr/lib/gcc/avr/4.8.2/avr5/libgcc.a(_udivmodhi4.o)
                0x0000000000003e02                __udivmodhi4
 .text.libgcc   0x0000000000003e2a        0x0 /usr/lib/gcc/avr/4.8.2/avr5/libgcc.a(_udivmodhi4.o)
 .text.libgcc.prologue
                0x0000000000003e2a        0x0 /usr/lib/gcc/avr/4.8.2/avr5/libgcc.a(_udivmodhi4.o)
 .text.libgcc.builtins
                0x0000000000003e2a        0x0 /usr/lib/gcc/avr/4.8.2/avr5/libgcc.a(_udivmodhi4.o)
 .text.libgcc.fmul
                0x0000000000003e2a        0x0 /usr/lib/gcc/avr/4.8.2/avr5/libgcc.a(_udivmodhi4.o)
 .text.libgcc.fixed
                0x0000000000003e2a        0x0 /usr/lib/gcc/avr/4.8.2/avr5/libgcc.a(_udivmodhi4.o)
 .text.libgcc.mul
                0x0000000000003e2a        0x0 /usr/lib/gcc/avr/4.8.2/avr5/libgcc.a(_udivmodsi4.o)
 .text.libgcc.div
                0x0000000000003e2a       0x44 /usr/lib/gcc/avr/4.8.2/avr5/libgcc.a(_udivmodsi4.o)
                0x0000000000003e2a                __udivmodsi4
 .text.libgcc   0x0000000000003e6e        0x0 /usr/lib/gcc/avr/4.8.2/avr5/libgcc.a(_udivmodsi4.o)
 .text.libgcc.prologue
                0x0000000000003e6e        0x0 /usr/lib/gcc/avr/4.8.2/avr5/libgcc.a(_udivmodsi4.o)
 .text.libgcc.builtins
                0x0000000000003e6e        0x0 /usr/lib/gcc/avr/4.8.2/avr5/libgcc.a(_udivmodsi4.o)
 .text.libgcc.fmul
                0x0000000000003e6e        0x0 /usr/lib/gcc/avr/4.8.2/avr5/libgcc.a(_udivmodsi4.o)
 .text.libgcc.fixed
                0x0000000000003e6e        0x0 /usr/lib/gcc/avr/4.8.2/avr5/libgcc.a(_udivmodsi4.o)
 .text.libgcc.mul
                0x0000000000003e6e        0x0 /usr/lib/gcc/avr/4.8.2/avr5/libgcc.a(_divmodsi4.o)
 .text.libgcc.div
                0x0000000000003e6e       0x2e /usr/lib/gcc/avr/4.8.2/avr5/libgcc.a(_divmodsi4.o)
                0x0000000000003e6e                __divmodsi4
 .text.libgcc   0x0000000000003e9c        0x0 /usr/lib/gcc/avr/4.8.2/avr5/libgcc.a(_divmodsi4.o)
 .text.libgcc.prologue
                0x0000000000003e9c        0x0 /usr/lib/gcc/avr/4.8.2/avr5/libgcc.a(_divmodsi4.o)
 .text.libgcc.builtins
                0x0000000000003e9c        0x0 /usr/lib/gcc/avr/4.8.2/avr5/libgcc.a(_divmodsi4.o)
 .text.libgcc.fmul
                0x0000000000003e9c        0x0 /usr/lib/gcc/avr/4.8.2/avr5/libgcc.a(_divmodsi4.o)
 .text.libgcc.fixed
                0x0000000000003e9c        0x0 /usr/lib/gcc/avr/4.8.2/avr5/libgcc.a(_divmodsi4.o)
 .text.libgcc.mul
                0x0000000000003e9c        0x0 /usr/lib/gcc/avr/4.8.2/avr5/libgcc.a(_negsi2.o)
 .text.libgcc.div
                0x0000000000003e9c       0x10 /usr/lib/gcc/avr/4.8.2/avr5/libgcc.a(_negsi2.o)
                0x0000000000003e9c                __negsi2
 .text.libgcc   0x0000000000003eac        0x0 /usr/lib/gcc/avr/4.8.2/avr5/libgcc.a(_negsi2.o)
 .text.libgcc.prologue
                0x0000000000003eac        0x0 /usr/lib/gcc/avr/4.8.2/avr5/libgcc.a(_negsi2.o)
 .text.libgcc.builtins
                0x0000000000003eac        0x0 /usr/lib/gcc/avr/4.8.2/avr5/libgcc.a(_negsi2.o)
 .text.libgcc.fmul
                0x0000000000003eac        0x0 /usr/lib/gcc/avr/4.8.2/avr5/libgcc.a(_negsi2.o)
 .text.libgcc.fixed
                0x0000000000003eac        0x0 /usr/lib/gcc/avr/4.8.2/avr5/libgcc.a(_negsi2.o)
 .text.libgcc.mul
                0x0000000000003eac        0x0 /usr/lib/gcc/avr/4.8.2/avr5/libgcc.a(_prologue.o)
 .text.libgcc.div
                0x0000000000003eac        0x0 /usr/lib/gcc/avr/4.8.2/avr5/libgcc.a(_prologue.o)
 .text.libgcc   0x0000000000003eac        0x0 /usr/lib/gcc/avr/4.8.2/avr5/libgcc.a(_prologue.o)
 .text.libgcc.prologue
                0x0000000000003eac       0x38 /usr/lib/gcc/avr/4.8.2/avr5/libgcc.a(_prologue.o)
                0x0000000000003eac                __prologue_saves__
 .text.libgcc.builtins
                0x0000000000003ee4        0x0 /usr/lib/gcc/avr/4.8.2/avr5/libgcc.a(_prologue.o)
 .text.libgcc.fmul
                0x0000000000003ee4        0x0 /usr/lib/gcc/avr/4.8.2/avr5/libgcc.a(_prologue.o)
 .text.libgcc.fixed
                0x0000000000003ee4        0x0 /usr/lib/gcc/avr/4.8.2/avr5/libgcc.a(_prologue.o)
 .text.libgcc.mul
                0x0000000000003ee4        0x0 /usr/lib/gcc/avr/4.8.2/avr5/libgcc.a(_epilogue.o)
 .text.libgcc.div
                0x0000000000003ee4        0x0 /usr/lib/gcc/avr/4.8.2/avr5/libgcc.a(_epilogue.o)
 .text.libgcc   0x0000000000003ee4        0x0 /usr/lib/gcc/avr/4.8.2/avr5/libgcc.a(_epilogue.o)
 .text.libgcc.prologue
                0x0000000000003ee4       0x36 /usr/lib/gcc/avr/4.8.2/avr5/libgcc.a(_epilogue.o)
                0x0000000000003ee4                __epilogue_restores__
 .text.libgcc.builtins
                0x0000000000003f1a        0x0 /usr/lib/gcc/avr/4.8.2/avr5/libgcc.a(_epilogue.o)
 .text.libgcc.fmul
                0x0000000000003f1a        0x0 /usr/lib/gcc/avr/4.8.2/avr5/libgcc.a(_epilogue.o)
 .text.libgcc.fixed
                0x0000000000003f1a        0x0 /usr/lib/gcc/avr/4.8.2/avr5/libgcc.a(_epilogue.o)
 .text.libgcc.mul
                0x0000000000003f1a        0x0 /usr/lib/gcc/avr/4.8.2/avr5/libgcc.a(_exit.o)
 .text.libgcc.div
                0x0000000000003f1a        0x0 /usr/lib/gcc/avr/4.8.2/avr5/libgcc.a(_exit.o)
 .text.libgcc   0x0000000000003f1a        0x0 /usr/lib/gcc/avr/4.8.2/avr5/libgcc.a(_exit.o)
 .text.libgcc.prologue
                0x0000000000003f1a        0x0 /usr/lib/gcc/avr/4.8.2/avr5/libgcc.a(_exit.o)
 .text.libgcc.builtins
                0x0000000000003f1a        0x0 /usr/lib/gcc/avr/4.8.2/avr5/libgcc.a(_exit.o)
 .text.libgcc.fmul
                0x0000000000003f1a        0x0 /usr/lib/gcc/avr/4.8.2/avr5/libgcc.a(_exit.o)
 .text.libgcc.fixed
                0x0000000000003f1a        0x0 /usr/lib/gcc/avr/4.8.2/avr5/libgcc.a(_exit.o)
 .text.libgcc.mul
                0x0000000000003f1a        0x0 /usr/lib/gcc/avr/4.8.2/avr5/libgcc.a(_clear_bss.o)
 .text.libgcc.div
                0x0000000000003f1a        0x0 /usr/lib/gcc/avr/4.8.2/avr5/libgcc.a(_clear_bss.o)
 .text.libgcc   0x0000000000003f1a        0x0 /usr/lib/gcc/avr/4.8.2/avr5/libgcc.a(_clear_bss.o)
 .text.libgcc.prologue
                0x0000000000003f1a        0x0 /usr/lib/gcc/avr/4.8.2/avr5/libgcc.a(_clear_bss.o)
 .text.libgcc.builtins
                0x0000000000003f1a        0x0 /usr/lib/gcc/avr/4.8.2/avr5/libgcc.a(_clear_bss.o)
 .text.libgcc.fmul
                0x0000000000003f1a        0x0 /usr/lib/gcc/avr/4.8.2/avr5/libgcc.a(_clear_bss.o)
 .text.libgcc.fixed
                0x0000000000003f1a        0x0 /usr/lib/gcc/avr/4.8.2/avr5/libgcc.a(_clear_bss.o)
 .text.avr-libc
                0x0000000000003f1a       0x2c /usr/lib/gcc/avr/4.8.2/../../../avr/lib/avr5/libc.a(utoa.o)
                0x0000000000003f1a                utoa
 .text.avr-libc
                0x0000000000003f46       0x10 /usr/lib/gcc/avr/4.8.2/../../../avr/lib/avr5/libc.a(eerd_byte_atmega168.o)
                0x0000000000003f46                __eerd_byte_m168
 .text.avr-libc
                0x0000000000003f56       0x1c /usr/lib/gcc/avr/4.8.2/../../../avr/lib/avr5/libc.a(eewr_byte_atmega168.o)
                0x0000000000003f56                __eewr_byte_m168
                0x0000000000003f58                __eewr_r18_m168
 .text.avr-libc
                0x0000000000003f72        0xa /usr/lib/gcc/avr/4.8.2/../../../avr/lib/avr5/libc.a(eewr_word_atmega168.o)
                0x0000000000003f72                __eewr_word_m168
 .text.avr-libc
                0x0000000000003f7c       0x20 /usr/lib/gcc/avr/4.8.2/../../../avr/lib/avr5/libc.a(strrev.o)
                0x0000000000003f7c                strrev
                0x0000000000003f9c                . = ALIGN (0x2)
 *(.fini9)
 .fini9         0x0000000000003f9c        0x0 /usr/lib/gcc/avr/4.8.2/avr5/libgcc.a(_exit.o)
                0x0000000000003f9c                exit
                0x0000000000003f9c                _exit
 *(.fini9)
 *(.fini8)
 *(.fini8)
 *(.fini7)
 *(.fini7)
 *(.fini6)
 *(.fini6)
 *(.fini5)
 *(.fini5)
 *(.fini4)
 *(.fini4)
 *(.fini3)
 *(.fini3)
 *(.fini2)
 *(.fini2)
 *(.fini1)
 *(.fini1)
 *(.fini0)
 .fini0         0x0000000000003f9c        0x4 /usr/lib/gcc/avr/4.8.2/avr5/libgcc.a(_exit.o)
 *(.fini0)
                0x0000000000003fa0                _etext = .

.data           0x0000000000800100        0x0 load address 0x0000000000003fa0
                0x0000000000800100                PROVIDE (__data_start, .)
 *(.data)
 .data          0x0000000000800100        0x0 /usr/lib/gcc/avr/4.8.2/../../../avr/lib/avr5/crtm168.o
 .data          0x0000000000800100        0x0 lcd_hw_4_bit.o
 .data          0x0000000000800100        0x0 lcd-routines.o
 .data          0x0000000000800100        0x0 i2lcd.o
 .data          0x0000000000800100        0x0 PinLayout.o
 .data          0x0000000000800100        0x0 RvalOut.o
 .data          0x0000000000800100        0x0 UfAusgabe.o
 .data          0x0000000000800100        0x0 DisplayValue.o
 .data          0x0000000000800100        0x0 swuart.o
 .data          0x0000000000800100        0x0 wait1000ms.o
 .data          0x0000000000800100        0x0 sleep_5ms.o
 .data          0x0000000000800100        0x0 ReadADC.o
 .data          0x0000000000800100        0x0 wait_for_key_ms.o
 .data          0x0000000000800100        0x0 RefVoltage.o
 .data          0x0000000000800100        0x0 get_log.o
 .data          0x0000000000800100        0x0 main.o
 .data          0x0000000000800100        0x0 CheckPins.o
 .data          0x0000000000800100        0x0 ChargePin10ms.o
 .data          0x0000000000800100        0x0 EntladePins.o
 .data          0x0000000000800100        0x0 ReadCapacity.o
 .data          0x0000000000800100        0x0 GetRLmultip.o
 .data          0x0000000000800100        0x0 Calibrate_UR.o
 .data          0x0000000000800100        0x0 ReadInductance.o
 .data          0x0000000000800100        0x0 GetESR.o
 .data          0x0000000000800100        0x0 GetVloss.o
 .data          0x0000000000800100        0x0 GetFrequency.o
 .data          0x0000000000800100        0x0 function_menu.o
 .data          0x0000000000800100        0x0 message_key_released.o
 .data          0x0000000000800100        0x0 ReadBigCap.o
 .data          0x0000000000800100        0x0 CheckRotaryEncoder.o
 .data          0x0000000000800100        0x0 CalibrationCap.o
 .data          0x0000000000800100        0x0 ShowData.o
 .data          0x0000000000800100        0x0 EE_check_init.o
 .data          0x0000000000800100        0x0 /usr/lib/gcc/avr/4.8.2/avr5/libgcc.a(_umulhisi3.o)
 .data          0x0000000000800100        0x0 /usr/lib/gcc/avr/4.8.2/avr5/libgcc.a(_usmulhisi3.o)
 .data          0x0000000000800100        0x0 /usr/lib/gcc/avr/4.8.2/avr5/libgcc.a(_muluhisi3.o)
 .data          0x0000000000800100        0x0 /usr/lib/gcc/avr/4.8.2/avr5/libgcc.a(_mulsi3.o)
 .data          0x0000000000800100        0x0 /usr/lib/gcc/avr/4.8.2/avr5/libgcc.a(_udivmodhi4.o)
 .data          0x0000000000800100        0x0 /usr/lib/gcc/avr/4.8.2/avr5/libgcc.a(_udivmodsi4.o)
 .data          0x0000000000800100        0x0 /usr/lib/gcc/avr/4.8.2/avr5/libgcc.a(_divmodsi4.o)
 .data          0x0000000000800100        0x0 /usr/lib/gcc/avr/4.8.2/avr5/libgcc.a(_negsi2.o)
 .data          0x0000000000800100        0x0 /usr/lib/gcc/avr/4.8.2/avr5/libgcc.a(_prologue.o)
 .data          0x0000000000800100        0x0 /usr/lib/gcc/avr/4.8.2/avr5/libgcc.a(_epilogue.o)
 .data          0x0000000000800100        0x0 /usr/lib/gcc/avr/4.8.2/avr5/libgcc.a(_exit.o)
 .data          0x0000000000800100        0x0 /usr/lib/gcc/avr/4.8.2/avr5/libgcc.a(_clear_bss.o)
 .data          0x0000000000800100        0x0 /usr/lib/gcc/avr/4.8.2/../../../avr/lib/avr5/libc.a(utoa.o)
 .data          0x0000000000800100        0x0 /usr/lib/gcc/avr/4.8.2/../../../avr/lib/avr5/libc.a(eerd_byte_atmega168.o)
 .data          0x0000000000800100        0x0 /usr/lib/gcc/avr/4.8.2/../../../avr/lib/avr5/libc.a(eewr_byte_atmega168.o)
 .data          0x0000000000800100        0x0 /usr/lib/gcc/avr/4.8.2/../../../avr/lib/avr5/libc.a(eewr_word_atmega168.o)
 .data          0x0000000000800100        0x0 /usr/lib/gcc/avr/4.8.2/../../../avr/lib/avr5/libc.a(strrev.o)
 *(.data*)
 *(.rodata)
 *(.rodata*)
 *(.gnu.linkonce.d*)
                0x0000000000800100                . = ALIGN (0x2)
                0x0000000000800100                _edata = .
                0x0000000000800100                PROVIDE (__data_end, .)

.bss            0x0000000000800100       0xae
                0x0000000000800100                PROVIDE (__bss_start, .)
 *(.bss)
 .bss           0x0000000000800100        0x0 /usr/lib/gcc/avr/4.8.2/../../../avr/lib/avr5/crtm168.o
 .bss           0x0000000000800100        0x0 lcd_hw_4_bit.o
 .bss           0x0000000000800100        0x0 lcd-routines.o
 .bss           0x0000000000800100        0x0 i2lcd.o
 .bss           0x0000000000800100        0x0 PinLayout.o
 .bss           0x0000000000800100        0x0 RvalOut.o
 .bss           0x0000000000800100        0x0 UfAusgabe.o
 .bss           0x0000000000800100        0x0 DisplayValue.o
 .bss           0x0000000000800100        0x0 swuart.o
 .bss           0x0000000000800100        0x0 wait1000ms.o
 .bss           0x0000000000800100        0x0 sleep_5ms.o
 .bss           0x0000000000800100        0x0 ReadADC.o
 .bss           0x0000000000800100        0x0 wait_for_key_ms.o
 .bss           0x0000000000800100        0x0 RefVoltage.o
 .bss           0x0000000000800100        0x0 get_log.o
 .bss           0x0000000000800100        0x0 main.o
 .bss           0x0000000000800100        0x0 CheckPins.o
 .bss           0x0000000000800100        0x0 ChargePin10ms.o
 .bss           0x0000000000800100        0x0 EntladePins.o
 .bss           0x0000000000800100        0x0 ReadCapacity.o
 .bss           0x0000000000800100        0x0 GetRLmultip.o
 .bss           0x0000000000800100        0x0 Calibrate_UR.o
 .bss           0x0000000000800100        0x0 ReadInductance.o
 .bss           0x0000000000800100        0x0 GetESR.o
 .bss           0x0000000000800100        0x0 GetVloss.o
 .bss           0x0000000000800100        0x0 GetFrequency.o
 .bss           0x0000000000800100        0x0 function_menu.o
 .bss           0x0000000000800100        0x0 message_key_released.o
 .bss           0x0000000000800100        0x0 ReadBigCap.o
 .bss           0x0000000000800100        0x0 CheckRotaryEncoder.o
 .bss           0x0000000000800100        0x0 CalibrationCap.o
 .bss           0x0000000000800100        0x0 ShowData.o
 .bss           0x0000000000800100        0x0 EE_check_init.o
 .bss           0x0000000000800100        0x0 /usr/lib/gcc/avr/4.8.2/avr5/libgcc.a(_umulhisi3.o)
 .bss           0x0000000000800100        0x0 /usr/lib/gcc/avr/4.8.2/avr5/libgcc.a(_usmulhisi3.o)
 .bss           0x0000000000800100        0x0 /usr/lib/gcc/avr/4.8.2/avr5/libgcc.a(_muluhisi3.o)
 .bss           0x0000000000800100        0x0 /usr/lib/gcc/avr/4.8.2/avr5/libgcc.a(_mulsi3.o)
 .bss           0x0000000000800100        0x0 /usr/lib/gcc/avr/4.8.2/avr5/libgcc.a(_udivmodhi4.o)
 .bss           0x0000000000800100        0x0 /usr/lib/gcc/avr/4.8.2/avr5/libgcc.a(_udivmodsi4.o)
 .bss           0x0000000000800100        0x0 /usr/lib/gcc/avr/4.8.2/avr5/libgcc.a(_divmodsi4.o)
 .bss           0x0000000000800100        0x0 /usr/lib/gcc/avr/4.8.2/avr5/libgcc.a(_negsi2.o)
 .bss           0x0000000000800100        0x0 /usr/lib/gcc/avr/4.8.2/avr5/libgcc.a(_prologue.o)
 .bss           0x0000000000800100        0x0 /usr/lib/gcc/avr/4.8.2/avr5/libgcc.a(_epilogue.o)
 .bss           0x0000000000800100        0x0 /usr/lib/gcc/avr/4.8.2/avr5/libgcc.a(_exit.o)
 .bss           0x0000000000800100        0x0 /usr/lib/gcc/avr/4.8.2/avr5/libgcc.a(_clear_bss.o)
 .bss           0x0000000000800100        0x0 /usr/lib/gcc/avr/4.8.2/../../../avr/lib/avr5/libc.a(utoa.o)
 .bss           0x0000000000800100        0x0 /usr/lib/gcc/avr/4.8.2/../../../avr/lib/avr5/libc.a(eerd_byte_atmega168.o)
 .bss           0x0000000000800100        0x0 /usr/lib/gcc/avr/4.8.2/../../../avr/lib/avr5/libc.a(eewr_byte_atmega168.o)
 .bss           0x0000000000800100        0x0 /usr/lib/gcc/avr/4.8.2/../../../avr/lib/avr5/libc.a(eewr_word_atmega168.o)
 .bss           0x0000000000800100        0x0 /usr/lib/gcc/avr/4.8.2/../../../avr/lib/avr5/libc.a(strrev.o)
 *(.bss*)
 *(COMMON)
 COMMON         0x0000000000800100        0xb lcd-routines.o
                0x0000000000800100                inductor_lpre
                0x0000000000800101                cell_mv
                0x0000000000800107                inductor_lx
 COMMON         0x000000000080010b       0xa3 main.o
                0x000000000080010b                diode_sequence
                0x000000000080010c                display_time
                0x000000000080010e                resis680mi
                0x0000000000800110                ref_mv_offs
                0x0000000000800112                NumOfDiodes
                0x0000000000800113                PartMode
                0x0000000000800114                PartFound
                0x0000000000800115                resis680pl
                0x0000000000800117                tmpval
                0x0000000000800118                mess_count
                0x0000000000800119                outval
                0x0000000000800123                resis
                0x000000000080013b                ADCconfig
                0x0000000000800141                pin_rpl
                0x0000000000800143                ref_mv
                0x0000000000800145                OutBuffer
                0x000000000080014f                tmpval2
                0x0000000000800150                UnCalibrated
                0x0000000000800151                pin_rmi
                0x0000000000800153                WithReference
                0x0000000000800154                _trans
                0x0000000000800156                ntrans
                0x0000000000800166                empty_count
                0x0000000000800167                pin_combination
                0x0000000000800168                ovcnt16
                0x000000000080016a                ptrans
                0x000000000080017a                adc_internal_reference
                0x000000000080017c                ResistorsFound
                0x000000000080017d                unfinished
                0x000000000080017e                RHmultip
                0x0000000000800180                cap
                0x0000000000800194                load_diff
                0x0000000000800196                diodes
                0x00000000008001ae                PROVIDE (__bss_end, .)
                0x0000000000003fa0                __data_load_start = LOADADDR (.data)
                0x0000000000003fa0                __data_load_end = (__data_load_start + SIZEOF (.data))

.noinit         0x00000000008001ae        0x0
                0x00000000008001ae                PROVIDE (__noinit_start, .)
 *(.noinit*)
                0x00000000008001ae                PROVIDE (__noinit_end, .)
                0x00000000008001ae                _end = .
                0x00000000008001ae                PROVIDE (__heap_start, .)

.eeprom         0x0000000000810000      0x1b6
 *(.eeprom*)
 .eeprom        0x0000000000810000      0x1b6 main.o
                0x0000000000810000                EE_ESR_ZEROtab
                0x0000000000810004                c_zero_tab
                0x000000000081000b                ref_offset
                0x000000000081000d                RefDiff
                0x000000000081000e                PrefixTab
                0x0000000000810015                ResIcon2
                0x000000000081001d                ResIcon1
                0x0000000000810025                DiodeIcon2
                0x000000000081002d                DiodeIcon1
                0x0000000000810035                CapIcon
                0x000000000081003d                T50HZ
                0x0000000000810043                C0_str
                0x0000000000810047                RILO
                0x000000000081004e                RIHI
                0x0000000000810055                Inductor_str
                0x000000000081005a                Resistor_str
                0x000000000081005f                Dioden
                0x0000000000810064                KatAn
                0x0000000000810068                AnKat
                0x000000000081006c                Ir_str
                0x0000000000810070                Lis_str
                0x0000000000810073                VLOSS_str
                0x000000000081007b                ESR_str
                0x0000000000810081                VCC_str
                0x0000000000810086                Cell_str
                0x000000000081008c                CapZeich
                0x0000000000810090                Vgs_str
                0x0000000000810095                vt_str
                0x000000000081009a                Uf_str
                0x000000000081009e                N123_str
                0x00000000008100a4                PNP_str
                0x00000000008100a8                NPN_str
                0x00000000008100ac                Cap_str
                0x00000000008100af                GateCap_str
                0x00000000008100b3                hfe_str
                0x00000000008100b8                igbt_str
                0x00000000008100be                jfet_str
                0x00000000008100c3                mosfet_str
                0x00000000008100c8                OK_str
                0x00000000008100cb                Bat_str
                0x00000000008100d1                ATE
                0x00000000008100da                RELPROBE
                0x00000000008100ea                SELFTEST
                0x00000000008100fa                TestTimedOut
                0x0000000000810103                OrBroken
                0x000000000081010f                TestFailed1
                0x000000000081011f                Unknown
                0x0000000000810128                Thyristor
                0x0000000000810131                Triac
                0x0000000000810137                Bauteil
                0x000000000081013c                TestFailed2
                0x0000000000810145                BatEmpty
                0x000000000081014c                BatWeak
                0x0000000000810151                TestRunning
                0x000000000081015c                RLtab
                0x00000000008101b6                __eeprom_end = .

.fuse
 *(.fuse)
 *(.lfuse)
 *(.hfuse)
 *(.efuse)

.lock
 *(.lock*)

.signature
 *(.signature*)

.user_signatures
 *(.user_signatures*)

.stab           0x0000000000000000      0xa98
 *(.stab)
 .stab          0x0000000000000000      0x6cc /usr/lib/gcc/avr/4.8.2/../../../avr/lib/avr5/crtm168.o
 .stab          0x00000000000006cc      0x12c /usr/lib/gcc/avr/4.8.2/../../../avr/lib/avr5/libc.a(utoa.o)
                                        0x138 (size before relaxing)
 .stab          0x00000000000007f8       0x90 /usr/lib/gcc/avr/4.8.2/../../../avr/lib/avr5/libc.a(eerd_byte_atmega168.o)
                                         0x9c (size before relaxing)
 .stab          0x0000000000000888       0xe4 /usr/lib/gcc/avr/4.8.2/../../../avr/lib/avr5/libc.a(eewr_byte_atmega168.o)
                                         0xf0 (size before relaxing)
 .stab          0x000000000000096c       0x54 /usr/lib/gcc/avr/4.8.2/../../../avr/lib/avr5/libc.a(eewr_word_atmega168.o)
                                         0x60 (size before relaxing)
 .stab          0x00000000000009c0       0xd8 /usr/lib/gcc/avr/4.8.2/../../../avr/lib/avr5/libc.a(strrev.o)
                                         0xe4 (size before relaxing)

.stabstr        0x0000000000000000      0x141
 *(.stabstr)
 .stabstr       0x0000000000000000      0x141 /usr/lib/gcc/avr/4.8.2/../../../avr/lib/avr5/crtm168.o

.stab.excl
 *(.stab.excl)

.stab.exclstr
 *(.stab.exclstr)

.stab.index
 *(.stab.index)

.stab.indexstr
 *(.stab.indexstr)

.comment        0x0000000000000000       0x11
 *(.comment)
 .comment       0x0000000000000000       0x11 lcd-routines.o
                                         0x12 (size before relaxing)
 .comment       0x0000000000000000       0x12 DisplayValue.o
 .comment       0x0000000000000000       0x12 main.o
 .comment       0x0000000000000000       0x12 CheckPins.o
 .comment       0x0000000000000000       0x12 ChargePin10ms.o
 .comment       0x0000000000000000       0x12 EntladePins.o
 .comment       0x0000000000000000       0x12 ReadCapacity.o
 .comment       0x0000000000000000       0x12 Calibrate_UR.o
 .comment       0x0000000000000000       0x12 ReadInductance.o
 .comment       0x0000000000000000       0x12 GetVloss.o
 .comment       0x0000000000000000       0x12 GetFrequency.o
 .comment       0x0000000000000000       0x12 function_menu.o
 .comment       0x0000000000000000       0x12 message_key_released.o
 .comment       0x0000000000000000       0x12 ReadBigCap.o
 .comment       0x0000000000000000       0x12 CheckRotaryEncoder.o
 .comment       0x0000000000000000       0x12 CalibrationCap.o
 .comment       0x0000000000000000       0x12 ShowData.o
 .comment       0x0000000000000000       0x12 EE_check_init.o

.debug
 *(.debug)

.line
 *(.line)

.debug_srcinfo
 *(.debug_srcinfo)

.debug_sfnames
 *(.debug_sfnames)

.debug_aranges  0x0000000000000000      0x3d0
 *(.debug_aranges)
 .debug_aranges
                0x0000000000000000       0x20 lcd_hw_4_bit.o
 .debug_aranges
                0x0000000000000020       0x20 lcd-routines.o
 .debug_aranges
                0x0000000000000040       0x20 i2lcd.o
 .debug_aranges
                0x0000000000000060       0x20 PinLayout.o
 .debug_aranges
                0x0000000000000080       0x20 RvalOut.o
 .debug_aranges
                0x00000000000000a0       0x20 UfAusgabe.o
 .debug_aranges
                0x00000000000000c0       0x20 DisplayValue.o
 .debug_aranges
                0x00000000000000e0       0x20 swuart.o
 .debug_aranges
                0x0000000000000100       0x20 wait1000ms.o
 .debug_aranges
                0x0000000000000120       0x20 sleep_5ms.o
 .debug_aranges
                0x0000000000000140       0x20 ReadADC.o
 .debug_aranges
                0x0000000000000160       0x20 wait_for_key_ms.o
 .debug_aranges
                0x0000000000000180       0x20 RefVoltage.o
 .debug_aranges
                0x00000000000001a0       0x20 get_log.o
 .debug_aranges
                0x00000000000001c0       0x28 main.o
 .debug_aranges
                0x00000000000001e8       0x20 CheckPins.o
 .debug_aranges
                0x0000000000000208       0x20 ChargePin10ms.o
 .debug_aranges
                0x0000000000000228       0x20 EntladePins.o
 .debug_aranges
                0x0000000000000248       0x20 ReadCapacity.o
 .debug_aranges
                0x0000000000000268       0x20 GetRLmultip.o
 .debug_aranges
                0x0000000000000288       0x20 Calibrate_UR.o
 .debug_aranges
                0x00000000000002a8       0x20 ReadInductance.o
 .debug_aranges
                0x00000000000002c8       0x20 GetESR.o
 .debug_aranges
                0x00000000000002e8       0x20 GetVloss.o
 .debug_aranges
                0x0000000000000308       0x18 GetFrequency.o
 .debug_aranges
                0x0000000000000320       0x18 function_menu.o
 .debug_aranges
                0x0000000000000338       0x18 message_key_released.o
 .debug_aranges
                0x0000000000000350       0x18 ReadBigCap.o
 .debug_aranges
                0x0000000000000368       0x18 CheckRotaryEncoder.o
 .debug_aranges
                0x0000000000000380       0x18 CalibrationCap.o
 .debug_aranges
                0x0000000000000398       0x18 ShowData.o
 .debug_aranges
                0x00000000000003b0       0x20 EE_check_init.o

.debug_pubnames
 *(.debug_pubnames)

.debug_info     0x0000000000000000     0x618c
 *(.debug_info)
 .debug_info    0x0000000000000000       0x7d lcd_hw_4_bit.o
 .debug_info    0x000000000000007d      0x760 lcd-routines.o
 .debug_info    0x00000000000007dd       0x76 i2lcd.o
 .debug_info    0x0000000000000853       0x7a PinLayout.o
 .debug_info    0x00000000000008cd       0x78 RvalOut.o
 .debug_info    0x0000000000000945       0x7a UfAusgabe.o
 .debug_info    0x00000000000009bf      0x28e DisplayValue.o
 .debug_info    0x0000000000000c4d       0x77 swuart.o
 .debug_info    0x0000000000000cc4       0x7b wait1000ms.o
 .debug_info    0x0000000000000d3f       0x7a sleep_5ms.o
 .debug_info    0x0000000000000db9       0x78 ReadADC.o
 .debug_info    0x0000000000000e31       0x80 wait_for_key_ms.o
 .debug_info    0x0000000000000eb1       0x7b RefVoltage.o
 .debug_info    0x0000000000000f2c       0x78 get_log.o
 .debug_info    0x0000000000000fa4     0x2a62 main.o
 .debug_info    0x0000000000003a06      0xcee CheckPins.o
 .debug_info    0x00000000000046f4      0x11c ChargePin10ms.o
 .debug_info    0x0000000000004810      0x1f6 EntladePins.o
 .debug_info    0x0000000000004a06      0x5e1 ReadCapacity.o
 .debug_info    0x0000000000004fe7       0x7c GetRLmultip.o
 .debug_info    0x0000000000005063      0x2cf Calibrate_UR.o
 .debug_info    0x0000000000005332      0x4b6 ReadInductance.o
 .debug_info    0x00000000000057e8       0x77 GetESR.o
 .debug_info    0x000000000000585f      0x387 GetVloss.o
 .debug_info    0x0000000000005be6       0xb1 GetFrequency.o
 .debug_info    0x0000000000005c97       0xb1 function_menu.o
 .debug_info    0x0000000000005d48       0xb1 message_key_released.o
 .debug_info    0x0000000000005df9       0xb1 ReadBigCap.o
 .debug_info    0x0000000000005eaa       0xb1 CheckRotaryEncoder.o
 .debug_info    0x0000000000005f5b       0xb1 CalibrationCap.o
 .debug_info    0x000000000000600c       0xb1 ShowData.o
 .debug_info    0x00000000000060bd       0xcf EE_check_init.o
 *(.gnu.linkonce.wi.*)

.debug_abbrev   0x0000000000000000     0x13bf
 *(.debug_abbrev)
 .debug_abbrev  0x0000000000000000       0x14 lcd_hw_4_bit.o
 .debug_abbrev  0x0000000000000014      0x1ea lcd-routines.o
 .debug_abbrev  0x00000000000001fe       0x14 i2lcd.o
 .debug_abbrev  0x0000000000000212       0x14 PinLayout.o
 .debug_abbrev  0x0000000000000226       0x14 RvalOut.o
 .debug_abbrev  0x000000000000023a       0x14 UfAusgabe.o
 .debug_abbrev  0x000000000000024e      0x123 DisplayValue.o
 .debug_abbrev  0x0000000000000371       0x14 swuart.o
 .debug_abbrev  0x0000000000000385       0x14 wait1000ms.o
 .debug_abbrev  0x0000000000000399       0x14 sleep_5ms.o
 .debug_abbrev  0x00000000000003ad       0x14 ReadADC.o
 .debug_abbrev  0x00000000000003c1       0x14 wait_for_key_ms.o
 .debug_abbrev  0x00000000000003d5       0x14 RefVoltage.o
 .debug_abbrev  0x00000000000003e9       0x14 get_log.o
 .debug_abbrev  0x00000000000003fd      0x36e main.o
 .debug_abbrev  0x000000000000076b      0x1d3 CheckPins.o
 .debug_abbrev  0x000000000000093e       0xb2 ChargePin10ms.o
 .debug_abbrev  0x00000000000009f0       0xe5 EntladePins.o
 .debug_abbrev  0x0000000000000ad5      0x1d8 ReadCapacity.o
 .debug_abbrev  0x0000000000000cad       0x14 GetRLmultip.o
 .debug_abbrev  0x0000000000000cc1      0x12a Calibrate_UR.o
 .debug_abbrev  0x0000000000000deb      0x17f ReadInductance.o
 .debug_abbrev  0x0000000000000f6a       0x14 GetESR.o
 .debug_abbrev  0x0000000000000f7e      0x175 GetVloss.o
 .debug_abbrev  0x00000000000010f3       0x56 GetFrequency.o
 .debug_abbrev  0x0000000000001149       0x56 function_menu.o
 .debug_abbrev  0x000000000000119f       0x56 message_key_released.o
 .debug_abbrev  0x00000000000011f5       0x56 ReadBigCap.o
 .debug_abbrev  0x000000000000124b       0x56 CheckRotaryEncoder.o
 .debug_abbrev  0x00000000000012a1       0x56 CalibrationCap.o
 .debug_abbrev  0x00000000000012f7       0x56 ShowData.o
 .debug_abbrev  0x000000000000134d       0x72 EE_check_init.o

.debug_line     0x0000000000000000     0x19fc
 *(.debug_line)
 .debug_line    0x0000000000000000       0x6c lcd_hw_4_bit.o
 .debug_line    0x000000000000006c      0x164 lcd-routines.o
 .debug_line    0x00000000000001d0       0x48 i2lcd.o
 .debug_line    0x0000000000000218       0x5f PinLayout.o
 .debug_line    0x0000000000000277       0x5d RvalOut.o
 .debug_line    0x00000000000002d4       0x92 UfAusgabe.o
 .debug_line    0x0000000000000366      0x109 DisplayValue.o
 .debug_line    0x000000000000046f       0x4a swuart.o
 .debug_line    0x00000000000004b9       0x64 wait1000ms.o
 .debug_line    0x000000000000051d       0x60 sleep_5ms.o
 .debug_line    0x000000000000057d       0x88 ReadADC.o
 .debug_line    0x0000000000000605       0x82 wait_for_key_ms.o
 .debug_line    0x0000000000000687       0x83 RefVoltage.o
 .debug_line    0x000000000000070a       0x54 get_log.o
 .debug_line    0x000000000000075e      0x421 main.o
 .debug_line    0x0000000000000b7f      0x2fa CheckPins.o
 .debug_line    0x0000000000000e79       0x8e ChargePin10ms.o
 .debug_line    0x0000000000000f07       0xeb EntladePins.o
 .debug_line    0x0000000000000ff2      0x1db ReadCapacity.o
 .debug_line    0x00000000000011cd       0x76 GetRLmultip.o
 .debug_line    0x0000000000001243       0xc9 Calibrate_UR.o
 .debug_line    0x000000000000130c      0x167 ReadInductance.o
 .debug_line    0x0000000000001473      0x1d4 GetESR.o
 .debug_line    0x0000000000001647       0xf5 GetVloss.o
 .debug_line    0x000000000000173c       0x54 GetFrequency.o
 .debug_line    0x0000000000001790       0x54 function_menu.o
 .debug_line    0x00000000000017e4       0x54 message_key_released.o
 .debug_line    0x0000000000001838       0x54 ReadBigCap.o
 .debug_line    0x000000000000188c       0x54 CheckRotaryEncoder.o
 .debug_line    0x00000000000018e0       0x54 CalibrationCap.o
 .debug_line    0x0000000000001934       0x54 ShowData.o
 .debug_line    0x0000000000001988       0x74 EE_check_init.o

.debug_frame    0x0000000000000000      0x504
 *(.debug_frame)
 .debug_frame   0x0000000000000000      0x174 lcd-routines.o
 .debug_frame   0x0000000000000174       0x40 DisplayValue.o
 .debug_frame   0x00000000000001b4       0xf8 main.o
 .debug_frame   0x00000000000002ac       0x4c CheckPins.o
 .debug_frame   0x00000000000002f8       0x2c ChargePin10ms.o
 .debug_frame   0x0000000000000324       0x3c EntladePins.o
 .debug_frame   0x0000000000000360       0xb4 ReadCapacity.o
 .debug_frame   0x0000000000000414       0x40 Calibrate_UR.o
 .debug_frame   0x0000000000000454       0x4c ReadInductance.o
 .debug_frame   0x00000000000004a0       0x40 GetVloss.o
 .debug_frame   0x00000000000004e0       0x24 EE_check_init.o

.debug_str      0x0000000000000000      0xceb
 *(.debug_str)
 .debug_str     0x0000000000000000      0x282 lcd-routines.o
                                        0x2c7 (size before relaxing)
 .debug_str     0x0000000000000282       0x6e DisplayValue.o
                                        0x1fe (size before relaxing)
 .debug_str     0x00000000000002f0      0x644 main.o
                                        0x90d (size before relaxing)
 .debug_str     0x0000000000000934      0x137 CheckPins.o
                                        0x3ff (size before relaxing)
 .debug_str     0x0000000000000a6b       0x2f ChargePin10ms.o
                                        0x1b2 (size before relaxing)
 .debug_str     0x0000000000000a9a       0x29 EntladePins.o
                                        0x1d9 (size before relaxing)
 .debug_str     0x0000000000000ac3       0xad ReadCapacity.o
                                        0x393 (size before relaxing)
 .debug_str     0x0000000000000b70       0x35 Calibrate_UR.o
                                        0x247 (size before relaxing)
 .debug_str     0x0000000000000ba5       0x81 ReadInductance.o
                                        0x30a (size before relaxing)
 .debug_str     0x0000000000000c26       0x1b GetVloss.o
                                        0x265 (size before relaxing)
 .debug_str     0x0000000000000c41       0x12 GetFrequency.o
                                        0x175 (size before relaxing)
 .debug_str     0x0000000000000c53       0x13 function_menu.o
                                        0x176 (size before relaxing)
 .debug_str     0x0000000000000c66       0x1a message_key_released.o
                                        0x17d (size before relaxing)
 .debug_str     0x0000000000000c80       0x10 ReadBigCap.o
                                        0x173 (size before relaxing)
 .debug_str     0x0000000000000c90       0x18 CheckRotaryEncoder.o
                                        0x17b (size before relaxing)
 .debug_str     0x0000000000000ca8       0x14 CalibrationCap.o
                                        0x177 (size before relaxing)
 .debug_str     0x0000000000000cbc        0xe ShowData.o
                                        0x171 (size before relaxing)
 .debug_str     0x0000000000000cca       0x21 EE_check_init.o
                                        0x184 (size before relaxing)

.debug_loc      0x0000000000000000     0x3705
 *(.debug_loc)
 .debug_loc     0x0000000000000000      0x3e4 lcd-routines.o
 .debug_loc     0x00000000000003e4      0x1d1 DisplayValue.o
 .debug_loc     0x00000000000005b5      0x701 main.o
 .debug_loc     0x0000000000000cb6     0x1c42 CheckPins.o
 .debug_loc     0x00000000000028f8       0x72 ChargePin10ms.o
 .debug_loc     0x000000000000296a      0x1d3 EntladePins.o
 .debug_loc     0x0000000000002b3d      0x491 ReadCapacity.o
 .debug_loc     0x0000000000002fce       0x88 Calibrate_UR.o
 .debug_loc     0x0000000000003056      0x461 ReadInductance.o
 .debug_loc     0x00000000000034b7      0x24e GetVloss.o

.debug_macinfo
 *(.debug_macinfo)

.debug_pubtypes
 *(.debug_pubtypes)

.debug_ranges   0x0000000000000000       0x30
 *(.debug_ranges)
 .debug_ranges  0x0000000000000000       0x30 main.o

.debug_macro
 *(.debug_macro)
OUTPUT(TransistorTester.elf elf32-avr)
LOAD linker stubs
