Archive member included because of file (symbol)

/usr/lib/gcc/avr/4.8.2/avr5/libgcc.a(_umulhisi3.o)
                              CheckPins.o (__umulhisi3)
/usr/lib/gcc/avr/4.8.2/avr5/libgcc.a(_usmulhisi3.o)
                              main.o (__usmulhisi3)
/usr/lib/gcc/avr/4.8.2/avr5/libgcc.a(_muluhisi3.o)
                              ReadADC.o (__muluhisi3)
/usr/lib/gcc/avr/4.8.2/avr5/libgcc.a(_mulsi3.o)
                              ReadInductance.o (__mulsi3)
/usr/lib/gcc/avr/4.8.2/avr5/libgcc.a(_udivmodqi4.o)
                              DisplayValue.o (__udivmodqi4)
/usr/lib/gcc/avr/4.8.2/avr5/libgcc.a(_udivmodhi4.o)
                              RefVoltage.o (__udivmodhi4)
/usr/lib/gcc/avr/4.8.2/avr5/libgcc.a(_udivmodsi4.o)
                              DisplayValue.o (__udivmodsi4)
/usr/lib/gcc/avr/4.8.2/avr5/libgcc.a(_divmodsi4.o)
                              main.o (__divmodsi4)
/usr/lib/gcc/avr/4.8.2/avr5/libgcc.a(_negsi2.o)
                              /usr/lib/gcc/avr/4.8.2/avr5/libgcc.a(_divmodsi4.o) (__negsi2)
/usr/lib/gcc/avr/4.8.2/avr5/libgcc.a(_prologue.o)
                              lcd-routines.o (__prologue_saves__)
/usr/lib/gcc/avr/4.8.2/avr5/libgcc.a(_epilogue.o)
                              lcd-routines.o (__epilogue_restores__)
/usr/lib/gcc/avr/4.8.2/avr5/libgcc.a(_exit.o)
                              /usr/lib/gcc/avr/4.8.2/../../../avr/lib/avr5/crtm168.o (exit)
/usr/lib/gcc/avr/4.8.2/avr5/libgcc.a(_clear_bss.o)
                              lcd-routines.o (__do_clear_bss)
/usr/lib/gcc/avr/4.8.2/../../../avr/lib/avr5/libc.a(utoa.o)
                              i2lcd.o (utoa)
/usr/lib/gcc/avr/4.8.2/../../../avr/lib/avr5/libc.a(eerd_byte_atmega168.o)
                              lcd-routines.o (__eerd_byte_m168)
/usr/lib/gcc/avr/4.8.2/../../../avr/lib/avr5/libc.a(eewr_byte_atmega168.o)
                              main.o (__eewr_byte_m168)
/usr/lib/gcc/avr/4.8.2/../../../avr/lib/avr5/libc.a(eewr_word_atmega168.o)
                              main.o (__eewr_word_m168)
/usr/lib/gcc/avr/4.8.2/../../../avr/lib/avr5/libc.a(strrev.o)
                              /usr/lib/gcc/avr/4.8.2/../../../avr/lib/avr5/libc.a(utoa.o) (strrev)

Allocating common symbols
Common symbol       size              file

diode_sequence      0x1               main.o
display_time        0x2               main.o
resis680mi          0x2               main.o
ref_mv_offs         0x2               main.o
NumOfDiodes         0x1               main.o
PartMode            0x1               main.o
PartFound           0x1               main.o
resis680pl          0x2               main.o
tmpval              0x1               main.o
last_text_column    0x1               lcd-routines.o
adc_vcc_reference   0x2               main.o
inductor_lpre       0x1               lcd-routines.o
mess_count          0x1               main.o
last_text_line      0x1               lcd-routines.o
outval              0xa               main.o
ADCconfig           0x6               main.o
pin_rpl             0x2               main.o
ref_mv              0x2               main.o
DC_Pwr_mode         0x1               main.o
OutBuffer           0xa               main.o
tmpval2             0x1               main.o
UnCalibrated        0x1               main.o
pin_rmi             0x2               main.o
WithReference       0x1               main.o
_lcd_column         0x1               main.o
_trans              0x2               main.o
last_line_used      0x1               main.o
ntrans              0x10              main.o
empty_count         0x1               main.o
pin_combination     0x1               main.o
cell_mv             0x6               lcd-routines.o
ResistorChecked     0x3               main.o
ResistorList        0x3               main.o
ptrans              0x10              main.o
adc_internal_reference
                    0x2               main.o
ResistorsFound      0x1               main.o
RHmultip            0x2               main.o
cap                 0x14              main.o
load_diff           0x2               main.o
diodes              0x18              main.o
inductor_lx         0x4               lcd-routines.o
lcd_text_line       0x1               main.o
ResistorVal         0xc               main.o

↵
Speichereinrichtung
↵

Name             Ursprung           Länge             Eigenschaften
text             0x0000000000000000 0x0000000000020000 xr
data             0x0000000000800060 0x000000000000ffa0 rw !x
eeprom           0x0000000000810000 0x0000000000010000 rw !x
fuse             0x0000000000820000 0x0000000000000400 rw !x
lock             0x0000000000830000 0x0000000000000400 rw !x
signature        0x0000000000840000 0x0000000000000400 rw !x
user_signatures  0x0000000000850000 0x0000000000000400 rw !x
*default*        0x0000000000000000 0xffffffffffffffff

Linker script and memory map

Address of section .data set to 0x800100
LOAD /usr/lib/gcc/avr/4.8.2/../../../avr/lib/avr5/crtm168.o
LOAD lcd_hw_4_bit.o
LOAD lcd-routines.o
LOAD i2lcd.o
LOAD PinLayout.o
LOAD RvalOut.o
LOAD UfAusgabe.o
LOAD DisplayValue.o
LOAD swuart.o
LOAD wait1000ms.o
LOAD ReadADC.o
LOAD wait_for_key_ms.o
LOAD RefVoltage.o
LOAD get_log.o
LOAD main.o
LOAD Battery_check.o
LOAD CheckPins.o
LOAD GetResistance.o
LOAD ChargePin10ms.o
LOAD EntladePins.o
LOAD ReadCapacity.o
LOAD GetRLmultip.o
LOAD Calibrate_UR.o
LOAD show_Resis_Cap.o
LOAD ReadInductance.o
LOAD GetESR.o
LOAD GetVloss.o
LOAD GetFrequency.o
LOAD function_menu.o
LOAD message_key_released.o
LOAD ReadBigCap.o
LOAD CheckRotaryEncoder.o
LOAD CalibrationCap.o
LOAD ShowData.o
LOAD EE_check_init.o
START GROUP
LOAD /usr/lib/gcc/avr/4.8.2/avr5/libgcc.a
LOAD /usr/lib/gcc/avr/4.8.2/../../../avr/lib/avr5/libm.a
LOAD /usr/lib/gcc/avr/4.8.2/../../../avr/lib/avr5/libc.a
END GROUP

.hash
 *(.hash)

.dynsym
 *(.dynsym)

.dynstr
 *(.dynstr)

.gnu.version
 *(.gnu.version)

.gnu.version_d
 *(.gnu.version_d)

.gnu.version_r
 *(.gnu.version_r)

.rel.init
 *(.rel.init)

.rela.init
 *(.rela.init)

.rel.text
 *(.rel.text)
 *(.rel.text.*)
 *(.rel.gnu.linkonce.t*)

.rela.text
 *(.rela.text)
 *(.rela.text.*)
 *(.rela.gnu.linkonce.t*)

.rel.fini
 *(.rel.fini)

.rela.fini
 *(.rela.fini)

.rel.rodata
 *(.rel.rodata)
 *(.rel.rodata.*)
 *(.rel.gnu.linkonce.r*)

.rela.rodata
 *(.rela.rodata)
 *(.rela.rodata.*)
 *(.rela.gnu.linkonce.r*)

.rel.data
 *(.rel.data)
 *(.rel.data.*)
 *(.rel.gnu.linkonce.d*)

.rela.data
 *(.rela.data)
 *(.rela.data.*)
 *(.rela.gnu.linkonce.d*)

.rel.ctors
 *(.rel.ctors)

.rela.ctors
 *(.rela.ctors)

.rel.dtors
 *(.rel.dtors)

.rela.dtors
 *(.rela.dtors)

.rel.got
 *(.rel.got)

.rela.got
 *(.rela.got)

.rel.bss
 *(.rel.bss)

.rela.bss
 *(.rela.bss)

.rel.plt
 *(.rel.plt)

.rela.plt
 *(.rela.plt)

.text           0x0000000000000000     0x3ee6
 *(.vectors)
 .vectors       0x0000000000000000       0x68 /usr/lib/gcc/avr/4.8.2/../../../avr/lib/avr5/crtm168.o
                0x0000000000000000                __vectors
                0x0000000000000000                __vector_default
 *(.vectors)
 *(.progmem.gcc*)
 *(.progmem*)
 .progmem.data  0x0000000000000068       0x9c main.o
                0x0000000000000068                REF_R_str
                0x000000000000006f                REF_C_str
                0x0000000000000076                MinCap_str
                0x000000000000007e                PinRLRHADCtab
                0x0000000000000084                R0_str
                0x0000000000000088                ICEs_str
                0x000000000000008e                ICE0_str
                0x0000000000000094                RHtab
                0x00000000000000a6                LogTab
                0x0000000000000104                . = ALIGN (0x2)
                0x0000000000000104                __trampolines_start = .
 *(.trampolines)
 .trampolines   0x0000000000000104        0x0 linker stubs
 *(.trampolines*)
                0x0000000000000104                __trampolines_end = .
 *(.jumptables)
 *(.jumptables*)
 *(.lowtext)
 *(.lowtext*)
                0x0000000000000104                __ctors_start = .
 *(.ctors)
                0x0000000000000104                __ctors_end = .
                0x0000000000000104                __dtors_start = .
 *(.dtors)
                0x0000000000000104                __dtors_end = .
 SORT(*)(.ctors)
 SORT(*)(.dtors)
 *(.init0)
 .init0         0x0000000000000104        0x0 /usr/lib/gcc/avr/4.8.2/../../../avr/lib/avr5/crtm168.o
                0x0000000000000104                __init
 *(.init0)
 *(.init1)
 *(.init1)
 *(.init2)
 .init2         0x0000000000000104        0xc /usr/lib/gcc/avr/4.8.2/../../../avr/lib/avr5/crtm168.o
 *(.init2)
 *(.init3)
 *(.init3)
 *(.init4)
 .init4         0x0000000000000110       0x10 /usr/lib/gcc/avr/4.8.2/avr5/libgcc.a(_clear_bss.o)
                0x0000000000000110                __do_clear_bss
 *(.init4)
 *(.init5)
 *(.init5)
 *(.init6)
 *(.init6)
 *(.init7)
 *(.init7)
 *(.init8)
 *(.init8)
 *(.init9)
 .init9         0x0000000000000120        0x8 /usr/lib/gcc/avr/4.8.2/../../../avr/lib/avr5/crtm168.o
 *(.init9)
 *(.text)
 .text          0x0000000000000128        0x2 /usr/lib/gcc/avr/4.8.2/../../../avr/lib/avr5/crtm168.o
                0x0000000000000128                __vector_22
                0x0000000000000128                __vector_1
                0x0000000000000128                __vector_24
                0x0000000000000128                __vector_12
                0x0000000000000128                __bad_interrupt
                0x0000000000000128                __vector_6
                0x0000000000000128                __vector_3
                0x0000000000000128                __vector_23
                0x0000000000000128                __vector_25
                0x0000000000000128                __vector_11
                0x0000000000000128                __vector_13
                0x0000000000000128                __vector_17
                0x0000000000000128                __vector_19
                0x0000000000000128                __vector_7
                0x0000000000000128                __vector_5
                0x0000000000000128                __vector_4
                0x0000000000000128                __vector_9
                0x0000000000000128                __vector_2
                0x0000000000000128                __vector_21
                0x0000000000000128                __vector_15
                0x0000000000000128                __vector_8
                0x0000000000000128                __vector_14
                0x0000000000000128                __vector_10
                0x0000000000000128                __vector_16
                0x0000000000000128                __vector_18
                0x0000000000000128                __vector_20
 .text          0x000000000000012a       0x5c lcd_hw_4_bit.o
                0x000000000000012a                _lcd_hw_write
 .text          0x0000000000000186      0x222 lcd-routines.o
                0x0000000000000186                lcd_save_position
                0x0000000000000198                lcd_data
                0x00000000000001aa                lcd_testpin
                0x00000000000001ae                lcd_space
                0x00000000000001b2                lcd_spaces
                0x00000000000001d4                lcd_equal
                0x00000000000001d8                lcd_command
                0x00000000000001e0                lcd_line1
                0x00000000000001ee                lcd_line2
                0x00000000000001fe                lcd_line3
                0x000000000000020e                lcd_line4
                0x000000000000021e                lcd_set_cursor
                0x0000000000000230                lcd_restore_position
                0x000000000000023a                lcd_clear
                0x0000000000000242                lcd_string
                0x0000000000000258                lcd_pgm_string
                0x0000000000000274                lcd_fix_string
                0x0000000000000292                lcd_fix_customchar
                0x00000000000002be                lcd_init
                0x000000000000031c                lcd_clear_line
                0x0000000000000326                lcd_next_line
                0x0000000000000366                lcd_next_line_wait
                0x000000000000036a                lcd_clear_line1
                0x0000000000000370                lcd_clear_line2
                0x0000000000000376                lcd_set_pixels
                0x0000000000000378                lcd_show_Cg
 .text          0x00000000000003a8       0x2c i2lcd.o
                0x00000000000003a8                i2lcd
                0x00000000000003be                u2lcd
                0x00000000000003cc                i2lcd_space
                0x00000000000003d0                u2lcd_space
 .text          0x00000000000003d4       0x62 PinLayout.o
                0x00000000000003d4                PinLayout
                0x0000000000000422                Rnum2pins
 .text          0x0000000000000436       0x4c RvalOut.o
                0x0000000000000436                RvalOut
 .text          0x0000000000000482       0x8e UfAusgabe.o
                0x0000000000000482                mVAusgabe
                0x000000000000049e                UfAusgabe
                0x00000000000004ca                SerienDiodenAusgabe
 .text          0x0000000000000510      0x156 DisplayValue.o
                0x0000000000000510                DisplayValue
                0x000000000000063c                DisplayValue16
                0x0000000000000652                Display_mV
 .text          0x0000000000000666        0x2 swuart.o
                0x0000000000000666                uart_putc
 .text          0x0000000000000668       0x4a wait1000ms.o
                0x0000000000000668                wait5s
                0x000000000000066a                wait4s
                0x000000000000066c                wait3s
                0x000000000000066e                wait2s
                0x0000000000000670                wait1000ms
                0x0000000000000670                wait1s
                0x0000000000000672                wait500ms
                0x0000000000000674                wait400ms
                0x0000000000000676                wait300ms
                0x0000000000000678                wait200ms
                0x000000000000067a                wait100ms
                0x000000000000067e                wait50ms
                0x0000000000000680                wait40ms
                0x0000000000000682                wait30ms
                0x0000000000000684                wait20ms
                0x0000000000000686                wait10ms
                0x0000000000000688                wait5ms
                0x000000000000068a                wait4ms
                0x000000000000068c                wait3ms
                0x000000000000068e                wait2ms
                0x0000000000000690                wait1ms
                0x0000000000000692                wait500us
                0x0000000000000694                wait400us
                0x0000000000000696                wait300us
                0x0000000000000698                wait200us
                0x000000000000069a                wait100us
                0x000000000000069c                wait50us
                0x000000000000069e                wait40us
                0x00000000000006a0                wait30us
                0x00000000000006a2                wait20us
                0x00000000000006a4                wait10us
                0x00000000000006a6                wait5us
                0x00000000000006a8                wait4us
                0x00000000000006aa                wait3us
                0x00000000000006ac                wait2us
                0x00000000000006ae                wait1us
 .text          0x00000000000006b2      0x118 ReadADC.o
                0x00000000000006b2                ReadADC
                0x0000000000000776                W5msReadADC
                0x0000000000000792                W10msReadADC
                0x00000000000007ae                W20msReadADC
 .text          0x00000000000007ca       0xb0 wait_for_key_ms.o
                0x00000000000007ca                wait_for_key_ms
                0x0000000000000834                wait_for_key_5s_line2
 .text          0x000000000000087a       0xb0 RefVoltage.o
                0x000000000000087a                RefVoltage
 .text          0x000000000000092a       0x3e get_log.o
                0x000000000000092a                get_log
 .text          0x0000000000000968      0x606 main.o
                0x0000000000000968                init_parts
                0x00000000000009be                ShortedProbes
                0x0000000000000a42                AllProbesShorted
                0x0000000000000a60                AutoCheck
                0x0000000000000eb4                mark_as_uncalibrated
                0x0000000000000ed8                GetIr
 .text          0x0000000000000f6e       0x80 Battery_check.o
                0x0000000000000f6e                Battery_check
 .text          0x0000000000000fee      0xb82 CheckPins.o
                0x0000000000000fee                CheckPins
 .text          0x0000000000001b70      0x3d2 GetResistance.o
                0x0000000000001b70                GetResistance
 .text          0x0000000000001f42       0x2e ChargePin10ms.o
                0x0000000000001f42                ChargePin10ms
 .text          0x0000000000001f70       0xfe EntladePins.o
                0x0000000000001f70                EntladePins
 .text          0x000000000000206e      0x56c ReadCapacity.o
                0x000000000000206e                Scale_C_with_vcc
                0x00000000000020ee                ReadCapacity
 .text          0x00000000000025da       0x7e GetRLmultip.o
                0x00000000000025da                GetRLmultip
 .text          0x0000000000002658      0x1ae Calibrate_UR.o
                0x0000000000002658                Calibrate_UR
 .text          0x0000000000002806      0x192 show_Resis_Cap.o
                0x0000000000002806                show_resis
                0x0000000000002872                show_cap_simple
                0x000000000000296e                Bat_update
                0x0000000000002984                Pwr_mode_check
 .text          0x0000000000002998      0x458 ReadInductance.o
                0x0000000000002998                ReadInductance
 .text          0x0000000000002df0      0x3ae GetESR.o
                0x0000000000002df0                GetESR
 .text          0x000000000000319e      0x17c GetVloss.o
                0x000000000000319e                GetVloss
 .text          0x000000000000331a        0x0 GetFrequency.o
 .text          0x000000000000331a        0x0 function_menu.o
 .text          0x000000000000331a        0x0 message_key_released.o
 .text          0x000000000000331a        0x0 ReadBigCap.o
 .text          0x000000000000331a        0x0 CheckRotaryEncoder.o
 .text          0x000000000000331a        0x0 CalibrationCap.o
 .text          0x000000000000331a        0x0 ShowData.o
 .text          0x000000000000331a        0x2 EE_check_init.o
                0x000000000000331a                EE_check_init
 .text          0x000000000000331c        0x0 /usr/lib/gcc/avr/4.8.2/avr5/libgcc.a(_umulhisi3.o)
 .text          0x000000000000331c        0x0 /usr/lib/gcc/avr/4.8.2/avr5/libgcc.a(_usmulhisi3.o)
 .text          0x000000000000331c        0x0 /usr/lib/gcc/avr/4.8.2/avr5/libgcc.a(_muluhisi3.o)
 .text          0x000000000000331c        0x0 /usr/lib/gcc/avr/4.8.2/avr5/libgcc.a(_mulsi3.o)
 .text          0x000000000000331c        0x0 /usr/lib/gcc/avr/4.8.2/avr5/libgcc.a(_udivmodqi4.o)
 .text          0x000000000000331c        0x0 /usr/lib/gcc/avr/4.8.2/avr5/libgcc.a(_udivmodhi4.o)
 .text          0x000000000000331c        0x0 /usr/lib/gcc/avr/4.8.2/avr5/libgcc.a(_udivmodsi4.o)
 .text          0x000000000000331c        0x0 /usr/lib/gcc/avr/4.8.2/avr5/libgcc.a(_divmodsi4.o)
 .text          0x000000000000331c        0x0 /usr/lib/gcc/avr/4.8.2/avr5/libgcc.a(_negsi2.o)
 .text          0x000000000000331c        0x0 /usr/lib/gcc/avr/4.8.2/avr5/libgcc.a(_prologue.o)
 .text          0x000000000000331c        0x0 /usr/lib/gcc/avr/4.8.2/avr5/libgcc.a(_epilogue.o)
 .text          0x000000000000331c        0x0 /usr/lib/gcc/avr/4.8.2/avr5/libgcc.a(_exit.o)
 .text          0x000000000000331c        0x0 /usr/lib/gcc/avr/4.8.2/avr5/libgcc.a(_clear_bss.o)
 .text          0x000000000000331c        0x0 /usr/lib/gcc/avr/4.8.2/../../../avr/lib/avr5/libc.a(utoa.o)
 .text          0x000000000000331c        0x0 /usr/lib/gcc/avr/4.8.2/../../../avr/lib/avr5/libc.a(eerd_byte_atmega168.o)
 .text          0x000000000000331c        0x0 /usr/lib/gcc/avr/4.8.2/../../../avr/lib/avr5/libc.a(eewr_byte_atmega168.o)
 .text          0x000000000000331c        0x0 /usr/lib/gcc/avr/4.8.2/../../../avr/lib/avr5/libc.a(eewr_word_atmega168.o)
 .text          0x000000000000331c        0x0 /usr/lib/gcc/avr/4.8.2/../../../avr/lib/avr5/libc.a(strrev.o)
                0x000000000000331c                . = ALIGN (0x2)
 *(.text.*)
 .text.startup  0x000000000000331c      0x9c6 main.o
                0x000000000000331c                main
 .text.libgcc.mul
                0x0000000000003ce2       0x1e /usr/lib/gcc/avr/4.8.2/avr5/libgcc.a(_umulhisi3.o)
                0x0000000000003ce2                __umulhisi3
 .text.libgcc.div
                0x0000000000003d00        0x0 /usr/lib/gcc/avr/4.8.2/avr5/libgcc.a(_umulhisi3.o)
 .text.libgcc   0x0000000000003d00        0x0 /usr/lib/gcc/avr/4.8.2/avr5/libgcc.a(_umulhisi3.o)
 .text.libgcc.prologue
                0x0000000000003d00        0x0 /usr/lib/gcc/avr/4.8.2/avr5/libgcc.a(_umulhisi3.o)
 .text.libgcc.builtins
                0x0000000000003d00        0x0 /usr/lib/gcc/avr/4.8.2/avr5/libgcc.a(_umulhisi3.o)
 .text.libgcc.fmul
                0x0000000000003d00        0x0 /usr/lib/gcc/avr/4.8.2/avr5/libgcc.a(_umulhisi3.o)
 .text.libgcc.fixed
                0x0000000000003d00        0x0 /usr/lib/gcc/avr/4.8.2/avr5/libgcc.a(_umulhisi3.o)
 .text.libgcc.mul
                0x0000000000003d00        0xc /usr/lib/gcc/avr/4.8.2/avr5/libgcc.a(_usmulhisi3.o)
                0x0000000000003d00                __usmulhisi3
                0x0000000000003d02                __usmulhisi3_tail
 .text.libgcc.div
                0x0000000000003d0c        0x0 /usr/lib/gcc/avr/4.8.2/avr5/libgcc.a(_usmulhisi3.o)
 .text.libgcc   0x0000000000003d0c        0x0 /usr/lib/gcc/avr/4.8.2/avr5/libgcc.a(_usmulhisi3.o)
 .text.libgcc.prologue
                0x0000000000003d0c        0x0 /usr/lib/gcc/avr/4.8.2/avr5/libgcc.a(_usmulhisi3.o)
 .text.libgcc.builtins
                0x0000000000003d0c        0x0 /usr/lib/gcc/avr/4.8.2/avr5/libgcc.a(_usmulhisi3.o)
 .text.libgcc.fmul
                0x0000000000003d0c        0x0 /usr/lib/gcc/avr/4.8.2/avr5/libgcc.a(_usmulhisi3.o)
 .text.libgcc.fixed
                0x0000000000003d0c        0x0 /usr/lib/gcc/avr/4.8.2/avr5/libgcc.a(_usmulhisi3.o)
 .text.libgcc.mul
                0x0000000000003d0c       0x14 /usr/lib/gcc/avr/4.8.2/avr5/libgcc.a(_muluhisi3.o)
                0x0000000000003d0c                __muluhisi3
 .text.libgcc.div
                0x0000000000003d20        0x0 /usr/lib/gcc/avr/4.8.2/avr5/libgcc.a(_muluhisi3.o)
 .text.libgcc   0x0000000000003d20        0x0 /usr/lib/gcc/avr/4.8.2/avr5/libgcc.a(_muluhisi3.o)
 .text.libgcc.prologue
                0x0000000000003d20        0x0 /usr/lib/gcc/avr/4.8.2/avr5/libgcc.a(_muluhisi3.o)
 .text.libgcc.builtins
                0x0000000000003d20        0x0 /usr/lib/gcc/avr/4.8.2/avr5/libgcc.a(_muluhisi3.o)
 .text.libgcc.fmul
                0x0000000000003d20        0x0 /usr/lib/gcc/avr/4.8.2/avr5/libgcc.a(_muluhisi3.o)
 .text.libgcc.fixed
                0x0000000000003d20        0x0 /usr/lib/gcc/avr/4.8.2/avr5/libgcc.a(_muluhisi3.o)
 .text.libgcc.mul
                0x0000000000003d20       0x1e /usr/lib/gcc/avr/4.8.2/avr5/libgcc.a(_mulsi3.o)
                0x0000000000003d20                __mulsi3
 .text.libgcc.div
                0x0000000000003d3e        0x0 /usr/lib/gcc/avr/4.8.2/avr5/libgcc.a(_mulsi3.o)
 .text.libgcc   0x0000000000003d3e        0x0 /usr/lib/gcc/avr/4.8.2/avr5/libgcc.a(_mulsi3.o)
 .text.libgcc.prologue
                0x0000000000003d3e        0x0 /usr/lib/gcc/avr/4.8.2/avr5/libgcc.a(_mulsi3.o)
 .text.libgcc.builtins
                0x0000000000003d3e        0x0 /usr/lib/gcc/avr/4.8.2/avr5/libgcc.a(_mulsi3.o)
 .text.libgcc.fmul
                0x0000000000003d3e        0x0 /usr/lib/gcc/avr/4.8.2/avr5/libgcc.a(_mulsi3.o)
 .text.libgcc.fixed
                0x0000000000003d3e        0x0 /usr/lib/gcc/avr/4.8.2/avr5/libgcc.a(_mulsi3.o)
 .text.libgcc.mul
                0x0000000000003d3e        0x0 /usr/lib/gcc/avr/4.8.2/avr5/libgcc.a(_udivmodqi4.o)
 .text.libgcc.div
                0x0000000000003d3e       0x18 /usr/lib/gcc/avr/4.8.2/avr5/libgcc.a(_udivmodqi4.o)
                0x0000000000003d3e                __udivmodqi4
 .text.libgcc   0x0000000000003d56        0x0 /usr/lib/gcc/avr/4.8.2/avr5/libgcc.a(_udivmodqi4.o)
 .text.libgcc.prologue
                0x0000000000003d56        0x0 /usr/lib/gcc/avr/4.8.2/avr5/libgcc.a(_udivmodqi4.o)
 .text.libgcc.builtins
                0x0000000000003d56        0x0 /usr/lib/gcc/avr/4.8.2/avr5/libgcc.a(_udivmodqi4.o)
 .text.libgcc.fmul
                0x0000000000003d56        0x0 /usr/lib/gcc/avr/4.8.2/avr5/libgcc.a(_udivmodqi4.o)
 .text.libgcc.fixed
                0x0000000000003d56        0x0 /usr/lib/gcc/avr/4.8.2/avr5/libgcc.a(_udivmodqi4.o)
 .text.libgcc.mul
                0x0000000000003d56        0x0 /usr/lib/gcc/avr/4.8.2/avr5/libgcc.a(_udivmodhi4.o)
 .text.libgcc.div
                0x0000000000003d56       0x28 /usr/lib/gcc/avr/4.8.2/avr5/libgcc.a(_udivmodhi4.o)
                0x0000000000003d56                __udivmodhi4
 .text.libgcc   0x0000000000003d7e        0x0 /usr/lib/gcc/avr/4.8.2/avr5/libgcc.a(_udivmodhi4.o)
 .text.libgcc.prologue
                0x0000000000003d7e        0x0 /usr/lib/gcc/avr/4.8.2/avr5/libgcc.a(_udivmodhi4.o)
 .text.libgcc.builtins
                0x0000000000003d7e        0x0 /usr/lib/gcc/avr/4.8.2/avr5/libgcc.a(_udivmodhi4.o)
 .text.libgcc.fmul
                0x0000000000003d7e        0x0 /usr/lib/gcc/avr/4.8.2/avr5/libgcc.a(_udivmodhi4.o)
 .text.libgcc.fixed
                0x0000000000003d7e        0x0 /usr/lib/gcc/avr/4.8.2/avr5/libgcc.a(_udivmodhi4.o)
 .text.libgcc.mul
                0x0000000000003d7e        0x0 /usr/lib/gcc/avr/4.8.2/avr5/libgcc.a(_udivmodsi4.o)
 .text.libgcc.div
                0x0000000000003d7e       0x44 /usr/lib/gcc/avr/4.8.2/avr5/libgcc.a(_udivmodsi4.o)
                0x0000000000003d7e                __udivmodsi4
 .text.libgcc   0x0000000000003dc2        0x0 /usr/lib/gcc/avr/4.8.2/avr5/libgcc.a(_udivmodsi4.o)
 .text.libgcc.prologue
                0x0000000000003dc2        0x0 /usr/lib/gcc/avr/4.8.2/avr5/libgcc.a(_udivmodsi4.o)
 .text.libgcc.builtins
                0x0000000000003dc2        0x0 /usr/lib/gcc/avr/4.8.2/avr5/libgcc.a(_udivmodsi4.o)
 .text.libgcc.fmul
                0x0000000000003dc2        0x0 /usr/lib/gcc/avr/4.8.2/avr5/libgcc.a(_udivmodsi4.o)
 .text.libgcc.fixed
                0x0000000000003dc2        0x0 /usr/lib/gcc/avr/4.8.2/avr5/libgcc.a(_udivmodsi4.o)
 .text.libgcc.mul
                0x0000000000003dc2        0x0 /usr/lib/gcc/avr/4.8.2/avr5/libgcc.a(_divmodsi4.o)
 .text.libgcc.div
                0x0000000000003dc2       0x28 /usr/lib/gcc/avr/4.8.2/avr5/libgcc.a(_divmodsi4.o)
                0x0000000000003dc2                __divmodsi4
 .text.libgcc   0x0000000000003dea        0x0 /usr/lib/gcc/avr/4.8.2/avr5/libgcc.a(_divmodsi4.o)
 .text.libgcc.prologue
                0x0000000000003dea        0x0 /usr/lib/gcc/avr/4.8.2/avr5/libgcc.a(_divmodsi4.o)
 .text.libgcc.builtins
                0x0000000000003dea        0x0 /usr/lib/gcc/avr/4.8.2/avr5/libgcc.a(_divmodsi4.o)
 .text.libgcc.fmul
                0x0000000000003dea        0x0 /usr/lib/gcc/avr/4.8.2/avr5/libgcc.a(_divmodsi4.o)
 .text.libgcc.fixed
                0x0000000000003dea        0x0 /usr/lib/gcc/avr/4.8.2/avr5/libgcc.a(_divmodsi4.o)
 .text.libgcc.mul
                0x0000000000003dea        0x0 /usr/lib/gcc/avr/4.8.2/avr5/libgcc.a(_negsi2.o)
 .text.libgcc.div
                0x0000000000003dea       0x10 /usr/lib/gcc/avr/4.8.2/avr5/libgcc.a(_negsi2.o)
                0x0000000000003dea                __negsi2
 .text.libgcc   0x0000000000003dfa        0x0 /usr/lib/gcc/avr/4.8.2/avr5/libgcc.a(_negsi2.o)
 .text.libgcc.prologue
                0x0000000000003dfa        0x0 /usr/lib/gcc/avr/4.8.2/avr5/libgcc.a(_negsi2.o)
 .text.libgcc.builtins
                0x0000000000003dfa        0x0 /usr/lib/gcc/avr/4.8.2/avr5/libgcc.a(_negsi2.o)
 .text.libgcc.fmul
                0x0000000000003dfa        0x0 /usr/lib/gcc/avr/4.8.2/avr5/libgcc.a(_negsi2.o)
 .text.libgcc.fixed
                0x0000000000003dfa        0x0 /usr/lib/gcc/avr/4.8.2/avr5/libgcc.a(_negsi2.o)
 .text.libgcc.mul
                0x0000000000003dfa        0x0 /usr/lib/gcc/avr/4.8.2/avr5/libgcc.a(_prologue.o)
 .text.libgcc.div
                0x0000000000003dfa        0x0 /usr/lib/gcc/avr/4.8.2/avr5/libgcc.a(_prologue.o)
 .text.libgcc   0x0000000000003dfa        0x0 /usr/lib/gcc/avr/4.8.2/avr5/libgcc.a(_prologue.o)
 .text.libgcc.prologue
                0x0000000000003dfa       0x38 /usr/lib/gcc/avr/4.8.2/avr5/libgcc.a(_prologue.o)
                0x0000000000003dfa                __prologue_saves__
 .text.libgcc.builtins
                0x0000000000003e32        0x0 /usr/lib/gcc/avr/4.8.2/avr5/libgcc.a(_prologue.o)
 .text.libgcc.fmul
                0x0000000000003e32        0x0 /usr/lib/gcc/avr/4.8.2/avr5/libgcc.a(_prologue.o)
 .text.libgcc.fixed
                0x0000000000003e32        0x0 /usr/lib/gcc/avr/4.8.2/avr5/libgcc.a(_prologue.o)
 .text.libgcc.mul
                0x0000000000003e32        0x0 /usr/lib/gcc/avr/4.8.2/avr5/libgcc.a(_epilogue.o)
 .text.libgcc.div
                0x0000000000003e32        0x0 /usr/lib/gcc/avr/4.8.2/avr5/libgcc.a(_epilogue.o)
 .text.libgcc   0x0000000000003e32        0x0 /usr/lib/gcc/avr/4.8.2/avr5/libgcc.a(_epilogue.o)
 .text.libgcc.prologue
                0x0000000000003e32       0x36 /usr/lib/gcc/avr/4.8.2/avr5/libgcc.a(_epilogue.o)
                0x0000000000003e32                __epilogue_restores__
 .text.libgcc.builtins
                0x0000000000003e68        0x0 /usr/lib/gcc/avr/4.8.2/avr5/libgcc.a(_epilogue.o)
 .text.libgcc.fmul
                0x0000000000003e68        0x0 /usr/lib/gcc/avr/4.8.2/avr5/libgcc.a(_epilogue.o)
 .text.libgcc.fixed
                0x0000000000003e68        0x0 /usr/lib/gcc/avr/4.8.2/avr5/libgcc.a(_epilogue.o)
 .text.libgcc.mul
                0x0000000000003e68        0x0 /usr/lib/gcc/avr/4.8.2/avr5/libgcc.a(_exit.o)
 .text.libgcc.div
                0x0000000000003e68        0x0 /usr/lib/gcc/avr/4.8.2/avr5/libgcc.a(_exit.o)
 .text.libgcc   0x0000000000003e68        0x0 /usr/lib/gcc/avr/4.8.2/avr5/libgcc.a(_exit.o)
 .text.libgcc.prologue
                0x0000000000003e68        0x0 /usr/lib/gcc/avr/4.8.2/avr5/libgcc.a(_exit.o)
 .text.libgcc.builtins
                0x0000000000003e68        0x0 /usr/lib/gcc/avr/4.8.2/avr5/libgcc.a(_exit.o)
 .text.libgcc.fmul
                0x0000000000003e68        0x0 /usr/lib/gcc/avr/4.8.2/avr5/libgcc.a(_exit.o)
 .text.libgcc.fixed
                0x0000000000003e68        0x0 /usr/lib/gcc/avr/4.8.2/avr5/libgcc.a(_exit.o)
 .text.libgcc.mul
                0x0000000000003e68        0x0 /usr/lib/gcc/avr/4.8.2/avr5/libgcc.a(_clear_bss.o)
 .text.libgcc.div
                0x0000000000003e68        0x0 /usr/lib/gcc/avr/4.8.2/avr5/libgcc.a(_clear_bss.o)
 .text.libgcc   0x0000000000003e68        0x0 /usr/lib/gcc/avr/4.8.2/avr5/libgcc.a(_clear_bss.o)
 .text.libgcc.prologue
                0x0000000000003e68        0x0 /usr/lib/gcc/avr/4.8.2/avr5/libgcc.a(_clear_bss.o)
 .text.libgcc.builtins
                0x0000000000003e68        0x0 /usr/lib/gcc/avr/4.8.2/avr5/libgcc.a(_clear_bss.o)
 .text.libgcc.fmul
                0x0000000000003e68        0x0 /usr/lib/gcc/avr/4.8.2/avr5/libgcc.a(_clear_bss.o)
 .text.libgcc.fixed
                0x0000000000003e68        0x0 /usr/lib/gcc/avr/4.8.2/avr5/libgcc.a(_clear_bss.o)
 .text.avr-libc
                0x0000000000003e68       0x28 /usr/lib/gcc/avr/4.8.2/../../../avr/lib/avr5/libc.a(utoa.o)
                0x0000000000003e68                utoa
 .text.avr-libc
                0x0000000000003e90       0x10 /usr/lib/gcc/avr/4.8.2/../../../avr/lib/avr5/libc.a(eerd_byte_atmega168.o)
                0x0000000000003e90                __eerd_byte_m168
 .text.avr-libc
                0x0000000000003ea0       0x1c /usr/lib/gcc/avr/4.8.2/../../../avr/lib/avr5/libc.a(eewr_byte_atmega168.o)
                0x0000000000003ea0                __eewr_byte_m168
                0x0000000000003ea2                __eewr_r18_m168
 .text.avr-libc
                0x0000000000003ebc        0x6 /usr/lib/gcc/avr/4.8.2/../../../avr/lib/avr5/libc.a(eewr_word_atmega168.o)
                0x0000000000003ebc                __eewr_word_m168
 .text.avr-libc
                0x0000000000003ec2       0x20 /usr/lib/gcc/avr/4.8.2/../../../avr/lib/avr5/libc.a(strrev.o)
                0x0000000000003ec2                strrev
                0x0000000000003ee2                . = ALIGN (0x2)
 *(.fini9)
 .fini9         0x0000000000003ee2        0x0 /usr/lib/gcc/avr/4.8.2/avr5/libgcc.a(_exit.o)
                0x0000000000003ee2                exit
                0x0000000000003ee2                _exit
 *(.fini9)
 *(.fini8)
 *(.fini8)
 *(.fini7)
 *(.fini7)
 *(.fini6)
 *(.fini6)
 *(.fini5)
 *(.fini5)
 *(.fini4)
 *(.fini4)
 *(.fini3)
 *(.fini3)
 *(.fini2)
 *(.fini2)
 *(.fini1)
 *(.fini1)
 *(.fini0)
 .fini0         0x0000000000003ee2        0x4 /usr/lib/gcc/avr/4.8.2/avr5/libgcc.a(_exit.o)
 *(.fini0)
                0x0000000000003ee6                _etext = .

.data           0x0000000000800100        0x0 load address 0x0000000000003ee6
                0x0000000000800100                PROVIDE (__data_start, .)
 *(.data)
 .data          0x0000000000800100        0x0 /usr/lib/gcc/avr/4.8.2/../../../avr/lib/avr5/crtm168.o
 .data          0x0000000000800100        0x0 lcd_hw_4_bit.o
 .data          0x0000000000800100        0x0 lcd-routines.o
 .data          0x0000000000800100        0x0 i2lcd.o
 .data          0x0000000000800100        0x0 PinLayout.o
 .data          0x0000000000800100        0x0 RvalOut.o
 .data          0x0000000000800100        0x0 UfAusgabe.o
 .data          0x0000000000800100        0x0 DisplayValue.o
 .data          0x0000000000800100        0x0 swuart.o
 .data          0x0000000000800100        0x0 wait1000ms.o
 .data          0x0000000000800100        0x0 ReadADC.o
 .data          0x0000000000800100        0x0 wait_for_key_ms.o
 .data          0x0000000000800100        0x0 RefVoltage.o
 .data          0x0000000000800100        0x0 get_log.o
 .data          0x0000000000800100        0x0 main.o
 .data          0x0000000000800100        0x0 Battery_check.o
 .data          0x0000000000800100        0x0 CheckPins.o
 .data          0x0000000000800100        0x0 GetResistance.o
 .data          0x0000000000800100        0x0 ChargePin10ms.o
 .data          0x0000000000800100        0x0 EntladePins.o
 .data          0x0000000000800100        0x0 ReadCapacity.o
 .data          0x0000000000800100        0x0 GetRLmultip.o
 .data          0x0000000000800100        0x0 Calibrate_UR.o
 .data          0x0000000000800100        0x0 show_Resis_Cap.o
 .data          0x0000000000800100        0x0 ReadInductance.o
 .data          0x0000000000800100        0x0 GetESR.o
 .data          0x0000000000800100        0x0 GetVloss.o
 .data          0x0000000000800100        0x0 GetFrequency.o
 .data          0x0000000000800100        0x0 function_menu.o
 .data          0x0000000000800100        0x0 message_key_released.o
 .data          0x0000000000800100        0x0 ReadBigCap.o
 .data          0x0000000000800100        0x0 CheckRotaryEncoder.o
 .data          0x0000000000800100        0x0 CalibrationCap.o
 .data          0x0000000000800100        0x0 ShowData.o
 .data          0x0000000000800100        0x0 EE_check_init.o
 .data          0x0000000000800100        0x0 /usr/lib/gcc/avr/4.8.2/avr5/libgcc.a(_umulhisi3.o)
 .data          0x0000000000800100        0x0 /usr/lib/gcc/avr/4.8.2/avr5/libgcc.a(_usmulhisi3.o)
 .data          0x0000000000800100        0x0 /usr/lib/gcc/avr/4.8.2/avr5/libgcc.a(_muluhisi3.o)
 .data          0x0000000000800100        0x0 /usr/lib/gcc/avr/4.8.2/avr5/libgcc.a(_mulsi3.o)
 .data          0x0000000000800100        0x0 /usr/lib/gcc/avr/4.8.2/avr5/libgcc.a(_udivmodqi4.o)
 .data          0x0000000000800100        0x0 /usr/lib/gcc/avr/4.8.2/avr5/libgcc.a(_udivmodhi4.o)
 .data          0x0000000000800100        0x0 /usr/lib/gcc/avr/4.8.2/avr5/libgcc.a(_udivmodsi4.o)
 .data          0x0000000000800100        0x0 /usr/lib/gcc/avr/4.8.2/avr5/libgcc.a(_divmodsi4.o)
 .data          0x0000000000800100        0x0 /usr/lib/gcc/avr/4.8.2/avr5/libgcc.a(_negsi2.o)
 .data          0x0000000000800100        0x0 /usr/lib/gcc/avr/4.8.2/avr5/libgcc.a(_prologue.o)
 .data          0x0000000000800100        0x0 /usr/lib/gcc/avr/4.8.2/avr5/libgcc.a(_epilogue.o)
 .data          0x0000000000800100        0x0 /usr/lib/gcc/avr/4.8.2/avr5/libgcc.a(_exit.o)
 .data          0x0000000000800100        0x0 /usr/lib/gcc/avr/4.8.2/avr5/libgcc.a(_clear_bss.o)
 .data          0x0000000000800100        0x0 /usr/lib/gcc/avr/4.8.2/../../../avr/lib/avr5/libc.a(utoa.o)
 .data          0x0000000000800100        0x0 /usr/lib/gcc/avr/4.8.2/../../../avr/lib/avr5/libc.a(eerd_byte_atmega168.o)
 .data          0x0000000000800100        0x0 /usr/lib/gcc/avr/4.8.2/../../../avr/lib/avr5/libc.a(eewr_byte_atmega168.o)
 .data          0x0000000000800100        0x0 /usr/lib/gcc/avr/4.8.2/../../../avr/lib/avr5/libc.a(eewr_word_atmega168.o)
 .data          0x0000000000800100        0x0 /usr/lib/gcc/avr/4.8.2/../../../avr/lib/avr5/libc.a(strrev.o)
 *(.data*)
 *(.rodata)
 *(.rodata*)
 *(.gnu.linkonce.d*)
                0x0000000000800100                . = ALIGN (0x2)
                0x0000000000800100                _edata = .
                0x0000000000800100                PROVIDE (__data_end, .)

.bss            0x0000000000800100       0xad
                0x0000000000800100                PROVIDE (__bss_start, .)
 *(.bss)
 .bss           0x0000000000800100        0x0 /usr/lib/gcc/avr/4.8.2/../../../avr/lib/avr5/crtm168.o
 .bss           0x0000000000800100        0x0 lcd_hw_4_bit.o
 .bss           0x0000000000800100        0x0 lcd-routines.o
 .bss           0x0000000000800100        0x0 i2lcd.o
 .bss           0x0000000000800100        0x0 PinLayout.o
 .bss           0x0000000000800100        0x0 RvalOut.o
 .bss           0x0000000000800100        0x0 UfAusgabe.o
 .bss           0x0000000000800100        0x0 DisplayValue.o
 .bss           0x0000000000800100        0x0 swuart.o
 .bss           0x0000000000800100        0x0 wait1000ms.o
 .bss           0x0000000000800100        0x0 ReadADC.o
 .bss           0x0000000000800100        0x0 wait_for_key_ms.o
 .bss           0x0000000000800100        0x0 RefVoltage.o
 .bss           0x0000000000800100        0x0 get_log.o
 .bss           0x0000000000800100        0x0 main.o
 .bss           0x0000000000800100        0x0 Battery_check.o
 .bss           0x0000000000800100        0x0 CheckPins.o
 .bss           0x0000000000800100        0x0 GetResistance.o
 .bss           0x0000000000800100        0x0 ChargePin10ms.o
 .bss           0x0000000000800100        0x0 EntladePins.o
 .bss           0x0000000000800100        0x0 ReadCapacity.o
 .bss           0x0000000000800100        0x0 GetRLmultip.o
 .bss           0x0000000000800100        0x0 Calibrate_UR.o
 .bss           0x0000000000800100        0x0 show_Resis_Cap.o
 .bss           0x0000000000800100        0x0 ReadInductance.o
 .bss           0x0000000000800100        0x0 GetESR.o
 .bss           0x0000000000800100        0x0 GetVloss.o
 .bss           0x0000000000800100        0x0 GetFrequency.o
 .bss           0x0000000000800100        0x0 function_menu.o
 .bss           0x0000000000800100        0x0 message_key_released.o
 .bss           0x0000000000800100        0x0 ReadBigCap.o
 .bss           0x0000000000800100        0x0 CheckRotaryEncoder.o
 .bss           0x0000000000800100        0x0 CalibrationCap.o
 .bss           0x0000000000800100        0x0 ShowData.o
 .bss           0x0000000000800100        0x0 EE_check_init.o
 .bss           0x0000000000800100        0x0 /usr/lib/gcc/avr/4.8.2/avr5/libgcc.a(_umulhisi3.o)
 .bss           0x0000000000800100        0x0 /usr/lib/gcc/avr/4.8.2/avr5/libgcc.a(_usmulhisi3.o)
 .bss           0x0000000000800100        0x0 /usr/lib/gcc/avr/4.8.2/avr5/libgcc.a(_muluhisi3.o)
 .bss           0x0000000000800100        0x0 /usr/lib/gcc/avr/4.8.2/avr5/libgcc.a(_mulsi3.o)
 .bss           0x0000000000800100        0x0 /usr/lib/gcc/avr/4.8.2/avr5/libgcc.a(_udivmodqi4.o)
 .bss           0x0000000000800100        0x0 /usr/lib/gcc/avr/4.8.2/avr5/libgcc.a(_udivmodhi4.o)
 .bss           0x0000000000800100        0x0 /usr/lib/gcc/avr/4.8.2/avr5/libgcc.a(_udivmodsi4.o)
 .bss           0x0000000000800100        0x0 /usr/lib/gcc/avr/4.8.2/avr5/libgcc.a(_divmodsi4.o)
 .bss           0x0000000000800100        0x0 /usr/lib/gcc/avr/4.8.2/avr5/libgcc.a(_negsi2.o)
 .bss           0x0000000000800100        0x0 /usr/lib/gcc/avr/4.8.2/avr5/libgcc.a(_prologue.o)
 .bss           0x0000000000800100        0x0 /usr/lib/gcc/avr/4.8.2/avr5/libgcc.a(_epilogue.o)
 .bss           0x0000000000800100        0x0 /usr/lib/gcc/avr/4.8.2/avr5/libgcc.a(_exit.o)
 .bss           0x0000000000800100        0x0 /usr/lib/gcc/avr/4.8.2/avr5/libgcc.a(_clear_bss.o)
 .bss           0x0000000000800100        0x0 /usr/lib/gcc/avr/4.8.2/../../../avr/lib/avr5/libc.a(utoa.o)
 .bss           0x0000000000800100        0x0 /usr/lib/gcc/avr/4.8.2/../../../avr/lib/avr5/libc.a(eerd_byte_atmega168.o)
 .bss           0x0000000000800100        0x0 /usr/lib/gcc/avr/4.8.2/../../../avr/lib/avr5/libc.a(eewr_byte_atmega168.o)
 .bss           0x0000000000800100        0x0 /usr/lib/gcc/avr/4.8.2/../../../avr/lib/avr5/libc.a(eewr_word_atmega168.o)
 .bss           0x0000000000800100        0x0 /usr/lib/gcc/avr/4.8.2/../../../avr/lib/avr5/libc.a(strrev.o)
 *(.bss*)
 *(COMMON)
 COMMON         0x0000000000800100        0xd lcd-routines.o
                0x0000000000800100                last_text_column
                0x0000000000800101                inductor_lpre
                0x0000000000800102                last_text_line
                0x0000000000800103                cell_mv
                0x0000000000800109                inductor_lx
 COMMON         0x000000000080010d       0xa0 main.o
                0x000000000080010d                diode_sequence
                0x000000000080010e                display_time
                0x0000000000800110                resis680mi
                0x0000000000800112                ref_mv_offs
                0x0000000000800114                NumOfDiodes
                0x0000000000800115                PartMode
                0x0000000000800116                PartFound
                0x0000000000800117                resis680pl
                0x0000000000800119                tmpval
                0x000000000080011a                adc_vcc_reference
                0x000000000080011c                mess_count
                0x000000000080011d                outval
                0x0000000000800127                ADCconfig
                0x000000000080012d                pin_rpl
                0x000000000080012f                ref_mv
                0x0000000000800131                DC_Pwr_mode
                0x0000000000800132                OutBuffer
                0x000000000080013c                tmpval2
                0x000000000080013d                UnCalibrated
                0x000000000080013e                pin_rmi
                0x0000000000800140                WithReference
                0x0000000000800141                _lcd_column
                0x0000000000800142                _trans
                0x0000000000800144                last_line_used
                0x0000000000800145                ntrans
                0x0000000000800155                empty_count
                0x0000000000800156                pin_combination
                0x0000000000800157                ResistorChecked
                0x000000000080015a                ResistorList
                0x000000000080015d                ptrans
                0x000000000080016d                adc_internal_reference
                0x000000000080016f                ResistorsFound
                0x0000000000800170                RHmultip
                0x0000000000800172                cap
                0x0000000000800186                load_diff
                0x0000000000800188                diodes
                0x00000000008001a0                lcd_text_line
                0x00000000008001a1                ResistorVal
                0x00000000008001ad                PROVIDE (__bss_end, .)
                0x0000000000003ee6                __data_load_start = LOADADDR (.data)
                0x0000000000003ee6                __data_load_end = (__data_load_start + SIZEOF (.data))

.noinit         0x00000000008001ad        0x0
                0x00000000008001ad                PROVIDE (__noinit_start, .)
 *(.noinit*)
                0x00000000008001ad                PROVIDE (__noinit_end, .)
                0x00000000008001ad                _end = .
                0x00000000008001ad                PROVIDE (__heap_start, .)

.eeprom         0x0000000000810000      0x1d9
 *(.eeprom*)
 .eeprom        0x0000000000810000      0x1d9 main.o
                0x0000000000810000                PrefixTab
                0x0000000000810007                ResIcon2
                0x000000000081000f                ResIcon1
                0x0000000000810017                DiodeIcon2
                0x000000000081001f                DiodeIcon1
                0x0000000000810027                CapIcon
                0x000000000081002f                RDS_str
                0x0000000000810034                T50HZ
                0x000000000081003a                C0_str
                0x000000000081003e                RILO_str
                0x0000000000810045                RIHI_str
                0x000000000081004c                VERSION_str
                0x000000000081005a                Inductor_str
                0x000000000081005f                Resistor_str
                0x0000000000810064                Dioden
                0x0000000000810069                KatAn_str
                0x000000000081006d                AnKat_str
                0x0000000000810071                Ir_str
                0x0000000000810077                Lis_str
                0x000000000081007a                VLOSS_str
                0x0000000000810082                ESR_str
                0x0000000000810088                VCC_str
                0x000000000081008d                Cell_str
                0x0000000000810093                CapZeich
                0x0000000000810097                Vgs_str
                0x000000000081009c                vt_str
                0x00000000008100a1                Uf_str
                0x00000000008100a5                Ube_str
                0x00000000008100aa                N123_str
                0x00000000008100b0                PNP_str
                0x00000000008100b4                NPN_str
                0x00000000008100b8                Cap_str
                0x00000000008100bb                GateCap_str
                0x00000000008100be                hfe_str
                0x00000000008100c1                igbt_str
                0x00000000008100c7                jfet_str
                0x00000000008100cc                mosfet_str
                0x00000000008100d1                DC_Pwr_Mode_str
                0x00000000008100dd                OK_str
                0x00000000008100e0                Bat_str
                0x00000000008100e6                ATE
                0x00000000008100ef                RELPROBE
                0x00000000008100ff                SELFTEST
                0x000000000081010f                TestTimedOut
                0x0000000000810118                OrBroken
                0x0000000000810124                TestFailed1
                0x0000000000810134                Unknown
                0x000000000081013d                Thyristor
                0x0000000000810146                Triac
                0x000000000081014c                Bauteil
                0x0000000000810151                TestFailed2
                0x000000000081015a                BatEmpty
                0x0000000000810161                BatWeak
                0x0000000000810166                TestRunning
                0x0000000000810171                RLtab
                0x00000000008101cb                EE_ESR_ZEROtab
                0x00000000008101cf                c_zero_tab
                0x00000000008101d6                ref_offset
                0x00000000008101d8                RefDiff
                0x00000000008101d9                __eeprom_end = .

.fuse
 *(.fuse)
 *(.lfuse)
 *(.hfuse)
 *(.efuse)

.lock
 *(.lock*)

.signature
 *(.signature*)

.user_signatures
 *(.user_signatures*)

.stab           0x0000000000000000      0xa98
 *(.stab)
 .stab          0x0000000000000000      0x6cc /usr/lib/gcc/avr/4.8.2/../../../avr/lib/avr5/crtm168.o
 .stab          0x00000000000006cc      0x12c /usr/lib/gcc/avr/4.8.2/../../../avr/lib/avr5/libc.a(utoa.o)
                                        0x138 (size before relaxing)
 .stab          0x00000000000007f8       0x90 /usr/lib/gcc/avr/4.8.2/../../../avr/lib/avr5/libc.a(eerd_byte_atmega168.o)
                                         0x9c (size before relaxing)
 .stab          0x0000000000000888       0xe4 /usr/lib/gcc/avr/4.8.2/../../../avr/lib/avr5/libc.a(eewr_byte_atmega168.o)
                                         0xf0 (size before relaxing)
 .stab          0x000000000000096c       0x54 /usr/lib/gcc/avr/4.8.2/../../../avr/lib/avr5/libc.a(eewr_word_atmega168.o)
                                         0x60 (size before relaxing)
 .stab          0x00000000000009c0       0xd8 /usr/lib/gcc/avr/4.8.2/../../../avr/lib/avr5/libc.a(strrev.o)
                                         0xe4 (size before relaxing)

.stabstr        0x0000000000000000      0x141
 *(.stabstr)
 .stabstr       0x0000000000000000      0x141 /usr/lib/gcc/avr/4.8.2/../../../avr/lib/avr5/crtm168.o

.stab.excl
 *(.stab.excl)

.stab.exclstr
 *(.stab.exclstr)

.stab.index
 *(.stab.index)

.stab.indexstr
 *(.stab.indexstr)

.comment        0x0000000000000000       0x11
 *(.comment)
 .comment       0x0000000000000000       0x11 lcd-routines.o
                                         0x12 (size before relaxing)
 .comment       0x0000000000000000       0x12 DisplayValue.o
 .comment       0x0000000000000000       0x12 ReadADC.o
 .comment       0x0000000000000000       0x12 main.o
 .comment       0x0000000000000000       0x12 Battery_check.o
 .comment       0x0000000000000000       0x12 CheckPins.o
 .comment       0x0000000000000000       0x12 GetResistance.o
 .comment       0x0000000000000000       0x12 ChargePin10ms.o
 .comment       0x0000000000000000       0x12 EntladePins.o
 .comment       0x0000000000000000       0x12 ReadCapacity.o
 .comment       0x0000000000000000       0x12 Calibrate_UR.o
 .comment       0x0000000000000000       0x12 show_Resis_Cap.o
 .comment       0x0000000000000000       0x12 ReadInductance.o
 .comment       0x0000000000000000       0x12 GetVloss.o
 .comment       0x0000000000000000       0x12 GetFrequency.o
 .comment       0x0000000000000000       0x12 function_menu.o
 .comment       0x0000000000000000       0x12 message_key_released.o
 .comment       0x0000000000000000       0x12 ReadBigCap.o
 .comment       0x0000000000000000       0x12 CheckRotaryEncoder.o
 .comment       0x0000000000000000       0x12 CalibrationCap.o
 .comment       0x0000000000000000       0x12 ShowData.o
 .comment       0x0000000000000000       0x12 EE_check_init.o

.debug
 *(.debug)

.line
 *(.line)

.debug_srcinfo
 *(.debug_srcinfo)

.debug_sfnames
 *(.debug_sfnames)

.debug_aranges  0x0000000000000000      0x410
 *(.debug_aranges)
 .debug_aranges
                0x0000000000000000       0x20 lcd_hw_4_bit.o
 .debug_aranges
                0x0000000000000020       0x20 lcd-routines.o
 .debug_aranges
                0x0000000000000040       0x20 i2lcd.o
 .debug_aranges
                0x0000000000000060       0x20 PinLayout.o
 .debug_aranges
                0x0000000000000080       0x20 RvalOut.o
 .debug_aranges
                0x00000000000000a0       0x20 UfAusgabe.o
 .debug_aranges
                0x00000000000000c0       0x20 DisplayValue.o
 .debug_aranges
                0x00000000000000e0       0x20 swuart.o
 .debug_aranges
                0x0000000000000100       0x20 wait1000ms.o
 .debug_aranges
                0x0000000000000120       0x20 ReadADC.o
 .debug_aranges
                0x0000000000000140       0x20 wait_for_key_ms.o
 .debug_aranges
                0x0000000000000160       0x20 RefVoltage.o
 .debug_aranges
                0x0000000000000180       0x20 get_log.o
 .debug_aranges
                0x00000000000001a0       0x28 main.o
 .debug_aranges
                0x00000000000001c8       0x20 Battery_check.o
 .debug_aranges
                0x00000000000001e8       0x20 CheckPins.o
 .debug_aranges
                0x0000000000000208       0x20 GetResistance.o
 .debug_aranges
                0x0000000000000228       0x20 ChargePin10ms.o
 .debug_aranges
                0x0000000000000248       0x20 EntladePins.o
 .debug_aranges
                0x0000000000000268       0x20 ReadCapacity.o
 .debug_aranges
                0x0000000000000288       0x20 GetRLmultip.o
 .debug_aranges
                0x00000000000002a8       0x20 Calibrate_UR.o
 .debug_aranges
                0x00000000000002c8       0x20 show_Resis_Cap.o
 .debug_aranges
                0x00000000000002e8       0x20 ReadInductance.o
 .debug_aranges
                0x0000000000000308       0x20 GetESR.o
 .debug_aranges
                0x0000000000000328       0x20 GetVloss.o
 .debug_aranges
                0x0000000000000348       0x18 GetFrequency.o
 .debug_aranges
                0x0000000000000360       0x18 function_menu.o
 .debug_aranges
                0x0000000000000378       0x18 message_key_released.o
 .debug_aranges
                0x0000000000000390       0x18 ReadBigCap.o
 .debug_aranges
                0x00000000000003a8       0x18 CheckRotaryEncoder.o
 .debug_aranges
                0x00000000000003c0       0x18 CalibrationCap.o
 .debug_aranges
                0x00000000000003d8       0x18 ShowData.o
 .debug_aranges
                0x00000000000003f0       0x20 EE_check_init.o

.debug_pubnames
 *(.debug_pubnames)

.debug_info     0x0000000000000000     0x713a
 *(.debug_info)
 .debug_info    0x0000000000000000       0x7d lcd_hw_4_bit.o
 .debug_info    0x000000000000007d      0xa81 lcd-routines.o
 .debug_info    0x0000000000000afe       0x76 i2lcd.o
 .debug_info    0x0000000000000b74       0x7a PinLayout.o
 .debug_info    0x0000000000000bee       0x78 RvalOut.o
 .debug_info    0x0000000000000c66       0x7a UfAusgabe.o
 .debug_info    0x0000000000000ce0      0x395 DisplayValue.o
 .debug_info    0x0000000000001075       0x77 swuart.o
 .debug_info    0x00000000000010ec       0x7b wait1000ms.o
 .debug_info    0x0000000000001167      0x282 ReadADC.o
 .debug_info    0x00000000000013e9       0x80 wait_for_key_ms.o
 .debug_info    0x0000000000001469       0x7b RefVoltage.o
 .debug_info    0x00000000000014e4       0x78 get_log.o
 .debug_info    0x000000000000155c     0x28b0 main.o
 .debug_info    0x0000000000003e0c      0x2aa Battery_check.o
 .debug_info    0x00000000000040b6      0xb06 CheckPins.o
 .debug_info    0x0000000000004bbc      0x554 GetResistance.o
 .debug_info    0x0000000000005110      0x10d ChargePin10ms.o
 .debug_info    0x000000000000521d      0x1f2 EntladePins.o
 .debug_info    0x000000000000540f      0x5c4 ReadCapacity.o
 .debug_info    0x00000000000059d3       0x7c GetRLmultip.o
 .debug_info    0x0000000000005a4f      0x2e2 Calibrate_UR.o
 .debug_info    0x0000000000005d31      0x5e6 show_Resis_Cap.o
 .debug_info    0x0000000000006317      0x4c1 ReadInductance.o
 .debug_info    0x00000000000067d8       0x77 GetESR.o
 .debug_info    0x000000000000684f      0x35d GetVloss.o
 .debug_info    0x0000000000006bac       0xae GetFrequency.o
 .debug_info    0x0000000000006c5a       0xae function_menu.o
 .debug_info    0x0000000000006d08       0xae message_key_released.o
 .debug_info    0x0000000000006db6       0xae ReadBigCap.o
 .debug_info    0x0000000000006e64       0xae CheckRotaryEncoder.o
 .debug_info    0x0000000000006f12       0xae CalibrationCap.o
 .debug_info    0x0000000000006fc0       0xae ShowData.o
 .debug_info    0x000000000000706e       0xcc EE_check_init.o
 *(.gnu.linkonce.wi.*)

.debug_abbrev   0x0000000000000000     0x19a1
 *(.debug_abbrev)
 .debug_abbrev  0x0000000000000000       0x14 lcd_hw_4_bit.o
 .debug_abbrev  0x0000000000000014      0x261 lcd-routines.o
 .debug_abbrev  0x0000000000000275       0x14 i2lcd.o
 .debug_abbrev  0x0000000000000289       0x14 PinLayout.o
 .debug_abbrev  0x000000000000029d       0x14 RvalOut.o
 .debug_abbrev  0x00000000000002b1       0x14 UfAusgabe.o
 .debug_abbrev  0x00000000000002c5      0x16e DisplayValue.o
 .debug_abbrev  0x0000000000000433       0x14 swuart.o
 .debug_abbrev  0x0000000000000447       0x14 wait1000ms.o
 .debug_abbrev  0x000000000000045b       0xfb ReadADC.o
 .debug_abbrev  0x0000000000000556       0x14 wait_for_key_ms.o
 .debug_abbrev  0x000000000000056a       0x14 RefVoltage.o
 .debug_abbrev  0x000000000000057e       0x14 get_log.o
 .debug_abbrev  0x0000000000000592      0x351 main.o
 .debug_abbrev  0x00000000000008e3      0x11e Battery_check.o
 .debug_abbrev  0x0000000000000a01      0x1b9 CheckPins.o
 .debug_abbrev  0x0000000000000bba      0x18c GetResistance.o
 .debug_abbrev  0x0000000000000d46       0x9f ChargePin10ms.o
 .debug_abbrev  0x0000000000000de5       0xe5 EntladePins.o
 .debug_abbrev  0x0000000000000eca      0x1f7 ReadCapacity.o
 .debug_abbrev  0x00000000000010c1       0x14 GetRLmultip.o
 .debug_abbrev  0x00000000000010d5      0x12a Calibrate_UR.o
 .debug_abbrev  0x00000000000011ff      0x1e6 show_Resis_Cap.o
 .debug_abbrev  0x00000000000013e5      0x172 ReadInductance.o
 .debug_abbrev  0x0000000000001557       0x14 GetESR.o
 .debug_abbrev  0x000000000000156b      0x16a GetVloss.o
 .debug_abbrev  0x00000000000016d5       0x56 GetFrequency.o
 .debug_abbrev  0x000000000000172b       0x56 function_menu.o
 .debug_abbrev  0x0000000000001781       0x56 message_key_released.o
 .debug_abbrev  0x00000000000017d7       0x56 ReadBigCap.o
 .debug_abbrev  0x000000000000182d       0x56 CheckRotaryEncoder.o
 .debug_abbrev  0x0000000000001883       0x56 CalibrationCap.o
 .debug_abbrev  0x00000000000018d9       0x56 ShowData.o
 .debug_abbrev  0x000000000000192f       0x72 EE_check_init.o

.debug_line     0x0000000000000000     0x1e3e
 *(.debug_line)
 .debug_line    0x0000000000000000       0x6c lcd_hw_4_bit.o
 .debug_line    0x000000000000006c      0x1ac lcd-routines.o
 .debug_line    0x0000000000000218       0x4d i2lcd.o
 .debug_line    0x0000000000000265       0x6c PinLayout.o
 .debug_line    0x00000000000002d1       0x5b RvalOut.o
 .debug_line    0x000000000000032c       0x80 UfAusgabe.o
 .debug_line    0x00000000000003ac      0x12d DisplayValue.o
 .debug_line    0x00000000000004d9       0x39 swuart.o
 .debug_line    0x0000000000000512       0x64 wait1000ms.o
 .debug_line    0x0000000000000576       0xdb ReadADC.o
 .debug_line    0x0000000000000651       0x9a wait_for_key_ms.o
 .debug_line    0x00000000000006eb       0x83 RefVoltage.o
 .debug_line    0x000000000000076e       0x54 get_log.o
 .debug_line    0x00000000000007c2      0x453 main.o
 .debug_line    0x0000000000000c15       0xe4 Battery_check.o
 .debug_line    0x0000000000000cf9      0x2bc CheckPins.o
 .debug_line    0x0000000000000fb5      0x131 GetResistance.o
 .debug_line    0x00000000000010e6       0x98 ChargePin10ms.o
 .debug_line    0x000000000000117e       0xf4 EntladePins.o
 .debug_line    0x0000000000001272      0x1d6 ReadCapacity.o
 .debug_line    0x0000000000001448       0x76 GetRLmultip.o
 .debug_line    0x00000000000014be       0xd8 Calibrate_UR.o
 .debug_line    0x0000000000001596      0x11f show_Resis_Cap.o
 .debug_line    0x00000000000016b5      0x18c ReadInductance.o
 .debug_line    0x0000000000001841      0x1d5 GetESR.o
 .debug_line    0x0000000000001a16      0x110 GetVloss.o
 .debug_line    0x0000000000001b26       0x5f GetFrequency.o
 .debug_line    0x0000000000001b85       0x5f function_menu.o
 .debug_line    0x0000000000001be4       0x5f message_key_released.o
 .debug_line    0x0000000000001c43       0x5f ReadBigCap.o
 .debug_line    0x0000000000001ca2       0x5f CheckRotaryEncoder.o
 .debug_line    0x0000000000001d01       0x5f CalibrationCap.o
 .debug_line    0x0000000000001d60       0x5f ShowData.o
 .debug_line    0x0000000000001dbf       0x7f EE_check_init.o

.debug_frame    0x0000000000000000      0x6fc
 *(.debug_frame)
 .debug_frame   0x0000000000000000      0x204 lcd-routines.o
 .debug_frame   0x0000000000000204       0x78 DisplayValue.o
 .debug_frame   0x000000000000027c       0x7c ReadADC.o
 .debug_frame   0x00000000000002f8      0x108 main.o
 .debug_frame   0x0000000000000400       0x38 Battery_check.o
 .debug_frame   0x0000000000000438       0x4c CheckPins.o
 .debug_frame   0x0000000000000484       0x48 GetResistance.o
 .debug_frame   0x00000000000004cc       0x2c ChargePin10ms.o
 .debug_frame   0x00000000000004f8       0x3c EntladePins.o
 .debug_frame   0x0000000000000534       0x6c ReadCapacity.o
 .debug_frame   0x00000000000005a0       0x40 Calibrate_UR.o
 .debug_frame   0x00000000000005e0       0x70 show_Resis_Cap.o
 .debug_frame   0x0000000000000650       0x4c ReadInductance.o
 .debug_frame   0x000000000000069c       0x3c GetVloss.o
 .debug_frame   0x00000000000006d8       0x24 EE_check_init.o

.debug_str      0x0000000000000000      0xfdd
 *(.debug_str)
 .debug_str     0x0000000000000000      0x3fd lcd-routines.o
                                        0x456 (size before relaxing)
 .debug_str     0x00000000000003fd       0x87 DisplayValue.o
                                        0x22d (size before relaxing)
 .debug_str     0x0000000000000484       0x9c ReadADC.o
                                        0x22f (size before relaxing)
 .debug_str     0x0000000000000520      0x638 main.o
                                        0xa00 (size before relaxing)
 .debug_str     0x0000000000000b58       0x2e Battery_check.o
                                        0x23a (size before relaxing)
 .debug_str     0x0000000000000b86      0x104 CheckPins.o
                                        0x395 (size before relaxing)
 .debug_str     0x0000000000000c8a       0x33 GetResistance.o
                                        0x31d (size before relaxing)
 .debug_str     0x0000000000000cbd       0x2f ChargePin10ms.o
                                        0x1b1 (size before relaxing)
 .debug_str     0x0000000000000cec       0x31 EntladePins.o
                                        0x1d9 (size before relaxing)
 .debug_str     0x0000000000000d1d       0xb4 ReadCapacity.o
                                        0x39a (size before relaxing)
 .debug_str     0x0000000000000dd1       0x35 Calibrate_UR.o
                                        0x265 (size before relaxing)
 .debug_str     0x0000000000000e06       0x7b show_Resis_Cap.o
                                        0x33a (size before relaxing)
 .debug_str     0x0000000000000e81       0x92 ReadInductance.o
                                        0x319 (size before relaxing)
 .debug_str     0x0000000000000f13       0x20 GetVloss.o
                                        0x260 (size before relaxing)
 .debug_str     0x0000000000000f33       0x12 GetFrequency.o
                                        0x175 (size before relaxing)
 .debug_str     0x0000000000000f45       0x13 function_menu.o
                                        0x176 (size before relaxing)
 .debug_str     0x0000000000000f58       0x1a message_key_released.o
                                        0x17d (size before relaxing)
 .debug_str     0x0000000000000f72       0x10 ReadBigCap.o
                                        0x173 (size before relaxing)
 .debug_str     0x0000000000000f82       0x18 CheckRotaryEncoder.o
                                        0x17b (size before relaxing)
 .debug_str     0x0000000000000f9a       0x14 CalibrationCap.o
                                        0x177 (size before relaxing)
 .debug_str     0x0000000000000fae        0xe ShowData.o
                                        0x171 (size before relaxing)
 .debug_str     0x0000000000000fbc       0x21 EE_check_init.o
                                        0x184 (size before relaxing)

.debug_loc      0x0000000000000000     0x3ca8
 *(.debug_loc)
 .debug_loc     0x0000000000000000      0x41e lcd-routines.o
 .debug_loc     0x000000000000041e      0x2eb DisplayValue.o
 .debug_loc     0x0000000000000709      0x221 ReadADC.o
 .debug_loc     0x000000000000092a      0x7df main.o
 .debug_loc     0x0000000000001109       0x89 Battery_check.o
 .debug_loc     0x0000000000001192     0x1571 CheckPins.o
 .debug_loc     0x0000000000002703      0x7ce GetResistance.o
 .debug_loc     0x0000000000002ed1       0x72 ChargePin10ms.o
 .debug_loc     0x0000000000002f43      0x19f EntladePins.o
 .debug_loc     0x00000000000030e2      0x359 ReadCapacity.o
 .debug_loc     0x000000000000343b       0x88 Calibrate_UR.o
 .debug_loc     0x00000000000034c3      0x170 show_Resis_Cap.o
 .debug_loc     0x0000000000003633      0x45d ReadInductance.o
 .debug_loc     0x0000000000003a90      0x218 GetVloss.o

.debug_macinfo
 *(.debug_macinfo)

.debug_pubtypes
 *(.debug_pubtypes)

.debug_ranges   0x0000000000000000       0x18
 *(.debug_ranges)
 .debug_ranges  0x0000000000000000       0x18 main.o

.debug_macro
 *(.debug_macro)
OUTPUT(TransistorTester.elf elf32-avr)
LOAD linker stubs
