Archive member included because of file (symbol)

/usr/lib/gcc/avr/4.5.3/avr5/libgcc.a(_mulsi3.o)
                              main.o (__mulsi3)
/usr/lib/gcc/avr/4.5.3/avr5/libgcc.a(_udivmodqi4.o)
                              main.o (__udivmodqi4)
/usr/lib/gcc/avr/4.5.3/avr5/libgcc.a(_udivmodhi4.o)
                              main.o (__udivmodhi4)
/usr/lib/gcc/avr/4.5.3/avr5/libgcc.a(_udivmodsi4.o)
                              main.o (__udivmodsi4)
/usr/lib/gcc/avr/4.5.3/avr5/libgcc.a(_divmodsi4.o)
                              main.o (__divmodsi4)
/usr/lib/gcc/avr/4.5.3/avr5/libgcc.a(_exit.o)
                              /usr/lib/gcc/avr/4.5.3/../../../avr/lib/avr5/crtm168.o (exit)
/usr/lib/gcc/avr/4.5.3/avr5/libgcc.a(_copy_data.o)
                              main.o (__do_copy_data)
/usr/lib/gcc/avr/4.5.3/avr5/libgcc.a(_clear_bss.o)
                              main.o (__do_clear_bss)
/usr/lib/gcc/avr/4.5.3/../../../avr/lib/avr5/libc.a(itoa.o)
                              main.o (itoa)
/usr/lib/gcc/avr/4.5.3/../../../avr/lib/avr5/libc.a(utoa.o)
                              main.o (utoa)
/usr/lib/gcc/avr/4.5.3/../../../avr/lib/avr5/libc.a(eerd_byte_atmega168.o)
                              lcd-routines.o (__eerd_byte_m168)
/usr/lib/gcc/avr/4.5.3/../../../avr/lib/avr5/libc.a(eerd_word_atmega168.o)
                              main.o (__eerd_word_m168)
/usr/lib/gcc/avr/4.5.3/../../../avr/lib/avr5/libc.a(eewr_byte_atmega168.o)
                              main.o (__eewr_byte_m168)
/usr/lib/gcc/avr/4.5.3/../../../avr/lib/avr5/libc.a(eewr_word_atmega168.o)
                              main.o (__eewr_word_m168)
/usr/lib/gcc/avr/4.5.3/../../../avr/lib/avr5/libc.a(strrev.o)
                              /usr/lib/gcc/avr/4.5.3/../../../avr/lib/avr5/libc.a(itoa.o) (strrev)
/usr/lib/gcc/avr/4.5.3/../../../avr/lib/avr5/libc.a(eerd_block_atmega168.o)
                              /usr/lib/gcc/avr/4.5.3/../../../avr/lib/avr5/libc.a(eerd_word_atmega168.o) (__eerd_blraw_m168)

Allocating common symbols
Common symbol       size              file

resis680mi          0x2               main.o
PartReady           0x1               main.o
NumOfDiodes         0x1               main.o
PartMode            0x1               main.o
PartFound           0x1               main.o
resis680pl          0x2               main.o
tmpval              0x1               main.o
mess_count          0x1               main.o
outval              0xc               main.o
resis               0x24              main.o
ADCconfig           0x6               main.o
pin_rpl             0x2               main.o
ref_mv              0x2               main.o
tmpval2             0x1               main.o
pin_rmi             0x2               main.o
WithReference       0x1               main.o
empty_count         0x1               main.o
ii                  0x1               main.o
pin_combination     0x1               main.o
ovcnt16             0x2               main.o
trans               0xf               main.o
ResistorsFound      0x1               main.o
gthvoltage          0x2               main.o
unfinished          0x1               main.o
cap                 0x14              main.o
load_diff           0x2               main.o
diodes              0x18              main.o

Memory Configuration

Name             Origin             Length             Attributes
text             0x0000000000000000 0x0000000000020000 xr
data             0x0000000000800060 0x000000000000ffa0 rw !x
eeprom           0x0000000000810000 0x0000000000010000 rw !x
fuse             0x0000000000820000 0x0000000000000400 rw !x
lock             0x0000000000830000 0x0000000000000400 rw !x
signature        0x0000000000840000 0x0000000000000400 rw !x
*default*        0x0000000000000000 0xffffffffffffffff

Linker script and memory map

Address of section .data set to 0x800100
LOAD /usr/lib/gcc/avr/4.5.3/../../../avr/lib/avr5/crtm168.o
LOAD lcd-routines.o
LOAD lcd_hw_4_bit.o
LOAD main.o
LOAD swuart.o
LOAD wait1000ms.o
LOAD ReadCapacity.o
LOAD ReadInductance.o
LOAD ReadADC.o
LOAD GetESR.o
LOAD GetVloss.o
LOAD Calibrate_UR.o
LOAD /usr/lib/gcc/avr/4.5.3/avr5/libgcc.a
LOAD /usr/lib/gcc/avr/4.5.3/../../../avr/lib/avr5/libc.a
LOAD /usr/lib/gcc/avr/4.5.3/avr5/libgcc.a

.hash
 *(.hash)

.dynsym
 *(.dynsym)

.dynstr
 *(.dynstr)

.gnu.version
 *(.gnu.version)

.gnu.version_d
 *(.gnu.version_d)

.gnu.version_r
 *(.gnu.version_r)

.rel.init
 *(.rel.init)

.rela.init
 *(.rela.init)

.rel.text
 *(.rel.text)
 *(.rel.text.*)
 *(.rel.gnu.linkonce.t*)

.rela.text
 *(.rela.text)
 *(.rela.text.*)
 *(.rela.gnu.linkonce.t*)

.rel.fini
 *(.rel.fini)

.rela.fini
 *(.rela.fini)

.rel.rodata
 *(.rel.rodata)
 *(.rel.rodata.*)
 *(.rel.gnu.linkonce.r*)

.rela.rodata
 *(.rela.rodata)
 *(.rela.rodata.*)
 *(.rela.gnu.linkonce.r*)

.rel.data
 *(.rel.data)
 *(.rel.data.*)
 *(.rel.gnu.linkonce.d*)

.rela.data
 *(.rela.data)
 *(.rela.data.*)
 *(.rela.gnu.linkonce.d*)

.rel.ctors
 *(.rel.ctors)

.rela.ctors
 *(.rela.ctors)

.rel.dtors
 *(.rel.dtors)

.rela.dtors
 *(.rela.dtors)

.rel.got
 *(.rel.got)

.rela.got
 *(.rela.got)

.rel.bss
 *(.rel.bss)

.rela.bss
 *(.rela.bss)

.rel.plt
 *(.rel.plt)

.rela.plt
 *(.rela.plt)

.text           0x0000000000000000     0x3ef0
 *(.vectors)
 .vectors       0x0000000000000000       0x68 /usr/lib/gcc/avr/4.5.3/../../../avr/lib/avr5/crtm168.o
                0x0000000000000000                __vectors
                0x0000000000000000                __vector_default
 *(.vectors)
 *(.progmem.gcc*)
 *(.progmem*)
 .progmem.data  0x0000000000000068       0xa8 main.o
                0x0000000000000068                LogTab
                0x00000000000000c6                RHtab
                0x00000000000000d8                VERSION_str
                0x00000000000000e6                URefT
                0x00000000000000eb                RHfakt
                0x00000000000000f0                R0_str
                0x00000000000000f4                MinCap_str
                0x00000000000000fc                REF_C_str
                0x0000000000000103                REF_R_str
                0x000000000000010a                PinRLtab
                0x000000000000010d                PinADCtab
                0x0000000000000110                . = ALIGN (0x2)
                0x0000000000000110                __trampolines_start = .
 *(.trampolines)
 .trampolines   0x0000000000000110        0x0 linker stubs
 *(.trampolines*)
                0x0000000000000110                __trampolines_end = .
 *(.jumptables)
 *(.jumptables*)
 *(.lowtext)
 *(.lowtext*)
                0x0000000000000110                __ctors_start = .
 *(.ctors)
                0x0000000000000110                __ctors_end = .
                0x0000000000000110                __dtors_start = .
 *(.dtors)
                0x0000000000000110                __dtors_end = .
 SORT(*)(.ctors)
 SORT(*)(.dtors)
 *(.init0)
 .init0         0x0000000000000110        0x0 /usr/lib/gcc/avr/4.5.3/../../../avr/lib/avr5/crtm168.o
                0x0000000000000110                __init
 *(.init0)
 *(.init1)
 *(.init1)
 *(.init2)
 .init2         0x0000000000000110        0xc /usr/lib/gcc/avr/4.5.3/../../../avr/lib/avr5/crtm168.o
 *(.init2)
 *(.init3)
 *(.init3)
 *(.init4)
 .init4         0x000000000000011c       0x16 /usr/lib/gcc/avr/4.5.3/avr5/libgcc.a(_copy_data.o)
                0x000000000000011c                __do_copy_data
 .init4         0x0000000000000132       0x10 /usr/lib/gcc/avr/4.5.3/avr5/libgcc.a(_clear_bss.o)
                0x0000000000000132                __do_clear_bss
 *(.init4)
 *(.init5)
 *(.init5)
 *(.init6)
 *(.init6)
 *(.init7)
 *(.init7)
 *(.init8)
 *(.init8)
 *(.init9)
 .init9         0x0000000000000142        0x8 /usr/lib/gcc/avr/4.5.3/../../../avr/lib/avr5/crtm168.o
 *(.init9)
 *(.text)
 .text          0x000000000000014a        0x4 /usr/lib/gcc/avr/4.5.3/../../../avr/lib/avr5/crtm168.o
                0x000000000000014a                __vector_22
                0x000000000000014a                __vector_1
                0x000000000000014a                __vector_24
                0x000000000000014a                __vector_12
                0x000000000000014a                __bad_interrupt
                0x000000000000014a                __vector_6
                0x000000000000014a                __vector_3
                0x000000000000014a                __vector_23
                0x000000000000014a                __vector_25
                0x000000000000014a                __vector_11
                0x000000000000014a                __vector_17
                0x000000000000014a                __vector_19
                0x000000000000014a                __vector_5
                0x000000000000014a                __vector_4
                0x000000000000014a                __vector_9
                0x000000000000014a                __vector_2
                0x000000000000014a                __vector_15
                0x000000000000014a                __vector_8
                0x000000000000014a                __vector_14
                0x000000000000014a                __vector_16
                0x000000000000014a                __vector_18
                0x000000000000014a                __vector_20
 .text          0x000000000000014e      0x1b2 lcd-routines.o
                0x000000000000014e                lcd_data
                0x00000000000001b8                lcd_space
                0x00000000000001c0                lcd_testpin
                0x00000000000001c8                uart_newline
                0x00000000000001d6                lcd_command
                0x00000000000001f6                lcd_clear
                0x0000000000000210                lcd_init
                0x0000000000000268                lcd_string
                0x0000000000000290                lcd_pgm_string
                0x00000000000002b0                lcd_fix_string
                0x00000000000002d2                lcd_fix_customchar
 .text          0x0000000000000300       0x60 lcd_hw_4_bit.o
                0x0000000000000300                _lcd_hw_write
 .text          0x0000000000000360     0x24c6 main.o
                0x0000000000000360                __vector_7
                0x0000000000000362                __vector_21
                0x0000000000000364                EntladePins
                0x000000000000049a                RefVoltage
                0x000000000000051e                lcd_clear_line
                0x000000000000052e                DisplayValue
                0x000000000000069a                RvalOut
                0x0000000000000708                mVAusgabe
                0x0000000000000738                UfAusgabe
                0x0000000000000760                sleep_5ms
                0x00000000000007a6                ChargePin10ms
                0x00000000000007dc                CheckPins
                0x000000000000146a                PinLayout
                0x00000000000014d0                ShortedProbes
                0x0000000000001548                AllProbesShorted
                0x000000000000156c                AutoCheck
                0x0000000000001db2                GetIr
                0x0000000000001e2a                main
 .text          0x0000000000002826       0x2a swuart.o
                0x0000000000002826                uart_putc
 .text          0x0000000000002850       0x4a wait1000ms.o
                0x0000000000002850                wait5s
                0x0000000000002852                wait4s
                0x0000000000002854                wait3s
                0x0000000000002856                wait2s
                0x0000000000002858                wait1000ms
                0x0000000000002858                wait1s
                0x000000000000285a                wait500ms
                0x000000000000285c                wait400ms
                0x000000000000285e                wait300ms
                0x0000000000002860                wait200ms
                0x0000000000002862                wait100ms
                0x0000000000002866                wait50ms
                0x0000000000002868                wait40ms
                0x000000000000286a                wait30ms
                0x000000000000286c                wait20ms
                0x000000000000286e                wait10ms
                0x0000000000002870                wait5ms
                0x0000000000002872                wait4ms
                0x0000000000002874                wait3ms
                0x0000000000002876                wait2ms
                0x0000000000002878                wait1ms
                0x000000000000287a                wait500us
                0x000000000000287c                wait400us
                0x000000000000287e                wait300us
                0x0000000000002880                wait200us
                0x0000000000002882                wait100us
                0x0000000000002884                wait50us
                0x0000000000002886                wait40us
                0x0000000000002888                wait30us
                0x000000000000288a                wait20us
                0x000000000000288c                wait10us
                0x000000000000288e                wait5us
                0x0000000000002890                wait4us
                0x0000000000002892                wait3us
                0x0000000000002894                wait2us
                0x0000000000002896                wait1us
 .text          0x000000000000289a      0x716 ReadCapacity.o
                0x000000000000289a                getRLmultip
                0x000000000000291e                Scale_C_with_vcc
                0x00000000000029be                ReadCapacity
                0x0000000000002f6a                __vector_13
                0x0000000000002f98                __vector_10
 .text          0x0000000000002fb0      0x558 ReadInductance.o
                0x0000000000002fb0                get_log
                0x0000000000003002                ReadInductance
 .text          0x0000000000003508       0xe4 ReadADC.o
                0x0000000000003508                W20msReadADC
                0x0000000000003514                W10msReadADC
                0x0000000000003520                W5msReadADC
                0x000000000000352c                ReadADC
 .text          0x00000000000035ec      0x39e GetESR.o
                0x00000000000035ec                GetESR
 .text          0x000000000000398a      0x174 GetVloss.o
                0x000000000000398a                GetVloss
 .text          0x0000000000003afe      0x206 Calibrate_UR.o
                0x0000000000003afe                Calibrate_UR
 .text          0x0000000000003d04        0x0 /usr/lib/gcc/avr/4.5.3/avr5/libgcc.a(_mulsi3.o)
 .text          0x0000000000003d04        0x0 /usr/lib/gcc/avr/4.5.3/avr5/libgcc.a(_udivmodqi4.o)
 .text          0x0000000000003d04        0x0 /usr/lib/gcc/avr/4.5.3/avr5/libgcc.a(_udivmodhi4.o)
 .text          0x0000000000003d04        0x0 /usr/lib/gcc/avr/4.5.3/avr5/libgcc.a(_udivmodsi4.o)
 .text          0x0000000000003d04        0x0 /usr/lib/gcc/avr/4.5.3/avr5/libgcc.a(_divmodsi4.o)
 .text          0x0000000000003d04        0x0 /usr/lib/gcc/avr/4.5.3/avr5/libgcc.a(_exit.o)
 .text          0x0000000000003d04        0x0 /usr/lib/gcc/avr/4.5.3/avr5/libgcc.a(_copy_data.o)
 .text          0x0000000000003d04        0x0 /usr/lib/gcc/avr/4.5.3/avr5/libgcc.a(_clear_bss.o)
 .text          0x0000000000003d04        0x0 /usr/lib/gcc/avr/4.5.3/../../../avr/lib/avr5/libc.a(itoa.o)
 .text          0x0000000000003d04        0x0 /usr/lib/gcc/avr/4.5.3/../../../avr/lib/avr5/libc.a(utoa.o)
 .text          0x0000000000003d04        0x0 /usr/lib/gcc/avr/4.5.3/../../../avr/lib/avr5/libc.a(eerd_byte_atmega168.o)
 .text          0x0000000000003d04        0x0 /usr/lib/gcc/avr/4.5.3/../../../avr/lib/avr5/libc.a(eerd_word_atmega168.o)
 .text          0x0000000000003d04        0x0 /usr/lib/gcc/avr/4.5.3/../../../avr/lib/avr5/libc.a(eewr_byte_atmega168.o)
 .text          0x0000000000003d04        0x0 /usr/lib/gcc/avr/4.5.3/../../../avr/lib/avr5/libc.a(eewr_word_atmega168.o)
 .text          0x0000000000003d04        0x0 /usr/lib/gcc/avr/4.5.3/../../../avr/lib/avr5/libc.a(strrev.o)
 .text          0x0000000000003d04        0x0 /usr/lib/gcc/avr/4.5.3/../../../avr/lib/avr5/libc.a(eerd_block_atmega168.o)
                0x0000000000003d04                . = ALIGN (0x2)
 *(.text.*)
 .text.libgcc   0x0000000000003d04       0x3e /usr/lib/gcc/avr/4.5.3/avr5/libgcc.a(_mulsi3.o)
                0x0000000000003d04                __mulsi3
 .text.libgcc   0x0000000000003d42       0x18 /usr/lib/gcc/avr/4.5.3/avr5/libgcc.a(_udivmodqi4.o)
                0x0000000000003d42                __udivmodqi4
 .text.libgcc   0x0000000000003d5a       0x28 /usr/lib/gcc/avr/4.5.3/avr5/libgcc.a(_udivmodhi4.o)
                0x0000000000003d5a                __udivmodhi4
 .text.libgcc   0x0000000000003d82       0x44 /usr/lib/gcc/avr/4.5.3/avr5/libgcc.a(_udivmodsi4.o)
                0x0000000000003d82                __udivmodsi4
 .text.libgcc   0x0000000000003dc6       0x36 /usr/lib/gcc/avr/4.5.3/avr5/libgcc.a(_divmodsi4.o)
                0x0000000000003dc6                __divmodsi4
 .text.libgcc   0x0000000000003dfc        0x0 /usr/lib/gcc/avr/4.5.3/avr5/libgcc.a(_exit.o)
 .text.libgcc   0x0000000000003dfc        0x0 /usr/lib/gcc/avr/4.5.3/avr5/libgcc.a(_copy_data.o)
 .text.libgcc   0x0000000000003dfc        0x0 /usr/lib/gcc/avr/4.5.3/avr5/libgcc.a(_clear_bss.o)
 .text.avr-libc
                0x0000000000003dfc       0x42 /usr/lib/gcc/avr/4.5.3/../../../avr/lib/avr5/libc.a(itoa.o)
                0x0000000000003dfc                itoa
 .text.avr-libc
                0x0000000000003e3e       0x2c /usr/lib/gcc/avr/4.5.3/../../../avr/lib/avr5/libc.a(utoa.o)
                0x0000000000003e3e                utoa
 .text.avr-libc
                0x0000000000003e6a       0x10 /usr/lib/gcc/avr/4.5.3/../../../avr/lib/avr5/libc.a(eerd_byte_atmega168.o)
                0x0000000000003e6a                __eerd_byte_m168
 .text.avr-libc
                0x0000000000003e7a        0xc /usr/lib/gcc/avr/4.5.3/../../../avr/lib/avr5/libc.a(eerd_word_atmega168.o)
                0x0000000000003e7a                __eerd_word_m168
 .text.avr-libc
                0x0000000000003e86       0x1c /usr/lib/gcc/avr/4.5.3/../../../avr/lib/avr5/libc.a(eewr_byte_atmega168.o)
                0x0000000000003e86                __eewr_byte_m168
                0x0000000000003e88                __eewr_r18_m168
 .text.avr-libc
                0x0000000000003ea2        0xa /usr/lib/gcc/avr/4.5.3/../../../avr/lib/avr5/libc.a(eewr_word_atmega168.o)
                0x0000000000003ea2                __eewr_word_m168
 .text.avr-libc
                0x0000000000003eac       0x20 /usr/lib/gcc/avr/4.5.3/../../../avr/lib/avr5/libc.a(strrev.o)
                0x0000000000003eac                strrev
 .text.avr-libc
                0x0000000000003ecc       0x20 /usr/lib/gcc/avr/4.5.3/../../../avr/lib/avr5/libc.a(eerd_block_atmega168.o)
                0x0000000000003ecc                __eerd_block_m168
                0x0000000000003ed0                __eerd_blraw_m168
                0x0000000000003eec                . = ALIGN (0x2)
 *(.fini9)
 .fini9         0x0000000000003eec        0x0 /usr/lib/gcc/avr/4.5.3/avr5/libgcc.a(_exit.o)
                0x0000000000003eec                exit
                0x0000000000003eec                _exit
 *(.fini9)
 *(.fini8)
 *(.fini8)
 *(.fini7)
 *(.fini7)
 *(.fini6)
 *(.fini6)
 *(.fini5)
 *(.fini5)
 *(.fini4)
 *(.fini4)
 *(.fini3)
 *(.fini3)
 *(.fini2)
 *(.fini2)
 *(.fini1)
 *(.fini1)
 *(.fini0)
 .fini0         0x0000000000003eec        0x4 /usr/lib/gcc/avr/4.5.3/avr5/libgcc.a(_exit.o)
 *(.fini0)
                0x0000000000003ef0                _etext = .

.data           0x0000000000800100        0x2 load address 0x0000000000003ef0
                0x0000000000800100                PROVIDE (__data_start, .)
 *(.data)
 .data          0x0000000000800100        0x0 /usr/lib/gcc/avr/4.5.3/../../../avr/lib/avr5/crtm168.o
 .data          0x0000000000800100        0x0 lcd-routines.o
 .data          0x0000000000800100        0x0 lcd_hw_4_bit.o
 .data          0x0000000000800100        0x2 main.o
                0x0000000000800100                RHmultip
 .data          0x0000000000800102        0x0 swuart.o
 .data          0x0000000000800102        0x0 wait1000ms.o
 .data          0x0000000000800102        0x0 ReadCapacity.o
 .data          0x0000000000800102        0x0 ReadInductance.o
 .data          0x0000000000800102        0x0 ReadADC.o
 .data          0x0000000000800102        0x0 GetESR.o
 .data          0x0000000000800102        0x0 GetVloss.o
 .data          0x0000000000800102        0x0 Calibrate_UR.o
 .data          0x0000000000800102        0x0 /usr/lib/gcc/avr/4.5.3/avr5/libgcc.a(_mulsi3.o)
 .data          0x0000000000800102        0x0 /usr/lib/gcc/avr/4.5.3/avr5/libgcc.a(_udivmodqi4.o)
 .data          0x0000000000800102        0x0 /usr/lib/gcc/avr/4.5.3/avr5/libgcc.a(_udivmodhi4.o)
 .data          0x0000000000800102        0x0 /usr/lib/gcc/avr/4.5.3/avr5/libgcc.a(_udivmodsi4.o)
 .data          0x0000000000800102        0x0 /usr/lib/gcc/avr/4.5.3/avr5/libgcc.a(_divmodsi4.o)
 .data          0x0000000000800102        0x0 /usr/lib/gcc/avr/4.5.3/avr5/libgcc.a(_exit.o)
 .data          0x0000000000800102        0x0 /usr/lib/gcc/avr/4.5.3/avr5/libgcc.a(_copy_data.o)
 .data          0x0000000000800102        0x0 /usr/lib/gcc/avr/4.5.3/avr5/libgcc.a(_clear_bss.o)
 .data          0x0000000000800102        0x0 /usr/lib/gcc/avr/4.5.3/../../../avr/lib/avr5/libc.a(itoa.o)
 .data          0x0000000000800102        0x0 /usr/lib/gcc/avr/4.5.3/../../../avr/lib/avr5/libc.a(utoa.o)
 .data          0x0000000000800102        0x0 /usr/lib/gcc/avr/4.5.3/../../../avr/lib/avr5/libc.a(eerd_byte_atmega168.o)
 .data          0x0000000000800102        0x0 /usr/lib/gcc/avr/4.5.3/../../../avr/lib/avr5/libc.a(eerd_word_atmega168.o)
 .data          0x0000000000800102        0x0 /usr/lib/gcc/avr/4.5.3/../../../avr/lib/avr5/libc.a(eewr_byte_atmega168.o)
 .data          0x0000000000800102        0x0 /usr/lib/gcc/avr/4.5.3/../../../avr/lib/avr5/libc.a(eewr_word_atmega168.o)
 .data          0x0000000000800102        0x0 /usr/lib/gcc/avr/4.5.3/../../../avr/lib/avr5/libc.a(strrev.o)
 .data          0x0000000000800102        0x0 /usr/lib/gcc/avr/4.5.3/../../../avr/lib/avr5/libc.a(eerd_block_atmega168.o)
 *(.data*)
 *(.rodata)
 *(.rodata*)
 *(.gnu.linkonce.d*)
                0x0000000000800102                . = ALIGN (0x2)
                0x0000000000800102                _edata = .
                0x0000000000800102                PROVIDE (__data_end, .)

.bss            0x0000000000800102       0x8e
                0x0000000000800102                PROVIDE (__bss_start, .)
 *(.bss)
 .bss           0x0000000000800102        0x0 /usr/lib/gcc/avr/4.5.3/../../../avr/lib/avr5/crtm168.o
 .bss           0x0000000000800102        0x0 lcd-routines.o
 .bss           0x0000000000800102        0x0 lcd_hw_4_bit.o
 .bss           0x0000000000800102        0x0 main.o
 .bss           0x0000000000800102        0x0 swuart.o
 .bss           0x0000000000800102        0x0 wait1000ms.o
 .bss           0x0000000000800102        0x0 ReadCapacity.o
 .bss           0x0000000000800102        0x0 ReadInductance.o
 .bss           0x0000000000800102        0x0 ReadADC.o
 .bss           0x0000000000800102        0x0 GetESR.o
 .bss           0x0000000000800102        0x0 GetVloss.o
 .bss           0x0000000000800102        0x0 Calibrate_UR.o
 .bss           0x0000000000800102        0x0 /usr/lib/gcc/avr/4.5.3/avr5/libgcc.a(_mulsi3.o)
 .bss           0x0000000000800102        0x0 /usr/lib/gcc/avr/4.5.3/avr5/libgcc.a(_udivmodqi4.o)
 .bss           0x0000000000800102        0x0 /usr/lib/gcc/avr/4.5.3/avr5/libgcc.a(_udivmodhi4.o)
 .bss           0x0000000000800102        0x0 /usr/lib/gcc/avr/4.5.3/avr5/libgcc.a(_udivmodsi4.o)
 .bss           0x0000000000800102        0x0 /usr/lib/gcc/avr/4.5.3/avr5/libgcc.a(_divmodsi4.o)
 .bss           0x0000000000800102        0x0 /usr/lib/gcc/avr/4.5.3/avr5/libgcc.a(_exit.o)
 .bss           0x0000000000800102        0x0 /usr/lib/gcc/avr/4.5.3/avr5/libgcc.a(_copy_data.o)
 .bss           0x0000000000800102        0x0 /usr/lib/gcc/avr/4.5.3/avr5/libgcc.a(_clear_bss.o)
 .bss           0x0000000000800102        0x0 /usr/lib/gcc/avr/4.5.3/../../../avr/lib/avr5/libc.a(itoa.o)
 .bss           0x0000000000800102        0x0 /usr/lib/gcc/avr/4.5.3/../../../avr/lib/avr5/libc.a(utoa.o)
 .bss           0x0000000000800102        0x0 /usr/lib/gcc/avr/4.5.3/../../../avr/lib/avr5/libc.a(eerd_byte_atmega168.o)
 .bss           0x0000000000800102        0x0 /usr/lib/gcc/avr/4.5.3/../../../avr/lib/avr5/libc.a(eerd_word_atmega168.o)
 .bss           0x0000000000800102        0x0 /usr/lib/gcc/avr/4.5.3/../../../avr/lib/avr5/libc.a(eewr_byte_atmega168.o)
 .bss           0x0000000000800102        0x0 /usr/lib/gcc/avr/4.5.3/../../../avr/lib/avr5/libc.a(eewr_word_atmega168.o)
 .bss           0x0000000000800102        0x0 /usr/lib/gcc/avr/4.5.3/../../../avr/lib/avr5/libc.a(strrev.o)
 .bss           0x0000000000800102        0x0 /usr/lib/gcc/avr/4.5.3/../../../avr/lib/avr5/libc.a(eerd_block_atmega168.o)
 *(.bss*)
 *(COMMON)
 COMMON         0x0000000000800102       0x8e main.o
                0x0000000000800102                resis680mi
                0x0000000000800104                PartReady
                0x0000000000800105                NumOfDiodes
                0x0000000000800106                PartMode
                0x0000000000800107                PartFound
                0x0000000000800108                resis680pl
                0x000000000080010a                tmpval
                0x000000000080010b                mess_count
                0x000000000080010c                outval
                0x0000000000800118                resis
                0x000000000080013c                ADCconfig
                0x0000000000800142                pin_rpl
                0x0000000000800144                ref_mv
                0x0000000000800146                tmpval2
                0x0000000000800147                pin_rmi
                0x0000000000800149                WithReference
                0x000000000080014a                empty_count
                0x000000000080014b                ii
                0x000000000080014c                pin_combination
                0x000000000080014d                ovcnt16
                0x000000000080014f                trans
                0x000000000080015e                ResistorsFound
                0x000000000080015f                gthvoltage
                0x0000000000800161                unfinished
                0x0000000000800162                cap
                0x0000000000800176                load_diff
                0x0000000000800178                diodes
                0x0000000000800190                PROVIDE (__bss_end, .)
                0x0000000000003ef0                __data_load_start = LOADADDR (.data)
                0x0000000000003ef2                __data_load_end = (__data_load_start + SIZEOF (.data))

.noinit         0x0000000000800190        0x0
                0x0000000000800190                PROVIDE (__noinit_start, .)
 *(.noinit*)
                0x0000000000800190                PROVIDE (__noinit_end, .)
                0x0000000000800190                _end = .
                0x0000000000800190                PROVIDE (__heap_start, .)

.eeprom         0x0000000000810000      0x1d4
 *(.eeprom*)
 .eeprom        0x0000000000810000      0x1d4 main.o
                0x0000000000810000                RLtab
                0x000000000081005a                TestRunning
                0x0000000000810065                BatWeak
                0x000000000081006a                BatEmpty
                0x0000000000810071                TestFailed2
                0x000000000081007a                Bauteil
                0x000000000081007f                Triac
                0x0000000000810085                Thyristor
                0x000000000081008f                Unknown
                0x0000000000810098                TestFailed1
                0x00000000008100a8                OrBroken
                0x00000000008100b4                TestTimedOut
                0x00000000008100bd                SELFTEST
                0x00000000008100cd                RELPROBE
                0x00000000008100dc                ATE
                0x00000000008100e5                Bat_str
                0x00000000008100eb                OK_str
                0x00000000008100ee                mosfet_str
                0x00000000008100f3                jfet_str
                0x00000000008100f8                GateCap_str
                0x00000000008100fb                hfe_str
                0x00000000008100fe                NPN_str
                0x0000000000810103                PNP_str
                0x0000000000810108                N123_str
                0x000000000081010e                Uf_str
                0x0000000000810112                vt_str
                0x0000000000810117                Vgs_str
                0x000000000081011d                CapZeich
                0x0000000000810121                Cell_str
                0x0000000000810127                VCC_str
                0x000000000081012c                ESR_str
                0x0000000000810132                VLOSS_str
                0x000000000081013a                Lis_str
                0x000000000081013d                Ir_str
                0x0000000000810143                AnKat
                0x0000000000810147                KatAn
                0x000000000081014b                Dioden
                0x0000000000810150                Resistor_str
                0x0000000000810155                RH1L
                0x0000000000810159                RH1H
                0x000000000081015d                RLRL
                0x000000000081016b                RHRH
                0x0000000000810179                RHRL
                0x000000000081017f                RIHI
                0x0000000000810186                RILO
                0x000000000081018d                C0_str
                0x0000000000810191                T50HZ
                0x0000000000810197                DiodeIcon1
                0x000000000081019f                DiodeIcon2
                0x00000000008101a7                CapIcon
                0x00000000008101af                ResIcon1
                0x00000000008101b7                ResIcon2
                0x00000000008101bf                RefDiff
                0x00000000008101c0                PrefixTab
                0x00000000008101c7                ref_offset
                0x00000000008101c9                c_zero_tab
                0x00000000008101d0                EE_ESR_ZEROtab
                0x00000000008101d4                __eeprom_end = .

.fuse
 *(.fuse)
 *(.lfuse)
 *(.hfuse)
 *(.efuse)

.lock
 *(.lock*)

.signature
 *(.signature*)

.stab           0x0000000000000000      0xdbc
 *(.stab)
 .stab          0x0000000000000000      0x6cc /usr/lib/gcc/avr/4.5.3/../../../avr/lib/avr5/crtm168.o
 .stab          0x00000000000006cc      0x1b0 /usr/lib/gcc/avr/4.5.3/../../../avr/lib/avr5/libc.a(itoa.o)
                                        0x1bc (size before relaxing)
 .stab          0x000000000000087c      0x12c /usr/lib/gcc/avr/4.5.3/../../../avr/lib/avr5/libc.a(utoa.o)
                                        0x138 (size before relaxing)
 .stab          0x00000000000009a8       0x90 /usr/lib/gcc/avr/4.5.3/../../../avr/lib/avr5/libc.a(eerd_byte_atmega168.o)
                                         0x9c (size before relaxing)
 .stab          0x0000000000000a38       0x6c /usr/lib/gcc/avr/4.5.3/../../../avr/lib/avr5/libc.a(eerd_word_atmega168.o)
                                         0x78 (size before relaxing)
 .stab          0x0000000000000aa4       0xe4 /usr/lib/gcc/avr/4.5.3/../../../avr/lib/avr5/libc.a(eewr_byte_atmega168.o)
                                         0xf0 (size before relaxing)
 .stab          0x0000000000000b88       0x54 /usr/lib/gcc/avr/4.5.3/../../../avr/lib/avr5/libc.a(eewr_word_atmega168.o)
                                         0x60 (size before relaxing)
 .stab          0x0000000000000bdc       0xd8 /usr/lib/gcc/avr/4.5.3/../../../avr/lib/avr5/libc.a(strrev.o)
                                         0xe4 (size before relaxing)
 .stab          0x0000000000000cb4      0x108 /usr/lib/gcc/avr/4.5.3/../../../avr/lib/avr5/libc.a(eerd_block_atmega168.o)
                                        0x114 (size before relaxing)

.stabstr        0x0000000000000000      0x1d2
 *(.stabstr)
 .stabstr       0x0000000000000000      0x1d2 /usr/lib/gcc/avr/4.5.3/../../../avr/lib/avr5/crtm168.o

.stab.excl
 *(.stab.excl)

.stab.exclstr
 *(.stab.exclstr)

.stab.index
 *(.stab.index)

.stab.indexstr
 *(.stab.indexstr)

.comment
 *(.comment)

.debug
 *(.debug)

.line
 *(.line)

.debug_srcinfo
 *(.debug_srcinfo)

.debug_sfnames
 *(.debug_sfnames)

.debug_aranges  0x0000000000000000       0xc0
 *(.debug_aranges)
 .debug_aranges
                0x0000000000000000       0x20 lcd-routines.o
 .debug_aranges
                0x0000000000000020       0x20 main.o
 .debug_aranges
                0x0000000000000040       0x20 ReadCapacity.o
 .debug_aranges
                0x0000000000000060       0x20 ReadInductance.o
 .debug_aranges
                0x0000000000000080       0x20 GetVloss.o
 .debug_aranges
                0x00000000000000a0       0x20 Calibrate_UR.o

.debug_pubnames
                0x0000000000000000      0x783
 *(.debug_pubnames)
 .debug_pubnames
                0x0000000000000000       0xc5 lcd-routines.o
 .debug_pubnames
                0x00000000000000c5      0x5e3 main.o
 .debug_pubnames
                0x00000000000006a8       0x68 ReadCapacity.o
 .debug_pubnames
                0x0000000000000710       0x31 ReadInductance.o
 .debug_pubnames
                0x0000000000000741       0x1f GetVloss.o
 .debug_pubnames
                0x0000000000000760       0x23 Calibrate_UR.o

.debug_info     0x0000000000000000     0x2eb7
 *(.debug_info)
 .debug_info    0x0000000000000000      0x264 lcd-routines.o
 .debug_info    0x0000000000000264     0x1bd3 main.o
 .debug_info    0x0000000000001e37      0x5be ReadCapacity.o
 .debug_info    0x00000000000023f5      0x52a ReadInductance.o
 .debug_info    0x000000000000291f      0x313 GetVloss.o
 .debug_info    0x0000000000002c32      0x285 Calibrate_UR.o
 *(.gnu.linkonce.wi.*)

.debug_abbrev   0x0000000000000000      0x8ad
 *(.debug_abbrev)
 .debug_abbrev  0x0000000000000000       0xbe lcd-routines.o
 .debug_abbrev  0x00000000000000be      0x2e1 main.o
 .debug_abbrev  0x000000000000039f      0x1ae ReadCapacity.o
 .debug_abbrev  0x000000000000054d      0x167 ReadInductance.o
 .debug_abbrev  0x00000000000006b4      0x132 GetVloss.o
 .debug_abbrev  0x00000000000007e6       0xc7 Calibrate_UR.o

.debug_line     0x0000000000000000     0x3441
 *(.debug_line)
 .debug_line    0x0000000000000000      0x309 lcd-routines.o
 .debug_line    0x0000000000000309     0x223a main.o
 .debug_line    0x0000000000002543      0x60c ReadCapacity.o
 .debug_line    0x0000000000002b4f      0x464 ReadInductance.o
 .debug_line    0x0000000000002fb3      0x24d GetVloss.o
 .debug_line    0x0000000000003200      0x241 Calibrate_UR.o

.debug_frame    0x0000000000000000      0x2c0
 *(.debug_frame)
 .debug_frame   0x0000000000000000       0xc0 lcd-routines.o
 .debug_frame   0x00000000000000c0      0x130 main.o
 .debug_frame   0x00000000000001f0       0x60 ReadCapacity.o
 .debug_frame   0x0000000000000250       0x30 ReadInductance.o
 .debug_frame   0x0000000000000280       0x20 GetVloss.o
 .debug_frame   0x00000000000002a0       0x20 Calibrate_UR.o

.debug_str      0x0000000000000000      0x964
 *(.debug_str)
 .debug_str     0x0000000000000000      0x15e lcd-routines.o
                                        0x19c (size before relaxing)
 .debug_str     0x000000000000015e      0x685 main.o
                                        0x792 (size before relaxing)
 .debug_str     0x00000000000007e3       0xa9 ReadCapacity.o
                                        0x2cf (size before relaxing)
 .debug_str     0x000000000000088c       0x8f ReadInductance.o
                                        0x26d (size before relaxing)
 .debug_str     0x000000000000091b       0x1c GetVloss.o
                                        0x1af (size before relaxing)
 .debug_str     0x0000000000000937       0x2d Calibrate_UR.o
                                        0x18c (size before relaxing)

.debug_loc      0x0000000000000000     0x1942
 *(.debug_loc)
 .debug_loc     0x0000000000000000      0x1e1 lcd-routines.o
 .debug_loc     0x00000000000001e1      0xf11 main.o
 .debug_loc     0x00000000000010f2      0x2c7 ReadCapacity.o
 .debug_loc     0x00000000000013b9      0x403 ReadInductance.o
 .debug_loc     0x00000000000017bc       0xda GetVloss.o
 .debug_loc     0x0000000000001896       0xac Calibrate_UR.o

.debug_macinfo
 *(.debug_macinfo)
OUTPUT(TransistorTester.elf elf32-avr)
LOAD linker stubs

.debug_pubtypes
                0x0000000000000000      0x21f
 .debug_pubtypes
                0x0000000000000000       0x2b lcd-routines.o
 .debug_pubtypes
                0x000000000000002b       0x80 main.o
 .debug_pubtypes
                0x00000000000000ab       0x74 ReadCapacity.o
 .debug_pubtypes
                0x000000000000011f       0x5e ReadInductance.o
 .debug_pubtypes
                0x000000000000017d       0x5c GetVloss.o
 .debug_pubtypes
                0x00000000000001d9       0x46 Calibrate_UR.o
