Archive member included because of file (symbol)

/usr/lib/gcc/avr/4.8.2/avr5/libgcc.a(_umulhisi3.o)
                              CheckPins.o (__umulhisi3)
/usr/lib/gcc/avr/4.8.2/avr5/libgcc.a(_usmulhisi3.o)
                              main.o (__usmulhisi3)
/usr/lib/gcc/avr/4.8.2/avr5/libgcc.a(_muluhisi3.o)
                              main.o (__muluhisi3)
/usr/lib/gcc/avr/4.8.2/avr5/libgcc.a(_mulsi3.o)
                              ReadADC.o (__mulsi3)
/usr/lib/gcc/avr/4.8.2/avr5/libgcc.a(_udivmodqi4.o)
                              DisplayValue.o (__udivmodqi4)
/usr/lib/gcc/avr/4.8.2/avr5/libgcc.a(_udivmodhi4.o)
                              RefVoltage.o (__udivmodhi4)
/usr/lib/gcc/avr/4.8.2/avr5/libgcc.a(_udivmodsi4.o)
                              DisplayValue.o (__udivmodsi4)
/usr/lib/gcc/avr/4.8.2/avr5/libgcc.a(_divmodsi4.o)
                              main.o (__divmodsi4)
/usr/lib/gcc/avr/4.8.2/avr5/libgcc.a(_negsi2.o)
                              /usr/lib/gcc/avr/4.8.2/avr5/libgcc.a(_divmodsi4.o) (__negsi2)
/usr/lib/gcc/avr/4.8.2/avr5/libgcc.a(_prologue.o)
                              lcd-routines.o (__prologue_saves__)
/usr/lib/gcc/avr/4.8.2/avr5/libgcc.a(_epilogue.o)
                              lcd-routines.o (__epilogue_restores__)
/usr/lib/gcc/avr/4.8.2/avr5/libgcc.a(_exit.o)
                              /usr/lib/gcc/avr/4.8.2/../../../avr/lib/avr5/crtm168.o (exit)
/usr/lib/gcc/avr/4.8.2/avr5/libgcc.a(_clear_bss.o)
                              lcd-routines.o (__do_clear_bss)
/usr/lib/gcc/avr/4.8.2/../../../avr/lib/avr5/libc.a(utoa.o)
                              i2lcd.o (utoa)
/usr/lib/gcc/avr/4.8.2/../../../avr/lib/avr5/libc.a(eerd_byte_atmega168.o)
                              lcd-routines.o (__eerd_byte_m168)
/usr/lib/gcc/avr/4.8.2/../../../avr/lib/avr5/libc.a(eewr_byte_atmega168.o)
                              main.o (__eewr_byte_m168)
/usr/lib/gcc/avr/4.8.2/../../../avr/lib/avr5/libc.a(eewr_word_atmega168.o)
                              main.o (__eewr_word_m168)
/usr/lib/gcc/avr/4.8.2/../../../avr/lib/avr5/libc.a(strrev.o)
                              /usr/lib/gcc/avr/4.8.2/../../../avr/lib/avr5/libc.a(utoa.o) (strrev)

Allocating common symbols
Common symbol       size              file

diode_sequence      0x1               main.o
display_time        0x2               main.o
resis680mi          0x2               main.o
ref_mv_offs         0x2               main.o
NumOfDiodes         0x1               main.o
PartMode            0x1               main.o
PartFound           0x1               main.o
resis680pl          0x2               main.o
tmpval              0x1               main.o
last_text_column    0x1               lcd-routines.o
inductor_lpre       0x1               lcd-routines.o
mess_count          0x1               main.o
last_text_line      0x1               lcd-routines.o
outval              0xa               main.o
ADCconfig           0x6               main.o
pin_rpl             0x2               main.o
ref_mv              0x2               main.o
DC_Pwr_mode         0x1               main.o
OutBuffer           0xa               main.o
tmpval2             0x1               main.o
UnCalibrated        0x1               main.o
pin_rmi             0x2               main.o
WithReference       0x1               main.o
_lcd_column         0x1               main.o
_trans              0x2               main.o
last_line_used      0x1               main.o
ntrans              0x10              main.o
empty_count         0x1               main.o
pin_combination     0x1               main.o
ovcnt16             0x2               main.o
cell_mv             0x6               lcd-routines.o
ResistorChecked     0x3               main.o
ResistorList        0x3               main.o
ptrans              0x10              main.o
adc_internal_reference
                    0x2               main.o
ResistorsFound      0x1               main.o
unfinished          0x1               main.o
RHmultip            0x2               main.o
cap                 0x14              main.o
load_diff           0x2               main.o
diodes              0x18              main.o
inductor_lx         0x4               lcd-routines.o
lcd_text_line       0x1               main.o
ResistorVal         0xc               main.o

↵
Speichereinrichtung
↵

Name             Ursprung           Länge             Eigenschaften
text             0x0000000000000000 0x0000000000020000 xr
data             0x0000000000800060 0x000000000000ffa0 rw !x
eeprom           0x0000000000810000 0x0000000000010000 rw !x
fuse             0x0000000000820000 0x0000000000000400 rw !x
lock             0x0000000000830000 0x0000000000000400 rw !x
signature        0x0000000000840000 0x0000000000000400 rw !x
user_signatures  0x0000000000850000 0x0000000000000400 rw !x
*default*        0x0000000000000000 0xffffffffffffffff

Linker script and memory map

Address of section .data set to 0x800100
LOAD /usr/lib/gcc/avr/4.8.2/../../../avr/lib/avr5/crtm168.o
LOAD lcd_hw_4_bit.o
LOAD lcd-routines.o
LOAD i2lcd.o
LOAD PinLayout.o
LOAD RvalOut.o
LOAD UfAusgabe.o
LOAD DisplayValue.o
LOAD swuart.o
LOAD wait1000ms.o
LOAD sleep_5ms.o
LOAD ReadADC.o
LOAD wait_for_key_ms.o
LOAD RefVoltage.o
LOAD get_log.o
LOAD main.o
LOAD Battery_check.o
LOAD CheckPins.o
LOAD GetResistance.o
LOAD ChargePin10ms.o
LOAD EntladePins.o
LOAD ReadCapacity.o
LOAD GetRLmultip.o
LOAD Calibrate_UR.o
LOAD ReadInductance.o
LOAD GetESR.o
LOAD GetVloss.o
LOAD GetFrequency.o
LOAD function_menu.o
LOAD message_key_released.o
LOAD ReadBigCap.o
LOAD CheckRotaryEncoder.o
LOAD CalibrationCap.o
LOAD ShowData.o
LOAD show_Resis_Cap.o
LOAD EE_check_init.o
START GROUP
LOAD /usr/lib/gcc/avr/4.8.2/avr5/libgcc.a
LOAD /usr/lib/gcc/avr/4.8.2/../../../avr/lib/avr5/libm.a
LOAD /usr/lib/gcc/avr/4.8.2/../../../avr/lib/avr5/libc.a
END GROUP

.hash
 *(.hash)

.dynsym
 *(.dynsym)

.dynstr
 *(.dynstr)

.gnu.version
 *(.gnu.version)

.gnu.version_d
 *(.gnu.version_d)

.gnu.version_r
 *(.gnu.version_r)

.rel.init
 *(.rel.init)

.rela.init
 *(.rela.init)

.rel.text
 *(.rel.text)
 *(.rel.text.*)
 *(.rel.gnu.linkonce.t*)

.rela.text
 *(.rela.text)
 *(.rela.text.*)
 *(.rela.gnu.linkonce.t*)

.rel.fini
 *(.rel.fini)

.rela.fini
 *(.rela.fini)

.rel.rodata
 *(.rel.rodata)
 *(.rel.rodata.*)
 *(.rel.gnu.linkonce.r*)

.rela.rodata
 *(.rela.rodata)
 *(.rela.rodata.*)
 *(.rela.gnu.linkonce.r*)

.rel.data
 *(.rel.data)
 *(.rel.data.*)
 *(.rel.gnu.linkonce.d*)

.rela.data
 *(.rela.data)
 *(.rela.data.*)
 *(.rela.gnu.linkonce.d*)

.rel.ctors
 *(.rel.ctors)

.rela.ctors
 *(.rela.ctors)

.rel.dtors
 *(.rel.dtors)

.rela.dtors
 *(.rela.dtors)

.rel.got
 *(.rel.got)

.rela.got
 *(.rela.got)

.rel.bss
 *(.rel.bss)

.rela.bss
 *(.rela.bss)

.rel.plt
 *(.rel.plt)

.rela.plt
 *(.rela.plt)

.text           0x0000000000000000     0x3fc2
 *(.vectors)
 .vectors       0x0000000000000000       0x68 /usr/lib/gcc/avr/4.8.2/../../../avr/lib/avr5/crtm168.o
                0x0000000000000000                __vectors
                0x0000000000000000                __vector_default
 *(.vectors)
 *(.progmem.gcc*)
 *(.progmem*)
 .progmem.data  0x0000000000000068       0xc5 main.o
                0x0000000000000068                REF_R_str
                0x000000000000006f                REF_C_str
                0x0000000000000076                MinCap_str
                0x000000000000007e                PinRLRHADCtab
                0x0000000000000084                CMETER_13_str
                0x0000000000000088                CAP_13_str
                0x000000000000008f                RL_METER_str
                0x0000000000000094                RESIS_13_str
                0x000000000000009f                R0_str
                0x00000000000000a3                ICEs_str
                0x00000000000000a9                ICE0_str
                0x00000000000000af                VERSION_str
                0x00000000000000bd                RHtab
                0x00000000000000cf                LogTab
 .progmem.data  0x000000000000012d        0xb show_Resis_Cap.o
                0x000000000000012d                RESIS_str_R2
                0x0000000000000138                . = ALIGN (0x2)
                0x0000000000000138                __trampolines_start = .
 *(.trampolines)
 .trampolines   0x0000000000000138        0x0 linker stubs
 *(.trampolines*)
                0x0000000000000138                __trampolines_end = .
 *(.jumptables)
 *(.jumptables*)
 *(.lowtext)
 *(.lowtext*)
                0x0000000000000138                __ctors_start = .
 *(.ctors)
                0x0000000000000138                __ctors_end = .
                0x0000000000000138                __dtors_start = .
 *(.dtors)
                0x0000000000000138                __dtors_end = .
 SORT(*)(.ctors)
 SORT(*)(.dtors)
 *(.init0)
 .init0         0x0000000000000138        0x0 /usr/lib/gcc/avr/4.8.2/../../../avr/lib/avr5/crtm168.o
                0x0000000000000138                __init
 *(.init0)
 *(.init1)
 *(.init1)
 *(.init2)
 .init2         0x0000000000000138        0xc /usr/lib/gcc/avr/4.8.2/../../../avr/lib/avr5/crtm168.o
 *(.init2)
 *(.init3)
 *(.init3)
 *(.init4)
 .init4         0x0000000000000144       0x10 /usr/lib/gcc/avr/4.8.2/avr5/libgcc.a(_clear_bss.o)
                0x0000000000000144                __do_clear_bss
 *(.init4)
 *(.init5)
 *(.init5)
 *(.init6)
 *(.init6)
 *(.init7)
 *(.init7)
 *(.init8)
 *(.init8)
 *(.init9)
 .init9         0x0000000000000154        0x8 /usr/lib/gcc/avr/4.8.2/../../../avr/lib/avr5/crtm168.o
 *(.init9)
 *(.text)
 .text          0x000000000000015c        0x2 /usr/lib/gcc/avr/4.8.2/../../../avr/lib/avr5/crtm168.o
                0x000000000000015c                __vector_22
                0x000000000000015c                __vector_1
                0x000000000000015c                __vector_24
                0x000000000000015c                __vector_12
                0x000000000000015c                __bad_interrupt
                0x000000000000015c                __vector_6
                0x000000000000015c                __vector_3
                0x000000000000015c                __vector_23
                0x000000000000015c                __vector_25
                0x000000000000015c                __vector_11
                0x000000000000015c                __vector_17
                0x000000000000015c                __vector_19
                0x000000000000015c                __vector_5
                0x000000000000015c                __vector_4
                0x000000000000015c                __vector_9
                0x000000000000015c                __vector_2
                0x000000000000015c                __vector_15
                0x000000000000015c                __vector_8
                0x000000000000015c                __vector_14
                0x000000000000015c                __vector_16
                0x000000000000015c                __vector_18
                0x000000000000015c                __vector_20
 .text          0x000000000000015e       0x5c lcd_hw_4_bit.o
                0x000000000000015e                _lcd_hw_write
 .text          0x00000000000001ba      0x22a lcd-routines.o
                0x00000000000001ba                lcd_save_position
                0x00000000000001cc                lcd_data
                0x00000000000001de                lcd_testpin
                0x00000000000001e2                lcd_space
                0x00000000000001e6                lcd_spaces
                0x0000000000000208                lcd_equal
                0x000000000000020c                lcd_command
                0x0000000000000214                lcd_line1
                0x0000000000000222                lcd_line2
                0x0000000000000232                lcd_line3
                0x0000000000000242                lcd_line4
                0x0000000000000252                lcd_set_cursor
                0x0000000000000264                lcd_restore_position
                0x000000000000026e                lcd_clear
                0x0000000000000278                lcd_string
                0x000000000000028e                lcd_pgm_string
                0x00000000000002aa                lcd_fix_string
                0x00000000000002c8                lcd_fix_customchar
                0x00000000000002f4                lcd_init
                0x0000000000000358                lcd_clear_line
                0x0000000000000362                lcd_next_line
                0x00000000000003a2                lcd_next_line_wait
                0x00000000000003a6                lcd_clear_line1
                0x00000000000003ac                lcd_clear_line2
                0x00000000000003b2                lcd_set_pixels
                0x00000000000003b4                lcd_show_Cg
 .text          0x00000000000003e4       0x2c i2lcd.o
                0x00000000000003e4                i2lcd
                0x00000000000003fa                u2lcd
                0x0000000000000408                i2lcd_space
                0x000000000000040c                u2lcd_space
 .text          0x0000000000000410       0x62 PinLayout.o
                0x0000000000000410                PinLayout
                0x000000000000045e                Rnum2pins
 .text          0x0000000000000472       0x4c RvalOut.o
                0x0000000000000472                RvalOut
 .text          0x00000000000004be       0x8e UfAusgabe.o
                0x00000000000004be                mVAusgabe
                0x00000000000004da                UfAusgabe
                0x0000000000000506                SerienDiodenAusgabe
 .text          0x000000000000054c      0x156 DisplayValue.o
                0x000000000000054c                DisplayValue
                0x0000000000000678                DisplayValue16
                0x000000000000068e                Display_mV
 .text          0x00000000000006a2        0x2 swuart.o
                0x00000000000006a2                uart_putc
 .text          0x00000000000006a4       0x4a wait1000ms.o
                0x00000000000006a4                wait5s
                0x00000000000006a6                wait4s
                0x00000000000006a8                wait3s
                0x00000000000006aa                wait2s
                0x00000000000006ac                wait1000ms
                0x00000000000006ac                wait1s
                0x00000000000006ae                wait500ms
                0x00000000000006b0                wait400ms
                0x00000000000006b2                wait300ms
                0x00000000000006b4                wait200ms
                0x00000000000006b6                wait100ms
                0x00000000000006ba                wait50ms
                0x00000000000006bc                wait40ms
                0x00000000000006be                wait30ms
                0x00000000000006c0                wait20ms
                0x00000000000006c2                wait10ms
                0x00000000000006c4                wait5ms
                0x00000000000006c6                wait4ms
                0x00000000000006c8                wait3ms
                0x00000000000006ca                wait2ms
                0x00000000000006cc                wait1ms
                0x00000000000006ce                wait500us
                0x00000000000006d0                wait400us
                0x00000000000006d2                wait300us
                0x00000000000006d4                wait200us
                0x00000000000006d6                wait100us
                0x00000000000006d8                wait50us
                0x00000000000006da                wait40us
                0x00000000000006dc                wait30us
                0x00000000000006de                wait20us
                0x00000000000006e0                wait10us
                0x00000000000006e2                wait5us
                0x00000000000006e4                wait4us
                0x00000000000006e6                wait3us
                0x00000000000006e8                wait2us
                0x00000000000006ea                wait1us
 .text          0x00000000000006ee       0x58 sleep_5ms.o
                0x00000000000006ee                sleep_5ms
 .text          0x0000000000000746       0xd4 ReadADC.o
                0x0000000000000746                W20msReadADC
                0x000000000000074e                W10msReadADC
                0x0000000000000756                W5msReadADC
                0x000000000000075e                ReadADC
 .text          0x000000000000081a       0xb4 wait_for_key_ms.o
                0x000000000000081a                wait_for_key_ms
                0x0000000000000888                wait_for_key_5s_line2
 .text          0x00000000000008ce       0xb0 RefVoltage.o
                0x00000000000008ce                RefVoltage
 .text          0x000000000000097e       0x3e get_log.o
                0x000000000000097e                get_log
 .text          0x00000000000009bc      0x604 main.o
                0x00000000000009bc                __vector_7
                0x00000000000009be                __vector_21
                0x00000000000009c0                init_parts
                0x0000000000000a0c                ShortedProbes
                0x0000000000000a90                AllProbesShorted
                0x0000000000000aae                AutoCheck
                0x0000000000000f06                mark_as_uncalibrated
                0x0000000000000f2a                GetIr
 .text          0x0000000000000fc0       0x84 Battery_check.o
                0x0000000000000fc0                Battery_check
 .text          0x0000000000001044      0xb98 CheckPins.o
                0x0000000000001044                CheckPins
 .text          0x0000000000001bdc      0x3d0 GetResistance.o
                0x0000000000001bdc                GetResistance
 .text          0x0000000000001fac       0x30 ChargePin10ms.o
                0x0000000000001fac                ChargePin10ms
 .text          0x0000000000001fdc       0xfe EntladePins.o
                0x0000000000001fdc                EntladePins
 .text          0x00000000000020da      0x654 ReadCapacity.o
                0x00000000000020da                Scale_C_with_vcc
                0x000000000000215a                ReadCapacity
                0x000000000000269e                __vector_13
                0x00000000000026ea                __vector_10
 .text          0x000000000000272e       0x7e GetRLmultip.o
                0x000000000000272e                GetRLmultip
 .text          0x00000000000027ac      0x18e Calibrate_UR.o
                0x00000000000027ac                Calibrate_UR
 .text          0x000000000000293a      0x45a ReadInductance.o
                0x000000000000293a                ReadInductance
 .text          0x0000000000002d94      0x3aa GetESR.o
                0x0000000000002d94                GetESR
 .text          0x000000000000313e      0x14e GetVloss.o
                0x000000000000313e                GetVloss
 .text          0x000000000000328c        0x0 GetFrequency.o
 .text          0x000000000000328c        0x0 function_menu.o
 .text          0x000000000000328c        0x0 message_key_released.o
 .text          0x000000000000328c        0x0 ReadBigCap.o
 .text          0x000000000000328c        0x0 CheckRotaryEncoder.o
 .text          0x000000000000328c        0x0 CalibrationCap.o
 .text          0x000000000000328c        0x0 ShowData.o
 .text          0x000000000000328c       0xbc show_Resis_Cap.o
                0x000000000000328c                show_resis
                0x000000000000331a                Bat_update
                0x0000000000003334                Pwr_mode_check
 .text          0x0000000000003348        0x2 EE_check_init.o
                0x0000000000003348                EE_check_init
 .text          0x000000000000334a        0x0 /usr/lib/gcc/avr/4.8.2/avr5/libgcc.a(_umulhisi3.o)
 .text          0x000000000000334a        0x0 /usr/lib/gcc/avr/4.8.2/avr5/libgcc.a(_usmulhisi3.o)
 .text          0x000000000000334a        0x0 /usr/lib/gcc/avr/4.8.2/avr5/libgcc.a(_muluhisi3.o)
 .text          0x000000000000334a        0x0 /usr/lib/gcc/avr/4.8.2/avr5/libgcc.a(_mulsi3.o)
 .text          0x000000000000334a        0x0 /usr/lib/gcc/avr/4.8.2/avr5/libgcc.a(_udivmodqi4.o)
 .text          0x000000000000334a        0x0 /usr/lib/gcc/avr/4.8.2/avr5/libgcc.a(_udivmodhi4.o)
 .text          0x000000000000334a        0x0 /usr/lib/gcc/avr/4.8.2/avr5/libgcc.a(_udivmodsi4.o)
 .text          0x000000000000334a        0x0 /usr/lib/gcc/avr/4.8.2/avr5/libgcc.a(_divmodsi4.o)
 .text          0x000000000000334a        0x0 /usr/lib/gcc/avr/4.8.2/avr5/libgcc.a(_negsi2.o)
 .text          0x000000000000334a        0x0 /usr/lib/gcc/avr/4.8.2/avr5/libgcc.a(_prologue.o)
 .text          0x000000000000334a        0x0 /usr/lib/gcc/avr/4.8.2/avr5/libgcc.a(_epilogue.o)
 .text          0x000000000000334a        0x0 /usr/lib/gcc/avr/4.8.2/avr5/libgcc.a(_exit.o)
 .text          0x000000000000334a        0x0 /usr/lib/gcc/avr/4.8.2/avr5/libgcc.a(_clear_bss.o)
 .text          0x000000000000334a        0x0 /usr/lib/gcc/avr/4.8.2/../../../avr/lib/avr5/libc.a(utoa.o)
 .text          0x000000000000334a        0x0 /usr/lib/gcc/avr/4.8.2/../../../avr/lib/avr5/libc.a(eerd_byte_atmega168.o)
 .text          0x000000000000334a        0x0 /usr/lib/gcc/avr/4.8.2/../../../avr/lib/avr5/libc.a(eewr_byte_atmega168.o)
 .text          0x000000000000334a        0x0 /usr/lib/gcc/avr/4.8.2/../../../avr/lib/avr5/libc.a(eewr_word_atmega168.o)
 .text          0x000000000000334a        0x0 /usr/lib/gcc/avr/4.8.2/../../../avr/lib/avr5/libc.a(strrev.o)
                0x000000000000334a                . = ALIGN (0x2)
 *(.text.*)
 .text.startup  0x000000000000334a      0xa74 main.o
                0x000000000000334a                main
 .text.libgcc.mul
                0x0000000000003dbe       0x1e /usr/lib/gcc/avr/4.8.2/avr5/libgcc.a(_umulhisi3.o)
                0x0000000000003dbe                __umulhisi3
 .text.libgcc.div
                0x0000000000003ddc        0x0 /usr/lib/gcc/avr/4.8.2/avr5/libgcc.a(_umulhisi3.o)
 .text.libgcc   0x0000000000003ddc        0x0 /usr/lib/gcc/avr/4.8.2/avr5/libgcc.a(_umulhisi3.o)
 .text.libgcc.prologue
                0x0000000000003ddc        0x0 /usr/lib/gcc/avr/4.8.2/avr5/libgcc.a(_umulhisi3.o)
 .text.libgcc.builtins
                0x0000000000003ddc        0x0 /usr/lib/gcc/avr/4.8.2/avr5/libgcc.a(_umulhisi3.o)
 .text.libgcc.fmul
                0x0000000000003ddc        0x0 /usr/lib/gcc/avr/4.8.2/avr5/libgcc.a(_umulhisi3.o)
 .text.libgcc.fixed
                0x0000000000003ddc        0x0 /usr/lib/gcc/avr/4.8.2/avr5/libgcc.a(_umulhisi3.o)
 .text.libgcc.mul
                0x0000000000003ddc        0xc /usr/lib/gcc/avr/4.8.2/avr5/libgcc.a(_usmulhisi3.o)
                0x0000000000003ddc                __usmulhisi3
                0x0000000000003dde                __usmulhisi3_tail
 .text.libgcc.div
                0x0000000000003de8        0x0 /usr/lib/gcc/avr/4.8.2/avr5/libgcc.a(_usmulhisi3.o)
 .text.libgcc   0x0000000000003de8        0x0 /usr/lib/gcc/avr/4.8.2/avr5/libgcc.a(_usmulhisi3.o)
 .text.libgcc.prologue
                0x0000000000003de8        0x0 /usr/lib/gcc/avr/4.8.2/avr5/libgcc.a(_usmulhisi3.o)
 .text.libgcc.builtins
                0x0000000000003de8        0x0 /usr/lib/gcc/avr/4.8.2/avr5/libgcc.a(_usmulhisi3.o)
 .text.libgcc.fmul
                0x0000000000003de8        0x0 /usr/lib/gcc/avr/4.8.2/avr5/libgcc.a(_usmulhisi3.o)
 .text.libgcc.fixed
                0x0000000000003de8        0x0 /usr/lib/gcc/avr/4.8.2/avr5/libgcc.a(_usmulhisi3.o)
 .text.libgcc.mul
                0x0000000000003de8       0x14 /usr/lib/gcc/avr/4.8.2/avr5/libgcc.a(_muluhisi3.o)
                0x0000000000003de8                __muluhisi3
 .text.libgcc.div
                0x0000000000003dfc        0x0 /usr/lib/gcc/avr/4.8.2/avr5/libgcc.a(_muluhisi3.o)
 .text.libgcc   0x0000000000003dfc        0x0 /usr/lib/gcc/avr/4.8.2/avr5/libgcc.a(_muluhisi3.o)
 .text.libgcc.prologue
                0x0000000000003dfc        0x0 /usr/lib/gcc/avr/4.8.2/avr5/libgcc.a(_muluhisi3.o)
 .text.libgcc.builtins
                0x0000000000003dfc        0x0 /usr/lib/gcc/avr/4.8.2/avr5/libgcc.a(_muluhisi3.o)
 .text.libgcc.fmul
                0x0000000000003dfc        0x0 /usr/lib/gcc/avr/4.8.2/avr5/libgcc.a(_muluhisi3.o)
 .text.libgcc.fixed
                0x0000000000003dfc        0x0 /usr/lib/gcc/avr/4.8.2/avr5/libgcc.a(_muluhisi3.o)
 .text.libgcc.mul
                0x0000000000003dfc       0x1e /usr/lib/gcc/avr/4.8.2/avr5/libgcc.a(_mulsi3.o)
                0x0000000000003dfc                __mulsi3
 .text.libgcc.div
                0x0000000000003e1a        0x0 /usr/lib/gcc/avr/4.8.2/avr5/libgcc.a(_mulsi3.o)
 .text.libgcc   0x0000000000003e1a        0x0 /usr/lib/gcc/avr/4.8.2/avr5/libgcc.a(_mulsi3.o)
 .text.libgcc.prologue
                0x0000000000003e1a        0x0 /usr/lib/gcc/avr/4.8.2/avr5/libgcc.a(_mulsi3.o)
 .text.libgcc.builtins
                0x0000000000003e1a        0x0 /usr/lib/gcc/avr/4.8.2/avr5/libgcc.a(_mulsi3.o)
 .text.libgcc.fmul
                0x0000000000003e1a        0x0 /usr/lib/gcc/avr/4.8.2/avr5/libgcc.a(_mulsi3.o)
 .text.libgcc.fixed
                0x0000000000003e1a        0x0 /usr/lib/gcc/avr/4.8.2/avr5/libgcc.a(_mulsi3.o)
 .text.libgcc.mul
                0x0000000000003e1a        0x0 /usr/lib/gcc/avr/4.8.2/avr5/libgcc.a(_udivmodqi4.o)
 .text.libgcc.div
                0x0000000000003e1a       0x18 /usr/lib/gcc/avr/4.8.2/avr5/libgcc.a(_udivmodqi4.o)
                0x0000000000003e1a                __udivmodqi4
 .text.libgcc   0x0000000000003e32        0x0 /usr/lib/gcc/avr/4.8.2/avr5/libgcc.a(_udivmodqi4.o)
 .text.libgcc.prologue
                0x0000000000003e32        0x0 /usr/lib/gcc/avr/4.8.2/avr5/libgcc.a(_udivmodqi4.o)
 .text.libgcc.builtins
                0x0000000000003e32        0x0 /usr/lib/gcc/avr/4.8.2/avr5/libgcc.a(_udivmodqi4.o)
 .text.libgcc.fmul
                0x0000000000003e32        0x0 /usr/lib/gcc/avr/4.8.2/avr5/libgcc.a(_udivmodqi4.o)
 .text.libgcc.fixed
                0x0000000000003e32        0x0 /usr/lib/gcc/avr/4.8.2/avr5/libgcc.a(_udivmodqi4.o)
 .text.libgcc.mul
                0x0000000000003e32        0x0 /usr/lib/gcc/avr/4.8.2/avr5/libgcc.a(_udivmodhi4.o)
 .text.libgcc.div
                0x0000000000003e32       0x28 /usr/lib/gcc/avr/4.8.2/avr5/libgcc.a(_udivmodhi4.o)
                0x0000000000003e32                __udivmodhi4
 .text.libgcc   0x0000000000003e5a        0x0 /usr/lib/gcc/avr/4.8.2/avr5/libgcc.a(_udivmodhi4.o)
 .text.libgcc.prologue
                0x0000000000003e5a        0x0 /usr/lib/gcc/avr/4.8.2/avr5/libgcc.a(_udivmodhi4.o)
 .text.libgcc.builtins
                0x0000000000003e5a        0x0 /usr/lib/gcc/avr/4.8.2/avr5/libgcc.a(_udivmodhi4.o)
 .text.libgcc.fmul
                0x0000000000003e5a        0x0 /usr/lib/gcc/avr/4.8.2/avr5/libgcc.a(_udivmodhi4.o)
 .text.libgcc.fixed
                0x0000000000003e5a        0x0 /usr/lib/gcc/avr/4.8.2/avr5/libgcc.a(_udivmodhi4.o)
 .text.libgcc.mul
                0x0000000000003e5a        0x0 /usr/lib/gcc/avr/4.8.2/avr5/libgcc.a(_udivmodsi4.o)
 .text.libgcc.div
                0x0000000000003e5a       0x44 /usr/lib/gcc/avr/4.8.2/avr5/libgcc.a(_udivmodsi4.o)
                0x0000000000003e5a                __udivmodsi4
 .text.libgcc   0x0000000000003e9e        0x0 /usr/lib/gcc/avr/4.8.2/avr5/libgcc.a(_udivmodsi4.o)
 .text.libgcc.prologue
                0x0000000000003e9e        0x0 /usr/lib/gcc/avr/4.8.2/avr5/libgcc.a(_udivmodsi4.o)
 .text.libgcc.builtins
                0x0000000000003e9e        0x0 /usr/lib/gcc/avr/4.8.2/avr5/libgcc.a(_udivmodsi4.o)
 .text.libgcc.fmul
                0x0000000000003e9e        0x0 /usr/lib/gcc/avr/4.8.2/avr5/libgcc.a(_udivmodsi4.o)
 .text.libgcc.fixed
                0x0000000000003e9e        0x0 /usr/lib/gcc/avr/4.8.2/avr5/libgcc.a(_udivmodsi4.o)
 .text.libgcc.mul
                0x0000000000003e9e        0x0 /usr/lib/gcc/avr/4.8.2/avr5/libgcc.a(_divmodsi4.o)
 .text.libgcc.div
                0x0000000000003e9e       0x28 /usr/lib/gcc/avr/4.8.2/avr5/libgcc.a(_divmodsi4.o)
                0x0000000000003e9e                __divmodsi4
 .text.libgcc   0x0000000000003ec6        0x0 /usr/lib/gcc/avr/4.8.2/avr5/libgcc.a(_divmodsi4.o)
 .text.libgcc.prologue
                0x0000000000003ec6        0x0 /usr/lib/gcc/avr/4.8.2/avr5/libgcc.a(_divmodsi4.o)
 .text.libgcc.builtins
                0x0000000000003ec6        0x0 /usr/lib/gcc/avr/4.8.2/avr5/libgcc.a(_divmodsi4.o)
 .text.libgcc.fmul
                0x0000000000003ec6        0x0 /usr/lib/gcc/avr/4.8.2/avr5/libgcc.a(_divmodsi4.o)
 .text.libgcc.fixed
                0x0000000000003ec6        0x0 /usr/lib/gcc/avr/4.8.2/avr5/libgcc.a(_divmodsi4.o)
 .text.libgcc.mul
                0x0000000000003ec6        0x0 /usr/lib/gcc/avr/4.8.2/avr5/libgcc.a(_negsi2.o)
 .text.libgcc.div
                0x0000000000003ec6       0x10 /usr/lib/gcc/avr/4.8.2/avr5/libgcc.a(_negsi2.o)
                0x0000000000003ec6                __negsi2
 .text.libgcc   0x0000000000003ed6        0x0 /usr/lib/gcc/avr/4.8.2/avr5/libgcc.a(_negsi2.o)
 .text.libgcc.prologue
                0x0000000000003ed6        0x0 /usr/lib/gcc/avr/4.8.2/avr5/libgcc.a(_negsi2.o)
 .text.libgcc.builtins
                0x0000000000003ed6        0x0 /usr/lib/gcc/avr/4.8.2/avr5/libgcc.a(_negsi2.o)
 .text.libgcc.fmul
                0x0000000000003ed6        0x0 /usr/lib/gcc/avr/4.8.2/avr5/libgcc.a(_negsi2.o)
 .text.libgcc.fixed
                0x0000000000003ed6        0x0 /usr/lib/gcc/avr/4.8.2/avr5/libgcc.a(_negsi2.o)
 .text.libgcc.mul
                0x0000000000003ed6        0x0 /usr/lib/gcc/avr/4.8.2/avr5/libgcc.a(_prologue.o)
 .text.libgcc.div
                0x0000000000003ed6        0x0 /usr/lib/gcc/avr/4.8.2/avr5/libgcc.a(_prologue.o)
 .text.libgcc   0x0000000000003ed6        0x0 /usr/lib/gcc/avr/4.8.2/avr5/libgcc.a(_prologue.o)
 .text.libgcc.prologue
                0x0000000000003ed6       0x38 /usr/lib/gcc/avr/4.8.2/avr5/libgcc.a(_prologue.o)
                0x0000000000003ed6                __prologue_saves__
 .text.libgcc.builtins
                0x0000000000003f0e        0x0 /usr/lib/gcc/avr/4.8.2/avr5/libgcc.a(_prologue.o)
 .text.libgcc.fmul
                0x0000000000003f0e        0x0 /usr/lib/gcc/avr/4.8.2/avr5/libgcc.a(_prologue.o)
 .text.libgcc.fixed
                0x0000000000003f0e        0x0 /usr/lib/gcc/avr/4.8.2/avr5/libgcc.a(_prologue.o)
 .text.libgcc.mul
                0x0000000000003f0e        0x0 /usr/lib/gcc/avr/4.8.2/avr5/libgcc.a(_epilogue.o)
 .text.libgcc.div
                0x0000000000003f0e        0x0 /usr/lib/gcc/avr/4.8.2/avr5/libgcc.a(_epilogue.o)
 .text.libgcc   0x0000000000003f0e        0x0 /usr/lib/gcc/avr/4.8.2/avr5/libgcc.a(_epilogue.o)
 .text.libgcc.prologue
                0x0000000000003f0e       0x36 /usr/lib/gcc/avr/4.8.2/avr5/libgcc.a(_epilogue.o)
                0x0000000000003f0e                __epilogue_restores__
 .text.libgcc.builtins
                0x0000000000003f44        0x0 /usr/lib/gcc/avr/4.8.2/avr5/libgcc.a(_epilogue.o)
 .text.libgcc.fmul
                0x0000000000003f44        0x0 /usr/lib/gcc/avr/4.8.2/avr5/libgcc.a(_epilogue.o)
 .text.libgcc.fixed
                0x0000000000003f44        0x0 /usr/lib/gcc/avr/4.8.2/avr5/libgcc.a(_epilogue.o)
 .text.libgcc.mul
                0x0000000000003f44        0x0 /usr/lib/gcc/avr/4.8.2/avr5/libgcc.a(_exit.o)
 .text.libgcc.div
                0x0000000000003f44        0x0 /usr/lib/gcc/avr/4.8.2/avr5/libgcc.a(_exit.o)
 .text.libgcc   0x0000000000003f44        0x0 /usr/lib/gcc/avr/4.8.2/avr5/libgcc.a(_exit.o)
 .text.libgcc.prologue
                0x0000000000003f44        0x0 /usr/lib/gcc/avr/4.8.2/avr5/libgcc.a(_exit.o)
 .text.libgcc.builtins
                0x0000000000003f44        0x0 /usr/lib/gcc/avr/4.8.2/avr5/libgcc.a(_exit.o)
 .text.libgcc.fmul
                0x0000000000003f44        0x0 /usr/lib/gcc/avr/4.8.2/avr5/libgcc.a(_exit.o)
 .text.libgcc.fixed
                0x0000000000003f44        0x0 /usr/lib/gcc/avr/4.8.2/avr5/libgcc.a(_exit.o)
 .text.libgcc.mul
                0x0000000000003f44        0x0 /usr/lib/gcc/avr/4.8.2/avr5/libgcc.a(_clear_bss.o)
 .text.libgcc.div
                0x0000000000003f44        0x0 /usr/lib/gcc/avr/4.8.2/avr5/libgcc.a(_clear_bss.o)
 .text.libgcc   0x0000000000003f44        0x0 /usr/lib/gcc/avr/4.8.2/avr5/libgcc.a(_clear_bss.o)
 .text.libgcc.prologue
                0x0000000000003f44        0x0 /usr/lib/gcc/avr/4.8.2/avr5/libgcc.a(_clear_bss.o)
 .text.libgcc.builtins
                0x0000000000003f44        0x0 /usr/lib/gcc/avr/4.8.2/avr5/libgcc.a(_clear_bss.o)
 .text.libgcc.fmul
                0x0000000000003f44        0x0 /usr/lib/gcc/avr/4.8.2/avr5/libgcc.a(_clear_bss.o)
 .text.libgcc.fixed
                0x0000000000003f44        0x0 /usr/lib/gcc/avr/4.8.2/avr5/libgcc.a(_clear_bss.o)
 .text.avr-libc
                0x0000000000003f44       0x28 /usr/lib/gcc/avr/4.8.2/../../../avr/lib/avr5/libc.a(utoa.o)
                0x0000000000003f44                utoa
 .text.avr-libc
                0x0000000000003f6c       0x10 /usr/lib/gcc/avr/4.8.2/../../../avr/lib/avr5/libc.a(eerd_byte_atmega168.o)
                0x0000000000003f6c                __eerd_byte_m168
 .text.avr-libc
                0x0000000000003f7c       0x1c /usr/lib/gcc/avr/4.8.2/../../../avr/lib/avr5/libc.a(eewr_byte_atmega168.o)
                0x0000000000003f7c                __eewr_byte_m168
                0x0000000000003f7e                __eewr_r18_m168
 .text.avr-libc
                0x0000000000003f98        0x6 /usr/lib/gcc/avr/4.8.2/../../../avr/lib/avr5/libc.a(eewr_word_atmega168.o)
                0x0000000000003f98                __eewr_word_m168
 .text.avr-libc
                0x0000000000003f9e       0x20 /usr/lib/gcc/avr/4.8.2/../../../avr/lib/avr5/libc.a(strrev.o)
                0x0000000000003f9e                strrev
                0x0000000000003fbe                . = ALIGN (0x2)
 *(.fini9)
 .fini9         0x0000000000003fbe        0x0 /usr/lib/gcc/avr/4.8.2/avr5/libgcc.a(_exit.o)
                0x0000000000003fbe                exit
                0x0000000000003fbe                _exit
 *(.fini9)
 *(.fini8)
 *(.fini8)
 *(.fini7)
 *(.fini7)
 *(.fini6)
 *(.fini6)
 *(.fini5)
 *(.fini5)
 *(.fini4)
 *(.fini4)
 *(.fini3)
 *(.fini3)
 *(.fini2)
 *(.fini2)
 *(.fini1)
 *(.fini1)
 *(.fini0)
 .fini0         0x0000000000003fbe        0x4 /usr/lib/gcc/avr/4.8.2/avr5/libgcc.a(_exit.o)
 *(.fini0)
                0x0000000000003fc2                _etext = .

.data           0x0000000000800100        0x0 load address 0x0000000000003fc2
                0x0000000000800100                PROVIDE (__data_start, .)
 *(.data)
 .data          0x0000000000800100        0x0 /usr/lib/gcc/avr/4.8.2/../../../avr/lib/avr5/crtm168.o
 .data          0x0000000000800100        0x0 lcd_hw_4_bit.o
 .data          0x0000000000800100        0x0 lcd-routines.o
 .data          0x0000000000800100        0x0 i2lcd.o
 .data          0x0000000000800100        0x0 PinLayout.o
 .data          0x0000000000800100        0x0 RvalOut.o
 .data          0x0000000000800100        0x0 UfAusgabe.o
 .data          0x0000000000800100        0x0 DisplayValue.o
 .data          0x0000000000800100        0x0 swuart.o
 .data          0x0000000000800100        0x0 wait1000ms.o
 .data          0x0000000000800100        0x0 sleep_5ms.o
 .data          0x0000000000800100        0x0 ReadADC.o
 .data          0x0000000000800100        0x0 wait_for_key_ms.o
 .data          0x0000000000800100        0x0 RefVoltage.o
 .data          0x0000000000800100        0x0 get_log.o
 .data          0x0000000000800100        0x0 main.o
 .data          0x0000000000800100        0x0 Battery_check.o
 .data          0x0000000000800100        0x0 CheckPins.o
 .data          0x0000000000800100        0x0 GetResistance.o
 .data          0x0000000000800100        0x0 ChargePin10ms.o
 .data          0x0000000000800100        0x0 EntladePins.o
 .data          0x0000000000800100        0x0 ReadCapacity.o
 .data          0x0000000000800100        0x0 GetRLmultip.o
 .data          0x0000000000800100        0x0 Calibrate_UR.o
 .data          0x0000000000800100        0x0 ReadInductance.o
 .data          0x0000000000800100        0x0 GetESR.o
 .data          0x0000000000800100        0x0 GetVloss.o
 .data          0x0000000000800100        0x0 GetFrequency.o
 .data          0x0000000000800100        0x0 function_menu.o
 .data          0x0000000000800100        0x0 message_key_released.o
 .data          0x0000000000800100        0x0 ReadBigCap.o
 .data          0x0000000000800100        0x0 CheckRotaryEncoder.o
 .data          0x0000000000800100        0x0 CalibrationCap.o
 .data          0x0000000000800100        0x0 ShowData.o
 .data          0x0000000000800100        0x0 show_Resis_Cap.o
 .data          0x0000000000800100        0x0 EE_check_init.o
 .data          0x0000000000800100        0x0 /usr/lib/gcc/avr/4.8.2/avr5/libgcc.a(_umulhisi3.o)
 .data          0x0000000000800100        0x0 /usr/lib/gcc/avr/4.8.2/avr5/libgcc.a(_usmulhisi3.o)
 .data          0x0000000000800100        0x0 /usr/lib/gcc/avr/4.8.2/avr5/libgcc.a(_muluhisi3.o)
 .data          0x0000000000800100        0x0 /usr/lib/gcc/avr/4.8.2/avr5/libgcc.a(_mulsi3.o)
 .data          0x0000000000800100        0x0 /usr/lib/gcc/avr/4.8.2/avr5/libgcc.a(_udivmodqi4.o)
 .data          0x0000000000800100        0x0 /usr/lib/gcc/avr/4.8.2/avr5/libgcc.a(_udivmodhi4.o)
 .data          0x0000000000800100        0x0 /usr/lib/gcc/avr/4.8.2/avr5/libgcc.a(_udivmodsi4.o)
 .data          0x0000000000800100        0x0 /usr/lib/gcc/avr/4.8.2/avr5/libgcc.a(_divmodsi4.o)
 .data          0x0000000000800100        0x0 /usr/lib/gcc/avr/4.8.2/avr5/libgcc.a(_negsi2.o)
 .data          0x0000000000800100        0x0 /usr/lib/gcc/avr/4.8.2/avr5/libgcc.a(_prologue.o)
 .data          0x0000000000800100        0x0 /usr/lib/gcc/avr/4.8.2/avr5/libgcc.a(_epilogue.o)
 .data          0x0000000000800100        0x0 /usr/lib/gcc/avr/4.8.2/avr5/libgcc.a(_exit.o)
 .data          0x0000000000800100        0x0 /usr/lib/gcc/avr/4.8.2/avr5/libgcc.a(_clear_bss.o)
 .data          0x0000000000800100        0x0 /usr/lib/gcc/avr/4.8.2/../../../avr/lib/avr5/libc.a(utoa.o)
 .data          0x0000000000800100        0x0 /usr/lib/gcc/avr/4.8.2/../../../avr/lib/avr5/libc.a(eerd_byte_atmega168.o)
 .data          0x0000000000800100        0x0 /usr/lib/gcc/avr/4.8.2/../../../avr/lib/avr5/libc.a(eewr_byte_atmega168.o)
 .data          0x0000000000800100        0x0 /usr/lib/gcc/avr/4.8.2/../../../avr/lib/avr5/libc.a(eewr_word_atmega168.o)
 .data          0x0000000000800100        0x0 /usr/lib/gcc/avr/4.8.2/../../../avr/lib/avr5/libc.a(strrev.o)
 *(.data*)
 *(.rodata)
 *(.rodata*)
 *(.gnu.linkonce.d*)
                0x0000000000800100                . = ALIGN (0x2)
                0x0000000000800100                _edata = .
                0x0000000000800100                PROVIDE (__data_end, .)

.bss            0x0000000000800100       0xae
                0x0000000000800100                PROVIDE (__bss_start, .)
 *(.bss)
 .bss           0x0000000000800100        0x0 /usr/lib/gcc/avr/4.8.2/../../../avr/lib/avr5/crtm168.o
 .bss           0x0000000000800100        0x0 lcd_hw_4_bit.o
 .bss           0x0000000000800100        0x0 lcd-routines.o
 .bss           0x0000000000800100        0x0 i2lcd.o
 .bss           0x0000000000800100        0x0 PinLayout.o
 .bss           0x0000000000800100        0x0 RvalOut.o
 .bss           0x0000000000800100        0x0 UfAusgabe.o
 .bss           0x0000000000800100        0x0 DisplayValue.o
 .bss           0x0000000000800100        0x0 swuart.o
 .bss           0x0000000000800100        0x0 wait1000ms.o
 .bss           0x0000000000800100        0x0 sleep_5ms.o
 .bss           0x0000000000800100        0x0 ReadADC.o
 .bss           0x0000000000800100        0x0 wait_for_key_ms.o
 .bss           0x0000000000800100        0x0 RefVoltage.o
 .bss           0x0000000000800100        0x0 get_log.o
 .bss           0x0000000000800100        0x0 main.o
 .bss           0x0000000000800100        0x0 Battery_check.o
 .bss           0x0000000000800100        0x0 CheckPins.o
 .bss           0x0000000000800100        0x0 GetResistance.o
 .bss           0x0000000000800100        0x0 ChargePin10ms.o
 .bss           0x0000000000800100        0x0 EntladePins.o
 .bss           0x0000000000800100        0x0 ReadCapacity.o
 .bss           0x0000000000800100        0x0 GetRLmultip.o
 .bss           0x0000000000800100        0x0 Calibrate_UR.o
 .bss           0x0000000000800100        0x0 ReadInductance.o
 .bss           0x0000000000800100        0x0 GetESR.o
 .bss           0x0000000000800100        0x0 GetVloss.o
 .bss           0x0000000000800100        0x0 GetFrequency.o
 .bss           0x0000000000800100        0x0 function_menu.o
 .bss           0x0000000000800100        0x0 message_key_released.o
 .bss           0x0000000000800100        0x0 ReadBigCap.o
 .bss           0x0000000000800100        0x0 CheckRotaryEncoder.o
 .bss           0x0000000000800100        0x0 CalibrationCap.o
 .bss           0x0000000000800100        0x0 ShowData.o
 .bss           0x0000000000800100        0x0 show_Resis_Cap.o
 .bss           0x0000000000800100        0x0 EE_check_init.o
 .bss           0x0000000000800100        0x0 /usr/lib/gcc/avr/4.8.2/avr5/libgcc.a(_umulhisi3.o)
 .bss           0x0000000000800100        0x0 /usr/lib/gcc/avr/4.8.2/avr5/libgcc.a(_usmulhisi3.o)
 .bss           0x0000000000800100        0x0 /usr/lib/gcc/avr/4.8.2/avr5/libgcc.a(_muluhisi3.o)
 .bss           0x0000000000800100        0x0 /usr/lib/gcc/avr/4.8.2/avr5/libgcc.a(_mulsi3.o)
 .bss           0x0000000000800100        0x0 /usr/lib/gcc/avr/4.8.2/avr5/libgcc.a(_udivmodqi4.o)
 .bss           0x0000000000800100        0x0 /usr/lib/gcc/avr/4.8.2/avr5/libgcc.a(_udivmodhi4.o)
 .bss           0x0000000000800100        0x0 /usr/lib/gcc/avr/4.8.2/avr5/libgcc.a(_udivmodsi4.o)
 .bss           0x0000000000800100        0x0 /usr/lib/gcc/avr/4.8.2/avr5/libgcc.a(_divmodsi4.o)
 .bss           0x0000000000800100        0x0 /usr/lib/gcc/avr/4.8.2/avr5/libgcc.a(_negsi2.o)
 .bss           0x0000000000800100        0x0 /usr/lib/gcc/avr/4.8.2/avr5/libgcc.a(_prologue.o)
 .bss           0x0000000000800100        0x0 /usr/lib/gcc/avr/4.8.2/avr5/libgcc.a(_epilogue.o)
 .bss           0x0000000000800100        0x0 /usr/lib/gcc/avr/4.8.2/avr5/libgcc.a(_exit.o)
 .bss           0x0000000000800100        0x0 /usr/lib/gcc/avr/4.8.2/avr5/libgcc.a(_clear_bss.o)
 .bss           0x0000000000800100        0x0 /usr/lib/gcc/avr/4.8.2/../../../avr/lib/avr5/libc.a(utoa.o)
 .bss           0x0000000000800100        0x0 /usr/lib/gcc/avr/4.8.2/../../../avr/lib/avr5/libc.a(eerd_byte_atmega168.o)
 .bss           0x0000000000800100        0x0 /usr/lib/gcc/avr/4.8.2/../../../avr/lib/avr5/libc.a(eewr_byte_atmega168.o)
 .bss           0x0000000000800100        0x0 /usr/lib/gcc/avr/4.8.2/../../../avr/lib/avr5/libc.a(eewr_word_atmega168.o)
 .bss           0x0000000000800100        0x0 /usr/lib/gcc/avr/4.8.2/../../../avr/lib/avr5/libc.a(strrev.o)
 *(.bss*)
 *(COMMON)
 COMMON         0x0000000000800100        0xd lcd-routines.o
                0x0000000000800100                last_text_column
                0x0000000000800101                inductor_lpre
                0x0000000000800102                last_text_line
                0x0000000000800103                cell_mv
                0x0000000000800109                inductor_lx
 COMMON         0x000000000080010d       0xa1 main.o
                0x000000000080010d                diode_sequence
                0x000000000080010e                display_time
                0x0000000000800110                resis680mi
                0x0000000000800112                ref_mv_offs
                0x0000000000800114                NumOfDiodes
                0x0000000000800115                PartMode
                0x0000000000800116                PartFound
                0x0000000000800117                resis680pl
                0x0000000000800119                tmpval
                0x000000000080011a                mess_count
                0x000000000080011b                outval
                0x0000000000800125                ADCconfig
                0x000000000080012b                pin_rpl
                0x000000000080012d                ref_mv
                0x000000000080012f                DC_Pwr_mode
                0x0000000000800130                OutBuffer
                0x000000000080013a                tmpval2
                0x000000000080013b                UnCalibrated
                0x000000000080013c                pin_rmi
                0x000000000080013e                WithReference
                0x000000000080013f                _lcd_column
                0x0000000000800140                _trans
                0x0000000000800142                last_line_used
                0x0000000000800143                ntrans
                0x0000000000800153                empty_count
                0x0000000000800154                pin_combination
                0x0000000000800155                ovcnt16
                0x0000000000800157                ResistorChecked
                0x000000000080015a                ResistorList
                0x000000000080015d                ptrans
                0x000000000080016d                adc_internal_reference
                0x000000000080016f                ResistorsFound
                0x0000000000800170                unfinished
                0x0000000000800171                RHmultip
                0x0000000000800173                cap
                0x0000000000800187                load_diff
                0x0000000000800189                diodes
                0x00000000008001a1                lcd_text_line
                0x00000000008001a2                ResistorVal
                0x00000000008001ae                PROVIDE (__bss_end, .)
                0x0000000000003fc2                __data_load_start = LOADADDR (.data)
                0x0000000000003fc2                __data_load_end = (__data_load_start + SIZEOF (.data))

.noinit         0x00000000008001ae        0x0
                0x00000000008001ae                PROVIDE (__noinit_start, .)
 *(.noinit*)
                0x00000000008001ae                PROVIDE (__noinit_end, .)
                0x00000000008001ae                _end = .
                0x00000000008001ae                PROVIDE (__heap_start, .)

.eeprom         0x0000000000810000      0x1cb
 *(.eeprom*)
 .eeprom        0x0000000000810000      0x1cb main.o
                0x0000000000810000                PrefixTab
                0x0000000000810007                ResIcon2
                0x000000000081000f                ResIcon1
                0x0000000000810017                DiodeIcon2
                0x000000000081001f                DiodeIcon1
                0x0000000000810027                CapIcon
                0x000000000081002f                RDS_str
                0x0000000000810034                T50HZ
                0x000000000081003a                C0_str
                0x000000000081003e                RILO_str
                0x0000000000810045                RIHI_str
                0x000000000081004c                Inductor_str
                0x0000000000810051                Resistor_str
                0x0000000000810056                Dioden
                0x000000000081005b                KatAn_str
                0x000000000081005f                AnKat_str
                0x0000000000810063                Ir_str
                0x0000000000810069                Lis_str
                0x000000000081006c                VLOSS_str
                0x0000000000810074                ESR_str
                0x000000000081007a                VCC_str
                0x000000000081007f                Cell_str
                0x0000000000810085                CapZeich
                0x0000000000810089                Vgs_str
                0x000000000081008e                vt_str
                0x0000000000810093                Uf_str
                0x0000000000810097                Ube_str
                0x000000000081009c                N123_str
                0x00000000008100a2                PNP_str
                0x00000000008100a6                NPN_str
                0x00000000008100aa                Cap_str
                0x00000000008100ad                GateCap_str
                0x00000000008100b0                hfe_str
                0x00000000008100b3                igbt_str
                0x00000000008100b9                jfet_str
                0x00000000008100be                mosfet_str
                0x00000000008100c3                DC_Pwr_Mode_str
                0x00000000008100cf                OK_str
                0x00000000008100d2                Bat_str
                0x00000000008100d8                ATE
                0x00000000008100e1                RELPROBE
                0x00000000008100f1                SELFTEST
                0x0000000000810101                TestTimedOut
                0x000000000081010a                OrBroken
                0x0000000000810116                TestFailed1
                0x0000000000810126                Unknown
                0x000000000081012f                Thyristor
                0x0000000000810138                Triac
                0x000000000081013e                Bauteil
                0x0000000000810143                TestFailed2
                0x000000000081014c                BatEmpty
                0x0000000000810153                BatWeak
                0x0000000000810158                TestRunning
                0x0000000000810163                RLtab
                0x00000000008101bd                EE_ESR_ZEROtab
                0x00000000008101c1                c_zero_tab
                0x00000000008101c8                ref_offset
                0x00000000008101ca                RefDiff
                0x00000000008101cb                __eeprom_end = .

.fuse
 *(.fuse)
 *(.lfuse)
 *(.hfuse)
 *(.efuse)

.lock
 *(.lock*)

.signature
 *(.signature*)

.user_signatures
 *(.user_signatures*)

.stab           0x0000000000000000      0xa98
 *(.stab)
 .stab          0x0000000000000000      0x6cc /usr/lib/gcc/avr/4.8.2/../../../avr/lib/avr5/crtm168.o
 .stab          0x00000000000006cc      0x12c /usr/lib/gcc/avr/4.8.2/../../../avr/lib/avr5/libc.a(utoa.o)
                                        0x138 (size before relaxing)
 .stab          0x00000000000007f8       0x90 /usr/lib/gcc/avr/4.8.2/../../../avr/lib/avr5/libc.a(eerd_byte_atmega168.o)
                                         0x9c (size before relaxing)
 .stab          0x0000000000000888       0xe4 /usr/lib/gcc/avr/4.8.2/../../../avr/lib/avr5/libc.a(eewr_byte_atmega168.o)
                                         0xf0 (size before relaxing)
 .stab          0x000000000000096c       0x54 /usr/lib/gcc/avr/4.8.2/../../../avr/lib/avr5/libc.a(eewr_word_atmega168.o)
                                         0x60 (size before relaxing)
 .stab          0x00000000000009c0       0xd8 /usr/lib/gcc/avr/4.8.2/../../../avr/lib/avr5/libc.a(strrev.o)
                                         0xe4 (size before relaxing)

.stabstr        0x0000000000000000      0x141
 *(.stabstr)
 .stabstr       0x0000000000000000      0x141 /usr/lib/gcc/avr/4.8.2/../../../avr/lib/avr5/crtm168.o

.stab.excl
 *(.stab.excl)

.stab.exclstr
 *(.stab.exclstr)

.stab.index
 *(.stab.index)

.stab.indexstr
 *(.stab.indexstr)

.comment        0x0000000000000000       0x11
 *(.comment)
 .comment       0x0000000000000000       0x11 lcd-routines.o
                                         0x12 (size before relaxing)
 .comment       0x0000000000000000       0x12 DisplayValue.o
 .comment       0x0000000000000000       0x12 main.o
 .comment       0x0000000000000000       0x12 Battery_check.o
 .comment       0x0000000000000000       0x12 CheckPins.o
 .comment       0x0000000000000000       0x12 GetResistance.o
 .comment       0x0000000000000000       0x12 ChargePin10ms.o
 .comment       0x0000000000000000       0x12 EntladePins.o
 .comment       0x0000000000000000       0x12 ReadCapacity.o
 .comment       0x0000000000000000       0x12 Calibrate_UR.o
 .comment       0x0000000000000000       0x12 ReadInductance.o
 .comment       0x0000000000000000       0x12 GetVloss.o
 .comment       0x0000000000000000       0x12 GetFrequency.o
 .comment       0x0000000000000000       0x12 function_menu.o
 .comment       0x0000000000000000       0x12 message_key_released.o
 .comment       0x0000000000000000       0x12 ReadBigCap.o
 .comment       0x0000000000000000       0x12 CheckRotaryEncoder.o
 .comment       0x0000000000000000       0x12 CalibrationCap.o
 .comment       0x0000000000000000       0x12 ShowData.o
 .comment       0x0000000000000000       0x12 show_Resis_Cap.o
 .comment       0x0000000000000000       0x12 EE_check_init.o

.debug
 *(.debug)

.line
 *(.line)

.debug_srcinfo
 *(.debug_srcinfo)

.debug_sfnames
 *(.debug_sfnames)

.debug_aranges  0x0000000000000000      0x430
 *(.debug_aranges)
 .debug_aranges
                0x0000000000000000       0x20 lcd_hw_4_bit.o
 .debug_aranges
                0x0000000000000020       0x20 lcd-routines.o
 .debug_aranges
                0x0000000000000040       0x20 i2lcd.o
 .debug_aranges
                0x0000000000000060       0x20 PinLayout.o
 .debug_aranges
                0x0000000000000080       0x20 RvalOut.o
 .debug_aranges
                0x00000000000000a0       0x20 UfAusgabe.o
 .debug_aranges
                0x00000000000000c0       0x20 DisplayValue.o
 .debug_aranges
                0x00000000000000e0       0x20 swuart.o
 .debug_aranges
                0x0000000000000100       0x20 wait1000ms.o
 .debug_aranges
                0x0000000000000120       0x20 sleep_5ms.o
 .debug_aranges
                0x0000000000000140       0x20 ReadADC.o
 .debug_aranges
                0x0000000000000160       0x20 wait_for_key_ms.o
 .debug_aranges
                0x0000000000000180       0x20 RefVoltage.o
 .debug_aranges
                0x00000000000001a0       0x20 get_log.o
 .debug_aranges
                0x00000000000001c0       0x28 main.o
 .debug_aranges
                0x00000000000001e8       0x20 Battery_check.o
 .debug_aranges
                0x0000000000000208       0x20 CheckPins.o
 .debug_aranges
                0x0000000000000228       0x20 GetResistance.o
 .debug_aranges
                0x0000000000000248       0x20 ChargePin10ms.o
 .debug_aranges
                0x0000000000000268       0x20 EntladePins.o
 .debug_aranges
                0x0000000000000288       0x20 ReadCapacity.o
 .debug_aranges
                0x00000000000002a8       0x20 GetRLmultip.o
 .debug_aranges
                0x00000000000002c8       0x20 Calibrate_UR.o
 .debug_aranges
                0x00000000000002e8       0x20 ReadInductance.o
 .debug_aranges
                0x0000000000000308       0x20 GetESR.o
 .debug_aranges
                0x0000000000000328       0x20 GetVloss.o
 .debug_aranges
                0x0000000000000348       0x18 GetFrequency.o
 .debug_aranges
                0x0000000000000360       0x18 function_menu.o
 .debug_aranges
                0x0000000000000378       0x18 message_key_released.o
 .debug_aranges
                0x0000000000000390       0x18 ReadBigCap.o
 .debug_aranges
                0x00000000000003a8       0x18 CheckRotaryEncoder.o
 .debug_aranges
                0x00000000000003c0       0x18 CalibrationCap.o
 .debug_aranges
                0x00000000000003d8       0x18 ShowData.o
 .debug_aranges
                0x00000000000003f0       0x20 show_Resis_Cap.o
 .debug_aranges
                0x0000000000000410       0x20 EE_check_init.o

.debug_pubnames
 *(.debug_pubnames)

.debug_info     0x0000000000000000     0x6fc5
 *(.debug_info)
 .debug_info    0x0000000000000000       0x7d lcd_hw_4_bit.o
 .debug_info    0x000000000000007d      0xa9f lcd-routines.o
 .debug_info    0x0000000000000b1c       0x76 i2lcd.o
 .debug_info    0x0000000000000b92       0x7a PinLayout.o
 .debug_info    0x0000000000000c0c       0x78 RvalOut.o
 .debug_info    0x0000000000000c84       0x7a UfAusgabe.o
 .debug_info    0x0000000000000cfe      0x395 DisplayValue.o
 .debug_info    0x0000000000001093       0x77 swuart.o
 .debug_info    0x000000000000110a       0x7b wait1000ms.o
 .debug_info    0x0000000000001185       0x7a sleep_5ms.o
 .debug_info    0x00000000000011ff       0x78 ReadADC.o
 .debug_info    0x0000000000001277       0x80 wait_for_key_ms.o
 .debug_info    0x00000000000012f7       0x7b RefVoltage.o
 .debug_info    0x0000000000001372       0x78 get_log.o
 .debug_info    0x00000000000013ea     0x2a39 main.o
 .debug_info    0x0000000000003e23      0x2bc Battery_check.o
 .debug_info    0x00000000000040df      0xb7e CheckPins.o
 .debug_info    0x0000000000004c5d      0x547 GetResistance.o
 .debug_info    0x00000000000051a4      0x119 ChargePin10ms.o
 .debug_info    0x00000000000052bd      0x1f2 EntladePins.o
 .debug_info    0x00000000000054af      0x607 ReadCapacity.o
 .debug_info    0x0000000000005ab6       0x7c GetRLmultip.o
 .debug_info    0x0000000000005b32      0x2c2 Calibrate_UR.o
 .debug_info    0x0000000000005df4      0x4cd ReadInductance.o
 .debug_info    0x00000000000062c1       0x77 GetESR.o
 .debug_info    0x0000000000006338      0x35d GetVloss.o
 .debug_info    0x0000000000006695       0xae GetFrequency.o
 .debug_info    0x0000000000006743       0xae function_menu.o
 .debug_info    0x00000000000067f1       0xae message_key_released.o
 .debug_info    0x000000000000689f       0xae ReadBigCap.o
 .debug_info    0x000000000000694d       0xae CheckRotaryEncoder.o
 .debug_info    0x00000000000069fb       0xae CalibrationCap.o
 .debug_info    0x0000000000006aa9       0xae ShowData.o
 .debug_info    0x0000000000006b57      0x3a2 show_Resis_Cap.o
 .debug_info    0x0000000000006ef9       0xcc EE_check_init.o
 *(.gnu.linkonce.wi.*)

.debug_abbrev   0x0000000000000000     0x18b2
 *(.debug_abbrev)
 .debug_abbrev  0x0000000000000000       0x14 lcd_hw_4_bit.o
 .debug_abbrev  0x0000000000000014      0x261 lcd-routines.o
 .debug_abbrev  0x0000000000000275       0x14 i2lcd.o
 .debug_abbrev  0x0000000000000289       0x14 PinLayout.o
 .debug_abbrev  0x000000000000029d       0x14 RvalOut.o
 .debug_abbrev  0x00000000000002b1       0x14 UfAusgabe.o
 .debug_abbrev  0x00000000000002c5      0x16e DisplayValue.o
 .debug_abbrev  0x0000000000000433       0x14 swuart.o
 .debug_abbrev  0x0000000000000447       0x14 wait1000ms.o
 .debug_abbrev  0x000000000000045b       0x14 sleep_5ms.o
 .debug_abbrev  0x000000000000046f       0x14 ReadADC.o
 .debug_abbrev  0x0000000000000483       0x14 wait_for_key_ms.o
 .debug_abbrev  0x0000000000000497       0x14 RefVoltage.o
 .debug_abbrev  0x00000000000004ab       0x14 get_log.o
 .debug_abbrev  0x00000000000004bf      0x381 main.o
 .debug_abbrev  0x0000000000000840      0x12f Battery_check.o
 .debug_abbrev  0x000000000000096f      0x1b9 CheckPins.o
 .debug_abbrev  0x0000000000000b28      0x18c GetResistance.o
 .debug_abbrev  0x0000000000000cb4       0xb2 ChargePin10ms.o
 .debug_abbrev  0x0000000000000d66       0xe5 EntladePins.o
 .debug_abbrev  0x0000000000000e4b      0x1e9 ReadCapacity.o
 .debug_abbrev  0x0000000000001034       0x14 GetRLmultip.o
 .debug_abbrev  0x0000000000001048      0x12a Calibrate_UR.o
 .debug_abbrev  0x0000000000001172      0x18e ReadInductance.o
 .debug_abbrev  0x0000000000001300       0x14 GetESR.o
 .debug_abbrev  0x0000000000001314      0x16a GetVloss.o
 .debug_abbrev  0x000000000000147e       0x56 GetFrequency.o
 .debug_abbrev  0x00000000000014d4       0x56 function_menu.o
 .debug_abbrev  0x000000000000152a       0x56 message_key_released.o
 .debug_abbrev  0x0000000000001580       0x56 ReadBigCap.o
 .debug_abbrev  0x00000000000015d6       0x56 CheckRotaryEncoder.o
 .debug_abbrev  0x000000000000162c       0x56 CalibrationCap.o
 .debug_abbrev  0x0000000000001682       0x56 ShowData.o
 .debug_abbrev  0x00000000000016d8      0x168 show_Resis_Cap.o
 .debug_abbrev  0x0000000000001840       0x72 EE_check_init.o

.debug_line     0x0000000000000000     0x1e32
 *(.debug_line)
 .debug_line    0x0000000000000000       0x6c lcd_hw_4_bit.o
 .debug_line    0x000000000000006c      0x1ad lcd-routines.o
 .debug_line    0x0000000000000219       0x4d i2lcd.o
 .debug_line    0x0000000000000266       0x6c PinLayout.o
 .debug_line    0x00000000000002d2       0x5b RvalOut.o
 .debug_line    0x000000000000032d       0x80 UfAusgabe.o
 .debug_line    0x00000000000003ad      0x12d DisplayValue.o
 .debug_line    0x00000000000004da       0x39 swuart.o
 .debug_line    0x0000000000000513       0x64 wait1000ms.o
 .debug_line    0x0000000000000577       0x61 sleep_5ms.o
 .debug_line    0x00000000000005d8       0x88 ReadADC.o
 .debug_line    0x0000000000000660       0x9c wait_for_key_ms.o
 .debug_line    0x00000000000006fc       0x83 RefVoltage.o
 .debug_line    0x000000000000077f       0x54 get_log.o
 .debug_line    0x00000000000007d3      0x459 main.o
 .debug_line    0x0000000000000c2c       0xd4 Battery_check.o
 .debug_line    0x0000000000000d00      0x2bc CheckPins.o
 .debug_line    0x0000000000000fbc      0x130 GetResistance.o
 .debug_line    0x00000000000010ec       0x99 ChargePin10ms.o
 .debug_line    0x0000000000001185       0xf4 EntladePins.o
 .debug_line    0x0000000000001279      0x1f9 ReadCapacity.o
 .debug_line    0x0000000000001472       0x76 GetRLmultip.o
 .debug_line    0x00000000000014e8       0xd4 Calibrate_UR.o
 .debug_line    0x00000000000015bc      0x18c ReadInductance.o
 .debug_line    0x0000000000001748      0x1d4 GetESR.o
 .debug_line    0x000000000000191c      0x116 GetVloss.o
 .debug_line    0x0000000000001a32       0x5f GetFrequency.o
 .debug_line    0x0000000000001a91       0x5f function_menu.o
 .debug_line    0x0000000000001af0       0x5f message_key_released.o
 .debug_line    0x0000000000001b4f       0x5f ReadBigCap.o
 .debug_line    0x0000000000001bae       0x5f CheckRotaryEncoder.o
 .debug_line    0x0000000000001c0d       0x5f CalibrationCap.o
 .debug_line    0x0000000000001c6c       0x5f ShowData.o
 .debug_line    0x0000000000001ccb       0xe8 show_Resis_Cap.o
 .debug_line    0x0000000000001db3       0x7f EE_check_init.o

.debug_frame    0x0000000000000000      0x6c8
 *(.debug_frame)
 .debug_frame   0x0000000000000000      0x204 lcd-routines.o
 .debug_frame   0x0000000000000204       0x78 DisplayValue.o
 .debug_frame   0x000000000000027c      0x128 main.o
 .debug_frame   0x00000000000003a4       0x38 Battery_check.o
 .debug_frame   0x00000000000003dc       0x4c CheckPins.o
 .debug_frame   0x0000000000000428       0x48 GetResistance.o
 .debug_frame   0x0000000000000470       0x2c ChargePin10ms.o
 .debug_frame   0x000000000000049c       0x3c EntladePins.o
 .debug_frame   0x00000000000004d8       0xb0 ReadCapacity.o
 .debug_frame   0x0000000000000588       0x40 Calibrate_UR.o
 .debug_frame   0x00000000000005c8       0x4c ReadInductance.o
 .debug_frame   0x0000000000000614       0x40 GetVloss.o
 .debug_frame   0x0000000000000654       0x50 show_Resis_Cap.o
 .debug_frame   0x00000000000006a4       0x24 EE_check_init.o

.debug_str      0x0000000000000000      0xfa1
 *(.debug_str)
 .debug_str     0x0000000000000000      0x3ec lcd-routines.o
                                        0x445 (size before relaxing)
 .debug_str     0x00000000000003ec       0x87 DisplayValue.o
                                        0x22d (size before relaxing)
 .debug_str     0x0000000000000473      0x692 main.o
                                        0xa17 (size before relaxing)
 .debug_str     0x0000000000000b05       0x33 Battery_check.o
                                        0x236 (size before relaxing)
 .debug_str     0x0000000000000b38      0x119 CheckPins.o
                                        0x39f (size before relaxing)
 .debug_str     0x0000000000000c51       0x33 GetResistance.o
                                        0x30b (size before relaxing)
 .debug_str     0x0000000000000c84       0x2f ChargePin10ms.o
                                        0x1b2 (size before relaxing)
 .debug_str     0x0000000000000cb3       0x31 EntladePins.o
                                        0x1d9 (size before relaxing)
 .debug_str     0x0000000000000ce4       0xd3 ReadCapacity.o
                                        0x3bd (size before relaxing)
 .debug_str     0x0000000000000db7       0x35 Calibrate_UR.o
                                        0x247 (size before relaxing)
 .debug_str     0x0000000000000dec       0xa1 ReadInductance.o
                                        0x31a (size before relaxing)
 .debug_str     0x0000000000000e8d       0x20 GetVloss.o
                                        0x260 (size before relaxing)
 .debug_str     0x0000000000000ead       0x12 GetFrequency.o
                                        0x175 (size before relaxing)
 .debug_str     0x0000000000000ebf       0x13 function_menu.o
                                        0x176 (size before relaxing)
 .debug_str     0x0000000000000ed2       0x1a message_key_released.o
                                        0x17d (size before relaxing)
 .debug_str     0x0000000000000eec       0x10 ReadBigCap.o
                                        0x173 (size before relaxing)
 .debug_str     0x0000000000000efc       0x18 CheckRotaryEncoder.o
                                        0x17b (size before relaxing)
 .debug_str     0x0000000000000f14       0x14 CalibrationCap.o
                                        0x177 (size before relaxing)
 .debug_str     0x0000000000000f28        0xe ShowData.o
                                        0x171 (size before relaxing)
 .debug_str     0x0000000000000f36       0x4a show_Resis_Cap.o
                                        0x293 (size before relaxing)
 .debug_str     0x0000000000000f80       0x21 EE_check_init.o
                                        0x184 (size before relaxing)

.debug_loc      0x0000000000000000     0x3a9e
 *(.debug_loc)
 .debug_loc     0x0000000000000000      0x41e lcd-routines.o
 .debug_loc     0x000000000000041e      0x2eb DisplayValue.o
 .debug_loc     0x0000000000000709      0x7df main.o
 .debug_loc     0x0000000000000ee8       0x89 Battery_check.o
 .debug_loc     0x0000000000000f71     0x1591 CheckPins.o
 .debug_loc     0x0000000000002502      0x7e6 GetResistance.o
 .debug_loc     0x0000000000002ce8       0x72 ChargePin10ms.o
 .debug_loc     0x0000000000002d5a      0x19f EntladePins.o
 .debug_loc     0x0000000000002ef9      0x39f ReadCapacity.o
 .debug_loc     0x0000000000003298       0x88 Calibrate_UR.o
 .debug_loc     0x0000000000003320      0x45d ReadInductance.o
 .debug_loc     0x000000000000377d      0x23b GetVloss.o
 .debug_loc     0x00000000000039b8       0xe6 show_Resis_Cap.o

.debug_macinfo
 *(.debug_macinfo)

.debug_pubtypes
 *(.debug_pubtypes)

.debug_ranges   0x0000000000000000       0x18
 *(.debug_ranges)
 .debug_ranges  0x0000000000000000       0x18 main.o

.debug_macro
 *(.debug_macro)
OUTPUT(TransistorTester.elf elf32-avr)
LOAD linker stubs
