Archive member included to satisfy reference by file (symbol)

/usr/lib/gcc/avr/7.2.0/avr5/libgcc.a(_mulsi3.o)
                              ReadADC.o (__mulsi3)
/usr/lib/gcc/avr/7.2.0/avr5/libgcc.a(_udivmodqi4.o)
                              DisplayValue.o (__udivmodqi4)
/usr/lib/gcc/avr/7.2.0/avr5/libgcc.a(_udivmodhi4.o)
                              RefVoltage.o (__udivmodhi4)
/usr/lib/gcc/avr/7.2.0/avr5/libgcc.a(_udivmodsi4.o)
                              DisplayValue.o (__udivmodsi4)
/usr/lib/gcc/avr/7.2.0/avr5/libgcc.a(_divmodsi4.o)
                              main.o (__divmodsi4)
/usr/lib/gcc/avr/7.2.0/avr5/libgcc.a(_negsi2.o)
                              /usr/lib/gcc/avr/7.2.0/avr5/libgcc.a(_divmodsi4.o) (__negsi2)
/usr/lib/gcc/avr/7.2.0/avr5/libgcc.a(_exit.o)
                              /usr/lib/gcc/avr/7.2.0/../../../../avr/lib/avr5/crtatmega168.o (exit)
/usr/lib/gcc/avr/7.2.0/avr5/libgcc.a(_clear_bss.o)
                              lcd-routines.o (__do_clear_bss)
/usr/lib/gcc/avr/7.2.0/avr5/libgcc.a(_umulhisi3.o)
                              CheckPins.o (__umulhisi3)
/usr/lib/gcc/avr/7.2.0/avr5/libgcc.a(_usmulhisi3.o)
                              main.o (__usmulhisi3)
/usr/lib/gcc/avr/7.2.0/avr5/libgcc.a(_muluhisi3.o)
                              main.o (__muluhisi3)
/usr/lib/gcc/avr/7.2.0/avr5/libgcc.a(_prologue.o)
                              DisplayValue.o (__prologue_saves__)
/usr/lib/gcc/avr/7.2.0/avr5/libgcc.a(_epilogue.o)
                              DisplayValue.o (__epilogue_restores__)
/usr/lib/gcc/avr/7.2.0/../../../../avr/lib/avr5/libc.a(utoa.o)
                              i2lcd.o (utoa)
/usr/lib/gcc/avr/7.2.0/../../../../avr/lib/avr5/libc.a(utoa_ncheck.o)
                              DisplayValue.o (__utoa_ncheck)
/usr/lib/gcc/avr/7.2.0/../../../../avr/lib/avr5/libc.a(strrev.o)
                              /usr/lib/gcc/avr/7.2.0/../../../../avr/lib/avr5/libc.a(utoa_ncheck.o) (strrev)
/usr/lib/gcc/avr/7.2.0/../../../../avr/lib/avr5/libatmega168.a(eerd_byte.o)
                              lcd-routines.o (eeprom_read_byte)
/usr/lib/gcc/avr/7.2.0/../../../../avr/lib/avr5/libatmega168.a(eewr_byte.o)
                              main.o (eeprom_write_byte)
/usr/lib/gcc/avr/7.2.0/../../../../avr/lib/avr5/libatmega168.a(eewr_word.o)
                              main.o (eeprom_write_word)

Allocating common symbols
Common symbol       size              file

diode_sequence      0x1               main.o
display_time        0x2               main.o
resis680mi          0x2               main.o
ref_mv_offs         0x2               main.o
NumOfDiodes         0x1               main.o
PartMode            0x1               main.o
PartFound           0x1               main.o
resis680pl          0x2               main.o
tmpval              0x1               main.o
last_text_column    0x1               lcd-routines.o
adc_vcc_reference   0x2               main.o
inductor_lpre       0x1               lcd-routines.o
mess_count          0x1               main.o
last_text_line      0x1               lcd-routines.o
outval              0xa               main.o
ADCconfig           0x6               main.o
pin_rpl             0x2               main.o
ref_mv              0x2               main.o
DC_Pwr_mode         0x1               main.o
tmpval2             0x1               main.o
UnCalibrated        0x1               main.o
pin_rmi             0x2               main.o
WithReference       0x1               main.o
_lcd_column         0x1               main.o
_trans              0x2               main.o
last_line_used      0x1               main.o
ntrans              0x10              main.o
empty_count         0x1               main.o
pin_combination     0x1               main.o
cell_mv             0x6               lcd-routines.o
ResistorChecked     0x3               main.o
ResistorList        0x3               main.o
ptrans              0x10              main.o
adc_internal_reference
                    0x2               main.o
ResistorsFound      0x1               main.o
RHmultip            0x2               main.o
cap                 0x14              main.o
load_diff           0x2               main.o
diodes              0x18              main.o
inductor_lx         0x4               lcd-routines.o
lcd_text_line       0x1               main.o
ResistorVal         0xc               main.o

↵
Speichereinrichtung
↵

Name             Ursprung           Länge             Eigenschaften
text             0x0000000000000000 0x0000000000020000 xr
data             0x0000000000800060 0x000000000000ffa0 rw !x
eeprom           0x0000000000810000 0x0000000000010000 rw !x
fuse             0x0000000000820000 0x0000000000000400 rw !x
lock             0x0000000000830000 0x0000000000000400 rw !x
signature        0x0000000000840000 0x0000000000000400 rw !x
user_signatures  0x0000000000850000 0x0000000000000400 rw !x
*default*        0x0000000000000000 0xffffffffffffffff

Linker script and memory map

Address of section .data set to 0x800100
LOAD /usr/lib/gcc/avr/7.2.0/../../../../avr/lib/avr5/crtatmega168.o
LOAD lcd_hw_4_bit.o
LOAD lcd-routines.o
LOAD i2lcd.o
LOAD PinLayout.o
LOAD RvalOut.o
LOAD UfAusgabe.o
LOAD DisplayValue.o
LOAD swuart.o
LOAD wait1000ms.o
LOAD ReadADC.o
LOAD wait_for_key_ms.o
LOAD RefVoltage.o
LOAD get_log.o
LOAD main.o
LOAD Battery_check.o
LOAD CheckPins.o
LOAD GetResistance.o
LOAD ChargePin10ms.o
LOAD EntladePins.o
LOAD ReadCapacity.o
LOAD GetRLmultip.o
LOAD Calibrate_UR.o
LOAD show_Resis_Cap.o
LOAD ReadInductance.o
LOAD GetESR.o
LOAD GetVloss.o
LOAD GetFrequency.o
LOAD function_menu.o
LOAD message_key_released.o
LOAD ReadBigCap.o
LOAD CheckRotaryEncoder.o
LOAD CalibrationCap.o
LOAD ShowData.o
LOAD CheckUJT.o
LOAD EE_check_init.o
START GROUP
LOAD /usr/lib/gcc/avr/7.2.0/avr5/libgcc.a
LOAD /usr/lib/gcc/avr/7.2.0/../../../../avr/lib/avr5/libm.a
LOAD /usr/lib/gcc/avr/7.2.0/../../../../avr/lib/avr5/libc.a
LOAD /usr/lib/gcc/avr/7.2.0/../../../../avr/lib/avr5/libatmega168.a
END GROUP
                0x0000000000020000                __TEXT_REGION_LENGTH__ = DEFINED (__TEXT_REGION_LENGTH__)?__TEXT_REGION_LENGTH__:0x20000
                0x000000000000ffa0                __DATA_REGION_LENGTH__ = DEFINED (__DATA_REGION_LENGTH__)?__DATA_REGION_LENGTH__:0xffa0
                0x0000000000010000                __EEPROM_REGION_LENGTH__ = DEFINED (__EEPROM_REGION_LENGTH__)?__EEPROM_REGION_LENGTH__:0x10000
                0x0000000000000400                __FUSE_REGION_LENGTH__ = DEFINED (__FUSE_REGION_LENGTH__)?__FUSE_REGION_LENGTH__:0x400
                0x0000000000000400                __LOCK_REGION_LENGTH__ = DEFINED (__LOCK_REGION_LENGTH__)?__LOCK_REGION_LENGTH__:0x400
                0x0000000000000400                __SIGNATURE_REGION_LENGTH__ = DEFINED (__SIGNATURE_REGION_LENGTH__)?__SIGNATURE_REGION_LENGTH__:0x400
                0x0000000000000400                __USER_SIGNATURE_REGION_LENGTH__ = DEFINED (__USER_SIGNATURE_REGION_LENGTH__)?__USER_SIGNATURE_REGION_LENGTH__:0x400

.hash
 *(.hash)

.dynsym
 *(.dynsym)

.dynstr
 *(.dynstr)

.gnu.version
 *(.gnu.version)

.gnu.version_d
 *(.gnu.version_d)

.gnu.version_r
 *(.gnu.version_r)

.rel.init
 *(.rel.init)

.rela.init
 *(.rela.init)

.rel.text
 *(.rel.text)
 *(.rel.text.*)
 *(.rel.gnu.linkonce.t*)

.rela.text
 *(.rela.text)
 *(.rela.text.*)
 *(.rela.gnu.linkonce.t*)

.rel.fini
 *(.rel.fini)

.rela.fini
 *(.rela.fini)

.rel.rodata
 *(.rel.rodata)
 *(.rel.rodata.*)
 *(.rel.gnu.linkonce.r*)

.rela.rodata
 *(.rela.rodata)
 *(.rela.rodata.*)
 *(.rela.gnu.linkonce.r*)

.rel.data
 *(.rel.data)
 *(.rel.data.*)
 *(.rel.gnu.linkonce.d*)

.rela.data
 *(.rela.data)
 *(.rela.data.*)
 *(.rela.gnu.linkonce.d*)

.rel.ctors
 *(.rel.ctors)

.rela.ctors
 *(.rela.ctors)

.rel.dtors
 *(.rel.dtors)

.rela.dtors
 *(.rela.dtors)

.rel.got
 *(.rel.got)

.rela.got
 *(.rela.got)

.rel.bss
 *(.rel.bss)

.rela.bss
 *(.rela.bss)

.rel.plt
 *(.rel.plt)

.rela.plt
 *(.rela.plt)

.text           0x0000000000000000     0x3f28
 *(.vectors)
 .vectors       0x0000000000000000       0x68 /usr/lib/gcc/avr/7.2.0/../../../../avr/lib/avr5/crtatmega168.o
                0x0000000000000000                __vectors
                0x0000000000000000                __vector_default
 *(.vectors)
 *(.progmem.gcc*)
                0x0000000000000068                . = ALIGN (0x2)
                0x0000000000000068                __trampolines_start = .
 *(.trampolines)
 .trampolines   0x0000000000000068        0x0 linker stubs
 *(.trampolines*)
                0x0000000000000068                __trampolines_end = .
 *libprintf_flt.a:*(.progmem.data)
 *libc.a:*(.progmem.data)
 *(.progmem.*)
 .progmem.data  0x0000000000000068       0xa4 main.o
                0x0000000000000068                REF_R_str
                0x000000000000006f                REF_C_str
                0x0000000000000076                MinCap_str
                0x000000000000007e                PinRLRHADCtab
                0x0000000000000084                R0_str
                0x0000000000000088                ICEs_str
                0x000000000000008e                ICE0_str
                0x0000000000000094                RHtab
                0x00000000000000a6                LogTab
                0x000000000000010c                . = ALIGN (0x2)
 *(.lowtext)
 *(.lowtext*)
                0x000000000000010c                __ctors_start = .
 *(.ctors)
                0x000000000000010c                __ctors_end = .
                0x000000000000010c                __dtors_start = .
 *(.dtors)
                0x000000000000010c                __dtors_end = .
 SORT(*)(.ctors)
 SORT(*)(.dtors)
 *(.init0)
 .init0         0x000000000000010c        0x0 /usr/lib/gcc/avr/7.2.0/../../../../avr/lib/avr5/crtatmega168.o
                0x000000000000010c                __init
 *(.init0)
 *(.init1)
 *(.init1)
 *(.init2)
 .init2         0x000000000000010c        0xc /usr/lib/gcc/avr/7.2.0/../../../../avr/lib/avr5/crtatmega168.o
 *(.init2)
 *(.init3)
 *(.init3)
 *(.init4)
 .init4         0x0000000000000118       0x10 /usr/lib/gcc/avr/7.2.0/avr5/libgcc.a(_clear_bss.o)
                0x0000000000000118                __do_clear_bss
 *(.init4)
 *(.init5)
 *(.init5)
 *(.init6)
 *(.init6)
 *(.init7)
 *(.init7)
 *(.init8)
 *(.init8)
 *(.init9)
 .init9         0x0000000000000128        0x8 /usr/lib/gcc/avr/7.2.0/../../../../avr/lib/avr5/crtatmega168.o
 *(.init9)
 *(.text)
 .text          0x0000000000000130        0x2 /usr/lib/gcc/avr/7.2.0/../../../../avr/lib/avr5/crtatmega168.o
                0x0000000000000130                __vector_22
                0x0000000000000130                __vector_1
                0x0000000000000130                __vector_24
                0x0000000000000130                __vector_12
                0x0000000000000130                __bad_interrupt
                0x0000000000000130                __vector_6
                0x0000000000000130                __vector_3
                0x0000000000000130                __vector_23
                0x0000000000000130                __vector_25
                0x0000000000000130                __vector_11
                0x0000000000000130                __vector_13
                0x0000000000000130                __vector_17
                0x0000000000000130                __vector_19
                0x0000000000000130                __vector_7
                0x0000000000000130                __vector_5
                0x0000000000000130                __vector_4
                0x0000000000000130                __vector_9
                0x0000000000000130                __vector_2
                0x0000000000000130                __vector_21
                0x0000000000000130                __vector_15
                0x0000000000000130                __vector_8
                0x0000000000000130                __vector_14
                0x0000000000000130                __vector_10
                0x0000000000000130                __vector_16
                0x0000000000000130                __vector_18
                0x0000000000000130                __vector_20
 .text          0x0000000000000132       0x5c lcd_hw_4_bit.o
                0x0000000000000132                _lcd_hw_write
 .text          0x000000000000018e      0x244 lcd-routines.o
                0x000000000000018e                lcd_save_position
                0x00000000000001a0                lcd_data
                0x00000000000001b6                lcd_testpin
                0x00000000000001bc                lcd_space
                0x00000000000001c2                lcd_spaces
                0x00000000000001d4                lcd_equal
                0x00000000000001da                lcd_command
                0x00000000000001e4                lcd_line1
                0x00000000000001f2                lcd_line2
                0x0000000000000202                lcd_line3
                0x0000000000000212                lcd_line4
                0x0000000000000222                lcd_set_cursor
                0x0000000000000236                lcd_restore_position
                0x0000000000000242                lcd_clear
                0x000000000000024c                lcd_string
                0x0000000000000262                lcd_pgm_string
                0x000000000000027e                lcd_fix_string
                0x000000000000029c                lcd_fix_customchar
                0x00000000000002c6                lcd_init
                0x0000000000000326                lcd_clear_line
                0x0000000000000332                lcd_next_line
                0x0000000000000362                lcd_next_line_wait
                0x0000000000000368                lcd_clear_line1
                0x0000000000000370                lcd_clear_line2
                0x0000000000000378                lcd_set_pixels
                0x000000000000037a                lcd_show_Cg
                0x00000000000003aa                lcd_show_rds
 .text          0x00000000000003d2       0x30 i2lcd.o
                0x00000000000003d2                i2lcd
                0x00000000000003e8                u2lcd
                0x00000000000003f8                i2lcd_space
                0x00000000000003fc                u2lcd_space
 .text          0x0000000000000402       0x62 PinLayout.o
                0x0000000000000402                PinLayout
                0x0000000000000450                Rnum2pins
 .text          0x0000000000000464       0x4c RvalOut.o
                0x0000000000000464                RvalOut
 .text          0x00000000000004b0       0xc4 UfAusgabe.o
                0x00000000000004b0                mVAusgabe
                0x00000000000004cc                UfAusgabe
                0x00000000000004f8                SerienDiodenAusgabe
                0x000000000000051c                DiodeSymbol_withPins
                0x0000000000000534                DiodeSymbol_ApinCpin
                0x0000000000000542                DiodeSymbol_ACpin
                0x0000000000000554                DiodeSymbol_CpinApin
                0x0000000000000562                DiodeSymbol_CApin
 .text          0x0000000000000574      0x184 DisplayValue.o
                0x0000000000000574                DisplayValue
                0x00000000000006ce                DisplayValue16
                0x00000000000006e4                Display_mV
 .text          0x00000000000006f8        0x2 swuart.o
                0x00000000000006f8                uart_putc
 .text          0x00000000000006fa       0x4a wait1000ms.o
                0x00000000000006fa                wait5s
                0x00000000000006fc                wait4s
                0x00000000000006fe                wait3s
                0x0000000000000700                wait2s
                0x0000000000000702                wait1000ms
                0x0000000000000702                wait1s
                0x0000000000000704                wait500ms
                0x0000000000000706                wait400ms
                0x0000000000000708                wait300ms
                0x000000000000070a                wait200ms
                0x000000000000070c                wait100ms
                0x000000000000070e                wait50ms
                0x0000000000000710                wait40ms
                0x0000000000000712                wait30ms
                0x0000000000000714                wait20ms
                0x0000000000000716                wait10ms
                0x0000000000000718                wait5ms
                0x000000000000071c                wait4ms
                0x000000000000071e                wait3ms
                0x0000000000000720                wait2ms
                0x0000000000000722                wait1ms
                0x0000000000000724                wait500us
                0x0000000000000726                wait400us
                0x0000000000000728                wait300us
                0x000000000000072a                wait200us
                0x000000000000072c                wait100us
                0x000000000000072e                wait50us
                0x0000000000000730                wait40us
                0x0000000000000732                wait30us
                0x0000000000000734                wait20us
                0x0000000000000736                wait10us
                0x0000000000000738                wait5us
                0x000000000000073a                wait4us
                0x000000000000073c                wait3us
                0x000000000000073e                wait2us
                0x0000000000000740                wait1us
 .text          0x0000000000000744       0xe6 ReadADC.o
                0x0000000000000744                W20msReadADC
                0x0000000000000746                W10msReadADC
                0x0000000000000748                W5msReadADC
                0x000000000000074a                ReadADC
                0x0000000000000802                abs_diff
                0x000000000000080e                vcc_diff
                0x0000000000000818                unsigned_diff
 .text          0x000000000000082a       0xb0 wait_for_key_ms.o
                0x000000000000082a                wait_for_key_ms
                0x0000000000000894                wait_for_key_5s_line2
 .text          0x00000000000008da       0xb0 RefVoltage.o
                0x00000000000008da                RefVoltage
 .text          0x000000000000098a       0x48 get_log.o
                0x000000000000098a                get_log
 .text          0x00000000000009d2      0x632 main.o
                0x00000000000009d2                search_vak_diode
                0x0000000000000a1c                init_parts
                0x0000000000000a62                switch_tester_off
                0x0000000000000a6e                ShortedProbes
                0x0000000000000ae8                AllProbesShorted
                0x0000000000000b06                AutoCheck
                0x0000000000000f5a                mark_as_uncalibrated
                0x0000000000000f7e                GetIr
 .text          0x0000000000001004       0x7e Battery_check.o
                0x0000000000001004                Battery_check
 .text          0x0000000000001082      0xc4c CheckPins.o
                0x0000000000001082                CheckPins
 .text          0x0000000000001cce      0x3fe GetResistance.o
                0x0000000000001cce                GetResistance
 .text          0x00000000000020cc       0x2e ChargePin10ms.o
                0x00000000000020cc                ChargePin10ms
 .text          0x00000000000020fa      0x108 EntladePins.o
                0x00000000000020fa                EntladePins
 .text          0x0000000000002202      0x58e ReadCapacity.o
                0x0000000000002202                Scale_C_with_vcc
                0x0000000000002282                ReadCapacity
 .text          0x0000000000002790       0x7e GetRLmultip.o
                0x0000000000002790                GetRLmultip
 .text          0x000000000000280e      0x196 Calibrate_UR.o
                0x000000000000280e                Calibrate_UR
 .text          0x00000000000029a4      0x16e show_Resis_Cap.o
                0x00000000000029a4                show_resis
                0x0000000000002a12                show_cap_simple
                0x0000000000002ae8                Bat_update
                0x0000000000002afe                Pwr_mode_check
 .text          0x0000000000002b12      0x45c ReadInductance.o
                0x0000000000002b12                ReadInductance
 .text          0x0000000000002f6e      0x32c GetESR.o
                0x0000000000002f6e                GetESR
 .text          0x000000000000329a      0x14c GetVloss.o
                0x000000000000329a                GetVloss
 .text          0x00000000000033e6        0x0 GetFrequency.o
 .text          0x00000000000033e6        0x0 function_menu.o
 .text          0x00000000000033e6        0x0 message_key_released.o
 .text          0x00000000000033e6        0x0 ReadBigCap.o
 .text          0x00000000000033e6        0x0 CheckRotaryEncoder.o
 .text          0x00000000000033e6        0x0 CalibrationCap.o
 .text          0x00000000000033e6        0x0 ShowData.o
 .text          0x00000000000033e6        0x0 CheckUJT.o
 .text          0x00000000000033e6        0x2 EE_check_init.o
                0x00000000000033e6                EE_check_init
 .text          0x00000000000033e8        0x0 /usr/lib/gcc/avr/7.2.0/avr5/libgcc.a(_mulsi3.o)
 .text          0x00000000000033e8        0x0 /usr/lib/gcc/avr/7.2.0/avr5/libgcc.a(_udivmodqi4.o)
 .text          0x00000000000033e8        0x0 /usr/lib/gcc/avr/7.2.0/avr5/libgcc.a(_udivmodhi4.o)
 .text          0x00000000000033e8        0x0 /usr/lib/gcc/avr/7.2.0/avr5/libgcc.a(_udivmodsi4.o)
 .text          0x00000000000033e8        0x0 /usr/lib/gcc/avr/7.2.0/avr5/libgcc.a(_divmodsi4.o)
 .text          0x00000000000033e8        0x0 /usr/lib/gcc/avr/7.2.0/avr5/libgcc.a(_negsi2.o)
 .text          0x00000000000033e8        0x0 /usr/lib/gcc/avr/7.2.0/avr5/libgcc.a(_exit.o)
 .text          0x00000000000033e8        0x0 /usr/lib/gcc/avr/7.2.0/avr5/libgcc.a(_clear_bss.o)
 .text          0x00000000000033e8        0x0 /usr/lib/gcc/avr/7.2.0/avr5/libgcc.a(_umulhisi3.o)
 .text          0x00000000000033e8        0x0 /usr/lib/gcc/avr/7.2.0/avr5/libgcc.a(_usmulhisi3.o)
 .text          0x00000000000033e8        0x0 /usr/lib/gcc/avr/7.2.0/avr5/libgcc.a(_muluhisi3.o)
 .text          0x00000000000033e8        0x0 /usr/lib/gcc/avr/7.2.0/avr5/libgcc.a(_prologue.o)
 .text          0x00000000000033e8        0x0 /usr/lib/gcc/avr/7.2.0/avr5/libgcc.a(_epilogue.o)
 .text          0x00000000000033e8        0x0 /usr/lib/gcc/avr/7.2.0/../../../../avr/lib/avr5/libc.a(utoa.o)
 .text          0x00000000000033e8        0x0 /usr/lib/gcc/avr/7.2.0/../../../../avr/lib/avr5/libc.a(utoa_ncheck.o)
 .text          0x00000000000033e8        0x0 /usr/lib/gcc/avr/7.2.0/../../../../avr/lib/avr5/libc.a(strrev.o)
 .text          0x00000000000033e8        0x0 /usr/lib/gcc/avr/7.2.0/../../../../avr/lib/avr5/libatmega168.a(eerd_byte.o)
 .text          0x00000000000033e8        0x0 /usr/lib/gcc/avr/7.2.0/../../../../avr/lib/avr5/libatmega168.a(eewr_byte.o)
 .text          0x00000000000033e8        0x0 /usr/lib/gcc/avr/7.2.0/../../../../avr/lib/avr5/libatmega168.a(eewr_word.o)
                0x00000000000033e8                . = ALIGN (0x2)
 *(.text.*)
 .text.startup  0x00000000000033e8      0x91e main.o
                0x00000000000033e8                main
 .text.libgcc.mul
                0x0000000000003d06       0x1e /usr/lib/gcc/avr/7.2.0/avr5/libgcc.a(_mulsi3.o)
                0x0000000000003d06                __mulsi3
 .text.libgcc.div
                0x0000000000003d24        0x0 /usr/lib/gcc/avr/7.2.0/avr5/libgcc.a(_mulsi3.o)
 .text.libgcc   0x0000000000003d24        0x0 /usr/lib/gcc/avr/7.2.0/avr5/libgcc.a(_mulsi3.o)
 .text.libgcc.prologue
                0x0000000000003d24        0x0 /usr/lib/gcc/avr/7.2.0/avr5/libgcc.a(_mulsi3.o)
 .text.libgcc.builtins
                0x0000000000003d24        0x0 /usr/lib/gcc/avr/7.2.0/avr5/libgcc.a(_mulsi3.o)
 .text.libgcc.fmul
                0x0000000000003d24        0x0 /usr/lib/gcc/avr/7.2.0/avr5/libgcc.a(_mulsi3.o)
 .text.libgcc.fixed
                0x0000000000003d24        0x0 /usr/lib/gcc/avr/7.2.0/avr5/libgcc.a(_mulsi3.o)
 .text.libgcc.mul
                0x0000000000003d24        0x0 /usr/lib/gcc/avr/7.2.0/avr5/libgcc.a(_udivmodqi4.o)
 .text.libgcc.div
                0x0000000000003d24       0x18 /usr/lib/gcc/avr/7.2.0/avr5/libgcc.a(_udivmodqi4.o)
                0x0000000000003d24                __udivmodqi4
 .text.libgcc   0x0000000000003d3c        0x0 /usr/lib/gcc/avr/7.2.0/avr5/libgcc.a(_udivmodqi4.o)
 .text.libgcc.prologue
                0x0000000000003d3c        0x0 /usr/lib/gcc/avr/7.2.0/avr5/libgcc.a(_udivmodqi4.o)
 .text.libgcc.builtins
                0x0000000000003d3c        0x0 /usr/lib/gcc/avr/7.2.0/avr5/libgcc.a(_udivmodqi4.o)
 .text.libgcc.fmul
                0x0000000000003d3c        0x0 /usr/lib/gcc/avr/7.2.0/avr5/libgcc.a(_udivmodqi4.o)
 .text.libgcc.fixed
                0x0000000000003d3c        0x0 /usr/lib/gcc/avr/7.2.0/avr5/libgcc.a(_udivmodqi4.o)
 .text.libgcc.mul
                0x0000000000003d3c        0x0 /usr/lib/gcc/avr/7.2.0/avr5/libgcc.a(_udivmodhi4.o)
 .text.libgcc.div
                0x0000000000003d3c       0x28 /usr/lib/gcc/avr/7.2.0/avr5/libgcc.a(_udivmodhi4.o)
                0x0000000000003d3c                __udivmodhi4
 .text.libgcc   0x0000000000003d64        0x0 /usr/lib/gcc/avr/7.2.0/avr5/libgcc.a(_udivmodhi4.o)
 .text.libgcc.prologue
                0x0000000000003d64        0x0 /usr/lib/gcc/avr/7.2.0/avr5/libgcc.a(_udivmodhi4.o)
 .text.libgcc.builtins
                0x0000000000003d64        0x0 /usr/lib/gcc/avr/7.2.0/avr5/libgcc.a(_udivmodhi4.o)
 .text.libgcc.fmul
                0x0000000000003d64        0x0 /usr/lib/gcc/avr/7.2.0/avr5/libgcc.a(_udivmodhi4.o)
 .text.libgcc.fixed
                0x0000000000003d64        0x0 /usr/lib/gcc/avr/7.2.0/avr5/libgcc.a(_udivmodhi4.o)
 .text.libgcc.mul
                0x0000000000003d64        0x0 /usr/lib/gcc/avr/7.2.0/avr5/libgcc.a(_udivmodsi4.o)
 .text.libgcc.div
                0x0000000000003d64       0x44 /usr/lib/gcc/avr/7.2.0/avr5/libgcc.a(_udivmodsi4.o)
                0x0000000000003d64                __udivmodsi4
 .text.libgcc   0x0000000000003da8        0x0 /usr/lib/gcc/avr/7.2.0/avr5/libgcc.a(_udivmodsi4.o)
 .text.libgcc.prologue
                0x0000000000003da8        0x0 /usr/lib/gcc/avr/7.2.0/avr5/libgcc.a(_udivmodsi4.o)
 .text.libgcc.builtins
                0x0000000000003da8        0x0 /usr/lib/gcc/avr/7.2.0/avr5/libgcc.a(_udivmodsi4.o)
 .text.libgcc.fmul
                0x0000000000003da8        0x0 /usr/lib/gcc/avr/7.2.0/avr5/libgcc.a(_udivmodsi4.o)
 .text.libgcc.fixed
                0x0000000000003da8        0x0 /usr/lib/gcc/avr/7.2.0/avr5/libgcc.a(_udivmodsi4.o)
 .text.libgcc.mul
                0x0000000000003da8        0x0 /usr/lib/gcc/avr/7.2.0/avr5/libgcc.a(_divmodsi4.o)
 .text.libgcc.div
                0x0000000000003da8       0x28 /usr/lib/gcc/avr/7.2.0/avr5/libgcc.a(_divmodsi4.o)
                0x0000000000003da8                __divmodsi4
 .text.libgcc   0x0000000000003dd0        0x0 /usr/lib/gcc/avr/7.2.0/avr5/libgcc.a(_divmodsi4.o)
 .text.libgcc.prologue
                0x0000000000003dd0        0x0 /usr/lib/gcc/avr/7.2.0/avr5/libgcc.a(_divmodsi4.o)
 .text.libgcc.builtins
                0x0000000000003dd0        0x0 /usr/lib/gcc/avr/7.2.0/avr5/libgcc.a(_divmodsi4.o)
 .text.libgcc.fmul
                0x0000000000003dd0        0x0 /usr/lib/gcc/avr/7.2.0/avr5/libgcc.a(_divmodsi4.o)
 .text.libgcc.fixed
                0x0000000000003dd0        0x0 /usr/lib/gcc/avr/7.2.0/avr5/libgcc.a(_divmodsi4.o)
 .text.libgcc.mul
                0x0000000000003dd0        0x0 /usr/lib/gcc/avr/7.2.0/avr5/libgcc.a(_negsi2.o)
 .text.libgcc.div
                0x0000000000003dd0       0x10 /usr/lib/gcc/avr/7.2.0/avr5/libgcc.a(_negsi2.o)
                0x0000000000003dd0                __negsi2
 .text.libgcc   0x0000000000003de0        0x0 /usr/lib/gcc/avr/7.2.0/avr5/libgcc.a(_negsi2.o)
 .text.libgcc.prologue
                0x0000000000003de0        0x0 /usr/lib/gcc/avr/7.2.0/avr5/libgcc.a(_negsi2.o)
 .text.libgcc.builtins
                0x0000000000003de0        0x0 /usr/lib/gcc/avr/7.2.0/avr5/libgcc.a(_negsi2.o)
 .text.libgcc.fmul
                0x0000000000003de0        0x0 /usr/lib/gcc/avr/7.2.0/avr5/libgcc.a(_negsi2.o)
 .text.libgcc.fixed
                0x0000000000003de0        0x0 /usr/lib/gcc/avr/7.2.0/avr5/libgcc.a(_negsi2.o)
 .text.libgcc.mul
                0x0000000000003de0        0x0 /usr/lib/gcc/avr/7.2.0/avr5/libgcc.a(_exit.o)
 .text.libgcc.div
                0x0000000000003de0        0x0 /usr/lib/gcc/avr/7.2.0/avr5/libgcc.a(_exit.o)
 .text.libgcc   0x0000000000003de0        0x0 /usr/lib/gcc/avr/7.2.0/avr5/libgcc.a(_exit.o)
 .text.libgcc.prologue
                0x0000000000003de0        0x0 /usr/lib/gcc/avr/7.2.0/avr5/libgcc.a(_exit.o)
 .text.libgcc.builtins
                0x0000000000003de0        0x0 /usr/lib/gcc/avr/7.2.0/avr5/libgcc.a(_exit.o)
 .text.libgcc.fmul
                0x0000000000003de0        0x0 /usr/lib/gcc/avr/7.2.0/avr5/libgcc.a(_exit.o)
 .text.libgcc.fixed
                0x0000000000003de0        0x0 /usr/lib/gcc/avr/7.2.0/avr5/libgcc.a(_exit.o)
 .text.libgcc.mul
                0x0000000000003de0        0x0 /usr/lib/gcc/avr/7.2.0/avr5/libgcc.a(_clear_bss.o)
 .text.libgcc.div
                0x0000000000003de0        0x0 /usr/lib/gcc/avr/7.2.0/avr5/libgcc.a(_clear_bss.o)
 .text.libgcc   0x0000000000003de0        0x0 /usr/lib/gcc/avr/7.2.0/avr5/libgcc.a(_clear_bss.o)
 .text.libgcc.prologue
                0x0000000000003de0        0x0 /usr/lib/gcc/avr/7.2.0/avr5/libgcc.a(_clear_bss.o)
 .text.libgcc.builtins
                0x0000000000003de0        0x0 /usr/lib/gcc/avr/7.2.0/avr5/libgcc.a(_clear_bss.o)
 .text.libgcc.fmul
                0x0000000000003de0        0x0 /usr/lib/gcc/avr/7.2.0/avr5/libgcc.a(_clear_bss.o)
 .text.libgcc.fixed
                0x0000000000003de0        0x0 /usr/lib/gcc/avr/7.2.0/avr5/libgcc.a(_clear_bss.o)
 .text.libgcc.mul
                0x0000000000003de0       0x1e /usr/lib/gcc/avr/7.2.0/avr5/libgcc.a(_umulhisi3.o)
                0x0000000000003de0                __umulhisi3
 .text.libgcc.div
                0x0000000000003dfe        0x0 /usr/lib/gcc/avr/7.2.0/avr5/libgcc.a(_umulhisi3.o)
 .text.libgcc   0x0000000000003dfe        0x0 /usr/lib/gcc/avr/7.2.0/avr5/libgcc.a(_umulhisi3.o)
 .text.libgcc.prologue
                0x0000000000003dfe        0x0 /usr/lib/gcc/avr/7.2.0/avr5/libgcc.a(_umulhisi3.o)
 .text.libgcc.builtins
                0x0000000000003dfe        0x0 /usr/lib/gcc/avr/7.2.0/avr5/libgcc.a(_umulhisi3.o)
 .text.libgcc.fmul
                0x0000000000003dfe        0x0 /usr/lib/gcc/avr/7.2.0/avr5/libgcc.a(_umulhisi3.o)
 .text.libgcc.fixed
                0x0000000000003dfe        0x0 /usr/lib/gcc/avr/7.2.0/avr5/libgcc.a(_umulhisi3.o)
 .text.libgcc.mul
                0x0000000000003dfe        0xc /usr/lib/gcc/avr/7.2.0/avr5/libgcc.a(_usmulhisi3.o)
                0x0000000000003dfe                __usmulhisi3
                0x0000000000003e00                __usmulhisi3_tail
 .text.libgcc.div
                0x0000000000003e0a        0x0 /usr/lib/gcc/avr/7.2.0/avr5/libgcc.a(_usmulhisi3.o)
 .text.libgcc   0x0000000000003e0a        0x0 /usr/lib/gcc/avr/7.2.0/avr5/libgcc.a(_usmulhisi3.o)
 .text.libgcc.prologue
                0x0000000000003e0a        0x0 /usr/lib/gcc/avr/7.2.0/avr5/libgcc.a(_usmulhisi3.o)
 .text.libgcc.builtins
                0x0000000000003e0a        0x0 /usr/lib/gcc/avr/7.2.0/avr5/libgcc.a(_usmulhisi3.o)
 .text.libgcc.fmul
                0x0000000000003e0a        0x0 /usr/lib/gcc/avr/7.2.0/avr5/libgcc.a(_usmulhisi3.o)
 .text.libgcc.fixed
                0x0000000000003e0a        0x0 /usr/lib/gcc/avr/7.2.0/avr5/libgcc.a(_usmulhisi3.o)
 .text.libgcc.mul
                0x0000000000003e0a       0x14 /usr/lib/gcc/avr/7.2.0/avr5/libgcc.a(_muluhisi3.o)
                0x0000000000003e0a                __muluhisi3
 .text.libgcc.div
                0x0000000000003e1e        0x0 /usr/lib/gcc/avr/7.2.0/avr5/libgcc.a(_muluhisi3.o)
 .text.libgcc   0x0000000000003e1e        0x0 /usr/lib/gcc/avr/7.2.0/avr5/libgcc.a(_muluhisi3.o)
 .text.libgcc.prologue
                0x0000000000003e1e        0x0 /usr/lib/gcc/avr/7.2.0/avr5/libgcc.a(_muluhisi3.o)
 .text.libgcc.builtins
                0x0000000000003e1e        0x0 /usr/lib/gcc/avr/7.2.0/avr5/libgcc.a(_muluhisi3.o)
 .text.libgcc.fmul
                0x0000000000003e1e        0x0 /usr/lib/gcc/avr/7.2.0/avr5/libgcc.a(_muluhisi3.o)
 .text.libgcc.fixed
                0x0000000000003e1e        0x0 /usr/lib/gcc/avr/7.2.0/avr5/libgcc.a(_muluhisi3.o)
 .text.libgcc.mul
                0x0000000000003e1e        0x0 /usr/lib/gcc/avr/7.2.0/avr5/libgcc.a(_prologue.o)
 .text.libgcc.div
                0x0000000000003e1e        0x0 /usr/lib/gcc/avr/7.2.0/avr5/libgcc.a(_prologue.o)
 .text.libgcc   0x0000000000003e1e        0x0 /usr/lib/gcc/avr/7.2.0/avr5/libgcc.a(_prologue.o)
 .text.libgcc.prologue
                0x0000000000003e1e       0x38 /usr/lib/gcc/avr/7.2.0/avr5/libgcc.a(_prologue.o)
                0x0000000000003e1e                __prologue_saves__
 .text.libgcc.builtins
                0x0000000000003e56        0x0 /usr/lib/gcc/avr/7.2.0/avr5/libgcc.a(_prologue.o)
 .text.libgcc.fmul
                0x0000000000003e56        0x0 /usr/lib/gcc/avr/7.2.0/avr5/libgcc.a(_prologue.o)
 .text.libgcc.fixed
                0x0000000000003e56        0x0 /usr/lib/gcc/avr/7.2.0/avr5/libgcc.a(_prologue.o)
 .text.libgcc.mul
                0x0000000000003e56        0x0 /usr/lib/gcc/avr/7.2.0/avr5/libgcc.a(_epilogue.o)
 .text.libgcc.div
                0x0000000000003e56        0x0 /usr/lib/gcc/avr/7.2.0/avr5/libgcc.a(_epilogue.o)
 .text.libgcc   0x0000000000003e56        0x0 /usr/lib/gcc/avr/7.2.0/avr5/libgcc.a(_epilogue.o)
 .text.libgcc.prologue
                0x0000000000003e56       0x36 /usr/lib/gcc/avr/7.2.0/avr5/libgcc.a(_epilogue.o)
                0x0000000000003e56                __epilogue_restores__
 .text.libgcc.builtins
                0x0000000000003e8c        0x0 /usr/lib/gcc/avr/7.2.0/avr5/libgcc.a(_epilogue.o)
 .text.libgcc.fmul
                0x0000000000003e8c        0x0 /usr/lib/gcc/avr/7.2.0/avr5/libgcc.a(_epilogue.o)
 .text.libgcc.fixed
                0x0000000000003e8c        0x0 /usr/lib/gcc/avr/7.2.0/avr5/libgcc.a(_epilogue.o)
 .text.avr-libc
                0x0000000000003e8c       0x14 /usr/lib/gcc/avr/7.2.0/../../../../avr/lib/avr5/libc.a(utoa.o)
                0x0000000000003e8c                utoa
                0x0000000000003e8c                __utoa
 .text.avr-libc
                0x0000000000003ea0       0x32 /usr/lib/gcc/avr/7.2.0/../../../../avr/lib/avr5/libc.a(utoa_ncheck.o)
                0x0000000000003ea0                __utoa_ncheck
                0x0000000000003ea2                __utoa_common
 .text.avr-libc
                0x0000000000003ed2       0x20 /usr/lib/gcc/avr/7.2.0/../../../../avr/lib/avr5/libc.a(strrev.o)
                0x0000000000003ed2                strrev
 .text.avr-libc
                0x0000000000003ef2       0x10 /usr/lib/gcc/avr/7.2.0/../../../../avr/lib/avr5/libatmega168.a(eerd_byte.o)
                0x0000000000003ef2                eeprom_read_byte
 .text.avr-libc
                0x0000000000003f02       0x1c /usr/lib/gcc/avr/7.2.0/../../../../avr/lib/avr5/libatmega168.a(eewr_byte.o)
                0x0000000000003f02                eeprom_write_byte
                0x0000000000003f04                eeprom_write_r18
 .text.avr-libc
                0x0000000000003f1e        0x6 /usr/lib/gcc/avr/7.2.0/../../../../avr/lib/avr5/libatmega168.a(eewr_word.o)
                0x0000000000003f1e                eeprom_write_word
                0x0000000000003f24                . = ALIGN (0x2)
 *(.fini9)
 .fini9         0x0000000000003f24        0x0 /usr/lib/gcc/avr/7.2.0/avr5/libgcc.a(_exit.o)
                0x0000000000003f24                exit
                0x0000000000003f24                _exit
 *(.fini9)
 *(.fini8)
 *(.fini8)
 *(.fini7)
 *(.fini7)
 *(.fini6)
 *(.fini6)
 *(.fini5)
 *(.fini5)
 *(.fini4)
 *(.fini4)
 *(.fini3)
 *(.fini3)
 *(.fini2)
 *(.fini2)
 *(.fini1)
 *(.fini1)
 *(.fini0)
 .fini0         0x0000000000003f24        0x4 /usr/lib/gcc/avr/7.2.0/avr5/libgcc.a(_exit.o)
 *(.fini0)
 *(.hightext)
 *(.hightext*)
 *(.progmemx.*)
                0x0000000000003f28                . = ALIGN (0x2)
 *(.jumptables)
 *(.jumptables*)
                0x0000000000003f28                _etext = .

.data           0x0000000000800100        0x0 load address 0x0000000000003f28
                [!provide]                        PROVIDE (__data_start, .)
 *(.data)
 .data          0x0000000000800100        0x0 /usr/lib/gcc/avr/7.2.0/../../../../avr/lib/avr5/crtatmega168.o
 .data          0x0000000000800100        0x0 lcd_hw_4_bit.o
 .data          0x0000000000800100        0x0 lcd-routines.o
 .data          0x0000000000800100        0x0 i2lcd.o
 .data          0x0000000000800100        0x0 PinLayout.o
 .data          0x0000000000800100        0x0 RvalOut.o
 .data          0x0000000000800100        0x0 UfAusgabe.o
 .data          0x0000000000800100        0x0 DisplayValue.o
 .data          0x0000000000800100        0x0 swuart.o
 .data          0x0000000000800100        0x0 wait1000ms.o
 .data          0x0000000000800100        0x0 ReadADC.o
 .data          0x0000000000800100        0x0 wait_for_key_ms.o
 .data          0x0000000000800100        0x0 RefVoltage.o
 .data          0x0000000000800100        0x0 get_log.o
 .data          0x0000000000800100        0x0 main.o
 .data          0x0000000000800100        0x0 Battery_check.o
 .data          0x0000000000800100        0x0 CheckPins.o
 .data          0x0000000000800100        0x0 GetResistance.o
 .data          0x0000000000800100        0x0 ChargePin10ms.o
 .data          0x0000000000800100        0x0 EntladePins.o
 .data          0x0000000000800100        0x0 ReadCapacity.o
 .data          0x0000000000800100        0x0 GetRLmultip.o
 .data          0x0000000000800100        0x0 Calibrate_UR.o
 .data          0x0000000000800100        0x0 show_Resis_Cap.o
 .data          0x0000000000800100        0x0 ReadInductance.o
 .data          0x0000000000800100        0x0 GetESR.o
 .data          0x0000000000800100        0x0 GetVloss.o
 .data          0x0000000000800100        0x0 GetFrequency.o
 .data          0x0000000000800100        0x0 function_menu.o
 .data          0x0000000000800100        0x0 message_key_released.o
 .data          0x0000000000800100        0x0 ReadBigCap.o
 .data          0x0000000000800100        0x0 CheckRotaryEncoder.o
 .data          0x0000000000800100        0x0 CalibrationCap.o
 .data          0x0000000000800100        0x0 ShowData.o
 .data          0x0000000000800100        0x0 CheckUJT.o
 .data          0x0000000000800100        0x0 EE_check_init.o
 .data          0x0000000000800100        0x0 /usr/lib/gcc/avr/7.2.0/avr5/libgcc.a(_mulsi3.o)
 .data          0x0000000000800100        0x0 /usr/lib/gcc/avr/7.2.0/avr5/libgcc.a(_udivmodqi4.o)
 .data          0x0000000000800100        0x0 /usr/lib/gcc/avr/7.2.0/avr5/libgcc.a(_udivmodhi4.o)
 .data          0x0000000000800100        0x0 /usr/lib/gcc/avr/7.2.0/avr5/libgcc.a(_udivmodsi4.o)
 .data          0x0000000000800100        0x0 /usr/lib/gcc/avr/7.2.0/avr5/libgcc.a(_divmodsi4.o)
 .data          0x0000000000800100        0x0 /usr/lib/gcc/avr/7.2.0/avr5/libgcc.a(_negsi2.o)
 .data          0x0000000000800100        0x0 /usr/lib/gcc/avr/7.2.0/avr5/libgcc.a(_exit.o)
 .data          0x0000000000800100        0x0 /usr/lib/gcc/avr/7.2.0/avr5/libgcc.a(_clear_bss.o)
 .data          0x0000000000800100        0x0 /usr/lib/gcc/avr/7.2.0/avr5/libgcc.a(_umulhisi3.o)
 .data          0x0000000000800100        0x0 /usr/lib/gcc/avr/7.2.0/avr5/libgcc.a(_usmulhisi3.o)
 .data          0x0000000000800100        0x0 /usr/lib/gcc/avr/7.2.0/avr5/libgcc.a(_muluhisi3.o)
 .data          0x0000000000800100        0x0 /usr/lib/gcc/avr/7.2.0/avr5/libgcc.a(_prologue.o)
 .data          0x0000000000800100        0x0 /usr/lib/gcc/avr/7.2.0/avr5/libgcc.a(_epilogue.o)
 .data          0x0000000000800100        0x0 /usr/lib/gcc/avr/7.2.0/../../../../avr/lib/avr5/libc.a(utoa.o)
 .data          0x0000000000800100        0x0 /usr/lib/gcc/avr/7.2.0/../../../../avr/lib/avr5/libc.a(utoa_ncheck.o)
 .data          0x0000000000800100        0x0 /usr/lib/gcc/avr/7.2.0/../../../../avr/lib/avr5/libc.a(strrev.o)
 .data          0x0000000000800100        0x0 /usr/lib/gcc/avr/7.2.0/../../../../avr/lib/avr5/libatmega168.a(eerd_byte.o)
 .data          0x0000000000800100        0x0 /usr/lib/gcc/avr/7.2.0/../../../../avr/lib/avr5/libatmega168.a(eewr_byte.o)
 .data          0x0000000000800100        0x0 /usr/lib/gcc/avr/7.2.0/../../../../avr/lib/avr5/libatmega168.a(eewr_word.o)
 *(.data*)
 *(.gnu.linkonce.d*)
 *(.rodata)
 *(.rodata*)
 *(.gnu.linkonce.r*)
                0x0000000000800100                . = ALIGN (0x2)
                0x0000000000800100                _edata = .
                [!provide]                        PROVIDE (__data_end, .)

.bss            0x0000000000800100       0xa3
                0x0000000000800100                PROVIDE (__bss_start, .)
 *(.bss)
 .bss           0x0000000000800100        0x0 /usr/lib/gcc/avr/7.2.0/../../../../avr/lib/avr5/crtatmega168.o
 .bss           0x0000000000800100        0x0 lcd_hw_4_bit.o
 .bss           0x0000000000800100        0x0 lcd-routines.o
 .bss           0x0000000000800100        0x0 i2lcd.o
 .bss           0x0000000000800100        0x0 PinLayout.o
 .bss           0x0000000000800100        0x0 RvalOut.o
 .bss           0x0000000000800100        0x0 UfAusgabe.o
 .bss           0x0000000000800100        0x0 DisplayValue.o
 .bss           0x0000000000800100        0x0 swuart.o
 .bss           0x0000000000800100        0x0 wait1000ms.o
 .bss           0x0000000000800100        0x0 ReadADC.o
 .bss           0x0000000000800100        0x0 wait_for_key_ms.o
 .bss           0x0000000000800100        0x0 RefVoltage.o
 .bss           0x0000000000800100        0x0 get_log.o
 .bss           0x0000000000800100        0x0 main.o
 .bss           0x0000000000800100        0x0 Battery_check.o
 .bss           0x0000000000800100        0x0 CheckPins.o
 .bss           0x0000000000800100        0x0 GetResistance.o
 .bss           0x0000000000800100        0x0 ChargePin10ms.o
 .bss           0x0000000000800100        0x0 EntladePins.o
 .bss           0x0000000000800100        0x0 ReadCapacity.o
 .bss           0x0000000000800100        0x0 GetRLmultip.o
 .bss           0x0000000000800100        0x0 Calibrate_UR.o
 .bss           0x0000000000800100        0x0 show_Resis_Cap.o
 .bss           0x0000000000800100        0x0 ReadInductance.o
 .bss           0x0000000000800100        0x0 GetESR.o
 .bss           0x0000000000800100        0x0 GetVloss.o
 .bss           0x0000000000800100        0x0 GetFrequency.o
 .bss           0x0000000000800100        0x0 function_menu.o
 .bss           0x0000000000800100        0x0 message_key_released.o
 .bss           0x0000000000800100        0x0 ReadBigCap.o
 .bss           0x0000000000800100        0x0 CheckRotaryEncoder.o
 .bss           0x0000000000800100        0x0 CalibrationCap.o
 .bss           0x0000000000800100        0x0 ShowData.o
 .bss           0x0000000000800100        0x0 CheckUJT.o
 .bss           0x0000000000800100        0x0 EE_check_init.o
 .bss           0x0000000000800100        0x0 /usr/lib/gcc/avr/7.2.0/avr5/libgcc.a(_mulsi3.o)
 .bss           0x0000000000800100        0x0 /usr/lib/gcc/avr/7.2.0/avr5/libgcc.a(_udivmodqi4.o)
 .bss           0x0000000000800100        0x0 /usr/lib/gcc/avr/7.2.0/avr5/libgcc.a(_udivmodhi4.o)
 .bss           0x0000000000800100        0x0 /usr/lib/gcc/avr/7.2.0/avr5/libgcc.a(_udivmodsi4.o)
 .bss           0x0000000000800100        0x0 /usr/lib/gcc/avr/7.2.0/avr5/libgcc.a(_divmodsi4.o)
 .bss           0x0000000000800100        0x0 /usr/lib/gcc/avr/7.2.0/avr5/libgcc.a(_negsi2.o)
 .bss           0x0000000000800100        0x0 /usr/lib/gcc/avr/7.2.0/avr5/libgcc.a(_exit.o)
 .bss           0x0000000000800100        0x0 /usr/lib/gcc/avr/7.2.0/avr5/libgcc.a(_clear_bss.o)
 .bss           0x0000000000800100        0x0 /usr/lib/gcc/avr/7.2.0/avr5/libgcc.a(_umulhisi3.o)
 .bss           0x0000000000800100        0x0 /usr/lib/gcc/avr/7.2.0/avr5/libgcc.a(_usmulhisi3.o)
 .bss           0x0000000000800100        0x0 /usr/lib/gcc/avr/7.2.0/avr5/libgcc.a(_muluhisi3.o)
 .bss           0x0000000000800100        0x0 /usr/lib/gcc/avr/7.2.0/avr5/libgcc.a(_prologue.o)
 .bss           0x0000000000800100        0x0 /usr/lib/gcc/avr/7.2.0/avr5/libgcc.a(_epilogue.o)
 .bss           0x0000000000800100        0x0 /usr/lib/gcc/avr/7.2.0/../../../../avr/lib/avr5/libc.a(utoa.o)
 .bss           0x0000000000800100        0x0 /usr/lib/gcc/avr/7.2.0/../../../../avr/lib/avr5/libc.a(utoa_ncheck.o)
 .bss           0x0000000000800100        0x0 /usr/lib/gcc/avr/7.2.0/../../../../avr/lib/avr5/libc.a(strrev.o)
 .bss           0x0000000000800100        0x0 /usr/lib/gcc/avr/7.2.0/../../../../avr/lib/avr5/libatmega168.a(eerd_byte.o)
 .bss           0x0000000000800100        0x0 /usr/lib/gcc/avr/7.2.0/../../../../avr/lib/avr5/libatmega168.a(eewr_byte.o)
 .bss           0x0000000000800100        0x0 /usr/lib/gcc/avr/7.2.0/../../../../avr/lib/avr5/libatmega168.a(eewr_word.o)
 *(.bss*)
 *(COMMON)
 COMMON         0x0000000000800100        0xd lcd-routines.o
                0x0000000000800100                last_text_column
                0x0000000000800101                inductor_lpre
                0x0000000000800102                last_text_line
                0x0000000000800103                cell_mv
                0x0000000000800109                inductor_lx
 COMMON         0x000000000080010d       0x96 main.o
                0x000000000080010d                diode_sequence
                0x000000000080010e                display_time
                0x0000000000800110                resis680mi
                0x0000000000800112                ref_mv_offs
                0x0000000000800114                NumOfDiodes
                0x0000000000800115                PartMode
                0x0000000000800116                PartFound
                0x0000000000800117                resis680pl
                0x0000000000800119                tmpval
                0x000000000080011a                adc_vcc_reference
                0x000000000080011c                mess_count
                0x000000000080011d                outval
                0x0000000000800127                ADCconfig
                0x000000000080012d                pin_rpl
                0x000000000080012f                ref_mv
                0x0000000000800131                DC_Pwr_mode
                0x0000000000800132                tmpval2
                0x0000000000800133                UnCalibrated
                0x0000000000800134                pin_rmi
                0x0000000000800136                WithReference
                0x0000000000800137                _lcd_column
                0x0000000000800138                _trans
                0x000000000080013a                last_line_used
                0x000000000080013b                ntrans
                0x000000000080014b                empty_count
                0x000000000080014c                pin_combination
                0x000000000080014d                ResistorChecked
                0x0000000000800150                ResistorList
                0x0000000000800153                ptrans
                0x0000000000800163                adc_internal_reference
                0x0000000000800165                ResistorsFound
                0x0000000000800166                RHmultip
                0x0000000000800168                cap
                0x000000000080017c                load_diff
                0x000000000080017e                diodes
                0x0000000000800196                lcd_text_line
                0x0000000000800197                ResistorVal
                0x00000000008001a3                PROVIDE (__bss_end, .)
                0x0000000000003f28                __data_load_start = LOADADDR (.data)
                0x0000000000003f28                __data_load_end = (__data_load_start + SIZEOF (.data))

.noinit         0x00000000008001a3        0x0
                [!provide]                        PROVIDE (__noinit_start, .)
 *(.noinit*)
                [!provide]                        PROVIDE (__noinit_end, .)
                0x00000000008001a3                _end = .
                [!provide]                        PROVIDE (__heap_start, .)

.eeprom         0x0000000000810000      0x1d6
 *(.eeprom*)
 .eeprom        0x0000000000810000      0x1d6 main.o
                0x0000000000810000                PrefixTab
                0x0000000000810008                ResIcon2
                0x0000000000810010                ResIcon1
                0x0000000000810018                DiodeIcon2
                0x0000000000810020                DiodeIcon1
                0x0000000000810028                CapIcon
                0x0000000000810030                RDS_str
                0x0000000000810035                T50HZ
                0x000000000081003b                C0_str
                0x000000000081003f                RILO_str
                0x0000000000810046                RIHI_str
                0x000000000081004d                VERSION_str
                0x000000000081005b                Inductor_str
                0x0000000000810060                Resistor_str
                0x0000000000810065                Dioden
                0x000000000081006a                KatAn_str
                0x000000000081006e                AnKat_str
                0x0000000000810072                Ir_str
                0x0000000000810078                Lis_str
                0x000000000081007b                VLOSS_str
                0x0000000000810083                ESR_str
                0x0000000000810089                VCC_str
                0x000000000081008e                Cell_str
                0x0000000000810094                CapZeich
                0x0000000000810098                Vgs_str
                0x000000000081009d                vt_str
                0x00000000008100a2                Uf_str
                0x00000000008100a6                Ube_str
                0x00000000008100ab                N123_str
                0x00000000008100b1                PNP_str
                0x00000000008100b5                NPN_str
                0x00000000008100b9                Cap_str
                0x00000000008100bc                GateCap_str
                0x00000000008100bf                hfe_str
                0x00000000008100c2                igbt_str
                0x00000000008100c8                jfet_str
                0x00000000008100cd                mosfet_str
                0x00000000008100d2                DC_Pwr_Mode_str
                0x00000000008100de                OK_str
                0x00000000008100e1                Bat_str
                0x00000000008100e7                ATE
                0x00000000008100f0                RELPROBE
                0x0000000000810100                SELFTEST
                0x0000000000810110                TestTimedOut
                0x0000000000810119                Detected
                0x0000000000810123                TestFailed1
                0x0000000000810133                Unknown
                0x000000000081013c                Thyristor
                0x0000000000810145                Triac
                0x000000000081014b                Bauteil
                0x0000000000810150                TestFailed2
                0x0000000000810159                BatEmpty
                0x0000000000810160                BatWeak
                0x0000000000810165                TestRunning
                0x000000000081016e                RLtab
                0x00000000008101c8                EE_ESR_ZEROtab
                0x00000000008101cc                c_zero_tab
                0x00000000008101d3                ref_offset
                0x00000000008101d5                RefDiff
                0x00000000008101d6                __eeprom_end = .

.fuse
 *(.fuse)
 *(.lfuse)
 *(.hfuse)
 *(.efuse)

.lock
 *(.lock*)

.signature
 *(.signature*)

.stab
 *(.stab)

.stabstr
 *(.stabstr)

.stab.excl
 *(.stab.excl)

.stab.exclstr
 *(.stab.exclstr)

.stab.index
 *(.stab.index)

.stab.indexstr
 *(.stab.indexstr)

.comment        0x0000000000000000       0x11
 *(.comment)
 .comment       0x0000000000000000       0x11 lcd-routines.o
                                         0x12 (size before relaxing)
 .comment       0x0000000000000011       0x12 DisplayValue.o
 .comment       0x0000000000000011       0x12 main.o
 .comment       0x0000000000000011       0x12 Battery_check.o
 .comment       0x0000000000000011       0x12 CheckPins.o
 .comment       0x0000000000000011       0x12 GetResistance.o
 .comment       0x0000000000000011       0x12 ChargePin10ms.o
 .comment       0x0000000000000011       0x12 EntladePins.o
 .comment       0x0000000000000011       0x12 ReadCapacity.o
 .comment       0x0000000000000011       0x12 Calibrate_UR.o
 .comment       0x0000000000000011       0x12 show_Resis_Cap.o
 .comment       0x0000000000000011       0x12 ReadInductance.o
 .comment       0x0000000000000011       0x12 GetVloss.o
 .comment       0x0000000000000011       0x12 GetFrequency.o
 .comment       0x0000000000000011       0x12 function_menu.o
 .comment       0x0000000000000011       0x12 message_key_released.o
 .comment       0x0000000000000011       0x12 ReadBigCap.o
 .comment       0x0000000000000011       0x12 CheckRotaryEncoder.o
 .comment       0x0000000000000011       0x12 CalibrationCap.o
 .comment       0x0000000000000011       0x12 ShowData.o
 .comment       0x0000000000000011       0x12 CheckUJT.o
 .comment       0x0000000000000011       0x12 EE_check_init.o

.note.gnu.avr.deviceinfo
                0x0000000000000000       0x3c
 .note.gnu.avr.deviceinfo
                0x0000000000000000       0x3c /usr/lib/gcc/avr/7.2.0/../../../../avr/lib/avr5/crtatmega168.o

.note.gnu.build-id
 *(.note.gnu.build-id)

.debug
 *(.debug)

.line
 *(.line)

.debug_srcinfo
 *(.debug_srcinfo)

.debug_sfnames
 *(.debug_sfnames)

.debug_aranges  0x0000000000000000      0x428
 *(.debug_aranges)
 .debug_aranges
                0x0000000000000000       0x20 lcd_hw_4_bit.o
 .debug_aranges
                0x0000000000000020       0x20 lcd-routines.o
 .debug_aranges
                0x0000000000000040       0x20 i2lcd.o
 .debug_aranges
                0x0000000000000060       0x20 PinLayout.o
 .debug_aranges
                0x0000000000000080       0x20 RvalOut.o
 .debug_aranges
                0x00000000000000a0       0x20 UfAusgabe.o
 .debug_aranges
                0x00000000000000c0       0x20 DisplayValue.o
 .debug_aranges
                0x00000000000000e0       0x20 swuart.o
 .debug_aranges
                0x0000000000000100       0x20 wait1000ms.o
 .debug_aranges
                0x0000000000000120       0x20 ReadADC.o
 .debug_aranges
                0x0000000000000140       0x20 wait_for_key_ms.o
 .debug_aranges
                0x0000000000000160       0x20 RefVoltage.o
 .debug_aranges
                0x0000000000000180       0x20 get_log.o
 .debug_aranges
                0x00000000000001a0       0x28 main.o
 .debug_aranges
                0x00000000000001c8       0x20 Battery_check.o
 .debug_aranges
                0x00000000000001e8       0x20 CheckPins.o
 .debug_aranges
                0x0000000000000208       0x20 GetResistance.o
 .debug_aranges
                0x0000000000000228       0x20 ChargePin10ms.o
 .debug_aranges
                0x0000000000000248       0x20 EntladePins.o
 .debug_aranges
                0x0000000000000268       0x20 ReadCapacity.o
 .debug_aranges
                0x0000000000000288       0x20 GetRLmultip.o
 .debug_aranges
                0x00000000000002a8       0x20 Calibrate_UR.o
 .debug_aranges
                0x00000000000002c8       0x20 show_Resis_Cap.o
 .debug_aranges
                0x00000000000002e8       0x20 ReadInductance.o
 .debug_aranges
                0x0000000000000308       0x20 GetESR.o
 .debug_aranges
                0x0000000000000328       0x20 GetVloss.o
 .debug_aranges
                0x0000000000000348       0x18 GetFrequency.o
 .debug_aranges
                0x0000000000000360       0x18 function_menu.o
 .debug_aranges
                0x0000000000000378       0x18 message_key_released.o
 .debug_aranges
                0x0000000000000390       0x18 ReadBigCap.o
 .debug_aranges
                0x00000000000003a8       0x18 CheckRotaryEncoder.o
 .debug_aranges
                0x00000000000003c0       0x18 CalibrationCap.o
 .debug_aranges
                0x00000000000003d8       0x18 ShowData.o
 .debug_aranges
                0x00000000000003f0       0x18 CheckUJT.o
 .debug_aranges
                0x0000000000000408       0x20 EE_check_init.o

.debug_pubnames
 *(.debug_pubnames)

.debug_info     0x0000000000000000    0x1004d
 *(.debug_info .gnu.linkonce.wi.*)
 .debug_info    0x0000000000000000      0x5f4 /usr/lib/gcc/avr/7.2.0/../../../../avr/lib/avr5/crtatmega168.o
 .debug_info    0x00000000000005f4       0x26 lcd_hw_4_bit.o
 .debug_info    0x000000000000061a     0x1067 lcd-routines.o
 .debug_info    0x0000000000001681       0x26 i2lcd.o
 .debug_info    0x00000000000016a7       0x26 PinLayout.o
 .debug_info    0x00000000000016cd       0x26 RvalOut.o
 .debug_info    0x00000000000016f3       0x26 UfAusgabe.o
 .debug_info    0x0000000000001719      0xb1d DisplayValue.o
 .debug_info    0x0000000000002236       0x26 swuart.o
 .debug_info    0x000000000000225c       0x26 wait1000ms.o
 .debug_info    0x0000000000002282       0x26 ReadADC.o
 .debug_info    0x00000000000022a8       0x26 wait_for_key_ms.o
 .debug_info    0x00000000000022ce       0x26 RefVoltage.o
 .debug_info    0x00000000000022f4       0x26 get_log.o
 .debug_info    0x000000000000231a     0x27da main.o
 .debug_info    0x0000000000004af4      0x91b Battery_check.o
 .debug_info    0x000000000000540f     0x1627 CheckPins.o
 .debug_info    0x0000000000006a36      0xb3e GetResistance.o
 .debug_info    0x0000000000007574      0x82b ChargePin10ms.o
 .debug_info    0x0000000000007d9f      0x8e3 EntladePins.o
 .debug_info    0x0000000000008682      0xaa5 ReadCapacity.o
 .debug_info    0x0000000000009127       0x26 GetRLmultip.o
 .debug_info    0x000000000000914d      0x965 Calibrate_UR.o
 .debug_info    0x0000000000009ab2      0xafb show_Resis_Cap.o
 .debug_info    0x000000000000a5ad      0xab6 ReadInductance.o
 .debug_info    0x000000000000b063       0x26 GetESR.o
 .debug_info    0x000000000000b089      0x932 GetVloss.o
 .debug_info    0x000000000000b9bb      0x7d4 GetFrequency.o
 .debug_info    0x000000000000c18f      0x7d4 function_menu.o
 .debug_info    0x000000000000c963      0x7d4 message_key_released.o
 .debug_info    0x000000000000d137      0x7d4 ReadBigCap.o
 .debug_info    0x000000000000d90b      0x7d4 CheckRotaryEncoder.o
 .debug_info    0x000000000000e0df      0x7d4 CalibrationCap.o
 .debug_info    0x000000000000e8b3      0x7d4 ShowData.o
 .debug_info    0x000000000000f087      0x7d4 CheckUJT.o
 .debug_info    0x000000000000f85b      0x7f2 EE_check_init.o

.debug_abbrev   0x0000000000000000     0x27c4
 *(.debug_abbrev)
 .debug_abbrev  0x0000000000000000      0x5a2 /usr/lib/gcc/avr/7.2.0/../../../../avr/lib/avr5/crtatmega168.o
 .debug_abbrev  0x00000000000005a2       0x14 lcd_hw_4_bit.o
 .debug_abbrev  0x00000000000005b6      0x24f lcd-routines.o
 .debug_abbrev  0x0000000000000805       0x14 i2lcd.o
 .debug_abbrev  0x0000000000000819       0x14 PinLayout.o
 .debug_abbrev  0x000000000000082d       0x14 RvalOut.o
 .debug_abbrev  0x0000000000000841       0x14 UfAusgabe.o
 .debug_abbrev  0x0000000000000855      0x22c DisplayValue.o
 .debug_abbrev  0x0000000000000a81       0x14 swuart.o
 .debug_abbrev  0x0000000000000a95       0x14 wait1000ms.o
 .debug_abbrev  0x0000000000000aa9       0x14 ReadADC.o
 .debug_abbrev  0x0000000000000abd       0x14 wait_for_key_ms.o
 .debug_abbrev  0x0000000000000ad1       0x14 RefVoltage.o
 .debug_abbrev  0x0000000000000ae5       0x14 get_log.o
 .debug_abbrev  0x0000000000000af9      0x38d main.o
 .debug_abbrev  0x0000000000000e86      0x168 Battery_check.o
 .debug_abbrev  0x0000000000000fee      0x1b8 CheckPins.o
 .debug_abbrev  0x00000000000011a6      0x19e GetResistance.o
 .debug_abbrev  0x0000000000001344      0x14f ChargePin10ms.o
 .debug_abbrev  0x0000000000001493      0x168 EntladePins.o
 .debug_abbrev  0x00000000000015fb      0x1c3 ReadCapacity.o
 .debug_abbrev  0x00000000000017be       0x14 GetRLmultip.o
 .debug_abbrev  0x00000000000017d2      0x184 Calibrate_UR.o
 .debug_abbrev  0x0000000000001956      0x1f0 show_Resis_Cap.o
 .debug_abbrev  0x0000000000001b46      0x1ab ReadInductance.o
 .debug_abbrev  0x0000000000001cf1       0x14 GetESR.o
 .debug_abbrev  0x0000000000001d05      0x176 GetVloss.o
 .debug_abbrev  0x0000000000001e7b      0x105 GetFrequency.o
 .debug_abbrev  0x0000000000001f80      0x105 function_menu.o
 .debug_abbrev  0x0000000000002085      0x105 message_key_released.o
 .debug_abbrev  0x000000000000218a      0x105 ReadBigCap.o
 .debug_abbrev  0x000000000000228f      0x105 CheckRotaryEncoder.o
 .debug_abbrev  0x0000000000002394      0x105 CalibrationCap.o
 .debug_abbrev  0x0000000000002499      0x105 ShowData.o
 .debug_abbrev  0x000000000000259e      0x105 CheckUJT.o
 .debug_abbrev  0x00000000000026a3      0x121 EE_check_init.o

.debug_line     0x0000000000000000     0x56e5
 *(.debug_line .debug_line.* .debug_line_end)
 .debug_line    0x0000000000000000       0x1d /usr/lib/gcc/avr/7.2.0/../../../../avr/lib/avr5/crtatmega168.o
 .debug_line    0x000000000000001d      0x151 lcd_hw_4_bit.o
 .debug_line    0x000000000000016e      0x4ae lcd-routines.o
 .debug_line    0x000000000000061c       0xbf i2lcd.o
 .debug_line    0x00000000000006db      0x154 PinLayout.o
 .debug_line    0x000000000000082f      0x109 RvalOut.o
 .debug_line    0x0000000000000938      0x267 UfAusgabe.o
 .debug_line    0x0000000000000b9f      0x23e DisplayValue.o
 .debug_line    0x0000000000000ddd       0x3d swuart.o
 .debug_line    0x0000000000000e1a      0x119 wait1000ms.o
 .debug_line    0x0000000000000f33      0x23b ReadADC.o
 .debug_line    0x000000000000116e      0x243 wait_for_key_ms.o
 .debug_line    0x00000000000013b1      0x1de RefVoltage.o
 .debug_line    0x000000000000158f       0xfd get_log.o
 .debug_line    0x000000000000168c      0xe77 main.o
 .debug_line    0x0000000000002503      0x189 Battery_check.o
 .debug_line    0x000000000000268c      0xaa8 CheckPins.o
 .debug_line    0x0000000000003134      0x331 GetResistance.o
 .debug_line    0x0000000000003465      0x118 ChargePin10ms.o
 .debug_line    0x000000000000357d      0x220 EntladePins.o
 .debug_line    0x000000000000379d      0x490 ReadCapacity.o
 .debug_line    0x0000000000003c2d      0x18b GetRLmultip.o
 .debug_line    0x0000000000003db8      0x218 Calibrate_UR.o
 .debug_line    0x0000000000003fd0      0x23b show_Resis_Cap.o
 .debug_line    0x000000000000420b      0x3f7 ReadInductance.o
 .debug_line    0x0000000000004602      0x87d GetESR.o
 .debug_line    0x0000000000004e7f      0x23c GetVloss.o
 .debug_line    0x00000000000050bb       0xab GetFrequency.o
 .debug_line    0x0000000000005166       0xab function_menu.o
 .debug_line    0x0000000000005211       0xab message_key_released.o
 .debug_line    0x00000000000052bc       0xab ReadBigCap.o
 .debug_line    0x0000000000005367       0xab CheckRotaryEncoder.o
 .debug_line    0x0000000000005412       0xab CalibrationCap.o
 .debug_line    0x00000000000054bd       0xab ShowData.o
 .debug_line    0x0000000000005568       0xab CheckUJT.o
 .debug_line    0x0000000000005613       0xd2 EE_check_init.o

.debug_frame    0x0000000000000000      0x6d4
 *(.debug_frame)
 .debug_frame   0x0000000000000000      0x214 lcd-routines.o
 .debug_frame   0x0000000000000214       0x7c DisplayValue.o
 .debug_frame   0x0000000000000290      0x120 main.o
 .debug_frame   0x00000000000003b0       0x38 Battery_check.o
 .debug_frame   0x00000000000003e8       0x4c CheckPins.o
 .debug_frame   0x0000000000000434       0x48 GetResistance.o
 .debug_frame   0x000000000000047c       0x2c ChargePin10ms.o
 .debug_frame   0x00000000000004a8       0x3c EntladePins.o
 .debug_frame   0x00000000000004e4       0x88 ReadCapacity.o
 .debug_frame   0x000000000000056c       0x40 Calibrate_UR.o
 .debug_frame   0x00000000000005ac       0x70 show_Resis_Cap.o
 .debug_frame   0x000000000000061c       0x4c ReadInductance.o
 .debug_frame   0x0000000000000668       0x48 GetVloss.o
 .debug_frame   0x00000000000006b0       0x24 EE_check_init.o

.debug_str      0x0000000000000000     0x143e
 *(.debug_str)
 .debug_str     0x0000000000000000      0x208 /usr/lib/gcc/avr/7.2.0/../../../../avr/lib/avr5/crtatmega168.o
 .debug_str     0x0000000000000208       0x63 lcd_hw_4_bit.o
 .debug_str     0x000000000000026b      0x770 lcd-routines.o
                                        0x822 (size before relaxing)
 .debug_str     0x00000000000009db        0xb i2lcd.o
                                         0x5c (size before relaxing)
 .debug_str     0x00000000000009e6        0xf PinLayout.o
                                         0x60 (size before relaxing)
 .debug_str     0x00000000000009f5        0xd RvalOut.o
                                         0x5e (size before relaxing)
 .debug_str     0x0000000000000a02        0xf UfAusgabe.o
                                         0x60 (size before relaxing)
 .debug_str     0x0000000000000a11       0x94 DisplayValue.o
                                        0x6a7 (size before relaxing)
 .debug_str     0x0000000000000aa5        0xc swuart.o
                                         0x5d (size before relaxing)
 .debug_str     0x0000000000000ab1       0x10 wait1000ms.o
                                         0x61 (size before relaxing)
 .debug_str     0x0000000000000ac1        0xd ReadADC.o
                                         0x5e (size before relaxing)
 .debug_str     0x0000000000000ace       0x15 wait_for_key_ms.o
                                         0x66 (size before relaxing)
 .debug_str     0x0000000000000ae3       0x10 RefVoltage.o
                                         0x61 (size before relaxing)
 .debug_str     0x0000000000000af3        0xd get_log.o
                                         0x5e (size before relaxing)
 .debug_str     0x0000000000000b00      0x42b main.o
                                        0xb4c (size before relaxing)
 .debug_str     0x0000000000000f2b       0x3a Battery_check.o
                                        0x660 (size before relaxing)
 .debug_str     0x0000000000000f65      0x157 CheckPins.o
                                        0x771 (size before relaxing)
 .debug_str     0x00000000000010bc       0x33 GetResistance.o
                                        0x691 (size before relaxing)
 .debug_str     0x00000000000010ef       0x2f ChargePin10ms.o
                                        0x611 (size before relaxing)
 .debug_str     0x000000000000111e       0x31 EntladePins.o
                                        0x62f (size before relaxing)
 .debug_str     0x000000000000114f       0xb4 ReadCapacity.o
                                        0x6f2 (size before relaxing)
 .debug_str     0x0000000000001203       0x11 GetRLmultip.o
                                         0x62 (size before relaxing)
 .debug_str     0x0000000000001214       0x35 Calibrate_UR.o
                                        0x641 (size before relaxing)
 .debug_str     0x0000000000001249       0x76 show_Resis_Cap.o
                                        0x6f2 (size before relaxing)
 .debug_str     0x00000000000012bf       0x9b ReadInductance.o
                                        0x6cc (size before relaxing)
 .debug_str     0x000000000000135a        0xc GetESR.o
                                         0x5d (size before relaxing)
 .debug_str     0x0000000000001366       0x20 GetVloss.o
                                        0x630 (size before relaxing)
 .debug_str     0x0000000000001386       0x12 GetFrequency.o
                                        0x5dd (size before relaxing)
 .debug_str     0x0000000000001398       0x13 function_menu.o
                                        0x5de (size before relaxing)
 .debug_str     0x00000000000013ab       0x1a message_key_released.o
                                        0x5e5 (size before relaxing)
 .debug_str     0x00000000000013c5       0x10 ReadBigCap.o
                                        0x5db (size before relaxing)
 .debug_str     0x00000000000013d5       0x18 CheckRotaryEncoder.o
                                        0x5e3 (size before relaxing)
 .debug_str     0x00000000000013ed       0x14 CalibrationCap.o
                                        0x5df (size before relaxing)
 .debug_str     0x0000000000001401        0xe ShowData.o
                                        0x5d9 (size before relaxing)
 .debug_str     0x000000000000140f        0xe CheckUJT.o
                                        0x5d9 (size before relaxing)
 .debug_str     0x000000000000141d       0x21 EE_check_init.o
                                        0x5ec (size before relaxing)

.debug_loc      0x0000000000000000     0x4966
 *(.debug_loc)
 .debug_loc     0x0000000000000000      0x445 lcd-routines.o
 .debug_loc     0x0000000000000445      0x4af DisplayValue.o
 .debug_loc     0x00000000000008f4      0x785 main.o
 .debug_loc     0x0000000000001079       0xab Battery_check.o
 .debug_loc     0x0000000000001124     0x1f62 CheckPins.o
 .debug_loc     0x0000000000003086      0x990 GetResistance.o
 .debug_loc     0x0000000000003a16       0x88 ChargePin10ms.o
 .debug_loc     0x0000000000003a9e      0x220 EntladePins.o
 .debug_loc     0x0000000000003cbe      0x47b ReadCapacity.o
 .debug_loc     0x0000000000004139       0x72 Calibrate_UR.o
 .debug_loc     0x00000000000041ab      0x19d show_Resis_Cap.o
 .debug_loc     0x0000000000004348      0x425 ReadInductance.o
 .debug_loc     0x000000000000476d      0x1f9 GetVloss.o

.debug_macinfo
 *(.debug_macinfo)

.debug_weaknames
 *(.debug_weaknames)

.debug_funcnames
 *(.debug_funcnames)

.debug_typenames
 *(.debug_typenames)

.debug_varnames
 *(.debug_varnames)

.debug_pubtypes
 *(.debug_pubtypes)

.debug_ranges   0x0000000000000000       0x50
 *(.debug_ranges)
 .debug_ranges  0x0000000000000000       0x50 main.o

.debug_macro
 *(.debug_macro)

.debug_addr
 *(.debug_addr)
OUTPUT(TransistorTester.elf elf32-avr)
LOAD linker stubs
