Archive member included to satisfy reference by file (symbol)

/usr/lib/gcc/avr/5.4.0/avr5/libgcc.a(_mulsi3.o)
                              ReadADC.o (__mulsi3)
/usr/lib/gcc/avr/5.4.0/avr5/libgcc.a(_udivmodqi4.o)
                              DisplayValue.o (__udivmodqi4)
/usr/lib/gcc/avr/5.4.0/avr5/libgcc.a(_udivmodhi4.o)
                              RefVoltage.o (__udivmodhi4)
/usr/lib/gcc/avr/5.4.0/avr5/libgcc.a(_udivmodsi4.o)
                              DisplayValue.o (__udivmodsi4)
/usr/lib/gcc/avr/5.4.0/avr5/libgcc.a(_divmodsi4.o)
                              main.o (__divmodsi4)
/usr/lib/gcc/avr/5.4.0/avr5/libgcc.a(_negsi2.o)
                              /usr/lib/gcc/avr/5.4.0/avr5/libgcc.a(_divmodsi4.o) (__negsi2)
/usr/lib/gcc/avr/5.4.0/avr5/libgcc.a(_exit.o)
                              /usr/lib/gcc/avr/5.4.0/../../../avr/lib/avr5/crtatmega168.o (exit)
/usr/lib/gcc/avr/5.4.0/avr5/libgcc.a(_clear_bss.o)
                              lcd-routines.o (__do_clear_bss)
/usr/lib/gcc/avr/5.4.0/avr5/libgcc.a(_umulhisi3.o)
                              CheckPins.o (__umulhisi3)
/usr/lib/gcc/avr/5.4.0/avr5/libgcc.a(_usmulhisi3.o)
                              main.o (__usmulhisi3)
/usr/lib/gcc/avr/5.4.0/avr5/libgcc.a(_muluhisi3.o)
                              main.o (__muluhisi3)
/usr/lib/gcc/avr/5.4.0/avr5/libgcc.a(_prologue.o)
                              DisplayValue.o (__prologue_saves__)
/usr/lib/gcc/avr/5.4.0/avr5/libgcc.a(_epilogue.o)
                              DisplayValue.o (__epilogue_restores__)
/usr/lib/gcc/avr/5.4.0/../../../avr/lib/avr5/libc.a(utoa.o)
                              i2lcd.o (utoa)
/usr/lib/gcc/avr/5.4.0/../../../avr/lib/avr5/libc.a(utoa_ncheck.o)
                              DisplayValue.o (__utoa_ncheck)
/usr/lib/gcc/avr/5.4.0/../../../avr/lib/avr5/libc.a(strrev.o)
                              /usr/lib/gcc/avr/5.4.0/../../../avr/lib/avr5/libc.a(utoa_ncheck.o) (strrev)
/usr/lib/gcc/avr/5.4.0/../../../avr/lib/avr5/libatmega168.a(eerd_byte.o)
                              lcd-routines.o (eeprom_read_byte)
/usr/lib/gcc/avr/5.4.0/../../../avr/lib/avr5/libatmega168.a(eewr_byte.o)
                              main.o (eeprom_write_byte)
/usr/lib/gcc/avr/5.4.0/../../../avr/lib/avr5/libatmega168.a(eewr_word.o)
                              main.o (eeprom_write_word)

Allocating common symbols
Common symbol       size              file

diode_sequence      0x1               main.o
display_time        0x2               main.o
resis680mi          0x2               main.o
ref_mv_offs         0x2               main.o
NumOfDiodes         0x1               main.o
PartMode            0x1               main.o
PartFound           0x1               main.o
resis680pl          0x2               main.o
tmpval              0x1               main.o
last_text_column    0x1               lcd-routines.o
adc_vcc_reference   0x2               main.o
inductor_lpre       0x1               lcd-routines.o
mess_count          0x1               main.o
last_text_line      0x1               lcd-routines.o
outval              0xa               main.o
ADCconfig           0x6               main.o
pin_rpl             0x2               main.o
ref_mv              0x2               main.o
DC_Pwr_mode         0x1               main.o
tmpval2             0x1               main.o
UnCalibrated        0x1               main.o
pin_rmi             0x2               main.o
WithReference       0x1               main.o
_lcd_column         0x1               main.o
_trans              0x2               main.o
last_line_used      0x1               main.o
ntrans              0x10              main.o
empty_count         0x1               main.o
pin_combination     0x1               main.o
cell_mv             0x6               lcd-routines.o
ResistorChecked     0x3               main.o
ResistorList        0x3               main.o
ptrans              0x10              main.o
adc_internal_reference
                    0x2               main.o
ResistorsFound      0x1               main.o
RHmultip            0x2               main.o
cap                 0x14              main.o
load_diff           0x2               main.o
diodes              0x18              main.o
inductor_lx         0x4               lcd-routines.o
lcd_text_line       0x1               main.o
ResistorVal         0xc               main.o

Speicherkonfiguration

Name             Ursprung           Länge             Attribute
text             0x0000000000000000 0x0000000000020000 xr
data             0x0000000000800060 0x000000000000ffa0 rw !x
eeprom           0x0000000000810000 0x0000000000010000 rw !x
fuse             0x0000000000820000 0x0000000000000003 rw !x
lock             0x0000000000830000 0x0000000000000400 rw !x
signature        0x0000000000840000 0x0000000000000400 rw !x
user_signatures  0x0000000000850000 0x0000000000000400 rw !x
*default*        0x0000000000000000 0xffffffffffffffff

Linker script and memory map

Adresse des Abschnitts .data gesetzt auf 0x800100
LOAD /usr/lib/gcc/avr/5.4.0/../../../avr/lib/avr5/crtatmega168.o
LOAD lcd_hw_4_bit.o
LOAD lcd-routines.o
LOAD i2lcd.o
LOAD PinLayout.o
LOAD RvalOut.o
LOAD UfAusgabe.o
LOAD DisplayValue.o
LOAD swuart.o
LOAD wait1000ms.o
LOAD ReadADC.o
LOAD wait_for_key_ms.o
LOAD RefVoltage.o
LOAD get_log.o
LOAD main.o
LOAD Battery_check.o
LOAD CheckPins.o
LOAD GetResistance.o
LOAD ChargePin10ms.o
LOAD EntladePins.o
LOAD ReadCapacity.o
LOAD GetRLmultip.o
LOAD Calibrate_UR.o
LOAD show_Resis_Cap.o
LOAD ReadInductance.o
LOAD GetESR.o
LOAD GetVloss.o
LOAD GetFrequency.o
LOAD function_menu.o
LOAD message_key_released.o
LOAD ReadBigCap.o
LOAD CheckRotaryEncoder.o
LOAD CalibrationCap.o
LOAD ShowData.o
LOAD CheckUJT.o
LOAD EE_check_init.o
START GROUP
LOAD /usr/lib/gcc/avr/5.4.0/avr5/libgcc.a
LOAD /usr/lib/gcc/avr/5.4.0/../../../avr/lib/avr5/libm.a
LOAD /usr/lib/gcc/avr/5.4.0/../../../avr/lib/avr5/libc.a
LOAD /usr/lib/gcc/avr/5.4.0/../../../avr/lib/avr5/libatmega168.a
END GROUP
                0x0000000000020000                __TEXT_REGION_LENGTH__ = DEFINED (__TEXT_REGION_LENGTH__)?__TEXT_REGION_LENGTH__:0x20000
                0x000000000000ffa0                __DATA_REGION_LENGTH__ = DEFINED (__DATA_REGION_LENGTH__)?__DATA_REGION_LENGTH__:0xffa0
                0x0000000000010000                __EEPROM_REGION_LENGTH__ = DEFINED (__EEPROM_REGION_LENGTH__)?__EEPROM_REGION_LENGTH__:0x10000
                [0x0000000000000003]                __FUSE_REGION_LENGTH__ = DEFINED (__FUSE_REGION_LENGTH__)?__FUSE_REGION_LENGTH__:0x400
                0x0000000000000400                __LOCK_REGION_LENGTH__ = DEFINED (__LOCK_REGION_LENGTH__)?__LOCK_REGION_LENGTH__:0x400
                0x0000000000000400                __SIGNATURE_REGION_LENGTH__ = DEFINED (__SIGNATURE_REGION_LENGTH__)?__SIGNATURE_REGION_LENGTH__:0x400
                0x0000000000000400                __USER_SIGNATURE_REGION_LENGTH__ = DEFINED (__USER_SIGNATURE_REGION_LENGTH__)?__USER_SIGNATURE_REGION_LENGTH__:0x400

.hash
 *(.hash)

.dynsym
 *(.dynsym)

.dynstr
 *(.dynstr)

.gnu.version
 *(.gnu.version)

.gnu.version_d
 *(.gnu.version_d)

.gnu.version_r
 *(.gnu.version_r)

.rel.init
 *(.rel.init)

.rela.init
 *(.rela.init)

.rel.text
 *(.rel.text)
 *(.rel.text.*)
 *(.rel.gnu.linkonce.t*)

.rela.text
 *(.rela.text)
 *(.rela.text.*)
 *(.rela.gnu.linkonce.t*)

.rel.fini
 *(.rel.fini)

.rela.fini
 *(.rela.fini)

.rel.rodata
 *(.rel.rodata)
 *(.rel.rodata.*)
 *(.rel.gnu.linkonce.r*)

.rela.rodata
 *(.rela.rodata)
 *(.rela.rodata.*)
 *(.rela.gnu.linkonce.r*)

.rel.data
 *(.rel.data)
 *(.rel.data.*)
 *(.rel.gnu.linkonce.d*)

.rela.data
 *(.rela.data)
 *(.rela.data.*)
 *(.rela.gnu.linkonce.d*)

.rel.ctors
 *(.rel.ctors)

.rela.ctors
 *(.rela.ctors)

.rel.dtors
 *(.rel.dtors)

.rela.dtors
 *(.rela.dtors)

.rel.got
 *(.rel.got)

.rela.got
 *(.rela.got)

.rel.bss
 *(.rel.bss)

.rela.bss
 *(.rela.bss)

.rel.plt
 *(.rel.plt)

.rela.plt
 *(.rela.plt)

.text           0x0000000000000000     0x3f9c
 *(.vectors)
 .vectors       0x0000000000000000       0x68 /usr/lib/gcc/avr/5.4.0/../../../avr/lib/avr5/crtatmega168.o
                0x0000000000000000                __vectors
                0x0000000000000000                __vector_default
 *(.vectors)
 *(.progmem.gcc*)
                0x0000000000000068                . = ALIGN (0x2)
                0x0000000000000068                __trampolines_start = .
 *(.trampolines)
 .trampolines   0x0000000000000068        0x0 linker stubs
 *(.trampolines*)
                0x0000000000000068                __trampolines_end = .
 *libprintf_flt.a:*(.progmem.data)
 *libc.a:*(.progmem.data)
 *(.progmem*)
 .progmem.data  0x0000000000000068       0xa4 main.o
                0x0000000000000068                REF_R_str
                0x000000000000006f                REF_C_str
                0x0000000000000076                MinCap_str
                0x000000000000007e                PinRLRHADCtab
                0x0000000000000084                R0_str
                0x0000000000000088                ICEs_str
                0x000000000000008e                ICE0_str
                0x0000000000000094                RHtab
                0x00000000000000a6                LogTab
                0x000000000000010c                . = ALIGN (0x2)
 *(.jumptables)
 *(.jumptables*)
 *(.lowtext)
 *(.lowtext*)
                0x000000000000010c                __ctors_start = .
 *(.ctors)
                0x000000000000010c                __ctors_end = .
                0x000000000000010c                __dtors_start = .
 *(.dtors)
                0x000000000000010c                __dtors_end = .
 SORT(*)(.ctors)
 SORT(*)(.dtors)
 *(.init0)
 .init0         0x000000000000010c        0x0 /usr/lib/gcc/avr/5.4.0/../../../avr/lib/avr5/crtatmega168.o
                0x000000000000010c                __init
 *(.init0)
 *(.init1)
 *(.init1)
 *(.init2)
 .init2         0x000000000000010c        0xc /usr/lib/gcc/avr/5.4.0/../../../avr/lib/avr5/crtatmega168.o
 *(.init2)
 *(.init3)
 *(.init3)
 *(.init4)
 .init4         0x0000000000000118       0x10 /usr/lib/gcc/avr/5.4.0/avr5/libgcc.a(_clear_bss.o)
                0x0000000000000118                __do_clear_bss
 *(.init4)
 *(.init5)
 *(.init5)
 *(.init6)
 *(.init6)
 *(.init7)
 *(.init7)
 *(.init8)
 *(.init8)
 *(.init9)
 .init9         0x0000000000000128        0x8 /usr/lib/gcc/avr/5.4.0/../../../avr/lib/avr5/crtatmega168.o
 *(.init9)
 *(.text)
 .text          0x0000000000000130        0x2 /usr/lib/gcc/avr/5.4.0/../../../avr/lib/avr5/crtatmega168.o
                0x0000000000000130                __vector_22
                0x0000000000000130                __vector_1
                0x0000000000000130                __vector_24
                0x0000000000000130                __vector_12
                0x0000000000000130                __bad_interrupt
                0x0000000000000130                __vector_6
                0x0000000000000130                __vector_3
                0x0000000000000130                __vector_23
                0x0000000000000130                __vector_25
                0x0000000000000130                __vector_11
                0x0000000000000130                __vector_13
                0x0000000000000130                __vector_17
                0x0000000000000130                __vector_19
                0x0000000000000130                __vector_7
                0x0000000000000130                __vector_5
                0x0000000000000130                __vector_4
                0x0000000000000130                __vector_9
                0x0000000000000130                __vector_2
                0x0000000000000130                __vector_21
                0x0000000000000130                __vector_15
                0x0000000000000130                __vector_8
                0x0000000000000130                __vector_14
                0x0000000000000130                __vector_10
                0x0000000000000130                __vector_16
                0x0000000000000130                __vector_18
                0x0000000000000130                __vector_20
 .text          0x0000000000000132       0x5c lcd_hw_4_bit.o
                0x0000000000000132                _lcd_hw_write
 .text          0x000000000000018e      0x244 lcd-routines.o
                0x000000000000018e                lcd_save_position
                0x00000000000001a0                lcd_data
                0x00000000000001b6                lcd_testpin
                0x00000000000001bc                lcd_space
                0x00000000000001c2                lcd_spaces
                0x00000000000001d4                lcd_equal
                0x00000000000001da                lcd_command
                0x00000000000001e4                lcd_line1
                0x00000000000001f2                lcd_line2
                0x0000000000000202                lcd_line3
                0x0000000000000212                lcd_line4
                0x0000000000000222                lcd_set_cursor
                0x0000000000000236                lcd_restore_position
                0x0000000000000242                lcd_clear
                0x000000000000024c                lcd_string
                0x0000000000000262                lcd_pgm_string
                0x000000000000027e                lcd_fix_string
                0x000000000000029c                lcd_fix_customchar
                0x00000000000002c6                lcd_init
                0x0000000000000326                lcd_clear_line
                0x0000000000000332                lcd_next_line
                0x0000000000000362                lcd_next_line_wait
                0x0000000000000368                lcd_clear_line1
                0x0000000000000370                lcd_clear_line2
                0x0000000000000378                lcd_set_pixels
                0x000000000000037a                lcd_show_Cg
                0x00000000000003aa                lcd_show_rds
 .text          0x00000000000003d2       0x30 i2lcd.o
                0x00000000000003d2                i2lcd
                0x00000000000003e8                u2lcd
                0x00000000000003f8                i2lcd_space
                0x00000000000003fc                u2lcd_space
 .text          0x0000000000000402       0x62 PinLayout.o
                0x0000000000000402                PinLayout
                0x0000000000000450                Rnum2pins
 .text          0x0000000000000464       0x4c RvalOut.o
                0x0000000000000464                RvalOut
 .text          0x00000000000004b0       0xc4 UfAusgabe.o
                0x00000000000004b0                mVAusgabe
                0x00000000000004cc                UfAusgabe
                0x00000000000004f8                SerienDiodenAusgabe
                0x000000000000051c                DiodeSymbol_withPins
                0x0000000000000534                DiodeSymbol_ApinCpin
                0x0000000000000542                DiodeSymbol_ACpin
                0x0000000000000554                DiodeSymbol_CpinApin
                0x0000000000000562                DiodeSymbol_CApin
 .text          0x0000000000000574      0x190 DisplayValue.o
                0x0000000000000574                DisplayValue
                0x00000000000006da                DisplayValue16
                0x00000000000006f0                Display_mV
 .text          0x0000000000000704        0x2 swuart.o
                0x0000000000000704                uart_putc
 .text          0x0000000000000706       0x4a wait1000ms.o
                0x0000000000000706                wait5s
                0x0000000000000708                wait4s
                0x000000000000070a                wait3s
                0x000000000000070c                wait2s
                0x000000000000070e                wait1000ms
                0x000000000000070e                wait1s
                0x0000000000000710                wait500ms
                0x0000000000000712                wait400ms
                0x0000000000000714                wait300ms
                0x0000000000000716                wait200ms
                0x0000000000000718                wait100ms
                0x000000000000071a                wait50ms
                0x000000000000071c                wait40ms
                0x000000000000071e                wait30ms
                0x0000000000000720                wait20ms
                0x0000000000000722                wait10ms
                0x0000000000000724                wait5ms
                0x0000000000000728                wait4ms
                0x000000000000072a                wait3ms
                0x000000000000072c                wait2ms
                0x000000000000072e                wait1ms
                0x0000000000000730                wait500us
                0x0000000000000732                wait400us
                0x0000000000000734                wait300us
                0x0000000000000736                wait200us
                0x0000000000000738                wait100us
                0x000000000000073a                wait50us
                0x000000000000073c                wait40us
                0x000000000000073e                wait30us
                0x0000000000000740                wait20us
                0x0000000000000742                wait10us
                0x0000000000000744                wait5us
                0x0000000000000746                wait4us
                0x0000000000000748                wait3us
                0x000000000000074a                wait2us
                0x000000000000074c                wait1us
 .text          0x0000000000000750       0xe6 ReadADC.o
                0x0000000000000750                W20msReadADC
                0x0000000000000752                W10msReadADC
                0x0000000000000754                W5msReadADC
                0x0000000000000756                ReadADC
                0x000000000000080e                abs_diff
                0x000000000000081a                vcc_diff
                0x0000000000000824                unsigned_diff
 .text          0x0000000000000836       0xb0 wait_for_key_ms.o
                0x0000000000000836                wait_for_key_ms
                0x00000000000008a0                wait_for_key_5s_line2
 .text          0x00000000000008e6       0xb0 RefVoltage.o
                0x00000000000008e6                RefVoltage
 .text          0x0000000000000996       0x48 get_log.o
                0x0000000000000996                get_log
 .text          0x00000000000009de      0x638 main.o
                0x00000000000009de                search_vak_diode
                0x0000000000000a26                init_parts
                0x0000000000000a6c                switch_tester_off
                0x0000000000000a78                ShortedProbes
                0x0000000000000af2                AllProbesShorted
                0x0000000000000b10                AutoCheck
                0x0000000000000f6a                mark_as_uncalibrated
                0x0000000000000f8e                GetIr
 .text          0x0000000000001016       0x7e Battery_check.o
                0x0000000000001016                Battery_check
 .text          0x0000000000001094      0xc86 CheckPins.o
                0x0000000000001094                CheckPins
 .text          0x0000000000001d1a      0x424 GetResistance.o
                0x0000000000001d1a                GetResistance
 .text          0x000000000000213e       0x2e ChargePin10ms.o
                0x000000000000213e                ChargePin10ms
 .text          0x000000000000216c      0x104 EntladePins.o
                0x000000000000216c                EntladePins
 .text          0x0000000000002270      0x58e ReadCapacity.o
                0x0000000000002270                Scale_C_with_vcc
                0x00000000000022f0                ReadCapacity
 .text          0x00000000000027fe       0x7e GetRLmultip.o
                0x00000000000027fe                GetRLmultip
 .text          0x000000000000287c      0x196 Calibrate_UR.o
                0x000000000000287c                Calibrate_UR
 .text          0x0000000000002a12      0x16e show_Resis_Cap.o
                0x0000000000002a12                show_resis
                0x0000000000002a80                show_cap_simple
                0x0000000000002b56                Bat_update
                0x0000000000002b6c                Pwr_mode_check
 .text          0x0000000000002b80      0x452 ReadInductance.o
                0x0000000000002b80                ReadInductance
 .text          0x0000000000002fd2      0x32c GetESR.o
                0x0000000000002fd2                GetESR
 .text          0x00000000000032fe      0x150 GetVloss.o
                0x00000000000032fe                GetVloss
 .text          0x000000000000344e        0x0 GetFrequency.o
 .text          0x000000000000344e        0x0 function_menu.o
 .text          0x000000000000344e        0x0 message_key_released.o
 .text          0x000000000000344e        0x0 ReadBigCap.o
 .text          0x000000000000344e        0x0 CheckRotaryEncoder.o
 .text          0x000000000000344e        0x0 CalibrationCap.o
 .text          0x000000000000344e        0x0 ShowData.o
 .text          0x000000000000344e        0x0 CheckUJT.o
 .text          0x000000000000344e        0x2 EE_check_init.o
                0x000000000000344e                EE_check_init
 .text          0x0000000000003450        0x0 /usr/lib/gcc/avr/5.4.0/avr5/libgcc.a(_mulsi3.o)
 .text          0x0000000000003450        0x0 /usr/lib/gcc/avr/5.4.0/avr5/libgcc.a(_udivmodqi4.o)
 .text          0x0000000000003450        0x0 /usr/lib/gcc/avr/5.4.0/avr5/libgcc.a(_udivmodhi4.o)
 .text          0x0000000000003450        0x0 /usr/lib/gcc/avr/5.4.0/avr5/libgcc.a(_udivmodsi4.o)
 .text          0x0000000000003450        0x0 /usr/lib/gcc/avr/5.4.0/avr5/libgcc.a(_divmodsi4.o)
 .text          0x0000000000003450        0x0 /usr/lib/gcc/avr/5.4.0/avr5/libgcc.a(_negsi2.o)
 .text          0x0000000000003450        0x0 /usr/lib/gcc/avr/5.4.0/avr5/libgcc.a(_exit.o)
 .text          0x0000000000003450        0x0 /usr/lib/gcc/avr/5.4.0/avr5/libgcc.a(_clear_bss.o)
 .text          0x0000000000003450        0x0 /usr/lib/gcc/avr/5.4.0/avr5/libgcc.a(_umulhisi3.o)
 .text          0x0000000000003450        0x0 /usr/lib/gcc/avr/5.4.0/avr5/libgcc.a(_usmulhisi3.o)
 .text          0x0000000000003450        0x0 /usr/lib/gcc/avr/5.4.0/avr5/libgcc.a(_muluhisi3.o)
 .text          0x0000000000003450        0x0 /usr/lib/gcc/avr/5.4.0/avr5/libgcc.a(_prologue.o)
 .text          0x0000000000003450        0x0 /usr/lib/gcc/avr/5.4.0/avr5/libgcc.a(_epilogue.o)
 .text          0x0000000000003450        0x0 /usr/lib/gcc/avr/5.4.0/../../../avr/lib/avr5/libc.a(utoa.o)
 .text          0x0000000000003450        0x0 /usr/lib/gcc/avr/5.4.0/../../../avr/lib/avr5/libc.a(utoa_ncheck.o)
 .text          0x0000000000003450        0x0 /usr/lib/gcc/avr/5.4.0/../../../avr/lib/avr5/libc.a(strrev.o)
 .text          0x0000000000003450        0x0 /usr/lib/gcc/avr/5.4.0/../../../avr/lib/avr5/libatmega168.a(eerd_byte.o)
 .text          0x0000000000003450        0x0 /usr/lib/gcc/avr/5.4.0/../../../avr/lib/avr5/libatmega168.a(eewr_byte.o)
 .text          0x0000000000003450        0x0 /usr/lib/gcc/avr/5.4.0/../../../avr/lib/avr5/libatmega168.a(eewr_word.o)
                0x0000000000003450                . = ALIGN (0x2)
 *(.text.*)
 .text.startup  0x0000000000003450      0x92a main.o
                0x0000000000003450                main
 .text.libgcc.mul
                0x0000000000003d7a       0x1e /usr/lib/gcc/avr/5.4.0/avr5/libgcc.a(_mulsi3.o)
                0x0000000000003d7a                __mulsi3
 .text.libgcc.div
                0x0000000000003d98        0x0 /usr/lib/gcc/avr/5.4.0/avr5/libgcc.a(_mulsi3.o)
 .text.libgcc   0x0000000000003d98        0x0 /usr/lib/gcc/avr/5.4.0/avr5/libgcc.a(_mulsi3.o)
 .text.libgcc.prologue
                0x0000000000003d98        0x0 /usr/lib/gcc/avr/5.4.0/avr5/libgcc.a(_mulsi3.o)
 .text.libgcc.builtins
                0x0000000000003d98        0x0 /usr/lib/gcc/avr/5.4.0/avr5/libgcc.a(_mulsi3.o)
 .text.libgcc.fmul
                0x0000000000003d98        0x0 /usr/lib/gcc/avr/5.4.0/avr5/libgcc.a(_mulsi3.o)
 .text.libgcc.fixed
                0x0000000000003d98        0x0 /usr/lib/gcc/avr/5.4.0/avr5/libgcc.a(_mulsi3.o)
 .text.libgcc.mul
                0x0000000000003d98        0x0 /usr/lib/gcc/avr/5.4.0/avr5/libgcc.a(_udivmodqi4.o)
 .text.libgcc.div
                0x0000000000003d98       0x18 /usr/lib/gcc/avr/5.4.0/avr5/libgcc.a(_udivmodqi4.o)
                0x0000000000003d98                __udivmodqi4
 .text.libgcc   0x0000000000003db0        0x0 /usr/lib/gcc/avr/5.4.0/avr5/libgcc.a(_udivmodqi4.o)
 .text.libgcc.prologue
                0x0000000000003db0        0x0 /usr/lib/gcc/avr/5.4.0/avr5/libgcc.a(_udivmodqi4.o)
 .text.libgcc.builtins
                0x0000000000003db0        0x0 /usr/lib/gcc/avr/5.4.0/avr5/libgcc.a(_udivmodqi4.o)
 .text.libgcc.fmul
                0x0000000000003db0        0x0 /usr/lib/gcc/avr/5.4.0/avr5/libgcc.a(_udivmodqi4.o)
 .text.libgcc.fixed
                0x0000000000003db0        0x0 /usr/lib/gcc/avr/5.4.0/avr5/libgcc.a(_udivmodqi4.o)
 .text.libgcc.mul
                0x0000000000003db0        0x0 /usr/lib/gcc/avr/5.4.0/avr5/libgcc.a(_udivmodhi4.o)
 .text.libgcc.div
                0x0000000000003db0       0x28 /usr/lib/gcc/avr/5.4.0/avr5/libgcc.a(_udivmodhi4.o)
                0x0000000000003db0                __udivmodhi4
 .text.libgcc   0x0000000000003dd8        0x0 /usr/lib/gcc/avr/5.4.0/avr5/libgcc.a(_udivmodhi4.o)
 .text.libgcc.prologue
                0x0000000000003dd8        0x0 /usr/lib/gcc/avr/5.4.0/avr5/libgcc.a(_udivmodhi4.o)
 .text.libgcc.builtins
                0x0000000000003dd8        0x0 /usr/lib/gcc/avr/5.4.0/avr5/libgcc.a(_udivmodhi4.o)
 .text.libgcc.fmul
                0x0000000000003dd8        0x0 /usr/lib/gcc/avr/5.4.0/avr5/libgcc.a(_udivmodhi4.o)
 .text.libgcc.fixed
                0x0000000000003dd8        0x0 /usr/lib/gcc/avr/5.4.0/avr5/libgcc.a(_udivmodhi4.o)
 .text.libgcc.mul
                0x0000000000003dd8        0x0 /usr/lib/gcc/avr/5.4.0/avr5/libgcc.a(_udivmodsi4.o)
 .text.libgcc.div
                0x0000000000003dd8       0x44 /usr/lib/gcc/avr/5.4.0/avr5/libgcc.a(_udivmodsi4.o)
                0x0000000000003dd8                __udivmodsi4
 .text.libgcc   0x0000000000003e1c        0x0 /usr/lib/gcc/avr/5.4.0/avr5/libgcc.a(_udivmodsi4.o)
 .text.libgcc.prologue
                0x0000000000003e1c        0x0 /usr/lib/gcc/avr/5.4.0/avr5/libgcc.a(_udivmodsi4.o)
 .text.libgcc.builtins
                0x0000000000003e1c        0x0 /usr/lib/gcc/avr/5.4.0/avr5/libgcc.a(_udivmodsi4.o)
 .text.libgcc.fmul
                0x0000000000003e1c        0x0 /usr/lib/gcc/avr/5.4.0/avr5/libgcc.a(_udivmodsi4.o)
 .text.libgcc.fixed
                0x0000000000003e1c        0x0 /usr/lib/gcc/avr/5.4.0/avr5/libgcc.a(_udivmodsi4.o)
 .text.libgcc.mul
                0x0000000000003e1c        0x0 /usr/lib/gcc/avr/5.4.0/avr5/libgcc.a(_divmodsi4.o)
 .text.libgcc.div
                0x0000000000003e1c       0x28 /usr/lib/gcc/avr/5.4.0/avr5/libgcc.a(_divmodsi4.o)
                0x0000000000003e1c                __divmodsi4
 .text.libgcc   0x0000000000003e44        0x0 /usr/lib/gcc/avr/5.4.0/avr5/libgcc.a(_divmodsi4.o)
 .text.libgcc.prologue
                0x0000000000003e44        0x0 /usr/lib/gcc/avr/5.4.0/avr5/libgcc.a(_divmodsi4.o)
 .text.libgcc.builtins
                0x0000000000003e44        0x0 /usr/lib/gcc/avr/5.4.0/avr5/libgcc.a(_divmodsi4.o)
 .text.libgcc.fmul
                0x0000000000003e44        0x0 /usr/lib/gcc/avr/5.4.0/avr5/libgcc.a(_divmodsi4.o)
 .text.libgcc.fixed
                0x0000000000003e44        0x0 /usr/lib/gcc/avr/5.4.0/avr5/libgcc.a(_divmodsi4.o)
 .text.libgcc.mul
                0x0000000000003e44        0x0 /usr/lib/gcc/avr/5.4.0/avr5/libgcc.a(_negsi2.o)
 .text.libgcc.div
                0x0000000000003e44       0x10 /usr/lib/gcc/avr/5.4.0/avr5/libgcc.a(_negsi2.o)
                0x0000000000003e44                __negsi2
 .text.libgcc   0x0000000000003e54        0x0 /usr/lib/gcc/avr/5.4.0/avr5/libgcc.a(_negsi2.o)
 .text.libgcc.prologue
                0x0000000000003e54        0x0 /usr/lib/gcc/avr/5.4.0/avr5/libgcc.a(_negsi2.o)
 .text.libgcc.builtins
                0x0000000000003e54        0x0 /usr/lib/gcc/avr/5.4.0/avr5/libgcc.a(_negsi2.o)
 .text.libgcc.fmul
                0x0000000000003e54        0x0 /usr/lib/gcc/avr/5.4.0/avr5/libgcc.a(_negsi2.o)
 .text.libgcc.fixed
                0x0000000000003e54        0x0 /usr/lib/gcc/avr/5.4.0/avr5/libgcc.a(_negsi2.o)
 .text.libgcc.mul
                0x0000000000003e54        0x0 /usr/lib/gcc/avr/5.4.0/avr5/libgcc.a(_exit.o)
 .text.libgcc.div
                0x0000000000003e54        0x0 /usr/lib/gcc/avr/5.4.0/avr5/libgcc.a(_exit.o)
 .text.libgcc   0x0000000000003e54        0x0 /usr/lib/gcc/avr/5.4.0/avr5/libgcc.a(_exit.o)
 .text.libgcc.prologue
                0x0000000000003e54        0x0 /usr/lib/gcc/avr/5.4.0/avr5/libgcc.a(_exit.o)
 .text.libgcc.builtins
                0x0000000000003e54        0x0 /usr/lib/gcc/avr/5.4.0/avr5/libgcc.a(_exit.o)
 .text.libgcc.fmul
                0x0000000000003e54        0x0 /usr/lib/gcc/avr/5.4.0/avr5/libgcc.a(_exit.o)
 .text.libgcc.fixed
                0x0000000000003e54        0x0 /usr/lib/gcc/avr/5.4.0/avr5/libgcc.a(_exit.o)
 .text.libgcc.mul
                0x0000000000003e54        0x0 /usr/lib/gcc/avr/5.4.0/avr5/libgcc.a(_clear_bss.o)
 .text.libgcc.div
                0x0000000000003e54        0x0 /usr/lib/gcc/avr/5.4.0/avr5/libgcc.a(_clear_bss.o)
 .text.libgcc   0x0000000000003e54        0x0 /usr/lib/gcc/avr/5.4.0/avr5/libgcc.a(_clear_bss.o)
 .text.libgcc.prologue
                0x0000000000003e54        0x0 /usr/lib/gcc/avr/5.4.0/avr5/libgcc.a(_clear_bss.o)
 .text.libgcc.builtins
                0x0000000000003e54        0x0 /usr/lib/gcc/avr/5.4.0/avr5/libgcc.a(_clear_bss.o)
 .text.libgcc.fmul
                0x0000000000003e54        0x0 /usr/lib/gcc/avr/5.4.0/avr5/libgcc.a(_clear_bss.o)
 .text.libgcc.fixed
                0x0000000000003e54        0x0 /usr/lib/gcc/avr/5.4.0/avr5/libgcc.a(_clear_bss.o)
 .text.libgcc.mul
                0x0000000000003e54       0x1e /usr/lib/gcc/avr/5.4.0/avr5/libgcc.a(_umulhisi3.o)
                0x0000000000003e54                __umulhisi3
 .text.libgcc.div
                0x0000000000003e72        0x0 /usr/lib/gcc/avr/5.4.0/avr5/libgcc.a(_umulhisi3.o)
 .text.libgcc   0x0000000000003e72        0x0 /usr/lib/gcc/avr/5.4.0/avr5/libgcc.a(_umulhisi3.o)
 .text.libgcc.prologue
                0x0000000000003e72        0x0 /usr/lib/gcc/avr/5.4.0/avr5/libgcc.a(_umulhisi3.o)
 .text.libgcc.builtins
                0x0000000000003e72        0x0 /usr/lib/gcc/avr/5.4.0/avr5/libgcc.a(_umulhisi3.o)
 .text.libgcc.fmul
                0x0000000000003e72        0x0 /usr/lib/gcc/avr/5.4.0/avr5/libgcc.a(_umulhisi3.o)
 .text.libgcc.fixed
                0x0000000000003e72        0x0 /usr/lib/gcc/avr/5.4.0/avr5/libgcc.a(_umulhisi3.o)
 .text.libgcc.mul
                0x0000000000003e72        0xc /usr/lib/gcc/avr/5.4.0/avr5/libgcc.a(_usmulhisi3.o)
                0x0000000000003e72                __usmulhisi3
                0x0000000000003e74                __usmulhisi3_tail
 .text.libgcc.div
                0x0000000000003e7e        0x0 /usr/lib/gcc/avr/5.4.0/avr5/libgcc.a(_usmulhisi3.o)
 .text.libgcc   0x0000000000003e7e        0x0 /usr/lib/gcc/avr/5.4.0/avr5/libgcc.a(_usmulhisi3.o)
 .text.libgcc.prologue
                0x0000000000003e7e        0x0 /usr/lib/gcc/avr/5.4.0/avr5/libgcc.a(_usmulhisi3.o)
 .text.libgcc.builtins
                0x0000000000003e7e        0x0 /usr/lib/gcc/avr/5.4.0/avr5/libgcc.a(_usmulhisi3.o)
 .text.libgcc.fmul
                0x0000000000003e7e        0x0 /usr/lib/gcc/avr/5.4.0/avr5/libgcc.a(_usmulhisi3.o)
 .text.libgcc.fixed
                0x0000000000003e7e        0x0 /usr/lib/gcc/avr/5.4.0/avr5/libgcc.a(_usmulhisi3.o)
 .text.libgcc.mul
                0x0000000000003e7e       0x14 /usr/lib/gcc/avr/5.4.0/avr5/libgcc.a(_muluhisi3.o)
                0x0000000000003e7e                __muluhisi3
 .text.libgcc.div
                0x0000000000003e92        0x0 /usr/lib/gcc/avr/5.4.0/avr5/libgcc.a(_muluhisi3.o)
 .text.libgcc   0x0000000000003e92        0x0 /usr/lib/gcc/avr/5.4.0/avr5/libgcc.a(_muluhisi3.o)
 .text.libgcc.prologue
                0x0000000000003e92        0x0 /usr/lib/gcc/avr/5.4.0/avr5/libgcc.a(_muluhisi3.o)
 .text.libgcc.builtins
                0x0000000000003e92        0x0 /usr/lib/gcc/avr/5.4.0/avr5/libgcc.a(_muluhisi3.o)
 .text.libgcc.fmul
                0x0000000000003e92        0x0 /usr/lib/gcc/avr/5.4.0/avr5/libgcc.a(_muluhisi3.o)
 .text.libgcc.fixed
                0x0000000000003e92        0x0 /usr/lib/gcc/avr/5.4.0/avr5/libgcc.a(_muluhisi3.o)
 .text.libgcc.mul
                0x0000000000003e92        0x0 /usr/lib/gcc/avr/5.4.0/avr5/libgcc.a(_prologue.o)
 .text.libgcc.div
                0x0000000000003e92        0x0 /usr/lib/gcc/avr/5.4.0/avr5/libgcc.a(_prologue.o)
 .text.libgcc   0x0000000000003e92        0x0 /usr/lib/gcc/avr/5.4.0/avr5/libgcc.a(_prologue.o)
 .text.libgcc.prologue
                0x0000000000003e92       0x38 /usr/lib/gcc/avr/5.4.0/avr5/libgcc.a(_prologue.o)
                0x0000000000003e92                __prologue_saves__
 .text.libgcc.builtins
                0x0000000000003eca        0x0 /usr/lib/gcc/avr/5.4.0/avr5/libgcc.a(_prologue.o)
 .text.libgcc.fmul
                0x0000000000003eca        0x0 /usr/lib/gcc/avr/5.4.0/avr5/libgcc.a(_prologue.o)
 .text.libgcc.fixed
                0x0000000000003eca        0x0 /usr/lib/gcc/avr/5.4.0/avr5/libgcc.a(_prologue.o)
 .text.libgcc.mul
                0x0000000000003eca        0x0 /usr/lib/gcc/avr/5.4.0/avr5/libgcc.a(_epilogue.o)
 .text.libgcc.div
                0x0000000000003eca        0x0 /usr/lib/gcc/avr/5.4.0/avr5/libgcc.a(_epilogue.o)
 .text.libgcc   0x0000000000003eca        0x0 /usr/lib/gcc/avr/5.4.0/avr5/libgcc.a(_epilogue.o)
 .text.libgcc.prologue
                0x0000000000003eca       0x36 /usr/lib/gcc/avr/5.4.0/avr5/libgcc.a(_epilogue.o)
                0x0000000000003eca                __epilogue_restores__
 .text.libgcc.builtins
                0x0000000000003f00        0x0 /usr/lib/gcc/avr/5.4.0/avr5/libgcc.a(_epilogue.o)
 .text.libgcc.fmul
                0x0000000000003f00        0x0 /usr/lib/gcc/avr/5.4.0/avr5/libgcc.a(_epilogue.o)
 .text.libgcc.fixed
                0x0000000000003f00        0x0 /usr/lib/gcc/avr/5.4.0/avr5/libgcc.a(_epilogue.o)
 .text.avr-libc
                0x0000000000003f00       0x14 /usr/lib/gcc/avr/5.4.0/../../../avr/lib/avr5/libc.a(utoa.o)
                0x0000000000003f00                utoa
                0x0000000000003f00                __utoa
 .text.avr-libc
                0x0000000000003f14       0x32 /usr/lib/gcc/avr/5.4.0/../../../avr/lib/avr5/libc.a(utoa_ncheck.o)
                0x0000000000003f14                __utoa_ncheck
                0x0000000000003f16                __utoa_common
 .text.avr-libc
                0x0000000000003f46       0x20 /usr/lib/gcc/avr/5.4.0/../../../avr/lib/avr5/libc.a(strrev.o)
                0x0000000000003f46                strrev
 .text.avr-libc
                0x0000000000003f66       0x10 /usr/lib/gcc/avr/5.4.0/../../../avr/lib/avr5/libatmega168.a(eerd_byte.o)
                0x0000000000003f66                eeprom_read_byte
 .text.avr-libc
                0x0000000000003f76       0x1c /usr/lib/gcc/avr/5.4.0/../../../avr/lib/avr5/libatmega168.a(eewr_byte.o)
                0x0000000000003f76                eeprom_write_byte
                0x0000000000003f78                eeprom_write_r18
 .text.avr-libc
                0x0000000000003f92        0x6 /usr/lib/gcc/avr/5.4.0/../../../avr/lib/avr5/libatmega168.a(eewr_word.o)
                0x0000000000003f92                eeprom_write_word
                0x0000000000003f98                . = ALIGN (0x2)
 *(.fini9)
 .fini9         0x0000000000003f98        0x0 /usr/lib/gcc/avr/5.4.0/avr5/libgcc.a(_exit.o)
                0x0000000000003f98                exit
                0x0000000000003f98                _exit
 *(.fini9)
 *(.fini8)
 *(.fini8)
 *(.fini7)
 *(.fini7)
 *(.fini6)
 *(.fini6)
 *(.fini5)
 *(.fini5)
 *(.fini4)
 *(.fini4)
 *(.fini3)
 *(.fini3)
 *(.fini2)
 *(.fini2)
 *(.fini1)
 *(.fini1)
 *(.fini0)
 .fini0         0x0000000000003f98        0x4 /usr/lib/gcc/avr/5.4.0/avr5/libgcc.a(_exit.o)
 *(.fini0)
                0x0000000000003f9c                _etext = .

.data           0x0000000000800100        0x0 load address 0x0000000000003f9c
                [!provide]                        PROVIDE (__data_start, .)
 *(.data)
 .data          0x0000000000800100        0x0 /usr/lib/gcc/avr/5.4.0/../../../avr/lib/avr5/crtatmega168.o
 .data          0x0000000000800100        0x0 lcd_hw_4_bit.o
 .data          0x0000000000800100        0x0 lcd-routines.o
 .data          0x0000000000800100        0x0 i2lcd.o
 .data          0x0000000000800100        0x0 PinLayout.o
 .data          0x0000000000800100        0x0 RvalOut.o
 .data          0x0000000000800100        0x0 UfAusgabe.o
 .data          0x0000000000800100        0x0 DisplayValue.o
 .data          0x0000000000800100        0x0 swuart.o
 .data          0x0000000000800100        0x0 wait1000ms.o
 .data          0x0000000000800100        0x0 ReadADC.o
 .data          0x0000000000800100        0x0 wait_for_key_ms.o
 .data          0x0000000000800100        0x0 RefVoltage.o
 .data          0x0000000000800100        0x0 get_log.o
 .data          0x0000000000800100        0x0 main.o
 .data          0x0000000000800100        0x0 Battery_check.o
 .data          0x0000000000800100        0x0 CheckPins.o
 .data          0x0000000000800100        0x0 GetResistance.o
 .data          0x0000000000800100        0x0 ChargePin10ms.o
 .data          0x0000000000800100        0x0 EntladePins.o
 .data          0x0000000000800100        0x0 ReadCapacity.o
 .data          0x0000000000800100        0x0 GetRLmultip.o
 .data          0x0000000000800100        0x0 Calibrate_UR.o
 .data          0x0000000000800100        0x0 show_Resis_Cap.o
 .data          0x0000000000800100        0x0 ReadInductance.o
 .data          0x0000000000800100        0x0 GetESR.o
 .data          0x0000000000800100        0x0 GetVloss.o
 .data          0x0000000000800100        0x0 GetFrequency.o
 .data          0x0000000000800100        0x0 function_menu.o
 .data          0x0000000000800100        0x0 message_key_released.o
 .data          0x0000000000800100        0x0 ReadBigCap.o
 .data          0x0000000000800100        0x0 CheckRotaryEncoder.o
 .data          0x0000000000800100        0x0 CalibrationCap.o
 .data          0x0000000000800100        0x0 ShowData.o
 .data          0x0000000000800100        0x0 CheckUJT.o
 .data          0x0000000000800100        0x0 EE_check_init.o
 .data          0x0000000000800100        0x0 /usr/lib/gcc/avr/5.4.0/avr5/libgcc.a(_mulsi3.o)
 .data          0x0000000000800100        0x0 /usr/lib/gcc/avr/5.4.0/avr5/libgcc.a(_udivmodqi4.o)
 .data          0x0000000000800100        0x0 /usr/lib/gcc/avr/5.4.0/avr5/libgcc.a(_udivmodhi4.o)
 .data          0x0000000000800100        0x0 /usr/lib/gcc/avr/5.4.0/avr5/libgcc.a(_udivmodsi4.o)
 .data          0x0000000000800100        0x0 /usr/lib/gcc/avr/5.4.0/avr5/libgcc.a(_divmodsi4.o)
 .data          0x0000000000800100        0x0 /usr/lib/gcc/avr/5.4.0/avr5/libgcc.a(_negsi2.o)
 .data          0x0000000000800100        0x0 /usr/lib/gcc/avr/5.4.0/avr5/libgcc.a(_exit.o)
 .data          0x0000000000800100        0x0 /usr/lib/gcc/avr/5.4.0/avr5/libgcc.a(_clear_bss.o)
 .data          0x0000000000800100        0x0 /usr/lib/gcc/avr/5.4.0/avr5/libgcc.a(_umulhisi3.o)
 .data          0x0000000000800100        0x0 /usr/lib/gcc/avr/5.4.0/avr5/libgcc.a(_usmulhisi3.o)
 .data          0x0000000000800100        0x0 /usr/lib/gcc/avr/5.4.0/avr5/libgcc.a(_muluhisi3.o)
 .data          0x0000000000800100        0x0 /usr/lib/gcc/avr/5.4.0/avr5/libgcc.a(_prologue.o)
 .data          0x0000000000800100        0x0 /usr/lib/gcc/avr/5.4.0/avr5/libgcc.a(_epilogue.o)
 .data          0x0000000000800100        0x0 /usr/lib/gcc/avr/5.4.0/../../../avr/lib/avr5/libc.a(utoa.o)
 .data          0x0000000000800100        0x0 /usr/lib/gcc/avr/5.4.0/../../../avr/lib/avr5/libc.a(utoa_ncheck.o)
 .data          0x0000000000800100        0x0 /usr/lib/gcc/avr/5.4.0/../../../avr/lib/avr5/libc.a(strrev.o)
 .data          0x0000000000800100        0x0 /usr/lib/gcc/avr/5.4.0/../../../avr/lib/avr5/libatmega168.a(eerd_byte.o)
 .data          0x0000000000800100        0x0 /usr/lib/gcc/avr/5.4.0/../../../avr/lib/avr5/libatmega168.a(eewr_byte.o)
 .data          0x0000000000800100        0x0 /usr/lib/gcc/avr/5.4.0/../../../avr/lib/avr5/libatmega168.a(eewr_word.o)
 *(.data*)
 *(.rodata)
 *(.rodata*)
 *(.gnu.linkonce.d*)
                0x0000000000800100                . = ALIGN (0x2)
                0x0000000000800100                _edata = .
                [!provide]                        PROVIDE (__data_end, .)

.bss            0x0000000000800100       0xa3
                0x0000000000800100                PROVIDE (__bss_start, .)
 *(.bss)
 .bss           0x0000000000800100        0x0 /usr/lib/gcc/avr/5.4.0/../../../avr/lib/avr5/crtatmega168.o
 .bss           0x0000000000800100        0x0 lcd_hw_4_bit.o
 .bss           0x0000000000800100        0x0 lcd-routines.o
 .bss           0x0000000000800100        0x0 i2lcd.o
 .bss           0x0000000000800100        0x0 PinLayout.o
 .bss           0x0000000000800100        0x0 RvalOut.o
 .bss           0x0000000000800100        0x0 UfAusgabe.o
 .bss           0x0000000000800100        0x0 DisplayValue.o
 .bss           0x0000000000800100        0x0 swuart.o
 .bss           0x0000000000800100        0x0 wait1000ms.o
 .bss           0x0000000000800100        0x0 ReadADC.o
 .bss           0x0000000000800100        0x0 wait_for_key_ms.o
 .bss           0x0000000000800100        0x0 RefVoltage.o
 .bss           0x0000000000800100        0x0 get_log.o
 .bss           0x0000000000800100        0x0 main.o
 .bss           0x0000000000800100        0x0 Battery_check.o
 .bss           0x0000000000800100        0x0 CheckPins.o
 .bss           0x0000000000800100        0x0 GetResistance.o
 .bss           0x0000000000800100        0x0 ChargePin10ms.o
 .bss           0x0000000000800100        0x0 EntladePins.o
 .bss           0x0000000000800100        0x0 ReadCapacity.o
 .bss           0x0000000000800100        0x0 GetRLmultip.o
 .bss           0x0000000000800100        0x0 Calibrate_UR.o
 .bss           0x0000000000800100        0x0 show_Resis_Cap.o
 .bss           0x0000000000800100        0x0 ReadInductance.o
 .bss           0x0000000000800100        0x0 GetESR.o
 .bss           0x0000000000800100        0x0 GetVloss.o
 .bss           0x0000000000800100        0x0 GetFrequency.o
 .bss           0x0000000000800100        0x0 function_menu.o
 .bss           0x0000000000800100        0x0 message_key_released.o
 .bss           0x0000000000800100        0x0 ReadBigCap.o
 .bss           0x0000000000800100        0x0 CheckRotaryEncoder.o
 .bss           0x0000000000800100        0x0 CalibrationCap.o
 .bss           0x0000000000800100        0x0 ShowData.o
 .bss           0x0000000000800100        0x0 CheckUJT.o
 .bss           0x0000000000800100        0x0 EE_check_init.o
 .bss           0x0000000000800100        0x0 /usr/lib/gcc/avr/5.4.0/avr5/libgcc.a(_mulsi3.o)
 .bss           0x0000000000800100        0x0 /usr/lib/gcc/avr/5.4.0/avr5/libgcc.a(_udivmodqi4.o)
 .bss           0x0000000000800100        0x0 /usr/lib/gcc/avr/5.4.0/avr5/libgcc.a(_udivmodhi4.o)
 .bss           0x0000000000800100        0x0 /usr/lib/gcc/avr/5.4.0/avr5/libgcc.a(_udivmodsi4.o)
 .bss           0x0000000000800100        0x0 /usr/lib/gcc/avr/5.4.0/avr5/libgcc.a(_divmodsi4.o)
 .bss           0x0000000000800100        0x0 /usr/lib/gcc/avr/5.4.0/avr5/libgcc.a(_negsi2.o)
 .bss           0x0000000000800100        0x0 /usr/lib/gcc/avr/5.4.0/avr5/libgcc.a(_exit.o)
 .bss           0x0000000000800100        0x0 /usr/lib/gcc/avr/5.4.0/avr5/libgcc.a(_clear_bss.o)
 .bss           0x0000000000800100        0x0 /usr/lib/gcc/avr/5.4.0/avr5/libgcc.a(_umulhisi3.o)
 .bss           0x0000000000800100        0x0 /usr/lib/gcc/avr/5.4.0/avr5/libgcc.a(_usmulhisi3.o)
 .bss           0x0000000000800100        0x0 /usr/lib/gcc/avr/5.4.0/avr5/libgcc.a(_muluhisi3.o)
 .bss           0x0000000000800100        0x0 /usr/lib/gcc/avr/5.4.0/avr5/libgcc.a(_prologue.o)
 .bss           0x0000000000800100        0x0 /usr/lib/gcc/avr/5.4.0/avr5/libgcc.a(_epilogue.o)
 .bss           0x0000000000800100        0x0 /usr/lib/gcc/avr/5.4.0/../../../avr/lib/avr5/libc.a(utoa.o)
 .bss           0x0000000000800100        0x0 /usr/lib/gcc/avr/5.4.0/../../../avr/lib/avr5/libc.a(utoa_ncheck.o)
 .bss           0x0000000000800100        0x0 /usr/lib/gcc/avr/5.4.0/../../../avr/lib/avr5/libc.a(strrev.o)
 .bss           0x0000000000800100        0x0 /usr/lib/gcc/avr/5.4.0/../../../avr/lib/avr5/libatmega168.a(eerd_byte.o)
 .bss           0x0000000000800100        0x0 /usr/lib/gcc/avr/5.4.0/../../../avr/lib/avr5/libatmega168.a(eewr_byte.o)
 .bss           0x0000000000800100        0x0 /usr/lib/gcc/avr/5.4.0/../../../avr/lib/avr5/libatmega168.a(eewr_word.o)
 *(.bss*)
 *(COMMON)
 COMMON         0x0000000000800100        0xd lcd-routines.o
                0x0000000000800100                last_text_column
                0x0000000000800101                inductor_lpre
                0x0000000000800102                last_text_line
                0x0000000000800103                cell_mv
                0x0000000000800109                inductor_lx
 COMMON         0x000000000080010d       0x96 main.o
                0x000000000080010d                diode_sequence
                0x000000000080010e                display_time
                0x0000000000800110                resis680mi
                0x0000000000800112                ref_mv_offs
                0x0000000000800114                NumOfDiodes
                0x0000000000800115                PartMode
                0x0000000000800116                PartFound
                0x0000000000800117                resis680pl
                0x0000000000800119                tmpval
                0x000000000080011a                adc_vcc_reference
                0x000000000080011c                mess_count
                0x000000000080011d                outval
                0x0000000000800127                ADCconfig
                0x000000000080012d                pin_rpl
                0x000000000080012f                ref_mv
                0x0000000000800131                DC_Pwr_mode
                0x0000000000800132                tmpval2
                0x0000000000800133                UnCalibrated
                0x0000000000800134                pin_rmi
                0x0000000000800136                WithReference
                0x0000000000800137                _lcd_column
                0x0000000000800138                _trans
                0x000000000080013a                last_line_used
                0x000000000080013b                ntrans
                0x000000000080014b                empty_count
                0x000000000080014c                pin_combination
                0x000000000080014d                ResistorChecked
                0x0000000000800150                ResistorList
                0x0000000000800153                ptrans
                0x0000000000800163                adc_internal_reference
                0x0000000000800165                ResistorsFound
                0x0000000000800166                RHmultip
                0x0000000000800168                cap
                0x000000000080017c                load_diff
                0x000000000080017e                diodes
                0x0000000000800196                lcd_text_line
                0x0000000000800197                ResistorVal
                0x00000000008001a3                PROVIDE (__bss_end, .)
                0x0000000000003f9c                __data_load_start = LOADADDR (.data)
                0x0000000000003f9c                __data_load_end = (__data_load_start + SIZEOF (.data))

.noinit         0x00000000008001a3        0x0
                [!provide]                        PROVIDE (__noinit_start, .)
 *(.noinit*)
                [!provide]                        PROVIDE (__noinit_end, .)
                0x00000000008001a3                _end = .
                [!provide]                        PROVIDE (__heap_start, .)

.eeprom         0x0000000000810000      0x1d6
 *(.eeprom*)
 .eeprom        0x0000000000810000      0x1d6 main.o
                0x0000000000810000                PrefixTab
                0x0000000000810008                ResIcon2
                0x0000000000810010                ResIcon1
                0x0000000000810018                DiodeIcon2
                0x0000000000810020                DiodeIcon1
                0x0000000000810028                CapIcon
                0x0000000000810030                RDS_str
                0x0000000000810035                T50HZ
                0x000000000081003b                C0_str
                0x000000000081003f                RILO_str
                0x0000000000810046                RIHI_str
                0x000000000081004d                VERSION_str
                0x000000000081005b                Inductor_str
                0x0000000000810060                Resistor_str
                0x0000000000810065                Dioden
                0x000000000081006a                KatAn_str
                0x000000000081006e                AnKat_str
                0x0000000000810072                Ir_str
                0x0000000000810078                Lis_str
                0x000000000081007b                VLOSS_str
                0x0000000000810083                ESR_str
                0x0000000000810089                VCC_str
                0x000000000081008e                Cell_str
                0x0000000000810094                CapZeich
                0x0000000000810098                Vgs_str
                0x000000000081009d                vt_str
                0x00000000008100a2                Uf_str
                0x00000000008100a6                Ube_str
                0x00000000008100ab                N123_str
                0x00000000008100b1                PNP_str
                0x00000000008100b5                NPN_str
                0x00000000008100b9                Cap_str
                0x00000000008100bc                GateCap_str
                0x00000000008100bf                hfe_str
                0x00000000008100c2                igbt_str
                0x00000000008100c8                jfet_str
                0x00000000008100cd                mosfet_str
                0x00000000008100d2                DC_Pwr_Mode_str
                0x00000000008100de                OK_str
                0x00000000008100e1                Bat_str
                0x00000000008100e7                ATE
                0x00000000008100f0                RELPROBE
                0x0000000000810100                SELFTEST
                0x0000000000810110                TestTimedOut
                0x0000000000810119                Detected
                0x0000000000810123                TestFailed1
                0x0000000000810133                Unknown
                0x000000000081013c                Thyristor
                0x0000000000810145                Triac
                0x000000000081014b                Bauteil
                0x0000000000810150                TestFailed2
                0x0000000000810159                BatEmpty
                0x0000000000810160                BatWeak
                0x0000000000810165                TestRunning
                0x000000000081016e                RLtab
                0x00000000008101c8                EE_ESR_ZEROtab
                0x00000000008101cc                c_zero_tab
                0x00000000008101d3                ref_offset
                0x00000000008101d5                RefDiff
                0x00000000008101d6                __eeprom_end = .

.fuse
 *(.fuse)
 *(.lfuse)
 *(.hfuse)
 *(.efuse)

.lock
 *(.lock*)

.signature
 *(.signature*)

.user_signatures
 *(.user_signatures*)

.stab
 *(.stab)

.stabstr
 *(.stabstr)

.stab.excl
 *(.stab.excl)

.stab.exclstr
 *(.stab.exclstr)

.stab.index
 *(.stab.index)

.stab.indexstr
 *(.stab.indexstr)

.comment        0x0000000000000000       0x11
 *(.comment)
 .comment       0x0000000000000000       0x11 lcd-routines.o
                                         0x12 (size before relaxing)
 .comment       0x0000000000000011       0x12 DisplayValue.o
 .comment       0x0000000000000011       0x12 main.o
 .comment       0x0000000000000011       0x12 Battery_check.o
 .comment       0x0000000000000011       0x12 CheckPins.o
 .comment       0x0000000000000011       0x12 GetResistance.o
 .comment       0x0000000000000011       0x12 ChargePin10ms.o
 .comment       0x0000000000000011       0x12 EntladePins.o
 .comment       0x0000000000000011       0x12 ReadCapacity.o
 .comment       0x0000000000000011       0x12 Calibrate_UR.o
 .comment       0x0000000000000011       0x12 show_Resis_Cap.o
 .comment       0x0000000000000011       0x12 ReadInductance.o
 .comment       0x0000000000000011       0x12 GetVloss.o
 .comment       0x0000000000000011       0x12 GetFrequency.o
 .comment       0x0000000000000011       0x12 function_menu.o
 .comment       0x0000000000000011       0x12 message_key_released.o
 .comment       0x0000000000000011       0x12 ReadBigCap.o
 .comment       0x0000000000000011       0x12 CheckRotaryEncoder.o
 .comment       0x0000000000000011       0x12 CalibrationCap.o
 .comment       0x0000000000000011       0x12 ShowData.o
 .comment       0x0000000000000011       0x12 CheckUJT.o
 .comment       0x0000000000000011       0x12 EE_check_init.o

.note.gnu.avr.deviceinfo
                0x0000000000000000       0x3c
 .note.gnu.avr.deviceinfo
                0x0000000000000000       0x3c /usr/lib/gcc/avr/5.4.0/../../../avr/lib/avr5/crtatmega168.o

.note.gnu.build-id
 *(.note.gnu.build-id)

.debug
 *(.debug)

.line
 *(.line)

.debug_srcinfo
 *(.debug_srcinfo)

.debug_sfnames
 *(.debug_sfnames)

.debug_aranges  0x0000000000000000      0x428
 *(.debug_aranges)
 .debug_aranges
                0x0000000000000000       0x20 lcd_hw_4_bit.o
 .debug_aranges
                0x0000000000000020       0x20 lcd-routines.o
 .debug_aranges
                0x0000000000000040       0x20 i2lcd.o
 .debug_aranges
                0x0000000000000060       0x20 PinLayout.o
 .debug_aranges
                0x0000000000000080       0x20 RvalOut.o
 .debug_aranges
                0x00000000000000a0       0x20 UfAusgabe.o
 .debug_aranges
                0x00000000000000c0       0x20 DisplayValue.o
 .debug_aranges
                0x00000000000000e0       0x20 swuart.o
 .debug_aranges
                0x0000000000000100       0x20 wait1000ms.o
 .debug_aranges
                0x0000000000000120       0x20 ReadADC.o
 .debug_aranges
                0x0000000000000140       0x20 wait_for_key_ms.o
 .debug_aranges
                0x0000000000000160       0x20 RefVoltage.o
 .debug_aranges
                0x0000000000000180       0x20 get_log.o
 .debug_aranges
                0x00000000000001a0       0x28 main.o
 .debug_aranges
                0x00000000000001c8       0x20 Battery_check.o
 .debug_aranges
                0x00000000000001e8       0x20 CheckPins.o
 .debug_aranges
                0x0000000000000208       0x20 GetResistance.o
 .debug_aranges
                0x0000000000000228       0x20 ChargePin10ms.o
 .debug_aranges
                0x0000000000000248       0x20 EntladePins.o
 .debug_aranges
                0x0000000000000268       0x20 ReadCapacity.o
 .debug_aranges
                0x0000000000000288       0x20 GetRLmultip.o
 .debug_aranges
                0x00000000000002a8       0x20 Calibrate_UR.o
 .debug_aranges
                0x00000000000002c8       0x20 show_Resis_Cap.o
 .debug_aranges
                0x00000000000002e8       0x20 ReadInductance.o
 .debug_aranges
                0x0000000000000308       0x20 GetESR.o
 .debug_aranges
                0x0000000000000328       0x20 GetVloss.o
 .debug_aranges
                0x0000000000000348       0x18 GetFrequency.o
 .debug_aranges
                0x0000000000000360       0x18 function_menu.o
 .debug_aranges
                0x0000000000000378       0x18 message_key_released.o
 .debug_aranges
                0x0000000000000390       0x18 ReadBigCap.o
 .debug_aranges
                0x00000000000003a8       0x18 CheckRotaryEncoder.o
 .debug_aranges
                0x00000000000003c0       0x18 CalibrationCap.o
 .debug_aranges
                0x00000000000003d8       0x18 ShowData.o
 .debug_aranges
                0x00000000000003f0       0x18 CheckUJT.o
 .debug_aranges
                0x0000000000000408       0x20 EE_check_init.o

.debug_pubnames
 *(.debug_pubnames)

.debug_info     0x0000000000000000     0x7ca6
 *(.debug_info .gnu.linkonce.wi.*)
 .debug_info    0x0000000000000000      0x5f4 /usr/lib/gcc/avr/5.4.0/../../../avr/lib/avr5/crtatmega168.o
 .debug_info    0x00000000000005f4       0x7b lcd_hw_4_bit.o
 .debug_info    0x000000000000066f      0xb92 lcd-routines.o
 .debug_info    0x0000000000001201       0x74 i2lcd.o
 .debug_info    0x0000000000001275       0x78 PinLayout.o
 .debug_info    0x00000000000012ed       0x76 RvalOut.o
 .debug_info    0x0000000000001363       0x78 UfAusgabe.o
 .debug_info    0x00000000000013db      0x429 DisplayValue.o
 .debug_info    0x0000000000001804       0x75 swuart.o
 .debug_info    0x0000000000001879       0x79 wait1000ms.o
 .debug_info    0x00000000000018f2       0x76 ReadADC.o
 .debug_info    0x0000000000001968       0x7e wait_for_key_ms.o
 .debug_info    0x00000000000019e6       0x79 RefVoltage.o
 .debug_info    0x0000000000001a5f       0x76 get_log.o
 .debug_info    0x0000000000001ad5     0x284d main.o
 .debug_info    0x0000000000004322      0x287 Battery_check.o
 .debug_info    0x00000000000045a9     0x1092 CheckPins.o
 .debug_info    0x000000000000563b      0x65b GetResistance.o
 .debug_info    0x0000000000005c96      0x110 ChargePin10ms.o
 .debug_info    0x0000000000005da6      0x1d4 EntladePins.o
 .debug_info    0x0000000000005f7a      0x5aa ReadCapacity.o
 .debug_info    0x0000000000006524       0x7a GetRLmultip.o
 .debug_info    0x000000000000659e      0x302 Calibrate_UR.o
 .debug_info    0x00000000000068a0      0x55d show_Resis_Cap.o
 .debug_info    0x0000000000006dfd      0x49b ReadInductance.o
 .debug_info    0x0000000000007298       0x75 GetESR.o
 .debug_info    0x000000000000730d      0x35d GetVloss.o
 .debug_info    0x000000000000766a       0xae GetFrequency.o
 .debug_info    0x0000000000007718       0xae function_menu.o
 .debug_info    0x00000000000077c6       0xae message_key_released.o
 .debug_info    0x0000000000007874       0xae ReadBigCap.o
 .debug_info    0x0000000000007922       0xae CheckRotaryEncoder.o
 .debug_info    0x00000000000079d0       0xae CalibrationCap.o
 .debug_info    0x0000000000007a7e       0xae ShowData.o
 .debug_info    0x0000000000007b2c       0xae CheckUJT.o
 .debug_info    0x0000000000007bda       0xcc EE_check_init.o

.debug_abbrev   0x0000000000000000     0x1d62
 *(.debug_abbrev)
 .debug_abbrev  0x0000000000000000      0x5a2 /usr/lib/gcc/avr/5.4.0/../../../avr/lib/avr5/crtatmega168.o
 .debug_abbrev  0x00000000000005a2       0x14 lcd_hw_4_bit.o
 .debug_abbrev  0x00000000000005b6      0x23e lcd-routines.o
 .debug_abbrev  0x00000000000007f4       0x14 i2lcd.o
 .debug_abbrev  0x0000000000000808       0x14 PinLayout.o
 .debug_abbrev  0x000000000000081c       0x14 RvalOut.o
 .debug_abbrev  0x0000000000000830       0x14 UfAusgabe.o
 .debug_abbrev  0x0000000000000844      0x1b4 DisplayValue.o
 .debug_abbrev  0x00000000000009f8       0x14 swuart.o
 .debug_abbrev  0x0000000000000a0c       0x14 wait1000ms.o
 .debug_abbrev  0x0000000000000a20       0x14 ReadADC.o
 .debug_abbrev  0x0000000000000a34       0x14 wait_for_key_ms.o
 .debug_abbrev  0x0000000000000a48       0x14 RefVoltage.o
 .debug_abbrev  0x0000000000000a5c       0x14 get_log.o
 .debug_abbrev  0x0000000000000a70      0x361 main.o
 .debug_abbrev  0x0000000000000dd1       0xe7 Battery_check.o
 .debug_abbrev  0x0000000000000eb8      0x16b CheckPins.o
 .debug_abbrev  0x0000000000001023      0x16f GetResistance.o
 .debug_abbrev  0x0000000000001192       0xa0 ChargePin10ms.o
 .debug_abbrev  0x0000000000001232       0xca EntladePins.o
 .debug_abbrev  0x00000000000012fc      0x19c ReadCapacity.o
 .debug_abbrev  0x0000000000001498       0x14 GetRLmultip.o
 .debug_abbrev  0x00000000000014ac      0x104 Calibrate_UR.o
 .debug_abbrev  0x00000000000015b0      0x1c9 show_Resis_Cap.o
 .debug_abbrev  0x0000000000001779      0x164 ReadInductance.o
 .debug_abbrev  0x00000000000018dd       0x14 GetESR.o
 .debug_abbrev  0x00000000000018f1      0x14f GetVloss.o
 .debug_abbrev  0x0000000000001a40       0x56 GetFrequency.o
 .debug_abbrev  0x0000000000001a96       0x56 function_menu.o
 .debug_abbrev  0x0000000000001aec       0x56 message_key_released.o
 .debug_abbrev  0x0000000000001b42       0x56 ReadBigCap.o
 .debug_abbrev  0x0000000000001b98       0x56 CheckRotaryEncoder.o
 .debug_abbrev  0x0000000000001bee       0x56 CalibrationCap.o
 .debug_abbrev  0x0000000000001c44       0x56 ShowData.o
 .debug_abbrev  0x0000000000001c9a       0x56 CheckUJT.o
 .debug_abbrev  0x0000000000001cf0       0x72 EE_check_init.o

.debug_line     0x0000000000000000     0x4f97
 *(.debug_line .debug_line.* .debug_line_end)
 .debug_line    0x0000000000000000       0x1a /usr/lib/gcc/avr/5.4.0/../../../avr/lib/avr5/crtatmega168.o
 .debug_line    0x000000000000001a      0x14e lcd_hw_4_bit.o
 .debug_line    0x0000000000000168      0x404 lcd-routines.o
 .debug_line    0x000000000000056c       0xbc i2lcd.o
 .debug_line    0x0000000000000628      0x151 PinLayout.o
 .debug_line    0x0000000000000779      0x106 RvalOut.o
 .debug_line    0x000000000000087f      0x264 UfAusgabe.o
 .debug_line    0x0000000000000ae3      0x218 DisplayValue.o
 .debug_line    0x0000000000000cfb       0x3a swuart.o
 .debug_line    0x0000000000000d35      0x116 wait1000ms.o
 .debug_line    0x0000000000000e4b      0x238 ReadADC.o
 .debug_line    0x0000000000001083      0x240 wait_for_key_ms.o
 .debug_line    0x00000000000012c3      0x1db RefVoltage.o
 .debug_line    0x000000000000149e       0xfa get_log.o
 .debug_line    0x0000000000001598      0xdeb main.o
 .debug_line    0x0000000000002383      0x153 Battery_check.o
 .debug_line    0x00000000000024d6      0x9fd CheckPins.o
 .debug_line    0x0000000000002ed3      0x2e8 GetResistance.o
 .debug_line    0x00000000000031bb       0xc6 ChargePin10ms.o
 .debug_line    0x0000000000003281      0x1db EntladePins.o
 .debug_line    0x000000000000345c      0x44a ReadCapacity.o
 .debug_line    0x00000000000038a6      0x188 GetRLmultip.o
 .debug_line    0x0000000000003a2e      0x1c6 Calibrate_UR.o
 .debug_line    0x0000000000003bf4      0x1ff show_Resis_Cap.o
 .debug_line    0x0000000000003df3      0x3a6 ReadInductance.o
 .debug_line    0x0000000000004199      0x87a GetESR.o
 .debug_line    0x0000000000004a13      0x20c GetVloss.o
 .debug_line    0x0000000000004c1f       0x5f GetFrequency.o
 .debug_line    0x0000000000004c7e       0x5f function_menu.o
 .debug_line    0x0000000000004cdd       0x5f message_key_released.o
 .debug_line    0x0000000000004d3c       0x5f ReadBigCap.o
 .debug_line    0x0000000000004d9b       0x5f CheckRotaryEncoder.o
 .debug_line    0x0000000000004dfa       0x5f CalibrationCap.o
 .debug_line    0x0000000000004e59       0x5f ShowData.o
 .debug_line    0x0000000000004eb8       0x5f CheckUJT.o
 .debug_line    0x0000000000004f17       0x80 EE_check_init.o

.debug_frame    0x0000000000000000      0x6e0
 *(.debug_frame)
 .debug_frame   0x0000000000000000      0x214 lcd-routines.o
 .debug_frame   0x0000000000000214       0x7c DisplayValue.o
 .debug_frame   0x0000000000000290      0x120 main.o
 .debug_frame   0x00000000000003b0       0x38 Battery_check.o
 .debug_frame   0x00000000000003e8       0x4c CheckPins.o
 .debug_frame   0x0000000000000434       0x48 GetResistance.o
 .debug_frame   0x000000000000047c       0x2c ChargePin10ms.o
 .debug_frame   0x00000000000004a8       0x3c EntladePins.o
 .debug_frame   0x00000000000004e4       0x9c ReadCapacity.o
 .debug_frame   0x0000000000000580       0x40 Calibrate_UR.o
 .debug_frame   0x00000000000005c0       0x70 show_Resis_Cap.o
 .debug_frame   0x0000000000000630       0x4c ReadInductance.o
 .debug_frame   0x000000000000067c       0x40 GetVloss.o
 .debug_frame   0x00000000000006bc       0x24 EE_check_init.o

.debug_str      0x0000000000000000     0x12fe
 *(.debug_str)
 .debug_str     0x0000000000000000      0x208 /usr/lib/gcc/avr/5.4.0/../../../avr/lib/avr5/crtatmega168.o
 .debug_str     0x0000000000000208      0x46d lcd-routines.o
                                        0x4cc (size before relaxing)
 .debug_str     0x0000000000000675       0x9e DisplayValue.o
                                        0x276 (size before relaxing)
 .debug_str     0x0000000000000713      0x6f5 main.o
                                        0xada (size before relaxing)
 .debug_str     0x0000000000000e08       0x3a Battery_check.o
                                        0x25c (size before relaxing)
 .debug_str     0x0000000000000e42      0x157 CheckPins.o
                                        0x3cd (size before relaxing)
 .debug_str     0x0000000000000f99       0x33 GetResistance.o
                                        0x37c (size before relaxing)
 .debug_str     0x0000000000000fcc       0x2f ChargePin10ms.o
                                        0x1c8 (size before relaxing)
 .debug_str     0x0000000000000ffb       0x31 EntladePins.o
                                        0x1f0 (size before relaxing)
 .debug_str     0x000000000000102c       0xb4 ReadCapacity.o
                                        0x3b1 (size before relaxing)
 .debug_str     0x00000000000010e0       0x35 Calibrate_UR.o
                                        0x285 (size before relaxing)
 .debug_str     0x0000000000001115       0x76 show_Resis_Cap.o
                                        0x34a (size before relaxing)
 .debug_str     0x000000000000118b       0x9b ReadInductance.o
                                        0x330 (size before relaxing)
 .debug_str     0x0000000000001226       0x20 GetVloss.o
                                        0x277 (size before relaxing)
 .debug_str     0x0000000000001246       0x12 GetFrequency.o
                                        0x18c (size before relaxing)
 .debug_str     0x0000000000001258       0x13 function_menu.o
                                        0x18d (size before relaxing)
 .debug_str     0x000000000000126b       0x1a message_key_released.o
                                        0x194 (size before relaxing)
 .debug_str     0x0000000000001285       0x10 ReadBigCap.o
                                        0x18a (size before relaxing)
 .debug_str     0x0000000000001295       0x18 CheckRotaryEncoder.o
                                        0x192 (size before relaxing)
 .debug_str     0x00000000000012ad       0x14 CalibrationCap.o
                                        0x18e (size before relaxing)
 .debug_str     0x00000000000012c1        0xe ShowData.o
                                        0x188 (size before relaxing)
 .debug_str     0x00000000000012cf        0xe CheckUJT.o
                                        0x188 (size before relaxing)
 .debug_str     0x00000000000012dd       0x21 EE_check_init.o
                                        0x19b (size before relaxing)

.debug_loc      0x0000000000000000     0x3e07
 *(.debug_loc)
 .debug_loc     0x0000000000000000      0x424 lcd-routines.o
 .debug_loc     0x0000000000000424      0x43f DisplayValue.o
 .debug_loc     0x0000000000000863      0x777 main.o
 .debug_loc     0x0000000000000fda       0x8b Battery_check.o
 .debug_loc     0x0000000000001065     0x1752 CheckPins.o
 .debug_loc     0x00000000000027b7      0x7eb GetResistance.o
 .debug_loc     0x0000000000002fa2       0x72 ChargePin10ms.o
 .debug_loc     0x0000000000003014      0x1b6 EntladePins.o
 .debug_loc     0x00000000000031ca      0x41c ReadCapacity.o
 .debug_loc     0x00000000000035e6       0x72 Calibrate_UR.o
 .debug_loc     0x0000000000003658      0x191 show_Resis_Cap.o
 .debug_loc     0x00000000000037e9      0x3f5 ReadInductance.o
 .debug_loc     0x0000000000003bde      0x229 GetVloss.o

.debug_macinfo
 *(.debug_macinfo)

.debug_weaknames
 *(.debug_weaknames)

.debug_funcnames
 *(.debug_funcnames)

.debug_typenames
 *(.debug_typenames)

.debug_varnames
 *(.debug_varnames)

.debug_pubtypes
 *(.debug_pubtypes)

.debug_ranges   0x0000000000000000       0x38
 *(.debug_ranges)
 .debug_ranges  0x0000000000000000       0x38 main.o

.debug_macro
 *(.debug_macro)
OUTPUT(TransistorTester.elf elf32-avr)
LOAD linker stubs
