Archive member included because of file (symbol)

/usr/lib/gcc/avr/4.5.3/avr5/libgcc.a(_mulsi3.o)
                              main.o (__mulsi3)
/usr/lib/gcc/avr/4.5.3/avr5/libgcc.a(_udivmodqi4.o)
                              main.o (__udivmodqi4)
/usr/lib/gcc/avr/4.5.3/avr5/libgcc.a(_udivmodhi4.o)
                              main.o (__udivmodhi4)
/usr/lib/gcc/avr/4.5.3/avr5/libgcc.a(_udivmodsi4.o)
                              main.o (__udivmodsi4)
/usr/lib/gcc/avr/4.5.3/avr5/libgcc.a(_divmodsi4.o)
                              main.o (__divmodsi4)
/usr/lib/gcc/avr/4.5.3/avr5/libgcc.a(_exit.o)
                              /usr/lib/gcc/avr/4.5.3/../../../avr/lib/avr5/crtm168.o (exit)
/usr/lib/gcc/avr/4.5.3/avr5/libgcc.a(_copy_data.o)
                              main.o (__do_copy_data)
/usr/lib/gcc/avr/4.5.3/avr5/libgcc.a(_clear_bss.o)
                              main.o (__do_clear_bss)
/usr/lib/gcc/avr/4.5.3/../../../avr/lib/avr5/libc.a(itoa.o)
                              main.o (itoa)
/usr/lib/gcc/avr/4.5.3/../../../avr/lib/avr5/libc.a(utoa.o)
                              main.o (utoa)
/usr/lib/gcc/avr/4.5.3/../../../avr/lib/avr5/libc.a(eerd_byte_atmega168.o)
                              lcd-routines.o (__eerd_byte_m168)
/usr/lib/gcc/avr/4.5.3/../../../avr/lib/avr5/libc.a(eerd_word_atmega168.o)
                              main.o (__eerd_word_m168)
/usr/lib/gcc/avr/4.5.3/../../../avr/lib/avr5/libc.a(eewr_byte_atmega168.o)
                              main.o (__eewr_byte_m168)
/usr/lib/gcc/avr/4.5.3/../../../avr/lib/avr5/libc.a(eewr_word_atmega168.o)
                              main.o (__eewr_word_m168)
/usr/lib/gcc/avr/4.5.3/../../../avr/lib/avr5/libc.a(strrev.o)
                              /usr/lib/gcc/avr/4.5.3/../../../avr/lib/avr5/libc.a(itoa.o) (strrev)
/usr/lib/gcc/avr/4.5.3/../../../avr/lib/avr5/libc.a(eerd_block_atmega168.o)
                              /usr/lib/gcc/avr/4.5.3/../../../avr/lib/avr5/libc.a(eerd_word_atmega168.o) (__eerd_blraw_m168)

Allocating common symbols
Common symbol       size              file

resis680mi          0x2               main.o
PartReady           0x1               main.o
NumOfDiodes         0x1               main.o
PartMode            0x1               main.o
PartFound           0x1               main.o
resis680pl          0x2               main.o
tmpval              0x1               main.o
mess_count          0x1               main.o
outval              0xc               main.o
resis               0x24              main.o
ADCconfig           0x6               main.o
pin_rpl             0x2               main.o
ref_mv              0x2               main.o
tmpval2             0x1               main.o
pin_rmi             0x2               main.o
WithReference       0x1               main.o
empty_count         0x1               main.o
ii                  0x1               main.o
pin_combination     0x1               main.o
ovcnt16             0x2               main.o
trans               0xf               main.o
ResistorsFound      0x1               main.o
gthvoltage          0x2               main.o
unfinished          0x1               main.o
cap                 0x12              main.o
load_diff           0x2               main.o
diodes              0x18              main.o

Memory Configuration

Name             Origin             Length             Attributes
text             0x0000000000000000 0x0000000000020000 xr
data             0x0000000000800060 0x000000000000ffa0 rw !x
eeprom           0x0000000000810000 0x0000000000010000 rw !x
fuse             0x0000000000820000 0x0000000000000400 rw !x
lock             0x0000000000830000 0x0000000000000400 rw !x
signature        0x0000000000840000 0x0000000000000400 rw !x
*default*        0x0000000000000000 0xffffffffffffffff

Linker script and memory map

Address of section .data set to 0x800100
LOAD /usr/lib/gcc/avr/4.5.3/../../../avr/lib/avr5/crtm168.o
LOAD lcd-routines.o
LOAD lcd_hw_4_bit.o
LOAD main.o
LOAD swuart.o
LOAD wait1000ms.o
LOAD ReadCapacity.o
LOAD ReadInductance.o
LOAD ReadADC.o
LOAD GetESR.o
LOAD Calibrate_UR.o
LOAD /usr/lib/gcc/avr/4.5.3/avr5/libgcc.a
LOAD /usr/lib/gcc/avr/4.5.3/../../../avr/lib/avr5/libc.a
LOAD /usr/lib/gcc/avr/4.5.3/avr5/libgcc.a

.hash
 *(.hash)

.dynsym
 *(.dynsym)

.dynstr
 *(.dynstr)

.gnu.version
 *(.gnu.version)

.gnu.version_d
 *(.gnu.version_d)

.gnu.version_r
 *(.gnu.version_r)

.rel.init
 *(.rel.init)

.rela.init
 *(.rela.init)

.rel.text
 *(.rel.text)
 *(.rel.text.*)
 *(.rel.gnu.linkonce.t*)

.rela.text
 *(.rela.text)
 *(.rela.text.*)
 *(.rela.gnu.linkonce.t*)

.rel.fini
 *(.rel.fini)

.rela.fini
 *(.rela.fini)

.rel.rodata
 *(.rel.rodata)
 *(.rel.rodata.*)
 *(.rel.gnu.linkonce.r*)

.rela.rodata
 *(.rela.rodata)
 *(.rela.rodata.*)
 *(.rela.gnu.linkonce.r*)

.rel.data
 *(.rel.data)
 *(.rel.data.*)
 *(.rel.gnu.linkonce.d*)

.rela.data
 *(.rela.data)
 *(.rela.data.*)
 *(.rela.gnu.linkonce.d*)

.rel.ctors
 *(.rel.ctors)

.rela.ctors
 *(.rela.ctors)

.rel.dtors
 *(.rel.dtors)

.rela.dtors
 *(.rela.dtors)

.rel.got
 *(.rel.got)

.rela.got
 *(.rela.got)

.rel.bss
 *(.rel.bss)

.rela.bss
 *(.rela.bss)

.rel.plt
 *(.rel.plt)

.rela.plt
 *(.rela.plt)

.text           0x0000000000000000     0x3e54
 *(.vectors)
 .vectors       0x0000000000000000       0x68 /usr/lib/gcc/avr/4.5.3/../../../avr/lib/avr5/crtm168.o
                0x0000000000000000                __vectors
                0x0000000000000000                __vector_default
 *(.vectors)
 *(.progmem.gcc*)
 *(.progmem*)
 .progmem.data  0x0000000000000068       0xb7 main.o
                0x0000000000000068                LogTab
                0x00000000000000c6                SELFTEST
                0x00000000000000d6                RELPROBE
                0x00000000000000e5                URefT
                0x00000000000000ea                RHfakt
                0x00000000000000ef                RH1L
                0x00000000000000f3                RH1H
                0x00000000000000f7                RLRL
                0x0000000000000105                RHRH
                0x0000000000000113                RHRL
                0x0000000000000119                T50HZ
                0x0000000000000120                . = ALIGN (0x2)
 *fill*         0x000000000000011f        0x1 00
                0x0000000000000120                __trampolines_start = .
 *(.trampolines)
 .trampolines   0x0000000000000120        0x0 linker stubs
 *(.trampolines*)
                0x0000000000000120                __trampolines_end = .
 *(.jumptables)
 *(.jumptables*)
 *(.lowtext)
 *(.lowtext*)
                0x0000000000000120                __ctors_start = .
 *(.ctors)
                0x0000000000000120                __ctors_end = .
                0x0000000000000120                __dtors_start = .
 *(.dtors)
                0x0000000000000120                __dtors_end = .
 SORT(*)(.ctors)
 SORT(*)(.dtors)
 *(.init0)
 .init0         0x0000000000000120        0x0 /usr/lib/gcc/avr/4.5.3/../../../avr/lib/avr5/crtm168.o
                0x0000000000000120                __init
 *(.init0)
 *(.init1)
 *(.init1)
 *(.init2)
 .init2         0x0000000000000120        0xc /usr/lib/gcc/avr/4.5.3/../../../avr/lib/avr5/crtm168.o
 *(.init2)
 *(.init3)
 *(.init3)
 *(.init4)
 .init4         0x000000000000012c       0x16 /usr/lib/gcc/avr/4.5.3/avr5/libgcc.a(_copy_data.o)
                0x000000000000012c                __do_copy_data
 .init4         0x0000000000000142       0x10 /usr/lib/gcc/avr/4.5.3/avr5/libgcc.a(_clear_bss.o)
                0x0000000000000142                __do_clear_bss
 *(.init4)
 *(.init5)
 *(.init5)
 *(.init6)
 *(.init6)
 *(.init7)
 *(.init7)
 *(.init8)
 *(.init8)
 *(.init9)
 .init9         0x0000000000000152        0x8 /usr/lib/gcc/avr/4.5.3/../../../avr/lib/avr5/crtm168.o
 *(.init9)
 *(.text)
 .text          0x000000000000015a        0x4 /usr/lib/gcc/avr/4.5.3/../../../avr/lib/avr5/crtm168.o
                0x000000000000015a                __vector_22
                0x000000000000015a                __vector_1
                0x000000000000015a                __vector_24
                0x000000000000015a                __vector_12
                0x000000000000015a                __bad_interrupt
                0x000000000000015a                __vector_6
                0x000000000000015a                __vector_3
                0x000000000000015a                __vector_23
                0x000000000000015a                __vector_25
                0x000000000000015a                __vector_11
                0x000000000000015a                __vector_17
                0x000000000000015a                __vector_19
                0x000000000000015a                __vector_5
                0x000000000000015a                __vector_4
                0x000000000000015a                __vector_9
                0x000000000000015a                __vector_2
                0x000000000000015a                __vector_15
                0x000000000000015a                __vector_8
                0x000000000000015a                __vector_14
                0x000000000000015a                __vector_16
                0x000000000000015a                __vector_18
                0x000000000000015a                __vector_20
 .text          0x000000000000015e      0x1b2 lcd-routines.o
                0x000000000000015e                lcd_data
                0x00000000000001c8                lcd_space
                0x00000000000001d0                lcd_testpin
                0x00000000000001d8                uart_newline
                0x00000000000001e6                lcd_command
                0x0000000000000206                lcd_clear
                0x0000000000000220                lcd_init
                0x0000000000000278                lcd_string
                0x00000000000002a0                lcd_pgm_string
                0x00000000000002c0                lcd_fix_string
                0x00000000000002e2                lcd_fix_customchar
 .text          0x0000000000000310       0x5c lcd_hw_4_bit.o
                0x0000000000000310                _lcd_hw_write
 .text          0x000000000000036c     0x2434 main.o
                0x000000000000036c                __vector_7
                0x000000000000036e                __vector_21
                0x0000000000000370                EntladePins
                0x00000000000004a6                RefVoltage
                0x0000000000000546                lcd_clear_line
                0x0000000000000556                DisplayValue
                0x00000000000006c2                RvalOut
                0x00000000000006f6                mVAusgabe
                0x0000000000000726                UfAusgabe
                0x000000000000074e                sleep_5ms
                0x0000000000000794                ChargePin10ms
                0x00000000000007ca                CheckPins
                0x0000000000001550                PinLayout
                0x00000000000015b6                AutoCheck
                0x0000000000001e0c                main
 .text          0x00000000000027a0       0x2a swuart.o
                0x00000000000027a0                uart_putc
 .text          0x00000000000027ca       0x4a wait1000ms.o
                0x00000000000027ca                wait5s
                0x00000000000027cc                wait4s
                0x00000000000027ce                wait3s
                0x00000000000027d0                wait2s
                0x00000000000027d2                wait1000ms
                0x00000000000027d2                wait1s
                0x00000000000027d4                wait500ms
                0x00000000000027d6                wait400ms
                0x00000000000027d8                wait300ms
                0x00000000000027da                wait200ms
                0x00000000000027dc                wait100ms
                0x00000000000027e0                wait50ms
                0x00000000000027e2                wait40ms
                0x00000000000027e4                wait30ms
                0x00000000000027e6                wait20ms
                0x00000000000027e8                wait10ms
                0x00000000000027ea                wait5ms
                0x00000000000027ec                wait4ms
                0x00000000000027ee                wait3ms
                0x00000000000027f0                wait2ms
                0x00000000000027f2                wait1ms
                0x00000000000027f4                wait500us
                0x00000000000027f6                wait400us
                0x00000000000027f8                wait300us
                0x00000000000027fa                wait200us
                0x00000000000027fc                wait100us
                0x00000000000027fe                wait50us
                0x0000000000002800                wait40us
                0x0000000000002802                wait30us
                0x0000000000002804                wait20us
                0x0000000000002806                wait10us
                0x0000000000002808                wait5us
                0x000000000000280a                wait4us
                0x000000000000280c                wait3us
                0x000000000000280e                wait2us
                0x0000000000002810                wait1us
 .text          0x0000000000002814      0x6dc ReadCapacity.o
                0x0000000000002814                getRLmultip
                0x0000000000002898                Scale_C_with_vcc
                0x0000000000002938                ReadCapacity
                0x0000000000002eaa                __vector_13
                0x0000000000002ed8                __vector_10
 .text          0x0000000000002ef0      0x55a ReadInductance.o
                0x0000000000002ef0                get_log
                0x0000000000002f42                ReadInductance
 .text          0x000000000000344a      0x12a ReadADC.o
                0x000000000000344a                ReadADC
                0x0000000000003532                W5msReadADC
                0x0000000000003548                W10msReadADC
                0x000000000000355e                W20msReadADC
 .text          0x0000000000003574      0x4ee GetESR.o
                0x0000000000003574                GetESR
 .text          0x0000000000003a62      0x206 Calibrate_UR.o
                0x0000000000003a62                Calibrate_UR
 .text          0x0000000000003c68        0x0 /usr/lib/gcc/avr/4.5.3/avr5/libgcc.a(_mulsi3.o)
 .text          0x0000000000003c68        0x0 /usr/lib/gcc/avr/4.5.3/avr5/libgcc.a(_udivmodqi4.o)
 .text          0x0000000000003c68        0x0 /usr/lib/gcc/avr/4.5.3/avr5/libgcc.a(_udivmodhi4.o)
 .text          0x0000000000003c68        0x0 /usr/lib/gcc/avr/4.5.3/avr5/libgcc.a(_udivmodsi4.o)
 .text          0x0000000000003c68        0x0 /usr/lib/gcc/avr/4.5.3/avr5/libgcc.a(_divmodsi4.o)
 .text          0x0000000000003c68        0x0 /usr/lib/gcc/avr/4.5.3/avr5/libgcc.a(_exit.o)
 .text          0x0000000000003c68        0x0 /usr/lib/gcc/avr/4.5.3/avr5/libgcc.a(_copy_data.o)
 .text          0x0000000000003c68        0x0 /usr/lib/gcc/avr/4.5.3/avr5/libgcc.a(_clear_bss.o)
 .text          0x0000000000003c68        0x0 /usr/lib/gcc/avr/4.5.3/../../../avr/lib/avr5/libc.a(itoa.o)
 .text          0x0000000000003c68        0x0 /usr/lib/gcc/avr/4.5.3/../../../avr/lib/avr5/libc.a(utoa.o)
 .text          0x0000000000003c68        0x0 /usr/lib/gcc/avr/4.5.3/../../../avr/lib/avr5/libc.a(eerd_byte_atmega168.o)
 .text          0x0000000000003c68        0x0 /usr/lib/gcc/avr/4.5.3/../../../avr/lib/avr5/libc.a(eerd_word_atmega168.o)
 .text          0x0000000000003c68        0x0 /usr/lib/gcc/avr/4.5.3/../../../avr/lib/avr5/libc.a(eewr_byte_atmega168.o)
 .text          0x0000000000003c68        0x0 /usr/lib/gcc/avr/4.5.3/../../../avr/lib/avr5/libc.a(eewr_word_atmega168.o)
 .text          0x0000000000003c68        0x0 /usr/lib/gcc/avr/4.5.3/../../../avr/lib/avr5/libc.a(strrev.o)
 .text          0x0000000000003c68        0x0 /usr/lib/gcc/avr/4.5.3/../../../avr/lib/avr5/libc.a(eerd_block_atmega168.o)
                0x0000000000003c68                . = ALIGN (0x2)
 *(.text.*)
 .text.libgcc   0x0000000000003c68       0x3e /usr/lib/gcc/avr/4.5.3/avr5/libgcc.a(_mulsi3.o)
                0x0000000000003c68                __mulsi3
 .text.libgcc   0x0000000000003ca6       0x18 /usr/lib/gcc/avr/4.5.3/avr5/libgcc.a(_udivmodqi4.o)
                0x0000000000003ca6                __udivmodqi4
 .text.libgcc   0x0000000000003cbe       0x28 /usr/lib/gcc/avr/4.5.3/avr5/libgcc.a(_udivmodhi4.o)
                0x0000000000003cbe                __udivmodhi4
 .text.libgcc   0x0000000000003ce6       0x44 /usr/lib/gcc/avr/4.5.3/avr5/libgcc.a(_udivmodsi4.o)
                0x0000000000003ce6                __udivmodsi4
 .text.libgcc   0x0000000000003d2a       0x36 /usr/lib/gcc/avr/4.5.3/avr5/libgcc.a(_divmodsi4.o)
                0x0000000000003d2a                __divmodsi4
 .text.libgcc   0x0000000000003d60        0x0 /usr/lib/gcc/avr/4.5.3/avr5/libgcc.a(_exit.o)
 .text.libgcc   0x0000000000003d60        0x0 /usr/lib/gcc/avr/4.5.3/avr5/libgcc.a(_copy_data.o)
 .text.libgcc   0x0000000000003d60        0x0 /usr/lib/gcc/avr/4.5.3/avr5/libgcc.a(_clear_bss.o)
 .text.avr-libc
                0x0000000000003d60       0x42 /usr/lib/gcc/avr/4.5.3/../../../avr/lib/avr5/libc.a(itoa.o)
                0x0000000000003d60                itoa
 .text.avr-libc
                0x0000000000003da2       0x2c /usr/lib/gcc/avr/4.5.3/../../../avr/lib/avr5/libc.a(utoa.o)
                0x0000000000003da2                utoa
 .text.avr-libc
                0x0000000000003dce       0x10 /usr/lib/gcc/avr/4.5.3/../../../avr/lib/avr5/libc.a(eerd_byte_atmega168.o)
                0x0000000000003dce                __eerd_byte_m168
 .text.avr-libc
                0x0000000000003dde        0xc /usr/lib/gcc/avr/4.5.3/../../../avr/lib/avr5/libc.a(eerd_word_atmega168.o)
                0x0000000000003dde                __eerd_word_m168
 .text.avr-libc
                0x0000000000003dea       0x1c /usr/lib/gcc/avr/4.5.3/../../../avr/lib/avr5/libc.a(eewr_byte_atmega168.o)
                0x0000000000003dea                __eewr_byte_m168
                0x0000000000003dec                __eewr_r18_m168
 .text.avr-libc
                0x0000000000003e06        0xa /usr/lib/gcc/avr/4.5.3/../../../avr/lib/avr5/libc.a(eewr_word_atmega168.o)
                0x0000000000003e06                __eewr_word_m168
 .text.avr-libc
                0x0000000000003e10       0x20 /usr/lib/gcc/avr/4.5.3/../../../avr/lib/avr5/libc.a(strrev.o)
                0x0000000000003e10                strrev
 .text.avr-libc
                0x0000000000003e30       0x20 /usr/lib/gcc/avr/4.5.3/../../../avr/lib/avr5/libc.a(eerd_block_atmega168.o)
                0x0000000000003e30                __eerd_block_m168
                0x0000000000003e34                __eerd_blraw_m168
                0x0000000000003e50                . = ALIGN (0x2)
 *(.fini9)
 .fini9         0x0000000000003e50        0x0 /usr/lib/gcc/avr/4.5.3/avr5/libgcc.a(_exit.o)
                0x0000000000003e50                exit
                0x0000000000003e50                _exit
 *(.fini9)
 *(.fini8)
 *(.fini8)
 *(.fini7)
 *(.fini7)
 *(.fini6)
 *(.fini6)
 *(.fini5)
 *(.fini5)
 *(.fini4)
 *(.fini4)
 *(.fini3)
 *(.fini3)
 *(.fini2)
 *(.fini2)
 *(.fini1)
 *(.fini1)
 *(.fini0)
 .fini0         0x0000000000003e50        0x4 /usr/lib/gcc/avr/4.5.3/avr5/libgcc.a(_exit.o)
 *(.fini0)
                0x0000000000003e54                _etext = .

.data           0x0000000000800100        0x2 load address 0x0000000000003e54
                0x0000000000800100                PROVIDE (__data_start, .)
 *(.data)
 .data          0x0000000000800100        0x0 /usr/lib/gcc/avr/4.5.3/../../../avr/lib/avr5/crtm168.o
 .data          0x0000000000800100        0x0 lcd-routines.o
 .data          0x0000000000800100        0x0 lcd_hw_4_bit.o
 .data          0x0000000000800100        0x2 main.o
                0x0000000000800100                RHmultip
 .data          0x0000000000800102        0x0 swuart.o
 .data          0x0000000000800102        0x0 wait1000ms.o
 .data          0x0000000000800102        0x0 ReadCapacity.o
 .data          0x0000000000800102        0x0 ReadInductance.o
 .data          0x0000000000800102        0x0 ReadADC.o
 .data          0x0000000000800102        0x0 GetESR.o
 .data          0x0000000000800102        0x0 Calibrate_UR.o
 .data          0x0000000000800102        0x0 /usr/lib/gcc/avr/4.5.3/avr5/libgcc.a(_mulsi3.o)
 .data          0x0000000000800102        0x0 /usr/lib/gcc/avr/4.5.3/avr5/libgcc.a(_udivmodqi4.o)
 .data          0x0000000000800102        0x0 /usr/lib/gcc/avr/4.5.3/avr5/libgcc.a(_udivmodhi4.o)
 .data          0x0000000000800102        0x0 /usr/lib/gcc/avr/4.5.3/avr5/libgcc.a(_udivmodsi4.o)
 .data          0x0000000000800102        0x0 /usr/lib/gcc/avr/4.5.3/avr5/libgcc.a(_divmodsi4.o)
 .data          0x0000000000800102        0x0 /usr/lib/gcc/avr/4.5.3/avr5/libgcc.a(_exit.o)
 .data          0x0000000000800102        0x0 /usr/lib/gcc/avr/4.5.3/avr5/libgcc.a(_copy_data.o)
 .data          0x0000000000800102        0x0 /usr/lib/gcc/avr/4.5.3/avr5/libgcc.a(_clear_bss.o)
 .data          0x0000000000800102        0x0 /usr/lib/gcc/avr/4.5.3/../../../avr/lib/avr5/libc.a(itoa.o)
 .data          0x0000000000800102        0x0 /usr/lib/gcc/avr/4.5.3/../../../avr/lib/avr5/libc.a(utoa.o)
 .data          0x0000000000800102        0x0 /usr/lib/gcc/avr/4.5.3/../../../avr/lib/avr5/libc.a(eerd_byte_atmega168.o)
 .data          0x0000000000800102        0x0 /usr/lib/gcc/avr/4.5.3/../../../avr/lib/avr5/libc.a(eerd_word_atmega168.o)
 .data          0x0000000000800102        0x0 /usr/lib/gcc/avr/4.5.3/../../../avr/lib/avr5/libc.a(eewr_byte_atmega168.o)
 .data          0x0000000000800102        0x0 /usr/lib/gcc/avr/4.5.3/../../../avr/lib/avr5/libc.a(eewr_word_atmega168.o)
 .data          0x0000000000800102        0x0 /usr/lib/gcc/avr/4.5.3/../../../avr/lib/avr5/libc.a(strrev.o)
 .data          0x0000000000800102        0x0 /usr/lib/gcc/avr/4.5.3/../../../avr/lib/avr5/libc.a(eerd_block_atmega168.o)
 *(.data*)
 *(.rodata)
 *(.rodata*)
 *(.gnu.linkonce.d*)
                0x0000000000800102                . = ALIGN (0x2)
                0x0000000000800102                _edata = .
                0x0000000000800102                PROVIDE (__data_end, .)

.bss            0x0000000000800102       0x8c
                0x0000000000800102                PROVIDE (__bss_start, .)
 *(.bss)
 .bss           0x0000000000800102        0x0 /usr/lib/gcc/avr/4.5.3/../../../avr/lib/avr5/crtm168.o
 .bss           0x0000000000800102        0x0 lcd-routines.o
 .bss           0x0000000000800102        0x0 lcd_hw_4_bit.o
 .bss           0x0000000000800102        0x0 main.o
 .bss           0x0000000000800102        0x0 swuart.o
 .bss           0x0000000000800102        0x0 wait1000ms.o
 .bss           0x0000000000800102        0x0 ReadCapacity.o
 .bss           0x0000000000800102        0x0 ReadInductance.o
 .bss           0x0000000000800102        0x0 ReadADC.o
 .bss           0x0000000000800102        0x0 GetESR.o
 .bss           0x0000000000800102        0x0 Calibrate_UR.o
 .bss           0x0000000000800102        0x0 /usr/lib/gcc/avr/4.5.3/avr5/libgcc.a(_mulsi3.o)
 .bss           0x0000000000800102        0x0 /usr/lib/gcc/avr/4.5.3/avr5/libgcc.a(_udivmodqi4.o)
 .bss           0x0000000000800102        0x0 /usr/lib/gcc/avr/4.5.3/avr5/libgcc.a(_udivmodhi4.o)
 .bss           0x0000000000800102        0x0 /usr/lib/gcc/avr/4.5.3/avr5/libgcc.a(_udivmodsi4.o)
 .bss           0x0000000000800102        0x0 /usr/lib/gcc/avr/4.5.3/avr5/libgcc.a(_divmodsi4.o)
 .bss           0x0000000000800102        0x0 /usr/lib/gcc/avr/4.5.3/avr5/libgcc.a(_exit.o)
 .bss           0x0000000000800102        0x0 /usr/lib/gcc/avr/4.5.3/avr5/libgcc.a(_copy_data.o)
 .bss           0x0000000000800102        0x0 /usr/lib/gcc/avr/4.5.3/avr5/libgcc.a(_clear_bss.o)
 .bss           0x0000000000800102        0x0 /usr/lib/gcc/avr/4.5.3/../../../avr/lib/avr5/libc.a(itoa.o)
 .bss           0x0000000000800102        0x0 /usr/lib/gcc/avr/4.5.3/../../../avr/lib/avr5/libc.a(utoa.o)
 .bss           0x0000000000800102        0x0 /usr/lib/gcc/avr/4.5.3/../../../avr/lib/avr5/libc.a(eerd_byte_atmega168.o)
 .bss           0x0000000000800102        0x0 /usr/lib/gcc/avr/4.5.3/../../../avr/lib/avr5/libc.a(eerd_word_atmega168.o)
 .bss           0x0000000000800102        0x0 /usr/lib/gcc/avr/4.5.3/../../../avr/lib/avr5/libc.a(eewr_byte_atmega168.o)
 .bss           0x0000000000800102        0x0 /usr/lib/gcc/avr/4.5.3/../../../avr/lib/avr5/libc.a(eewr_word_atmega168.o)
 .bss           0x0000000000800102        0x0 /usr/lib/gcc/avr/4.5.3/../../../avr/lib/avr5/libc.a(strrev.o)
 .bss           0x0000000000800102        0x0 /usr/lib/gcc/avr/4.5.3/../../../avr/lib/avr5/libc.a(eerd_block_atmega168.o)
 *(.bss*)
 *(COMMON)
 COMMON         0x0000000000800102       0x8c main.o
                0x0000000000800102                resis680mi
                0x0000000000800104                PartReady
                0x0000000000800105                NumOfDiodes
                0x0000000000800106                PartMode
                0x0000000000800107                PartFound
                0x0000000000800108                resis680pl
                0x000000000080010a                tmpval
                0x000000000080010b                mess_count
                0x000000000080010c                outval
                0x0000000000800118                resis
                0x000000000080013c                ADCconfig
                0x0000000000800142                pin_rpl
                0x0000000000800144                ref_mv
                0x0000000000800146                tmpval2
                0x0000000000800147                pin_rmi
                0x0000000000800149                WithReference
                0x000000000080014a                empty_count
                0x000000000080014b                ii
                0x000000000080014c                pin_combination
                0x000000000080014d                ovcnt16
                0x000000000080014f                trans
                0x000000000080015e                ResistorsFound
                0x000000000080015f                gthvoltage
                0x0000000000800161                unfinished
                0x0000000000800162                cap
                0x0000000000800174                load_diff
                0x0000000000800176                diodes
                0x000000000080018e                PROVIDE (__bss_end, .)
                0x0000000000003e54                __data_load_start = LOADADDR (.data)
                0x0000000000003e56                __data_load_end = (__data_load_start + SIZEOF (.data))

.noinit         0x000000000080018e        0x0
                0x000000000080018e                PROVIDE (__noinit_start, .)
 *(.noinit*)
                0x000000000080018e                PROVIDE (__noinit_end, .)
                0x000000000080018e                _end = .
                0x000000000080018e                PROVIDE (__heap_start, .)

.eeprom         0x0000000000810000      0x1bf
 *(.eeprom*)
 .eeprom        0x0000000000810000      0x1bf main.o
                0x0000000000810000                RLtab
                0x000000000081005a                RHtab
                0x000000000081006c                TestRunning
                0x0000000000810077                BatWeak
                0x000000000081007c                BatEmpty
                0x0000000000810083                TestFailed2
                0x000000000081008c                Bauteil
                0x0000000000810091                Diode
                0x0000000000810099                Triac
                0x000000000081009f                Thyristor
                0x00000000008100a9                Unknown
                0x00000000008100b2                TestFailed1
                0x00000000008100c2                OrBroken
                0x00000000008100ce                TestTimedOut
                0x00000000008100d7                ATE
                0x00000000008100e0                Bat_str
                0x00000000008100e6                OK_str
                0x00000000008100e9                mosfet_str
                0x00000000008100ee                jfet_str
                0x00000000008100f3                GateCap_str
                0x00000000008100f6                hfe_str
                0x00000000008100f9                NPN_str
                0x00000000008100fe                PNP_str
                0x0000000000810103                N123_str
                0x0000000000810109                Uf_str
                0x000000000081010d                vt_str
                0x0000000000810112                Vgs_str
                0x0000000000810118                CapZeich
                0x000000000081011c                Cell_str
                0x0000000000810122                VCC_str
                0x0000000000810127                ESR_str
                0x000000000081012d                EPR_str
                0x0000000000810134                Lis_str
                0x0000000000810137                AnKat
                0x000000000081013b                KatAn
                0x000000000081013f                Dioden
                0x0000000000810144                Resistor_str
                0x0000000000810149                VERSION_str
                0x0000000000810157                RIHI
                0x000000000081015e                RILO
                0x0000000000810165                C0_str
                0x0000000000810169                MinCap_str
                0x0000000000810171                REF_C_str
                0x0000000000810178                REF_R_str
                0x000000000081017f                DiodeIcon1
                0x0000000000810187                DiodeIcon2
                0x000000000081018f                CapIcon
                0x0000000000810197                ResIcon1
                0x000000000081019f                ResIcon2
                0x00000000008101a7                PinRLtab
                0x00000000008101aa                PinADCtab
                0x00000000008101ad                RefDiff
                0x00000000008101ae                PrefixTab
                0x00000000008101b5                ref_offset
                0x00000000008101b7                c_zero_tab
                0x00000000008101be                EE_ESR_ZERO
                0x00000000008101bf                __eeprom_end = .

.fuse
 *(.fuse)
 *(.lfuse)
 *(.hfuse)
 *(.efuse)

.lock
 *(.lock*)

.signature
 *(.signature*)

.stab           0x0000000000000000      0xdbc
 *(.stab)
 .stab          0x0000000000000000      0x6cc /usr/lib/gcc/avr/4.5.3/../../../avr/lib/avr5/crtm168.o
 .stab          0x00000000000006cc      0x1b0 /usr/lib/gcc/avr/4.5.3/../../../avr/lib/avr5/libc.a(itoa.o)
                                        0x1bc (size before relaxing)
 .stab          0x000000000000087c      0x12c /usr/lib/gcc/avr/4.5.3/../../../avr/lib/avr5/libc.a(utoa.o)
                                        0x138 (size before relaxing)
 .stab          0x00000000000009a8       0x90 /usr/lib/gcc/avr/4.5.3/../../../avr/lib/avr5/libc.a(eerd_byte_atmega168.o)
                                         0x9c (size before relaxing)
 .stab          0x0000000000000a38       0x6c /usr/lib/gcc/avr/4.5.3/../../../avr/lib/avr5/libc.a(eerd_word_atmega168.o)
                                         0x78 (size before relaxing)
 .stab          0x0000000000000aa4       0xe4 /usr/lib/gcc/avr/4.5.3/../../../avr/lib/avr5/libc.a(eewr_byte_atmega168.o)
                                         0xf0 (size before relaxing)
 .stab          0x0000000000000b88       0x54 /usr/lib/gcc/avr/4.5.3/../../../avr/lib/avr5/libc.a(eewr_word_atmega168.o)
                                         0x60 (size before relaxing)
 .stab          0x0000000000000bdc       0xd8 /usr/lib/gcc/avr/4.5.3/../../../avr/lib/avr5/libc.a(strrev.o)
                                         0xe4 (size before relaxing)
 .stab          0x0000000000000cb4      0x108 /usr/lib/gcc/avr/4.5.3/../../../avr/lib/avr5/libc.a(eerd_block_atmega168.o)
                                        0x114 (size before relaxing)

.stabstr        0x0000000000000000      0x1d2
 *(.stabstr)
 .stabstr       0x0000000000000000      0x1d2 /usr/lib/gcc/avr/4.5.3/../../../avr/lib/avr5/crtm168.o

.stab.excl
 *(.stab.excl)

.stab.exclstr
 *(.stab.exclstr)

.stab.index
 *(.stab.index)

.stab.indexstr
 *(.stab.indexstr)

.comment
 *(.comment)

.debug
 *(.debug)

.line
 *(.line)

.debug_srcinfo
 *(.debug_srcinfo)

.debug_sfnames
 *(.debug_sfnames)

.debug_aranges  0x0000000000000000       0xe0
 *(.debug_aranges)
 .debug_aranges
                0x0000000000000000       0x20 lcd-routines.o
 .debug_aranges
                0x0000000000000020       0x20 main.o
 .debug_aranges
                0x0000000000000040       0x20 ReadCapacity.o
 .debug_aranges
                0x0000000000000060       0x20 ReadInductance.o
 .debug_aranges
                0x0000000000000080       0x20 ReadADC.o
 .debug_aranges
                0x00000000000000a0       0x20 GetESR.o
 .debug_aranges
                0x00000000000000c0       0x20 Calibrate_UR.o

.debug_pubnames
                0x0000000000000000      0x78f
 *(.debug_pubnames)
 .debug_pubnames
                0x0000000000000000       0xc5 lcd-routines.o
 .debug_pubnames
                0x00000000000000c5      0x5a1 main.o
 .debug_pubnames
                0x0000000000000666       0x68 ReadCapacity.o
 .debug_pubnames
                0x00000000000006ce       0x31 ReadInductance.o
 .debug_pubnames
                0x00000000000006ff       0x50 ReadADC.o
 .debug_pubnames
                0x000000000000074f       0x1d GetESR.o
 .debug_pubnames
                0x000000000000076c       0x23 Calibrate_UR.o

.debug_info     0x0000000000000000     0x2c26
 *(.debug_info)
 .debug_info    0x0000000000000000      0x264 lcd-routines.o
 .debug_info    0x0000000000000264     0x1834 main.o
 .debug_info    0x0000000000001a98      0x54c ReadCapacity.o
 .debug_info    0x0000000000001fe4      0x4de ReadInductance.o
 .debug_info    0x00000000000024c2      0x1d2 ReadADC.o
 .debug_info    0x0000000000002694      0x30d GetESR.o
 .debug_info    0x00000000000029a1      0x285 Calibrate_UR.o
 *(.gnu.linkonce.wi.*)

.debug_abbrev   0x0000000000000000      0x8ef
 *(.debug_abbrev)
 .debug_abbrev  0x0000000000000000       0xbe lcd-routines.o
 .debug_abbrev  0x00000000000000be      0x2ae main.o
 .debug_abbrev  0x000000000000036c      0x19a ReadCapacity.o
 .debug_abbrev  0x0000000000000506      0x167 ReadInductance.o
 .debug_abbrev  0x000000000000066d       0xb9 ReadADC.o
 .debug_abbrev  0x0000000000000726      0x102 GetESR.o
 .debug_abbrev  0x0000000000000828       0xc7 Calibrate_UR.o

.debug_line     0x0000000000000000     0x3756
 *(.debug_line)
 .debug_line    0x0000000000000000      0x309 lcd-routines.o
 .debug_line    0x0000000000000309     0x20e3 main.o
 .debug_line    0x00000000000023ec      0x5d8 ReadCapacity.o
 .debug_line    0x00000000000029c4      0x464 ReadInductance.o
 .debug_line    0x0000000000002e28      0x1e8 ReadADC.o
 .debug_line    0x0000000000003010      0x505 GetESR.o
 .debug_line    0x0000000000003515      0x241 Calibrate_UR.o

.debug_frame    0x0000000000000000      0x2e0
 *(.debug_frame)
 .debug_frame   0x0000000000000000       0xc0 lcd-routines.o
 .debug_frame   0x00000000000000c0      0x100 main.o
 .debug_frame   0x00000000000001c0       0x60 ReadCapacity.o
 .debug_frame   0x0000000000000220       0x30 ReadInductance.o
 .debug_frame   0x0000000000000250       0x50 ReadADC.o
 .debug_frame   0x00000000000002a0       0x20 GetESR.o
 .debug_frame   0x00000000000002c0       0x20 Calibrate_UR.o

.debug_str      0x0000000000000000      0x955
 *(.debug_str)
 .debug_str     0x0000000000000000      0x15e lcd-routines.o
                                        0x19c (size before relaxing)
 .debug_str     0x000000000000015e      0x5fa main.o
                                        0x704 (size before relaxing)
 .debug_str     0x0000000000000758       0xa3 ReadCapacity.o
                                        0x2b0 (size before relaxing)
 .debug_str     0x00000000000007fb       0x9e ReadInductance.o
                                        0x26d (size before relaxing)
 .debug_str     0x0000000000000899       0x40 ReadADC.o
                                        0x158 (size before relaxing)
 .debug_str     0x00000000000008d9       0x4f GetESR.o
                                        0x1b6 (size before relaxing)
 .debug_str     0x0000000000000928       0x2d Calibrate_UR.o
                                        0x18c (size before relaxing)

.debug_loc      0x0000000000000000     0x15e7
 *(.debug_loc)
 .debug_loc     0x0000000000000000      0x1e1 lcd-routines.o
 .debug_loc     0x00000000000001e1      0xaca main.o
 .debug_loc     0x0000000000000cab      0x20c ReadCapacity.o
 .debug_loc     0x0000000000000eb7      0x3f3 ReadInductance.o
 .debug_loc     0x00000000000012aa      0x131 ReadADC.o
 .debug_loc     0x00000000000013db      0x160 GetESR.o
 .debug_loc     0x000000000000153b       0xac Calibrate_UR.o

.debug_macinfo
 *(.debug_macinfo)
OUTPUT(TransistorTester.elf elf32-avr)
LOAD linker stubs

.debug_pubtypes
                0x0000000000000000      0x24a
 .debug_pubtypes
                0x0000000000000000       0x2b lcd-routines.o
 .debug_pubtypes
                0x000000000000002b       0x80 main.o
 .debug_pubtypes
                0x00000000000000ab       0x74 ReadCapacity.o
 .debug_pubtypes
                0x000000000000011f       0x5e ReadInductance.o
 .debug_pubtypes
                0x000000000000017d       0x3b ReadADC.o
 .debug_pubtypes
                0x00000000000001b8       0x4c GetESR.o
 .debug_pubtypes
                0x0000000000000204       0x46 Calibrate_UR.o
