Archive member included because of file (symbol)

/usr/lib/gcc/avr/4.8.2/avr5/libgcc.a(_umulhisi3.o)
                              CheckPins.o (__umulhisi3)
/usr/lib/gcc/avr/4.8.2/avr5/libgcc.a(_usmulhisi3.o)
                              main.o (__usmulhisi3)
/usr/lib/gcc/avr/4.8.2/avr5/libgcc.a(_muluhisi3.o)
                              main.o (__muluhisi3)
/usr/lib/gcc/avr/4.8.2/avr5/libgcc.a(_mulsi3.o)
                              ReadADC.o (__mulsi3)
/usr/lib/gcc/avr/4.8.2/avr5/libgcc.a(_udivmodhi4.o)
                              RefVoltage.o (__udivmodhi4)
/usr/lib/gcc/avr/4.8.2/avr5/libgcc.a(_udivmodsi4.o)
                              DisplayValue.o (__udivmodsi4)
/usr/lib/gcc/avr/4.8.2/avr5/libgcc.a(_divmodsi4.o)
                              main.o (__divmodsi4)
/usr/lib/gcc/avr/4.8.2/avr5/libgcc.a(_negsi2.o)
                              /usr/lib/gcc/avr/4.8.2/avr5/libgcc.a(_divmodsi4.o) (__negsi2)
/usr/lib/gcc/avr/4.8.2/avr5/libgcc.a(_prologue.o)
                              lcd-routines.o (__prologue_saves__)
/usr/lib/gcc/avr/4.8.2/avr5/libgcc.a(_epilogue.o)
                              lcd-routines.o (__epilogue_restores__)
/usr/lib/gcc/avr/4.8.2/avr5/libgcc.a(_exit.o)
                              /usr/lib/gcc/avr/4.8.2/../../../avr/lib/avr5/crtm168.o (exit)
/usr/lib/gcc/avr/4.8.2/avr5/libgcc.a(_clear_bss.o)
                              lcd-routines.o (__do_clear_bss)
/usr/lib/gcc/avr/4.8.2/../../../avr/lib/avr5/libc.a(utoa.o)
                              i2lcd.o (utoa)
/usr/lib/gcc/avr/4.8.2/../../../avr/lib/avr5/libc.a(eerd_byte_atmega168.o)
                              lcd-routines.o (__eerd_byte_m168)
/usr/lib/gcc/avr/4.8.2/../../../avr/lib/avr5/libc.a(eewr_byte_atmega168.o)
                              main.o (__eewr_byte_m168)
/usr/lib/gcc/avr/4.8.2/../../../avr/lib/avr5/libc.a(eewr_word_atmega168.o)
                              main.o (__eewr_word_m168)
/usr/lib/gcc/avr/4.8.2/../../../avr/lib/avr5/libc.a(strrev.o)
                              /usr/lib/gcc/avr/4.8.2/../../../avr/lib/avr5/libc.a(utoa.o) (strrev)

Allocating common symbols
Common symbol       size              file

diode_sequence      0x1               main.o
display_time        0x2               main.o
resis680mi          0x2               main.o
ref_mv_offs         0x2               main.o
NumOfDiodes         0x1               main.o
PartMode            0x1               main.o
PartFound           0x1               main.o
resis680pl          0x2               main.o
tmpval              0x1               main.o
inductor_lpre       0x1               lcd-routines.o
mess_count          0x1               main.o
outval              0xa               main.o
ADCconfig           0x6               main.o
pin_rpl             0x2               main.o
ref_mv              0x2               main.o
OutBuffer           0xa               main.o
tmpval2             0x1               main.o
UnCalibrated        0x1               main.o
pin_rmi             0x2               main.o
WithReference       0x1               main.o
_trans              0x2               main.o
last_line_used      0x1               main.o
ntrans              0x10              main.o
empty_count         0x1               main.o
pin_combination     0x1               main.o
ovcnt16             0x2               main.o
cell_mv             0x6               lcd-routines.o
ResistorChecked     0x3               main.o
ResistorList        0x3               main.o
ptrans              0x10              main.o
adc_internal_reference
                    0x2               main.o
ResistorsFound      0x1               main.o
unfinished          0x1               main.o
RHmultip            0x2               main.o
cap                 0x14              main.o
load_diff           0x2               main.o
diodes              0x18              main.o
inductor_lx         0x4               lcd-routines.o
lcd_text_line       0x1               lcd-routines.o
ResistorVal         0xc               main.o

↵
Speichereinrichtung
↵

Name             Ursprung           Länge             Eigenschaften
text             0x0000000000000000 0x0000000000020000 xr
data             0x0000000000800060 0x000000000000ffa0 rw !x
eeprom           0x0000000000810000 0x0000000000010000 rw !x
fuse             0x0000000000820000 0x0000000000000400 rw !x
lock             0x0000000000830000 0x0000000000000400 rw !x
signature        0x0000000000840000 0x0000000000000400 rw !x
user_signatures  0x0000000000850000 0x0000000000000400 rw !x
*default*        0x0000000000000000 0xffffffffffffffff

Linker script and memory map

Address of section .data set to 0x800100
LOAD /usr/lib/gcc/avr/4.8.2/../../../avr/lib/avr5/crtm168.o
LOAD lcd_hw_4_bit.o
LOAD lcd-routines.o
LOAD i2lcd.o
LOAD PinLayout.o
LOAD RvalOut.o
LOAD UfAusgabe.o
LOAD DisplayValue.o
LOAD swuart.o
LOAD wait1000ms.o
LOAD sleep_5ms.o
LOAD ReadADC.o
LOAD wait_for_key_ms.o
LOAD RefVoltage.o
LOAD get_log.o
LOAD main.o
LOAD CheckPins.o
LOAD GetResistance.o
LOAD ChargePin10ms.o
LOAD EntladePins.o
LOAD ReadCapacity.o
LOAD GetRLmultip.o
LOAD Calibrate_UR.o
LOAD ReadInductance.o
LOAD GetESR.o
LOAD GetVloss.o
LOAD GetFrequency.o
LOAD function_menu.o
LOAD message_key_released.o
LOAD ReadBigCap.o
LOAD CheckRotaryEncoder.o
LOAD CalibrationCap.o
LOAD ShowData.o
LOAD EE_check_init.o
START GROUP
LOAD /usr/lib/gcc/avr/4.8.2/avr5/libgcc.a
LOAD /usr/lib/gcc/avr/4.8.2/../../../avr/lib/avr5/libm.a
LOAD /usr/lib/gcc/avr/4.8.2/../../../avr/lib/avr5/libc.a
END GROUP

.hash
 *(.hash)

.dynsym
 *(.dynsym)

.dynstr
 *(.dynstr)

.gnu.version
 *(.gnu.version)

.gnu.version_d
 *(.gnu.version_d)

.gnu.version_r
 *(.gnu.version_r)

.rel.init
 *(.rel.init)

.rela.init
 *(.rela.init)

.rel.text
 *(.rel.text)
 *(.rel.text.*)
 *(.rel.gnu.linkonce.t*)

.rela.text
 *(.rela.text)
 *(.rela.text.*)
 *(.rela.gnu.linkonce.t*)

.rel.fini
 *(.rel.fini)

.rela.fini
 *(.rela.fini)

.rel.rodata
 *(.rel.rodata)
 *(.rel.rodata.*)
 *(.rel.gnu.linkonce.r*)

.rela.rodata
 *(.rela.rodata)
 *(.rela.rodata.*)
 *(.rela.gnu.linkonce.r*)

.rel.data
 *(.rel.data)
 *(.rel.data.*)
 *(.rel.gnu.linkonce.d*)

.rela.data
 *(.rela.data)
 *(.rela.data.*)
 *(.rela.gnu.linkonce.d*)

.rel.ctors
 *(.rel.ctors)

.rela.ctors
 *(.rela.ctors)

.rel.dtors
 *(.rel.dtors)

.rela.dtors
 *(.rela.dtors)

.rel.got
 *(.rel.got)

.rela.got
 *(.rela.got)

.rel.bss
 *(.rel.bss)

.rela.bss
 *(.rela.bss)

.rel.plt
 *(.rel.plt)

.rela.plt
 *(.rela.plt)

.text           0x0000000000000000     0x3f7c
 *(.vectors)
 .vectors       0x0000000000000000       0x68 /usr/lib/gcc/avr/4.8.2/../../../avr/lib/avr5/crtm168.o
                0x0000000000000000                __vectors
                0x0000000000000000                __vector_default
 *(.vectors)
 *(.progmem.gcc*)
 *(.progmem*)
 .progmem.data  0x0000000000000068       0xaa main.o
                0x0000000000000068                REF_R_str
                0x000000000000006f                REF_C_str
                0x0000000000000076                MinCap_str
                0x000000000000007e                PinRLtab
                0x0000000000000081                PinADCtab
                0x0000000000000084                R0_str
                0x0000000000000088                ICEs_str
                0x000000000000008e                ICE0_str
                0x0000000000000094                VERSION_str
                0x00000000000000a2                RHtab
                0x00000000000000b4                LogTab
                0x0000000000000112                . = ALIGN (0x2)
                0x0000000000000112                __trampolines_start = .
 *(.trampolines)
 .trampolines   0x0000000000000112        0x0 linker stubs
 *(.trampolines*)
                0x0000000000000112                __trampolines_end = .
 *(.jumptables)
 *(.jumptables*)
 *(.lowtext)
 *(.lowtext*)
                0x0000000000000112                __ctors_start = .
 *(.ctors)
                0x0000000000000112                __ctors_end = .
                0x0000000000000112                __dtors_start = .
 *(.dtors)
                0x0000000000000112                __dtors_end = .
 SORT(*)(.ctors)
 SORT(*)(.dtors)
 *(.init0)
 .init0         0x0000000000000112        0x0 /usr/lib/gcc/avr/4.8.2/../../../avr/lib/avr5/crtm168.o
                0x0000000000000112                __init
 *(.init0)
 *(.init1)
 *(.init1)
 *(.init2)
 .init2         0x0000000000000112        0xc /usr/lib/gcc/avr/4.8.2/../../../avr/lib/avr5/crtm168.o
 *(.init2)
 *(.init3)
 *(.init3)
 *(.init4)
 .init4         0x000000000000011e       0x10 /usr/lib/gcc/avr/4.8.2/avr5/libgcc.a(_clear_bss.o)
                0x000000000000011e                __do_clear_bss
 *(.init4)
 *(.init5)
 *(.init5)
 *(.init6)
 *(.init6)
 *(.init7)
 *(.init7)
 *(.init8)
 *(.init8)
 *(.init9)
 .init9         0x000000000000012e        0x8 /usr/lib/gcc/avr/4.8.2/../../../avr/lib/avr5/crtm168.o
 *(.init9)
 *(.text)
 .text          0x0000000000000136        0x4 /usr/lib/gcc/avr/4.8.2/../../../avr/lib/avr5/crtm168.o
                0x0000000000000136                __vector_22
                0x0000000000000136                __vector_1
                0x0000000000000136                __vector_24
                0x0000000000000136                __vector_12
                0x0000000000000136                __bad_interrupt
                0x0000000000000136                __vector_6
                0x0000000000000136                __vector_3
                0x0000000000000136                __vector_23
                0x0000000000000136                __vector_25
                0x0000000000000136                __vector_11
                0x0000000000000136                __vector_17
                0x0000000000000136                __vector_19
                0x0000000000000136                __vector_5
                0x0000000000000136                __vector_4
                0x0000000000000136                __vector_9
                0x0000000000000136                __vector_2
                0x0000000000000136                __vector_15
                0x0000000000000136                __vector_8
                0x0000000000000136                __vector_14
                0x0000000000000136                __vector_16
                0x0000000000000136                __vector_18
                0x0000000000000136                __vector_20
 .text          0x000000000000013a       0x5c lcd_hw_4_bit.o
                0x000000000000013a                _lcd_hw_write
 .text          0x0000000000000196      0x216 lcd-routines.o
                0x0000000000000196                lcd_data
                0x00000000000001a4                lcd_testpin
                0x00000000000001ac                lcd_space
                0x00000000000001b4                lcd_spaces
                0x00000000000001d8                lcd_command
                0x00000000000001e6                lcd_line1
                0x00000000000001f2                lcd_line2
                0x0000000000000200                lcd_line3
                0x000000000000020e                lcd_line4
                0x000000000000021c                lcd_set_cursor
                0x000000000000023a                lcd_next_line
                0x0000000000000264                lcd_clear
                0x000000000000027a                lcd_init
                0x00000000000002ea                lcd_string
                0x0000000000000302                lcd_pgm_string
                0x0000000000000320                lcd_fix_string
                0x0000000000000340                lcd_fix_customchar
                0x000000000000036e                lcd_clear_line
                0x0000000000000376                lcd_show_Cg
 .text          0x00000000000003ac       0x26 i2lcd.o
                0x00000000000003ac                i2lcd
                0x00000000000003c2                u2lcd
 .text          0x00000000000003d2       0x4e PinLayout.o
                0x00000000000003d2                PinLayout
 .text          0x0000000000000420       0x5a RvalOut.o
                0x0000000000000420                RvalOut
 .text          0x000000000000047a       0xb0 UfAusgabe.o
                0x000000000000047a                mVAusgabe
                0x00000000000004a2                UfAusgabe
                0x00000000000004ce                SerienDiodenAusgabe
 .text          0x000000000000052a      0x136 DisplayValue.o
                0x000000000000052a                DisplayValue
 .text          0x0000000000000660        0x2 swuart.o
                0x0000000000000660                uart_putc
 .text          0x0000000000000662       0x4a wait1000ms.o
                0x0000000000000662                wait5s
                0x0000000000000664                wait4s
                0x0000000000000666                wait3s
                0x0000000000000668                wait2s
                0x000000000000066a                wait1000ms
                0x000000000000066a                wait1s
                0x000000000000066c                wait500ms
                0x000000000000066e                wait400ms
                0x0000000000000670                wait300ms
                0x0000000000000672                wait200ms
                0x0000000000000674                wait100ms
                0x0000000000000678                wait50ms
                0x000000000000067a                wait40ms
                0x000000000000067c                wait30ms
                0x000000000000067e                wait20ms
                0x0000000000000680                wait10ms
                0x0000000000000682                wait5ms
                0x0000000000000684                wait4ms
                0x0000000000000686                wait3ms
                0x0000000000000688                wait2ms
                0x000000000000068a                wait1ms
                0x000000000000068c                wait500us
                0x000000000000068e                wait400us
                0x0000000000000690                wait300us
                0x0000000000000692                wait200us
                0x0000000000000694                wait100us
                0x0000000000000696                wait50us
                0x0000000000000698                wait40us
                0x000000000000069a                wait30us
                0x000000000000069c                wait20us
                0x000000000000069e                wait10us
                0x00000000000006a0                wait5us
                0x00000000000006a2                wait4us
                0x00000000000006a4                wait3us
                0x00000000000006a6                wait2us
                0x00000000000006a8                wait1us
 .text          0x00000000000006ac       0x54 sleep_5ms.o
                0x00000000000006ac                sleep_5ms
 .text          0x0000000000000700       0xd4 ReadADC.o
                0x0000000000000700                W20msReadADC
                0x0000000000000708                W10msReadADC
                0x0000000000000710                W5msReadADC
                0x0000000000000718                ReadADC
 .text          0x00000000000007d4       0x80 wait_for_key_ms.o
                0x00000000000007d4                wait_for_key_ms
                0x0000000000000842                wait_for_key_5s_line2
 .text          0x0000000000000854       0xb0 RefVoltage.o
                0x0000000000000854                RefVoltage
 .text          0x0000000000000904       0x3e get_log.o
                0x0000000000000904                get_log
 .text          0x0000000000000942      0x612 main.o
                0x0000000000000942                __vector_7
                0x0000000000000944                __vector_21
                0x0000000000000946                ShortedProbes
                0x00000000000009be                AllProbesShorted
                0x00000000000009e2                AutoCheck
                0x0000000000000ebe                mark_as_uncalibrated
                0x0000000000000ee2                GetIr
 .text          0x0000000000000f54      0xb70 CheckPins.o
                0x0000000000000f54                CheckPins
 .text          0x0000000000001ac4      0x3d0 GetResistance.o
                0x0000000000001ac4                GetResistance
 .text          0x0000000000001e94       0x30 ChargePin10ms.o
                0x0000000000001e94                ChargePin10ms
 .text          0x0000000000001ec4       0xfe EntladePins.o
                0x0000000000001ec4                EntladePins
 .text          0x0000000000001fc2      0x664 ReadCapacity.o
                0x0000000000001fc2                Scale_C_with_vcc
                0x0000000000002042                ReadCapacity
                0x0000000000002596                __vector_13
                0x00000000000025e2                __vector_10
 .text          0x0000000000002626       0x7e GetRLmultip.o
                0x0000000000002626                GetRLmultip
 .text          0x00000000000026a4      0x18e Calibrate_UR.o
                0x00000000000026a4                Calibrate_UR
 .text          0x0000000000002832      0x47e ReadInductance.o
                0x0000000000002832                ReadInductance
 .text          0x0000000000002cb0      0x3b8 GetESR.o
                0x0000000000002cb0                GetESR
 .text          0x0000000000003068      0x158 GetVloss.o
                0x0000000000003068                GetVloss
 .text          0x00000000000031c0        0x0 GetFrequency.o
 .text          0x00000000000031c0        0x0 function_menu.o
 .text          0x00000000000031c0        0x0 message_key_released.o
 .text          0x00000000000031c0        0x0 ReadBigCap.o
 .text          0x00000000000031c0        0x0 CheckRotaryEncoder.o
 .text          0x00000000000031c0        0x0 CalibrationCap.o
 .text          0x00000000000031c0        0x0 ShowData.o
 .text          0x00000000000031c0        0x2 EE_check_init.o
                0x00000000000031c0                EE_check_init
 .text          0x00000000000031c2        0x0 /usr/lib/gcc/avr/4.8.2/avr5/libgcc.a(_umulhisi3.o)
 .text          0x00000000000031c2        0x0 /usr/lib/gcc/avr/4.8.2/avr5/libgcc.a(_usmulhisi3.o)
 .text          0x00000000000031c2        0x0 /usr/lib/gcc/avr/4.8.2/avr5/libgcc.a(_muluhisi3.o)
 .text          0x00000000000031c2        0x0 /usr/lib/gcc/avr/4.8.2/avr5/libgcc.a(_mulsi3.o)
 .text          0x00000000000031c2        0x0 /usr/lib/gcc/avr/4.8.2/avr5/libgcc.a(_udivmodhi4.o)
 .text          0x00000000000031c2        0x0 /usr/lib/gcc/avr/4.8.2/avr5/libgcc.a(_udivmodsi4.o)
 .text          0x00000000000031c2        0x0 /usr/lib/gcc/avr/4.8.2/avr5/libgcc.a(_divmodsi4.o)
 .text          0x00000000000031c2        0x0 /usr/lib/gcc/avr/4.8.2/avr5/libgcc.a(_negsi2.o)
 .text          0x00000000000031c2        0x0 /usr/lib/gcc/avr/4.8.2/avr5/libgcc.a(_prologue.o)
 .text          0x00000000000031c2        0x0 /usr/lib/gcc/avr/4.8.2/avr5/libgcc.a(_epilogue.o)
 .text          0x00000000000031c2        0x0 /usr/lib/gcc/avr/4.8.2/avr5/libgcc.a(_exit.o)
 .text          0x00000000000031c2        0x0 /usr/lib/gcc/avr/4.8.2/avr5/libgcc.a(_clear_bss.o)
 .text          0x00000000000031c2        0x0 /usr/lib/gcc/avr/4.8.2/../../../avr/lib/avr5/libc.a(utoa.o)
 .text          0x00000000000031c2        0x0 /usr/lib/gcc/avr/4.8.2/../../../avr/lib/avr5/libc.a(eerd_byte_atmega168.o)
 .text          0x00000000000031c2        0x0 /usr/lib/gcc/avr/4.8.2/../../../avr/lib/avr5/libc.a(eewr_byte_atmega168.o)
 .text          0x00000000000031c2        0x0 /usr/lib/gcc/avr/4.8.2/../../../avr/lib/avr5/libc.a(eewr_word_atmega168.o)
 .text          0x00000000000031c2        0x0 /usr/lib/gcc/avr/4.8.2/../../../avr/lib/avr5/libc.a(strrev.o)
                0x00000000000031c2                . = ALIGN (0x2)
 *(.text.*)
 .text.startup  0x00000000000031c2      0xbba main.o
                0x00000000000031c2                main
 .text.libgcc.mul
                0x0000000000003d7c       0x1e /usr/lib/gcc/avr/4.8.2/avr5/libgcc.a(_umulhisi3.o)
                0x0000000000003d7c                __umulhisi3
 .text.libgcc.div
                0x0000000000003d9a        0x0 /usr/lib/gcc/avr/4.8.2/avr5/libgcc.a(_umulhisi3.o)
 .text.libgcc   0x0000000000003d9a        0x0 /usr/lib/gcc/avr/4.8.2/avr5/libgcc.a(_umulhisi3.o)
 .text.libgcc.prologue
                0x0000000000003d9a        0x0 /usr/lib/gcc/avr/4.8.2/avr5/libgcc.a(_umulhisi3.o)
 .text.libgcc.builtins
                0x0000000000003d9a        0x0 /usr/lib/gcc/avr/4.8.2/avr5/libgcc.a(_umulhisi3.o)
 .text.libgcc.fmul
                0x0000000000003d9a        0x0 /usr/lib/gcc/avr/4.8.2/avr5/libgcc.a(_umulhisi3.o)
 .text.libgcc.fixed
                0x0000000000003d9a        0x0 /usr/lib/gcc/avr/4.8.2/avr5/libgcc.a(_umulhisi3.o)
 .text.libgcc.mul
                0x0000000000003d9a        0xe /usr/lib/gcc/avr/4.8.2/avr5/libgcc.a(_usmulhisi3.o)
                0x0000000000003d9a                __usmulhisi3
                0x0000000000003d9e                __usmulhisi3_tail
 .text.libgcc.div
                0x0000000000003da8        0x0 /usr/lib/gcc/avr/4.8.2/avr5/libgcc.a(_usmulhisi3.o)
 .text.libgcc   0x0000000000003da8        0x0 /usr/lib/gcc/avr/4.8.2/avr5/libgcc.a(_usmulhisi3.o)
 .text.libgcc.prologue
                0x0000000000003da8        0x0 /usr/lib/gcc/avr/4.8.2/avr5/libgcc.a(_usmulhisi3.o)
 .text.libgcc.builtins
                0x0000000000003da8        0x0 /usr/lib/gcc/avr/4.8.2/avr5/libgcc.a(_usmulhisi3.o)
 .text.libgcc.fmul
                0x0000000000003da8        0x0 /usr/lib/gcc/avr/4.8.2/avr5/libgcc.a(_usmulhisi3.o)
 .text.libgcc.fixed
                0x0000000000003da8        0x0 /usr/lib/gcc/avr/4.8.2/avr5/libgcc.a(_usmulhisi3.o)
 .text.libgcc.mul
                0x0000000000003da8       0x16 /usr/lib/gcc/avr/4.8.2/avr5/libgcc.a(_muluhisi3.o)
                0x0000000000003da8                __muluhisi3
 .text.libgcc.div
                0x0000000000003dbe        0x0 /usr/lib/gcc/avr/4.8.2/avr5/libgcc.a(_muluhisi3.o)
 .text.libgcc   0x0000000000003dbe        0x0 /usr/lib/gcc/avr/4.8.2/avr5/libgcc.a(_muluhisi3.o)
 .text.libgcc.prologue
                0x0000000000003dbe        0x0 /usr/lib/gcc/avr/4.8.2/avr5/libgcc.a(_muluhisi3.o)
 .text.libgcc.builtins
                0x0000000000003dbe        0x0 /usr/lib/gcc/avr/4.8.2/avr5/libgcc.a(_muluhisi3.o)
 .text.libgcc.fmul
                0x0000000000003dbe        0x0 /usr/lib/gcc/avr/4.8.2/avr5/libgcc.a(_muluhisi3.o)
 .text.libgcc.fixed
                0x0000000000003dbe        0x0 /usr/lib/gcc/avr/4.8.2/avr5/libgcc.a(_muluhisi3.o)
 .text.libgcc.mul
                0x0000000000003dbe       0x20 /usr/lib/gcc/avr/4.8.2/avr5/libgcc.a(_mulsi3.o)
                0x0000000000003dbe                __mulsi3
 .text.libgcc.div
                0x0000000000003dde        0x0 /usr/lib/gcc/avr/4.8.2/avr5/libgcc.a(_mulsi3.o)
 .text.libgcc   0x0000000000003dde        0x0 /usr/lib/gcc/avr/4.8.2/avr5/libgcc.a(_mulsi3.o)
 .text.libgcc.prologue
                0x0000000000003dde        0x0 /usr/lib/gcc/avr/4.8.2/avr5/libgcc.a(_mulsi3.o)
 .text.libgcc.builtins
                0x0000000000003dde        0x0 /usr/lib/gcc/avr/4.8.2/avr5/libgcc.a(_mulsi3.o)
 .text.libgcc.fmul
                0x0000000000003dde        0x0 /usr/lib/gcc/avr/4.8.2/avr5/libgcc.a(_mulsi3.o)
 .text.libgcc.fixed
                0x0000000000003dde        0x0 /usr/lib/gcc/avr/4.8.2/avr5/libgcc.a(_mulsi3.o)
 .text.libgcc.mul
                0x0000000000003dde        0x0 /usr/lib/gcc/avr/4.8.2/avr5/libgcc.a(_udivmodhi4.o)
 .text.libgcc.div
                0x0000000000003dde       0x28 /usr/lib/gcc/avr/4.8.2/avr5/libgcc.a(_udivmodhi4.o)
                0x0000000000003dde                __udivmodhi4
 .text.libgcc   0x0000000000003e06        0x0 /usr/lib/gcc/avr/4.8.2/avr5/libgcc.a(_udivmodhi4.o)
 .text.libgcc.prologue
                0x0000000000003e06        0x0 /usr/lib/gcc/avr/4.8.2/avr5/libgcc.a(_udivmodhi4.o)
 .text.libgcc.builtins
                0x0000000000003e06        0x0 /usr/lib/gcc/avr/4.8.2/avr5/libgcc.a(_udivmodhi4.o)
 .text.libgcc.fmul
                0x0000000000003e06        0x0 /usr/lib/gcc/avr/4.8.2/avr5/libgcc.a(_udivmodhi4.o)
 .text.libgcc.fixed
                0x0000000000003e06        0x0 /usr/lib/gcc/avr/4.8.2/avr5/libgcc.a(_udivmodhi4.o)
 .text.libgcc.mul
                0x0000000000003e06        0x0 /usr/lib/gcc/avr/4.8.2/avr5/libgcc.a(_udivmodsi4.o)
 .text.libgcc.div
                0x0000000000003e06       0x44 /usr/lib/gcc/avr/4.8.2/avr5/libgcc.a(_udivmodsi4.o)
                0x0000000000003e06                __udivmodsi4
 .text.libgcc   0x0000000000003e4a        0x0 /usr/lib/gcc/avr/4.8.2/avr5/libgcc.a(_udivmodsi4.o)
 .text.libgcc.prologue
                0x0000000000003e4a        0x0 /usr/lib/gcc/avr/4.8.2/avr5/libgcc.a(_udivmodsi4.o)
 .text.libgcc.builtins
                0x0000000000003e4a        0x0 /usr/lib/gcc/avr/4.8.2/avr5/libgcc.a(_udivmodsi4.o)
 .text.libgcc.fmul
                0x0000000000003e4a        0x0 /usr/lib/gcc/avr/4.8.2/avr5/libgcc.a(_udivmodsi4.o)
 .text.libgcc.fixed
                0x0000000000003e4a        0x0 /usr/lib/gcc/avr/4.8.2/avr5/libgcc.a(_udivmodsi4.o)
 .text.libgcc.mul
                0x0000000000003e4a        0x0 /usr/lib/gcc/avr/4.8.2/avr5/libgcc.a(_divmodsi4.o)
 .text.libgcc.div
                0x0000000000003e4a       0x2e /usr/lib/gcc/avr/4.8.2/avr5/libgcc.a(_divmodsi4.o)
                0x0000000000003e4a                __divmodsi4
 .text.libgcc   0x0000000000003e78        0x0 /usr/lib/gcc/avr/4.8.2/avr5/libgcc.a(_divmodsi4.o)
 .text.libgcc.prologue
                0x0000000000003e78        0x0 /usr/lib/gcc/avr/4.8.2/avr5/libgcc.a(_divmodsi4.o)
 .text.libgcc.builtins
                0x0000000000003e78        0x0 /usr/lib/gcc/avr/4.8.2/avr5/libgcc.a(_divmodsi4.o)
 .text.libgcc.fmul
                0x0000000000003e78        0x0 /usr/lib/gcc/avr/4.8.2/avr5/libgcc.a(_divmodsi4.o)
 .text.libgcc.fixed
                0x0000000000003e78        0x0 /usr/lib/gcc/avr/4.8.2/avr5/libgcc.a(_divmodsi4.o)
 .text.libgcc.mul
                0x0000000000003e78        0x0 /usr/lib/gcc/avr/4.8.2/avr5/libgcc.a(_negsi2.o)
 .text.libgcc.div
                0x0000000000003e78       0x10 /usr/lib/gcc/avr/4.8.2/avr5/libgcc.a(_negsi2.o)
                0x0000000000003e78                __negsi2
 .text.libgcc   0x0000000000003e88        0x0 /usr/lib/gcc/avr/4.8.2/avr5/libgcc.a(_negsi2.o)
 .text.libgcc.prologue
                0x0000000000003e88        0x0 /usr/lib/gcc/avr/4.8.2/avr5/libgcc.a(_negsi2.o)
 .text.libgcc.builtins
                0x0000000000003e88        0x0 /usr/lib/gcc/avr/4.8.2/avr5/libgcc.a(_negsi2.o)
 .text.libgcc.fmul
                0x0000000000003e88        0x0 /usr/lib/gcc/avr/4.8.2/avr5/libgcc.a(_negsi2.o)
 .text.libgcc.fixed
                0x0000000000003e88        0x0 /usr/lib/gcc/avr/4.8.2/avr5/libgcc.a(_negsi2.o)
 .text.libgcc.mul
                0x0000000000003e88        0x0 /usr/lib/gcc/avr/4.8.2/avr5/libgcc.a(_prologue.o)
 .text.libgcc.div
                0x0000000000003e88        0x0 /usr/lib/gcc/avr/4.8.2/avr5/libgcc.a(_prologue.o)
 .text.libgcc   0x0000000000003e88        0x0 /usr/lib/gcc/avr/4.8.2/avr5/libgcc.a(_prologue.o)
 .text.libgcc.prologue
                0x0000000000003e88       0x38 /usr/lib/gcc/avr/4.8.2/avr5/libgcc.a(_prologue.o)
                0x0000000000003e88                __prologue_saves__
 .text.libgcc.builtins
                0x0000000000003ec0        0x0 /usr/lib/gcc/avr/4.8.2/avr5/libgcc.a(_prologue.o)
 .text.libgcc.fmul
                0x0000000000003ec0        0x0 /usr/lib/gcc/avr/4.8.2/avr5/libgcc.a(_prologue.o)
 .text.libgcc.fixed
                0x0000000000003ec0        0x0 /usr/lib/gcc/avr/4.8.2/avr5/libgcc.a(_prologue.o)
 .text.libgcc.mul
                0x0000000000003ec0        0x0 /usr/lib/gcc/avr/4.8.2/avr5/libgcc.a(_epilogue.o)
 .text.libgcc.div
                0x0000000000003ec0        0x0 /usr/lib/gcc/avr/4.8.2/avr5/libgcc.a(_epilogue.o)
 .text.libgcc   0x0000000000003ec0        0x0 /usr/lib/gcc/avr/4.8.2/avr5/libgcc.a(_epilogue.o)
 .text.libgcc.prologue
                0x0000000000003ec0       0x36 /usr/lib/gcc/avr/4.8.2/avr5/libgcc.a(_epilogue.o)
                0x0000000000003ec0                __epilogue_restores__
 .text.libgcc.builtins
                0x0000000000003ef6        0x0 /usr/lib/gcc/avr/4.8.2/avr5/libgcc.a(_epilogue.o)
 .text.libgcc.fmul
                0x0000000000003ef6        0x0 /usr/lib/gcc/avr/4.8.2/avr5/libgcc.a(_epilogue.o)
 .text.libgcc.fixed
                0x0000000000003ef6        0x0 /usr/lib/gcc/avr/4.8.2/avr5/libgcc.a(_epilogue.o)
 .text.libgcc.mul
                0x0000000000003ef6        0x0 /usr/lib/gcc/avr/4.8.2/avr5/libgcc.a(_exit.o)
 .text.libgcc.div
                0x0000000000003ef6        0x0 /usr/lib/gcc/avr/4.8.2/avr5/libgcc.a(_exit.o)
 .text.libgcc   0x0000000000003ef6        0x0 /usr/lib/gcc/avr/4.8.2/avr5/libgcc.a(_exit.o)
 .text.libgcc.prologue
                0x0000000000003ef6        0x0 /usr/lib/gcc/avr/4.8.2/avr5/libgcc.a(_exit.o)
 .text.libgcc.builtins
                0x0000000000003ef6        0x0 /usr/lib/gcc/avr/4.8.2/avr5/libgcc.a(_exit.o)
 .text.libgcc.fmul
                0x0000000000003ef6        0x0 /usr/lib/gcc/avr/4.8.2/avr5/libgcc.a(_exit.o)
 .text.libgcc.fixed
                0x0000000000003ef6        0x0 /usr/lib/gcc/avr/4.8.2/avr5/libgcc.a(_exit.o)
 .text.libgcc.mul
                0x0000000000003ef6        0x0 /usr/lib/gcc/avr/4.8.2/avr5/libgcc.a(_clear_bss.o)
 .text.libgcc.div
                0x0000000000003ef6        0x0 /usr/lib/gcc/avr/4.8.2/avr5/libgcc.a(_clear_bss.o)
 .text.libgcc   0x0000000000003ef6        0x0 /usr/lib/gcc/avr/4.8.2/avr5/libgcc.a(_clear_bss.o)
 .text.libgcc.prologue
                0x0000000000003ef6        0x0 /usr/lib/gcc/avr/4.8.2/avr5/libgcc.a(_clear_bss.o)
 .text.libgcc.builtins
                0x0000000000003ef6        0x0 /usr/lib/gcc/avr/4.8.2/avr5/libgcc.a(_clear_bss.o)
 .text.libgcc.fmul
                0x0000000000003ef6        0x0 /usr/lib/gcc/avr/4.8.2/avr5/libgcc.a(_clear_bss.o)
 .text.libgcc.fixed
                0x0000000000003ef6        0x0 /usr/lib/gcc/avr/4.8.2/avr5/libgcc.a(_clear_bss.o)
 .text.avr-libc
                0x0000000000003ef6       0x2c /usr/lib/gcc/avr/4.8.2/../../../avr/lib/avr5/libc.a(utoa.o)
                0x0000000000003ef6                utoa
 .text.avr-libc
                0x0000000000003f22       0x10 /usr/lib/gcc/avr/4.8.2/../../../avr/lib/avr5/libc.a(eerd_byte_atmega168.o)
                0x0000000000003f22                __eerd_byte_m168
 .text.avr-libc
                0x0000000000003f32       0x1c /usr/lib/gcc/avr/4.8.2/../../../avr/lib/avr5/libc.a(eewr_byte_atmega168.o)
                0x0000000000003f32                __eewr_byte_m168
                0x0000000000003f34                __eewr_r18_m168
 .text.avr-libc
                0x0000000000003f4e        0xa /usr/lib/gcc/avr/4.8.2/../../../avr/lib/avr5/libc.a(eewr_word_atmega168.o)
                0x0000000000003f4e                __eewr_word_m168
 .text.avr-libc
                0x0000000000003f58       0x20 /usr/lib/gcc/avr/4.8.2/../../../avr/lib/avr5/libc.a(strrev.o)
                0x0000000000003f58                strrev
                0x0000000000003f78                . = ALIGN (0x2)
 *(.fini9)
 .fini9         0x0000000000003f78        0x0 /usr/lib/gcc/avr/4.8.2/avr5/libgcc.a(_exit.o)
                0x0000000000003f78                exit
                0x0000000000003f78                _exit
 *(.fini9)
 *(.fini8)
 *(.fini8)
 *(.fini7)
 *(.fini7)
 *(.fini6)
 *(.fini6)
 *(.fini5)
 *(.fini5)
 *(.fini4)
 *(.fini4)
 *(.fini3)
 *(.fini3)
 *(.fini2)
 *(.fini2)
 *(.fini1)
 *(.fini1)
 *(.fini0)
 .fini0         0x0000000000003f78        0x4 /usr/lib/gcc/avr/4.8.2/avr5/libgcc.a(_exit.o)
 *(.fini0)
                0x0000000000003f7c                _etext = .

.data           0x0000000000800100        0x0 load address 0x0000000000003f7c
                0x0000000000800100                PROVIDE (__data_start, .)
 *(.data)
 .data          0x0000000000800100        0x0 /usr/lib/gcc/avr/4.8.2/../../../avr/lib/avr5/crtm168.o
 .data          0x0000000000800100        0x0 lcd_hw_4_bit.o
 .data          0x0000000000800100        0x0 lcd-routines.o
 .data          0x0000000000800100        0x0 i2lcd.o
 .data          0x0000000000800100        0x0 PinLayout.o
 .data          0x0000000000800100        0x0 RvalOut.o
 .data          0x0000000000800100        0x0 UfAusgabe.o
 .data          0x0000000000800100        0x0 DisplayValue.o
 .data          0x0000000000800100        0x0 swuart.o
 .data          0x0000000000800100        0x0 wait1000ms.o
 .data          0x0000000000800100        0x0 sleep_5ms.o
 .data          0x0000000000800100        0x0 ReadADC.o
 .data          0x0000000000800100        0x0 wait_for_key_ms.o
 .data          0x0000000000800100        0x0 RefVoltage.o
 .data          0x0000000000800100        0x0 get_log.o
 .data          0x0000000000800100        0x0 main.o
 .data          0x0000000000800100        0x0 CheckPins.o
 .data          0x0000000000800100        0x0 GetResistance.o
 .data          0x0000000000800100        0x0 ChargePin10ms.o
 .data          0x0000000000800100        0x0 EntladePins.o
 .data          0x0000000000800100        0x0 ReadCapacity.o
 .data          0x0000000000800100        0x0 GetRLmultip.o
 .data          0x0000000000800100        0x0 Calibrate_UR.o
 .data          0x0000000000800100        0x0 ReadInductance.o
 .data          0x0000000000800100        0x0 GetESR.o
 .data          0x0000000000800100        0x0 GetVloss.o
 .data          0x0000000000800100        0x0 GetFrequency.o
 .data          0x0000000000800100        0x0 function_menu.o
 .data          0x0000000000800100        0x0 message_key_released.o
 .data          0x0000000000800100        0x0 ReadBigCap.o
 .data          0x0000000000800100        0x0 CheckRotaryEncoder.o
 .data          0x0000000000800100        0x0 CalibrationCap.o
 .data          0x0000000000800100        0x0 ShowData.o
 .data          0x0000000000800100        0x0 EE_check_init.o
 .data          0x0000000000800100        0x0 /usr/lib/gcc/avr/4.8.2/avr5/libgcc.a(_umulhisi3.o)
 .data          0x0000000000800100        0x0 /usr/lib/gcc/avr/4.8.2/avr5/libgcc.a(_usmulhisi3.o)
 .data          0x0000000000800100        0x0 /usr/lib/gcc/avr/4.8.2/avr5/libgcc.a(_muluhisi3.o)
 .data          0x0000000000800100        0x0 /usr/lib/gcc/avr/4.8.2/avr5/libgcc.a(_mulsi3.o)
 .data          0x0000000000800100        0x0 /usr/lib/gcc/avr/4.8.2/avr5/libgcc.a(_udivmodhi4.o)
 .data          0x0000000000800100        0x0 /usr/lib/gcc/avr/4.8.2/avr5/libgcc.a(_udivmodsi4.o)
 .data          0x0000000000800100        0x0 /usr/lib/gcc/avr/4.8.2/avr5/libgcc.a(_divmodsi4.o)
 .data          0x0000000000800100        0x0 /usr/lib/gcc/avr/4.8.2/avr5/libgcc.a(_negsi2.o)
 .data          0x0000000000800100        0x0 /usr/lib/gcc/avr/4.8.2/avr5/libgcc.a(_prologue.o)
 .data          0x0000000000800100        0x0 /usr/lib/gcc/avr/4.8.2/avr5/libgcc.a(_epilogue.o)
 .data          0x0000000000800100        0x0 /usr/lib/gcc/avr/4.8.2/avr5/libgcc.a(_exit.o)
 .data          0x0000000000800100        0x0 /usr/lib/gcc/avr/4.8.2/avr5/libgcc.a(_clear_bss.o)
 .data          0x0000000000800100        0x0 /usr/lib/gcc/avr/4.8.2/../../../avr/lib/avr5/libc.a(utoa.o)
 .data          0x0000000000800100        0x0 /usr/lib/gcc/avr/4.8.2/../../../avr/lib/avr5/libc.a(eerd_byte_atmega168.o)
 .data          0x0000000000800100        0x0 /usr/lib/gcc/avr/4.8.2/../../../avr/lib/avr5/libc.a(eewr_byte_atmega168.o)
 .data          0x0000000000800100        0x0 /usr/lib/gcc/avr/4.8.2/../../../avr/lib/avr5/libc.a(eewr_word_atmega168.o)
 .data          0x0000000000800100        0x0 /usr/lib/gcc/avr/4.8.2/../../../avr/lib/avr5/libc.a(strrev.o)
 *(.data*)
 *(.rodata)
 *(.rodata*)
 *(.gnu.linkonce.d*)
                0x0000000000800100                . = ALIGN (0x2)
                0x0000000000800100                _edata = .
                0x0000000000800100                PROVIDE (__data_end, .)

.bss            0x0000000000800100       0xaa
                0x0000000000800100                PROVIDE (__bss_start, .)
 *(.bss)
 .bss           0x0000000000800100        0x0 /usr/lib/gcc/avr/4.8.2/../../../avr/lib/avr5/crtm168.o
 .bss           0x0000000000800100        0x0 lcd_hw_4_bit.o
 .bss           0x0000000000800100        0x0 lcd-routines.o
 .bss           0x0000000000800100        0x0 i2lcd.o
 .bss           0x0000000000800100        0x0 PinLayout.o
 .bss           0x0000000000800100        0x0 RvalOut.o
 .bss           0x0000000000800100        0x0 UfAusgabe.o
 .bss           0x0000000000800100        0x0 DisplayValue.o
 .bss           0x0000000000800100        0x0 swuart.o
 .bss           0x0000000000800100        0x0 wait1000ms.o
 .bss           0x0000000000800100        0x0 sleep_5ms.o
 .bss           0x0000000000800100        0x0 ReadADC.o
 .bss           0x0000000000800100        0x0 wait_for_key_ms.o
 .bss           0x0000000000800100        0x0 RefVoltage.o
 .bss           0x0000000000800100        0x0 get_log.o
 .bss           0x0000000000800100        0x0 main.o
 .bss           0x0000000000800100        0x0 CheckPins.o
 .bss           0x0000000000800100        0x0 GetResistance.o
 .bss           0x0000000000800100        0x0 ChargePin10ms.o
 .bss           0x0000000000800100        0x0 EntladePins.o
 .bss           0x0000000000800100        0x0 ReadCapacity.o
 .bss           0x0000000000800100        0x0 GetRLmultip.o
 .bss           0x0000000000800100        0x0 Calibrate_UR.o
 .bss           0x0000000000800100        0x0 ReadInductance.o
 .bss           0x0000000000800100        0x0 GetESR.o
 .bss           0x0000000000800100        0x0 GetVloss.o
 .bss           0x0000000000800100        0x0 GetFrequency.o
 .bss           0x0000000000800100        0x0 function_menu.o
 .bss           0x0000000000800100        0x0 message_key_released.o
 .bss           0x0000000000800100        0x0 ReadBigCap.o
 .bss           0x0000000000800100        0x0 CheckRotaryEncoder.o
 .bss           0x0000000000800100        0x0 CalibrationCap.o
 .bss           0x0000000000800100        0x0 ShowData.o
 .bss           0x0000000000800100        0x0 EE_check_init.o
 .bss           0x0000000000800100        0x0 /usr/lib/gcc/avr/4.8.2/avr5/libgcc.a(_umulhisi3.o)
 .bss           0x0000000000800100        0x0 /usr/lib/gcc/avr/4.8.2/avr5/libgcc.a(_usmulhisi3.o)
 .bss           0x0000000000800100        0x0 /usr/lib/gcc/avr/4.8.2/avr5/libgcc.a(_muluhisi3.o)
 .bss           0x0000000000800100        0x0 /usr/lib/gcc/avr/4.8.2/avr5/libgcc.a(_mulsi3.o)
 .bss           0x0000000000800100        0x0 /usr/lib/gcc/avr/4.8.2/avr5/libgcc.a(_udivmodhi4.o)
 .bss           0x0000000000800100        0x0 /usr/lib/gcc/avr/4.8.2/avr5/libgcc.a(_udivmodsi4.o)
 .bss           0x0000000000800100        0x0 /usr/lib/gcc/avr/4.8.2/avr5/libgcc.a(_divmodsi4.o)
 .bss           0x0000000000800100        0x0 /usr/lib/gcc/avr/4.8.2/avr5/libgcc.a(_negsi2.o)
 .bss           0x0000000000800100        0x0 /usr/lib/gcc/avr/4.8.2/avr5/libgcc.a(_prologue.o)
 .bss           0x0000000000800100        0x0 /usr/lib/gcc/avr/4.8.2/avr5/libgcc.a(_epilogue.o)
 .bss           0x0000000000800100        0x0 /usr/lib/gcc/avr/4.8.2/avr5/libgcc.a(_exit.o)
 .bss           0x0000000000800100        0x0 /usr/lib/gcc/avr/4.8.2/avr5/libgcc.a(_clear_bss.o)
 .bss           0x0000000000800100        0x0 /usr/lib/gcc/avr/4.8.2/../../../avr/lib/avr5/libc.a(utoa.o)
 .bss           0x0000000000800100        0x0 /usr/lib/gcc/avr/4.8.2/../../../avr/lib/avr5/libc.a(eerd_byte_atmega168.o)
 .bss           0x0000000000800100        0x0 /usr/lib/gcc/avr/4.8.2/../../../avr/lib/avr5/libc.a(eewr_byte_atmega168.o)
 .bss           0x0000000000800100        0x0 /usr/lib/gcc/avr/4.8.2/../../../avr/lib/avr5/libc.a(eewr_word_atmega168.o)
 .bss           0x0000000000800100        0x0 /usr/lib/gcc/avr/4.8.2/../../../avr/lib/avr5/libc.a(strrev.o)
 *(.bss*)
 *(COMMON)
 COMMON         0x0000000000800100        0xc lcd-routines.o
                0x0000000000800100                inductor_lpre
                0x0000000000800101                cell_mv
                0x0000000000800107                inductor_lx
                0x000000000080010b                lcd_text_line
 COMMON         0x000000000080010c       0x9e main.o
                0x000000000080010c                diode_sequence
                0x000000000080010d                display_time
                0x000000000080010f                resis680mi
                0x0000000000800111                ref_mv_offs
                0x0000000000800113                NumOfDiodes
                0x0000000000800114                PartMode
                0x0000000000800115                PartFound
                0x0000000000800116                resis680pl
                0x0000000000800118                tmpval
                0x0000000000800119                mess_count
                0x000000000080011a                outval
                0x0000000000800124                ADCconfig
                0x000000000080012a                pin_rpl
                0x000000000080012c                ref_mv
                0x000000000080012e                OutBuffer
                0x0000000000800138                tmpval2
                0x0000000000800139                UnCalibrated
                0x000000000080013a                pin_rmi
                0x000000000080013c                WithReference
                0x000000000080013d                _trans
                0x000000000080013f                last_line_used
                0x0000000000800140                ntrans
                0x0000000000800150                empty_count
                0x0000000000800151                pin_combination
                0x0000000000800152                ovcnt16
                0x0000000000800154                ResistorChecked
                0x0000000000800157                ResistorList
                0x000000000080015a                ptrans
                0x000000000080016a                adc_internal_reference
                0x000000000080016c                ResistorsFound
                0x000000000080016d                unfinished
                0x000000000080016e                RHmultip
                0x0000000000800170                cap
                0x0000000000800184                load_diff
                0x0000000000800186                diodes
                0x000000000080019e                ResistorVal
                0x00000000008001aa                PROVIDE (__bss_end, .)
                0x0000000000003f7c                __data_load_start = LOADADDR (.data)
                0x0000000000003f7c                __data_load_end = (__data_load_start + SIZEOF (.data))

.noinit         0x00000000008001aa        0x0
                0x00000000008001aa                PROVIDE (__noinit_start, .)
 *(.noinit*)
                0x00000000008001aa                PROVIDE (__noinit_end, .)
                0x00000000008001aa                _end = .
                0x00000000008001aa                PROVIDE (__heap_start, .)

.eeprom         0x0000000000810000      0x1bf
 *(.eeprom*)
 .eeprom        0x0000000000810000      0x1bf main.o
                0x0000000000810000                EE_ESR_ZEROtab
                0x0000000000810004                c_zero_tab
                0x000000000081000b                ref_offset
                0x000000000081000d                RefDiff
                0x000000000081000e                PrefixTab
                0x0000000000810015                ResIcon2
                0x000000000081001d                ResIcon1
                0x0000000000810025                DiodeIcon2
                0x000000000081002d                DiodeIcon1
                0x0000000000810035                CapIcon
                0x000000000081003d                T50HZ
                0x0000000000810043                C0_str
                0x0000000000810047                RILO
                0x000000000081004e                RIHI
                0x0000000000810055                Inductor_str
                0x000000000081005a                Resistor_str
                0x000000000081005f                Dioden
                0x0000000000810064                KatAn
                0x0000000000810068                AnKat
                0x000000000081006c                Ir_str
                0x0000000000810072                Lis_str
                0x0000000000810075                VLOSS_str
                0x000000000081007d                ESR_str
                0x0000000000810083                VCC_str
                0x0000000000810088                Cell_str
                0x000000000081008e                CapZeich
                0x0000000000810092                Vgs_str
                0x0000000000810097                vt_str
                0x000000000081009c                Uf_str
                0x00000000008100a0                Ube_str
                0x00000000008100a5                N123_str
                0x00000000008100ab                PNP_str
                0x00000000008100af                NPN_str
                0x00000000008100b3                Cap_str
                0x00000000008100b6                GateCap_str
                0x00000000008100b9                hfe_str
                0x00000000008100bc                igbt_str
                0x00000000008100c2                jfet_str
                0x00000000008100c7                mosfet_str
                0x00000000008100cc                OK_str
                0x00000000008100cf                Bat_str
                0x00000000008100d5                ATE
                0x00000000008100de                RELPROBE
                0x00000000008100ee                SELFTEST
                0x00000000008100fe                TestTimedOut
                0x0000000000810107                OrBroken
                0x0000000000810113                TestFailed1
                0x0000000000810123                Unknown
                0x000000000081012c                Thyristor
                0x0000000000810135                Triac
                0x000000000081013b                Bauteil
                0x0000000000810140                TestFailed2
                0x0000000000810149                BatEmpty
                0x0000000000810150                BatWeak
                0x0000000000810155                TestRunning
                0x0000000000810160                RLtab
                0x00000000008101ba                RPinTab
                0x00000000008101bf                __eeprom_end = .

.fuse
 *(.fuse)
 *(.lfuse)
 *(.hfuse)
 *(.efuse)

.lock
 *(.lock*)

.signature
 *(.signature*)

.user_signatures
 *(.user_signatures*)

.stab           0x0000000000000000      0xa98
 *(.stab)
 .stab          0x0000000000000000      0x6cc /usr/lib/gcc/avr/4.8.2/../../../avr/lib/avr5/crtm168.o
 .stab          0x00000000000006cc      0x12c /usr/lib/gcc/avr/4.8.2/../../../avr/lib/avr5/libc.a(utoa.o)
                                        0x138 (size before relaxing)
 .stab          0x00000000000007f8       0x90 /usr/lib/gcc/avr/4.8.2/../../../avr/lib/avr5/libc.a(eerd_byte_atmega168.o)
                                         0x9c (size before relaxing)
 .stab          0x0000000000000888       0xe4 /usr/lib/gcc/avr/4.8.2/../../../avr/lib/avr5/libc.a(eewr_byte_atmega168.o)
                                         0xf0 (size before relaxing)
 .stab          0x000000000000096c       0x54 /usr/lib/gcc/avr/4.8.2/../../../avr/lib/avr5/libc.a(eewr_word_atmega168.o)
                                         0x60 (size before relaxing)
 .stab          0x00000000000009c0       0xd8 /usr/lib/gcc/avr/4.8.2/../../../avr/lib/avr5/libc.a(strrev.o)
                                         0xe4 (size before relaxing)

.stabstr        0x0000000000000000      0x141
 *(.stabstr)
 .stabstr       0x0000000000000000      0x141 /usr/lib/gcc/avr/4.8.2/../../../avr/lib/avr5/crtm168.o

.stab.excl
 *(.stab.excl)

.stab.exclstr
 *(.stab.exclstr)

.stab.index
 *(.stab.index)

.stab.indexstr
 *(.stab.indexstr)

.comment        0x0000000000000000       0x11
 *(.comment)
 .comment       0x0000000000000000       0x11 lcd-routines.o
                                         0x12 (size before relaxing)
 .comment       0x0000000000000000       0x12 DisplayValue.o
 .comment       0x0000000000000000       0x12 main.o
 .comment       0x0000000000000000       0x12 CheckPins.o
 .comment       0x0000000000000000       0x12 GetResistance.o
 .comment       0x0000000000000000       0x12 ChargePin10ms.o
 .comment       0x0000000000000000       0x12 EntladePins.o
 .comment       0x0000000000000000       0x12 ReadCapacity.o
 .comment       0x0000000000000000       0x12 Calibrate_UR.o
 .comment       0x0000000000000000       0x12 ReadInductance.o
 .comment       0x0000000000000000       0x12 GetVloss.o
 .comment       0x0000000000000000       0x12 GetFrequency.o
 .comment       0x0000000000000000       0x12 function_menu.o
 .comment       0x0000000000000000       0x12 message_key_released.o
 .comment       0x0000000000000000       0x12 ReadBigCap.o
 .comment       0x0000000000000000       0x12 CheckRotaryEncoder.o
 .comment       0x0000000000000000       0x12 CalibrationCap.o
 .comment       0x0000000000000000       0x12 ShowData.o
 .comment       0x0000000000000000       0x12 EE_check_init.o

.debug
 *(.debug)

.line
 *(.line)

.debug_srcinfo
 *(.debug_srcinfo)

.debug_sfnames
 *(.debug_sfnames)

.debug_aranges  0x0000000000000000      0x3f0
 *(.debug_aranges)
 .debug_aranges
                0x0000000000000000       0x20 lcd_hw_4_bit.o
 .debug_aranges
                0x0000000000000020       0x20 lcd-routines.o
 .debug_aranges
                0x0000000000000040       0x20 i2lcd.o
 .debug_aranges
                0x0000000000000060       0x20 PinLayout.o
 .debug_aranges
                0x0000000000000080       0x20 RvalOut.o
 .debug_aranges
                0x00000000000000a0       0x20 UfAusgabe.o
 .debug_aranges
                0x00000000000000c0       0x20 DisplayValue.o
 .debug_aranges
                0x00000000000000e0       0x20 swuart.o
 .debug_aranges
                0x0000000000000100       0x20 wait1000ms.o
 .debug_aranges
                0x0000000000000120       0x20 sleep_5ms.o
 .debug_aranges
                0x0000000000000140       0x20 ReadADC.o
 .debug_aranges
                0x0000000000000160       0x20 wait_for_key_ms.o
 .debug_aranges
                0x0000000000000180       0x20 RefVoltage.o
 .debug_aranges
                0x00000000000001a0       0x20 get_log.o
 .debug_aranges
                0x00000000000001c0       0x28 main.o
 .debug_aranges
                0x00000000000001e8       0x20 CheckPins.o
 .debug_aranges
                0x0000000000000208       0x20 GetResistance.o
 .debug_aranges
                0x0000000000000228       0x20 ChargePin10ms.o
 .debug_aranges
                0x0000000000000248       0x20 EntladePins.o
 .debug_aranges
                0x0000000000000268       0x20 ReadCapacity.o
 .debug_aranges
                0x0000000000000288       0x20 GetRLmultip.o
 .debug_aranges
                0x00000000000002a8       0x20 Calibrate_UR.o
 .debug_aranges
                0x00000000000002c8       0x20 ReadInductance.o
 .debug_aranges
                0x00000000000002e8       0x20 GetESR.o
 .debug_aranges
                0x0000000000000308       0x20 GetVloss.o
 .debug_aranges
                0x0000000000000328       0x18 GetFrequency.o
 .debug_aranges
                0x0000000000000340       0x18 function_menu.o
 .debug_aranges
                0x0000000000000358       0x18 message_key_released.o
 .debug_aranges
                0x0000000000000370       0x18 ReadBigCap.o
 .debug_aranges
                0x0000000000000388       0x18 CheckRotaryEncoder.o
 .debug_aranges
                0x00000000000003a0       0x18 CalibrationCap.o
 .debug_aranges
                0x00000000000003b8       0x18 ShowData.o
 .debug_aranges
                0x00000000000003d0       0x20 EE_check_init.o

.debug_pubnames
 *(.debug_pubnames)

.debug_info     0x0000000000000000     0x678b
 *(.debug_info)
 .debug_info    0x0000000000000000       0x7d lcd_hw_4_bit.o
 .debug_info    0x000000000000007d      0x86a lcd-routines.o
 .debug_info    0x00000000000008e7       0x76 i2lcd.o
 .debug_info    0x000000000000095d       0x7a PinLayout.o
 .debug_info    0x00000000000009d7       0x78 RvalOut.o
 .debug_info    0x0000000000000a4f       0x7a UfAusgabe.o
 .debug_info    0x0000000000000ac9      0x28c DisplayValue.o
 .debug_info    0x0000000000000d55       0x77 swuart.o
 .debug_info    0x0000000000000dcc       0x7b wait1000ms.o
 .debug_info    0x0000000000000e47       0x7a sleep_5ms.o
 .debug_info    0x0000000000000ec1       0x78 ReadADC.o
 .debug_info    0x0000000000000f39       0x80 wait_for_key_ms.o
 .debug_info    0x0000000000000fb9       0x7b RefVoltage.o
 .debug_info    0x0000000000001034       0x78 get_log.o
 .debug_info    0x00000000000010ac     0x2add main.o
 .debug_info    0x0000000000003b89      0xb8e CheckPins.o
 .debug_info    0x0000000000004717      0x560 GetResistance.o
 .debug_info    0x0000000000004c77      0x11a ChargePin10ms.o
 .debug_info    0x0000000000004d91      0x1f4 EntladePins.o
 .debug_info    0x0000000000004f85      0x5df ReadCapacity.o
 .debug_info    0x0000000000005564       0x7c GetRLmultip.o
 .debug_info    0x00000000000055e0      0x2cf Calibrate_UR.o
 .debug_info    0x00000000000058af      0x54a ReadInductance.o
 .debug_info    0x0000000000005df9       0x77 GetESR.o
 .debug_info    0x0000000000005e70      0x385 GetVloss.o
 .debug_info    0x00000000000061f5       0xaf GetFrequency.o
 .debug_info    0x00000000000062a4       0xaf function_menu.o
 .debug_info    0x0000000000006353       0xaf message_key_released.o
 .debug_info    0x0000000000006402       0xaf ReadBigCap.o
 .debug_info    0x00000000000064b1       0xaf CheckRotaryEncoder.o
 .debug_info    0x0000000000006560       0xaf CalibrationCap.o
 .debug_info    0x000000000000660f       0xaf ShowData.o
 .debug_info    0x00000000000066be       0xcd EE_check_init.o
 *(.gnu.linkonce.wi.*)

.debug_abbrev   0x0000000000000000     0x16f0
 *(.debug_abbrev)
 .debug_abbrev  0x0000000000000000       0x14 lcd_hw_4_bit.o
 .debug_abbrev  0x0000000000000014      0x229 lcd-routines.o
 .debug_abbrev  0x000000000000023d       0x14 i2lcd.o
 .debug_abbrev  0x0000000000000251       0x14 PinLayout.o
 .debug_abbrev  0x0000000000000265       0x14 RvalOut.o
 .debug_abbrev  0x0000000000000279       0x14 UfAusgabe.o
 .debug_abbrev  0x000000000000028d      0x134 DisplayValue.o
 .debug_abbrev  0x00000000000003c1       0x14 swuart.o
 .debug_abbrev  0x00000000000003d5       0x14 wait1000ms.o
 .debug_abbrev  0x00000000000003e9       0x14 sleep_5ms.o
 .debug_abbrev  0x00000000000003fd       0x14 ReadADC.o
 .debug_abbrev  0x0000000000000411       0x14 wait_for_key_ms.o
 .debug_abbrev  0x0000000000000425       0x14 RefVoltage.o
 .debug_abbrev  0x0000000000000439       0x14 get_log.o
 .debug_abbrev  0x000000000000044d      0x365 main.o
 .debug_abbrev  0x00000000000007b2      0x1f1 CheckPins.o
 .debug_abbrev  0x00000000000009a3      0x1c6 GetResistance.o
 .debug_abbrev  0x0000000000000b69       0xc3 ChargePin10ms.o
 .debug_abbrev  0x0000000000000c2c       0xf6 EntladePins.o
 .debug_abbrev  0x0000000000000d22      0x1e9 ReadCapacity.o
 .debug_abbrev  0x0000000000000f0b       0x14 GetRLmultip.o
 .debug_abbrev  0x0000000000000f1f      0x13b Calibrate_UR.o
 .debug_abbrev  0x000000000000105a      0x1a8 ReadInductance.o
 .debug_abbrev  0x0000000000001202       0x14 GetESR.o
 .debug_abbrev  0x0000000000001216      0x186 GetVloss.o
 .debug_abbrev  0x000000000000139c       0x67 GetFrequency.o
 .debug_abbrev  0x0000000000001403       0x67 function_menu.o
 .debug_abbrev  0x000000000000146a       0x67 message_key_released.o
 .debug_abbrev  0x00000000000014d1       0x67 ReadBigCap.o
 .debug_abbrev  0x0000000000001538       0x67 CheckRotaryEncoder.o
 .debug_abbrev  0x000000000000159f       0x67 CalibrationCap.o
 .debug_abbrev  0x0000000000001606       0x67 ShowData.o
 .debug_abbrev  0x000000000000166d       0x83 EE_check_init.o

.debug_line     0x0000000000000000     0x1bc5
 *(.debug_line)
 .debug_line    0x0000000000000000       0x6c lcd_hw_4_bit.o
 .debug_line    0x000000000000006c      0x16c lcd-routines.o
 .debug_line    0x00000000000001d8       0x48 i2lcd.o
 .debug_line    0x0000000000000220       0x5f PinLayout.o
 .debug_line    0x000000000000027f       0x62 RvalOut.o
 .debug_line    0x00000000000002e1       0x92 UfAusgabe.o
 .debug_line    0x0000000000000373      0x11a DisplayValue.o
 .debug_line    0x000000000000048d       0x39 swuart.o
 .debug_line    0x00000000000004c6       0x64 wait1000ms.o
 .debug_line    0x000000000000052a       0x60 sleep_5ms.o
 .debug_line    0x000000000000058a       0x88 ReadADC.o
 .debug_line    0x0000000000000612       0x82 wait_for_key_ms.o
 .debug_line    0x0000000000000694       0x83 RefVoltage.o
 .debug_line    0x0000000000000717       0x54 get_log.o
 .debug_line    0x000000000000076b      0x428 main.o
 .debug_line    0x0000000000000b93      0x29d CheckPins.o
 .debug_line    0x0000000000000e30      0x126 GetResistance.o
 .debug_line    0x0000000000000f56       0x9f ChargePin10ms.o
 .debug_line    0x0000000000000ff5       0xfa EntladePins.o
 .debug_line    0x00000000000010ef      0x1e9 ReadCapacity.o
 .debug_line    0x00000000000012d8       0x76 GetRLmultip.o
 .debug_line    0x000000000000134e       0xda Calibrate_UR.o
 .debug_line    0x0000000000001428      0x17b ReadInductance.o
 .debug_line    0x00000000000015a3      0x1d4 GetESR.o
 .debug_line    0x0000000000001777      0x106 GetVloss.o
 .debug_line    0x000000000000187d       0x65 GetFrequency.o
 .debug_line    0x00000000000018e2       0x65 function_menu.o
 .debug_line    0x0000000000001947       0x65 message_key_released.o
 .debug_line    0x00000000000019ac       0x65 ReadBigCap.o
 .debug_line    0x0000000000001a11       0x65 CheckRotaryEncoder.o
 .debug_line    0x0000000000001a76       0x65 CalibrationCap.o
 .debug_line    0x0000000000001adb       0x65 ShowData.o
 .debug_line    0x0000000000001b40       0x85 EE_check_init.o

.debug_frame    0x0000000000000000      0x564
 *(.debug_frame)
 .debug_frame   0x0000000000000000      0x18c lcd-routines.o
 .debug_frame   0x000000000000018c       0x40 DisplayValue.o
 .debug_frame   0x00000000000001cc       0xf8 main.o
 .debug_frame   0x00000000000002c4       0x4c CheckPins.o
 .debug_frame   0x0000000000000310       0x48 GetResistance.o
 .debug_frame   0x0000000000000358       0x2c ChargePin10ms.o
 .debug_frame   0x0000000000000384       0x3c EntladePins.o
 .debug_frame   0x00000000000003c0       0xb4 ReadCapacity.o
 .debug_frame   0x0000000000000474       0x40 Calibrate_UR.o
 .debug_frame   0x00000000000004b4       0x4c ReadInductance.o
 .debug_frame   0x0000000000000500       0x40 GetVloss.o
 .debug_frame   0x0000000000000540       0x24 EE_check_init.o

.debug_str      0x0000000000000000      0xd69
 *(.debug_str)
 .debug_str     0x0000000000000000      0x2fe lcd-routines.o
                                        0x34d (size before relaxing)
 .debug_str     0x00000000000002fe       0x61 DisplayValue.o
                                        0x1fe (size before relaxing)
 .debug_str     0x000000000000035f      0x623 main.o
                                        0x946 (size before relaxing)
 .debug_str     0x0000000000000982      0x12b CheckPins.o
                                        0x3a7 (size before relaxing)
 .debug_str     0x0000000000000aad       0x33 GetResistance.o
                                        0x306 (size before relaxing)
 .debug_str     0x0000000000000ae0       0x2f ChargePin10ms.o
                                        0x1b2 (size before relaxing)
 .debug_str     0x0000000000000b0f       0x29 EntladePins.o
                                        0x1d9 (size before relaxing)
 .debug_str     0x0000000000000b38       0xad ReadCapacity.o
                                        0x393 (size before relaxing)
 .debug_str     0x0000000000000be5       0x35 Calibrate_UR.o
                                        0x247 (size before relaxing)
 .debug_str     0x0000000000000c1a       0x8a ReadInductance.o
                                        0x31e (size before relaxing)
 .debug_str     0x0000000000000ca4       0x1b GetVloss.o
                                        0x265 (size before relaxing)
 .debug_str     0x0000000000000cbf       0x12 GetFrequency.o
                                        0x175 (size before relaxing)
 .debug_str     0x0000000000000cd1       0x13 function_menu.o
                                        0x176 (size before relaxing)
 .debug_str     0x0000000000000ce4       0x1a message_key_released.o
                                        0x17d (size before relaxing)
 .debug_str     0x0000000000000cfe       0x10 ReadBigCap.o
                                        0x173 (size before relaxing)
 .debug_str     0x0000000000000d0e       0x18 CheckRotaryEncoder.o
                                        0x17b (size before relaxing)
 .debug_str     0x0000000000000d26       0x14 CalibrationCap.o
                                        0x177 (size before relaxing)
 .debug_str     0x0000000000000d3a        0xe ShowData.o
                                        0x171 (size before relaxing)
 .debug_str     0x0000000000000d48       0x21 EE_check_init.o
                                        0x184 (size before relaxing)

.debug_loc      0x0000000000000000     0x3aa7
 *(.debug_loc)
 .debug_loc     0x0000000000000000      0x3e7 lcd-routines.o
 .debug_loc     0x00000000000003e7      0x1d1 DisplayValue.o
 .debug_loc     0x00000000000005b8      0x7cc main.o
 .debug_loc     0x0000000000000d84     0x1679 CheckPins.o
 .debug_loc     0x00000000000023fd      0x800 GetResistance.o
 .debug_loc     0x0000000000002bfd       0x72 ChargePin10ms.o
 .debug_loc     0x0000000000002c6f      0x19f EntladePins.o
 .debug_loc     0x0000000000002e0e      0x490 ReadCapacity.o
 .debug_loc     0x000000000000329e       0x88 Calibrate_UR.o
 .debug_loc     0x0000000000003326      0x546 ReadInductance.o
 .debug_loc     0x000000000000386c      0x23b GetVloss.o

.debug_macinfo
 *(.debug_macinfo)

.debug_pubtypes
 *(.debug_pubtypes)

.debug_ranges   0x0000000000000000       0x30
 *(.debug_ranges)
 .debug_ranges  0x0000000000000000       0x18 main.o
 .debug_ranges  0x0000000000000018       0x18 ReadInductance.o

.debug_macro
 *(.debug_macro)
OUTPUT(TransistorTester.elf elf32-avr)
LOAD linker stubs
