Archive member included because of file (symbol)

/usr/lib/gcc/avr/4.5.3/avr5/libgcc.a(_mulsi3.o)
                              main.o (__mulsi3)
/usr/lib/gcc/avr/4.5.3/avr5/libgcc.a(_udivmodhi4.o)
                              main.o (__udivmodhi4)
/usr/lib/gcc/avr/4.5.3/avr5/libgcc.a(_udivmodsi4.o)
                              main.o (__udivmodsi4)
/usr/lib/gcc/avr/4.5.3/avr5/libgcc.a(_exit.o)
                              /usr/lib/gcc/avr/4.5.3/../../../avr/lib/avr5/crtm168.o (exit)
/usr/lib/gcc/avr/4.5.3/avr5/libgcc.a(_copy_data.o)
                              main.o (__do_copy_data)
/usr/lib/gcc/avr/4.5.3/avr5/libgcc.a(_clear_bss.o)
                              main.o (__do_clear_bss)
/usr/lib/gcc/avr/4.5.3/../../../avr/lib/avr5/libc.a(utoa.o)
                              main.o (utoa)
/usr/lib/gcc/avr/4.5.3/../../../avr/lib/avr5/libc.a(eerd_byte_atmega168.o)
                              lcd-routines.o (__eerd_byte_m168)
/usr/lib/gcc/avr/4.5.3/../../../avr/lib/avr5/libc.a(eerd_word_atmega168.o)
                              main.o (__eerd_word_m168)
/usr/lib/gcc/avr/4.5.3/../../../avr/lib/avr5/libc.a(strrev.o)
                              /usr/lib/gcc/avr/4.5.3/../../../avr/lib/avr5/libc.a(utoa.o) (strrev)
/usr/lib/gcc/avr/4.5.3/../../../avr/lib/avr5/libc.a(eerd_block_atmega168.o)
                              /usr/lib/gcc/avr/4.5.3/../../../avr/lib/avr5/libc.a(eerd_word_atmega168.o) (__eerd_blraw_m168)

Allocating common symbols
Common symbol       size              file

display_time        0x2               main.o
PartReady           0x1               main.o
NumOfDiodes         0x1               main.o
PartMode            0x1               main.o
PartFound           0x1               main.o
cb                  0x1               main.o
tmpval              0x1               main.o
NumOfR              0x1               main.o
mess_count          0x1               main.o
outval              0xc               main.o
resis               0x15              main.o
rvmax               0x2               main.o
rxv                 0x2               main.o
ref_mv              0x2               main.o
tmpval2             0x1               main.o
empty_count         0x1               main.o
ii                  0x1               main.o
cpre                0x1               main.o
trans               0x7               main.o
gthvoltage          0x2               main.o
rtst                0x2               main.o
ca                  0x1               main.o
diodes              0x18              main.o
cval                0x4               main.o

Memory Configuration

Name             Origin             Length             Attributes
text             0x0000000000000000 0x0000000000020000 xr
data             0x0000000000800060 0x000000000000ffa0 rw !x
eeprom           0x0000000000810000 0x0000000000010000 rw !x
fuse             0x0000000000820000 0x0000000000000400 rw !x
lock             0x0000000000830000 0x0000000000000400 rw !x
signature        0x0000000000840000 0x0000000000000400 rw !x
*default*        0x0000000000000000 0xffffffffffffffff

Linker script and memory map

Address of section .data set to 0x800100
LOAD /usr/lib/gcc/avr/4.5.3/../../../avr/lib/avr5/crtm168.o
LOAD lcd-routines.o
LOAD main.o
LOAD swuart.o
LOAD wait1000ms.o
LOAD CombineToLong.o
LOAD ReadADC.o
LOAD /usr/lib/gcc/avr/4.5.3/avr5/libgcc.a
LOAD /usr/lib/gcc/avr/4.5.3/../../../avr/lib/avr5/libc.a
LOAD /usr/lib/gcc/avr/4.5.3/avr5/libgcc.a

.hash
 *(.hash)

.dynsym
 *(.dynsym)

.dynstr
 *(.dynstr)

.gnu.version
 *(.gnu.version)

.gnu.version_d
 *(.gnu.version_d)

.gnu.version_r
 *(.gnu.version_r)

.rel.init
 *(.rel.init)

.rela.init
 *(.rela.init)

.rel.text
 *(.rel.text)
 *(.rel.text.*)
 *(.rel.gnu.linkonce.t*)

.rela.text
 *(.rela.text)
 *(.rela.text.*)
 *(.rela.gnu.linkonce.t*)

.rel.fini
 *(.rel.fini)

.rela.fini
 *(.rela.fini)

.rel.rodata
 *(.rel.rodata)
 *(.rel.rodata.*)
 *(.rel.gnu.linkonce.r*)

.rela.rodata
 *(.rela.rodata)
 *(.rela.rodata.*)
 *(.rela.gnu.linkonce.r*)

.rel.data
 *(.rel.data)
 *(.rel.data.*)
 *(.rel.gnu.linkonce.d*)

.rela.data
 *(.rela.data)
 *(.rela.data.*)
 *(.rela.gnu.linkonce.d*)

.rel.ctors
 *(.rel.ctors)

.rela.ctors
 *(.rela.ctors)

.rel.dtors
 *(.rel.dtors)

.rela.dtors
 *(.rela.dtors)

.rel.got
 *(.rel.got)

.rela.got
 *(.rela.got)

.rel.bss
 *(.rel.bss)

.rela.bss
 *(.rela.bss)

.rel.plt
 *(.rel.plt)

.rela.plt
 *(.rela.plt)

.text           0x0000000000000000     0x25fa
 *(.vectors)
 .vectors       0x0000000000000000       0x68 /usr/lib/gcc/avr/4.5.3/../../../avr/lib/avr5/crtm168.o
                0x0000000000000000                __vectors
                0x0000000000000000                __vector_default
 *(.vectors)
 *(.progmem.gcc*)
 *(.progmem*)
 .progmem.data  0x0000000000000068        0x4 main.o
                0x0000000000000068                C_Prefix_tab
                0x000000000000006c                . = ALIGN (0x2)
                0x000000000000006c                __trampolines_start = .
 *(.trampolines)
 .trampolines   0x000000000000006c        0x0 linker stubs
 *(.trampolines*)
                0x000000000000006c                __trampolines_end = .
 *(.jumptables)
 *(.jumptables*)
 *(.lowtext)
 *(.lowtext*)
                0x000000000000006c                __ctors_start = .
 *(.ctors)
                0x000000000000006c                __ctors_end = .
                0x000000000000006c                __dtors_start = .
 *(.dtors)
                0x000000000000006c                __dtors_end = .
 SORT(*)(.ctors)
 SORT(*)(.dtors)
 *(.init0)
 .init0         0x000000000000006c        0x0 /usr/lib/gcc/avr/4.5.3/../../../avr/lib/avr5/crtm168.o
                0x000000000000006c                __init
 *(.init0)
 *(.init1)
 *(.init1)
 *(.init2)
 .init2         0x000000000000006c        0xc /usr/lib/gcc/avr/4.5.3/../../../avr/lib/avr5/crtm168.o
 *(.init2)
 *(.init3)
 *(.init3)
 *(.init4)
 .init4         0x0000000000000078       0x16 /usr/lib/gcc/avr/4.5.3/avr5/libgcc.a(_copy_data.o)
                0x0000000000000078                __do_copy_data
 .init4         0x000000000000008e       0x10 /usr/lib/gcc/avr/4.5.3/avr5/libgcc.a(_clear_bss.o)
                0x000000000000008e                __do_clear_bss
 *(.init4)
 *(.init5)
 *(.init5)
 *(.init6)
 *(.init6)
 *(.init7)
 *(.init7)
 *(.init8)
 *(.init8)
 *(.init9)
 .init9         0x000000000000009e        0x8 /usr/lib/gcc/avr/4.5.3/../../../avr/lib/avr5/crtm168.o
 *(.init9)
 *(.text)
 .text          0x00000000000000a6        0x4 /usr/lib/gcc/avr/4.5.3/../../../avr/lib/avr5/crtm168.o
                0x00000000000000a6                __vector_22
                0x00000000000000a6                __vector_1
                0x00000000000000a6                __vector_24
                0x00000000000000a6                __vector_12
                0x00000000000000a6                __bad_interrupt
                0x00000000000000a6                __vector_6
                0x00000000000000a6                __vector_3
                0x00000000000000a6                __vector_23
                0x00000000000000a6                __vector_25
                0x00000000000000a6                __vector_11
                0x00000000000000a6                __vector_13
                0x00000000000000a6                __vector_17
                0x00000000000000a6                __vector_19
                0x00000000000000a6                __vector_7
                0x00000000000000a6                __vector_5
                0x00000000000000a6                __vector_4
                0x00000000000000a6                __vector_9
                0x00000000000000a6                __vector_2
                0x00000000000000a6                __vector_21
                0x00000000000000a6                __vector_15
                0x00000000000000a6                __vector_8
                0x00000000000000a6                __vector_14
                0x00000000000000a6                __vector_10
                0x00000000000000a6                __vector_16
                0x00000000000000a6                __vector_18
                0x00000000000000a6                __vector_20
 .text          0x00000000000000aa      0x144 lcd-routines.o
                0x00000000000000aa                lcd_enable
                0x00000000000000b4                lcd_send
                0x00000000000000fc                lcd_command
                0x0000000000000104                lcd_data
                0x000000000000010c                lcd_ziff1
                0x0000000000000114                lcd_clear
                0x0000000000000120                lcd_init
                0x0000000000000176                lcd_string
                0x000000000000019e                lcd_fix_string
                0x00000000000001c0                lcd_fix_customchar
 .text          0x00000000000001ee     0x21c0 main.o
                0x00000000000001ee                mVAusgabe
                0x0000000000000246                UfAusgabe
                0x000000000000026e                scale_intref_adc
                0x00000000000002f2                ChargePin10ms
                0x0000000000000334                CheckPins
                0x0000000000000ddc                EntladePins
                0x0000000000000f0e                getRLmultip
                0x0000000000000f92                ReadCapacity
                0x000000000000136c                RefVoltage
                0x00000000000013fe                lcd_clear_line
                0x0000000000001410                value_out
                0x000000000000154a                lcd_show_format_cap
                0x0000000000001588                RvalOut
                0x00000000000015cc                AutoCheck
                0x00000000000019dc                main
 .text          0x00000000000023ae        0x2 swuart.o
                0x00000000000023ae                uart_putc
 .text          0x00000000000023b0       0x4a wait1000ms.o
                0x00000000000023b0                wait5s
                0x00000000000023b2                wait4s
                0x00000000000023b4                wait3s
                0x00000000000023b6                wait2s
                0x00000000000023b8                wait1000ms
                0x00000000000023b8                wait1s
                0x00000000000023ba                wait500ms
                0x00000000000023bc                wait400ms
                0x00000000000023be                wait300ms
                0x00000000000023c0                wait200ms
                0x00000000000023c2                wait100ms
                0x00000000000023c6                wait50ms
                0x00000000000023c8                wait40ms
                0x00000000000023ca                wait30ms
                0x00000000000023cc                wait20ms
                0x00000000000023ce                wait10ms
                0x00000000000023d0                wait5ms
                0x00000000000023d2                wait4ms
                0x00000000000023d4                wait3ms
                0x00000000000023d6                wait2ms
                0x00000000000023d8                wait1ms
                0x00000000000023da                wait500us
                0x00000000000023dc                wait400us
                0x00000000000023de                wait300us
                0x00000000000023e0                wait200us
                0x00000000000023e2                wait100us
                0x00000000000023e4                wait50us
                0x00000000000023e6                wait40us
                0x00000000000023e8                wait30us
                0x00000000000023ea                wait20us
                0x00000000000023ec                wait10us
                0x00000000000023ee                wait5us
                0x00000000000023f0                wait4us
                0x00000000000023f2                wait3us
                0x00000000000023f4                wait2us
                0x00000000000023f6                wait1us
 .text          0x00000000000023fa        0x4 CombineToLong.o
                0x00000000000023fa                CombineBI2Long
                0x00000000000023fc                CombineII2Long
 .text          0x00000000000023fe       0xc6 ReadADC.o
                0x00000000000023fe                W20msReadADC
                0x0000000000002406                W5msReadADC
                0x000000000000240a                ReadADC
 .text          0x00000000000024c4        0x0 /usr/lib/gcc/avr/4.5.3/avr5/libgcc.a(_mulsi3.o)
 .text          0x00000000000024c4        0x0 /usr/lib/gcc/avr/4.5.3/avr5/libgcc.a(_udivmodhi4.o)
 .text          0x00000000000024c4        0x0 /usr/lib/gcc/avr/4.5.3/avr5/libgcc.a(_udivmodsi4.o)
 .text          0x00000000000024c4        0x0 /usr/lib/gcc/avr/4.5.3/avr5/libgcc.a(_exit.o)
 .text          0x00000000000024c4        0x0 /usr/lib/gcc/avr/4.5.3/avr5/libgcc.a(_copy_data.o)
 .text          0x00000000000024c4        0x0 /usr/lib/gcc/avr/4.5.3/avr5/libgcc.a(_clear_bss.o)
 .text          0x00000000000024c4        0x0 /usr/lib/gcc/avr/4.5.3/../../../avr/lib/avr5/libc.a(utoa.o)
 .text          0x00000000000024c4        0x0 /usr/lib/gcc/avr/4.5.3/../../../avr/lib/avr5/libc.a(eerd_byte_atmega168.o)
 .text          0x00000000000024c4        0x0 /usr/lib/gcc/avr/4.5.3/../../../avr/lib/avr5/libc.a(eerd_word_atmega168.o)
 .text          0x00000000000024c4        0x0 /usr/lib/gcc/avr/4.5.3/../../../avr/lib/avr5/libc.a(strrev.o)
 .text          0x00000000000024c4        0x0 /usr/lib/gcc/avr/4.5.3/../../../avr/lib/avr5/libc.a(eerd_block_atmega168.o)
                0x00000000000024c4                . = ALIGN (0x2)
 *(.text.*)
 .text.libgcc   0x00000000000024c4       0x3e /usr/lib/gcc/avr/4.5.3/avr5/libgcc.a(_mulsi3.o)
                0x00000000000024c4                __mulsi3
 .text.libgcc   0x0000000000002502       0x28 /usr/lib/gcc/avr/4.5.3/avr5/libgcc.a(_udivmodhi4.o)
                0x0000000000002502                __udivmodhi4
 .text.libgcc   0x000000000000252a       0x44 /usr/lib/gcc/avr/4.5.3/avr5/libgcc.a(_udivmodsi4.o)
                0x000000000000252a                __udivmodsi4
 .text.libgcc   0x000000000000256e        0x0 /usr/lib/gcc/avr/4.5.3/avr5/libgcc.a(_exit.o)
 .text.libgcc   0x000000000000256e        0x0 /usr/lib/gcc/avr/4.5.3/avr5/libgcc.a(_copy_data.o)
 .text.libgcc   0x000000000000256e        0x0 /usr/lib/gcc/avr/4.5.3/avr5/libgcc.a(_clear_bss.o)
 .text.avr-libc
                0x000000000000256e       0x2c /usr/lib/gcc/avr/4.5.3/../../../avr/lib/avr5/libc.a(utoa.o)
                0x000000000000256e                utoa
 .text.avr-libc
                0x000000000000259a       0x10 /usr/lib/gcc/avr/4.5.3/../../../avr/lib/avr5/libc.a(eerd_byte_atmega168.o)
                0x000000000000259a                __eerd_byte_m168
 .text.avr-libc
                0x00000000000025aa        0xc /usr/lib/gcc/avr/4.5.3/../../../avr/lib/avr5/libc.a(eerd_word_atmega168.o)
                0x00000000000025aa                __eerd_word_m168
 .text.avr-libc
                0x00000000000025b6       0x20 /usr/lib/gcc/avr/4.5.3/../../../avr/lib/avr5/libc.a(strrev.o)
                0x00000000000025b6                strrev
 .text.avr-libc
                0x00000000000025d6       0x20 /usr/lib/gcc/avr/4.5.3/../../../avr/lib/avr5/libc.a(eerd_block_atmega168.o)
                0x00000000000025d6                __eerd_block_m168
                0x00000000000025da                __eerd_blraw_m168
                0x00000000000025f6                . = ALIGN (0x2)
 *(.fini9)
 .fini9         0x00000000000025f6        0x0 /usr/lib/gcc/avr/4.5.3/avr5/libgcc.a(_exit.o)
                0x00000000000025f6                exit
                0x00000000000025f6                _exit
 *(.fini9)
 *(.fini8)
 *(.fini8)
 *(.fini7)
 *(.fini7)
 *(.fini6)
 *(.fini6)
 *(.fini5)
 *(.fini5)
 *(.fini4)
 *(.fini4)
 *(.fini3)
 *(.fini3)
 *(.fini2)
 *(.fini2)
 *(.fini1)
 *(.fini1)
 *(.fini0)
 .fini0         0x00000000000025f6        0x4 /usr/lib/gcc/avr/4.5.3/avr5/libgcc.a(_exit.o)
 *(.fini0)
                0x00000000000025fa                _etext = .

.data           0x0000000000800100        0x4 load address 0x00000000000025fa
                0x0000000000800100                PROVIDE (__data_start, .)
 *(.data)
 .data          0x0000000000800100        0x0 /usr/lib/gcc/avr/4.5.3/../../../avr/lib/avr5/crtm168.o
 .data          0x0000000000800100        0x0 lcd-routines.o
 .data          0x0000000000800100        0x4 main.o
                0x0000000000800100                RHmultip
                0x0000000000800102                minmul
                0x0000000000800103                mindiv
 .data          0x0000000000800104        0x0 swuart.o
 .data          0x0000000000800104        0x0 wait1000ms.o
 .data          0x0000000000800104        0x0 CombineToLong.o
 .data          0x0000000000800104        0x0 ReadADC.o
 .data          0x0000000000800104        0x0 /usr/lib/gcc/avr/4.5.3/avr5/libgcc.a(_mulsi3.o)
 .data          0x0000000000800104        0x0 /usr/lib/gcc/avr/4.5.3/avr5/libgcc.a(_udivmodhi4.o)
 .data          0x0000000000800104        0x0 /usr/lib/gcc/avr/4.5.3/avr5/libgcc.a(_udivmodsi4.o)
 .data          0x0000000000800104        0x0 /usr/lib/gcc/avr/4.5.3/avr5/libgcc.a(_exit.o)
 .data          0x0000000000800104        0x0 /usr/lib/gcc/avr/4.5.3/avr5/libgcc.a(_copy_data.o)
 .data          0x0000000000800104        0x0 /usr/lib/gcc/avr/4.5.3/avr5/libgcc.a(_clear_bss.o)
 .data          0x0000000000800104        0x0 /usr/lib/gcc/avr/4.5.3/../../../avr/lib/avr5/libc.a(utoa.o)
 .data          0x0000000000800104        0x0 /usr/lib/gcc/avr/4.5.3/../../../avr/lib/avr5/libc.a(eerd_byte_atmega168.o)
 .data          0x0000000000800104        0x0 /usr/lib/gcc/avr/4.5.3/../../../avr/lib/avr5/libc.a(eerd_word_atmega168.o)
 .data          0x0000000000800104        0x0 /usr/lib/gcc/avr/4.5.3/../../../avr/lib/avr5/libc.a(strrev.o)
 .data          0x0000000000800104        0x0 /usr/lib/gcc/avr/4.5.3/../../../avr/lib/avr5/libc.a(eerd_block_atmega168.o)
 *(.data*)
 *(.rodata)
 *(.rodata*)
 *(.gnu.linkonce.d*)
                0x0000000000800104                . = ALIGN (0x2)
                0x0000000000800104                _edata = .
                0x0000000000800104                PROVIDE (__data_end, .)

.bss            0x0000000000800104       0x5d
                0x0000000000800104                PROVIDE (__bss_start, .)
 *(.bss)
 .bss           0x0000000000800104        0x0 /usr/lib/gcc/avr/4.5.3/../../../avr/lib/avr5/crtm168.o
 .bss           0x0000000000800104        0x0 lcd-routines.o
 .bss           0x0000000000800104        0x0 main.o
 .bss           0x0000000000800104        0x0 swuart.o
 .bss           0x0000000000800104        0x0 wait1000ms.o
 .bss           0x0000000000800104        0x0 CombineToLong.o
 .bss           0x0000000000800104        0x0 ReadADC.o
 .bss           0x0000000000800104        0x0 /usr/lib/gcc/avr/4.5.3/avr5/libgcc.a(_mulsi3.o)
 .bss           0x0000000000800104        0x0 /usr/lib/gcc/avr/4.5.3/avr5/libgcc.a(_udivmodhi4.o)
 .bss           0x0000000000800104        0x0 /usr/lib/gcc/avr/4.5.3/avr5/libgcc.a(_udivmodsi4.o)
 .bss           0x0000000000800104        0x0 /usr/lib/gcc/avr/4.5.3/avr5/libgcc.a(_exit.o)
 .bss           0x0000000000800104        0x0 /usr/lib/gcc/avr/4.5.3/avr5/libgcc.a(_copy_data.o)
 .bss           0x0000000000800104        0x0 /usr/lib/gcc/avr/4.5.3/avr5/libgcc.a(_clear_bss.o)
 .bss           0x0000000000800104        0x0 /usr/lib/gcc/avr/4.5.3/../../../avr/lib/avr5/libc.a(utoa.o)
 .bss           0x0000000000800104        0x0 /usr/lib/gcc/avr/4.5.3/../../../avr/lib/avr5/libc.a(eerd_byte_atmega168.o)
 .bss           0x0000000000800104        0x0 /usr/lib/gcc/avr/4.5.3/../../../avr/lib/avr5/libc.a(eerd_word_atmega168.o)
 .bss           0x0000000000800104        0x0 /usr/lib/gcc/avr/4.5.3/../../../avr/lib/avr5/libc.a(strrev.o)
 .bss           0x0000000000800104        0x0 /usr/lib/gcc/avr/4.5.3/../../../avr/lib/avr5/libc.a(eerd_block_atmega168.o)
 *(.bss*)
 *(COMMON)
 COMMON         0x0000000000800104       0x5d main.o
                0x0000000000800104                display_time
                0x0000000000800106                PartReady
                0x0000000000800107                NumOfDiodes
                0x0000000000800108                PartMode
                0x0000000000800109                PartFound
                0x000000000080010a                cb
                0x000000000080010b                tmpval
                0x000000000080010c                NumOfR
                0x000000000080010d                mess_count
                0x000000000080010e                outval
                0x000000000080011a                resis
                0x000000000080012f                rvmax
                0x0000000000800131                rxv
                0x0000000000800133                ref_mv
                0x0000000000800135                tmpval2
                0x0000000000800136                empty_count
                0x0000000000800137                ii
                0x0000000000800138                cpre
                0x0000000000800139                trans
                0x0000000000800140                gthvoltage
                0x0000000000800142                rtst
                0x0000000000800144                ca
                0x0000000000800145                diodes
                0x000000000080015d                cval
                0x0000000000800161                PROVIDE (__bss_end, .)
                0x00000000000025fa                __data_load_start = LOADADDR (.data)
                0x00000000000025fe                __data_load_end = (__data_load_start + SIZEOF (.data))

.noinit         0x0000000000800161        0x0
                0x0000000000800161                PROVIDE (__noinit_start, .)
 *(.noinit*)
                0x0000000000800161                PROVIDE (__noinit_end, .)
                0x0000000000800161                _end = .
                0x0000000000800161                PROVIDE (__heap_start, .)

.eeprom         0x0000000000810000      0x1e0
 *(.eeprom*)
 .eeprom        0x0000000000810000      0x1e0 main.o
                0x0000000000810000                RLtab
                0x000000000081005a                RHtab
                0x000000000081006c                TestRunning
                0x0000000000810077                BatWeak
                0x000000000081007c                BatEmpty
                0x0000000000810083                TestFailed2
                0x000000000081008c                Bauteil
                0x0000000000810091                Diode
                0x0000000000810099                GAK
                0x000000000081009e                Triac
                0x00000000008100a4                Thyristor
                0x00000000008100ae                Unknown
                0x00000000008100b7                TestFailed1
                0x00000000008100c7                OrBroken
                0x00000000008100d3                Bat
                0x00000000008100d9                OK
                0x00000000008100dc                mosfet
                0x00000000008100e2                jfet
                0x00000000008100e7                GateCap
                0x00000000008100ea                hfestr
                0x00000000008100ed                NPN
                0x00000000008100f2                PNP
                0x00000000008100f7                ebcstr
                0x00000000008100fd                gds
                0x0000000000810102                Uf
                0x0000000000810106                vt
                0x000000000081010a                CapZeich
                0x000000000081010e                AnKat
                0x0000000000810112                KatAn
                0x0000000000810116                Dioden
                0x000000000081011b                Resis
                0x0000000000810120                TestTimedOut
                0x0000000000810129                VERSION
                0x0000000000810137                mVT
                0x000000000081013b                URefT
                0x0000000000810140                RHfakt
                0x0000000000810145                RLfakt
                0x000000000081014b                ATE
                0x0000000000810158                SELFTEST
                0x0000000000810168                RH1L
                0x000000000081016c                RH1H
                0x0000000000810170                RILO
                0x000000000081017c                RIHI
                0x0000000000810188                RLRL
                0x0000000000810196                RHRH
                0x00000000008101a4                RELPROBE
                0x00000000008101b2                DiodeIcon1
                0x00000000008101ba                DiodeIcon2
                0x00000000008101c2                CapIcon
                0x00000000008101ca                ResIcon1
                0x00000000008101d2                ResIcon2
                0x00000000008101da                PinRLtab
                0x00000000008101dd                PinADCtab
                0x00000000008101e0                __eeprom_end = .

.fuse
 *(.fuse)
 *(.lfuse)
 *(.hfuse)
 *(.efuse)

.lock
 *(.lock*)

.signature
 *(.signature*)

.stab           0x0000000000000000      0xad4
 *(.stab)
 .stab          0x0000000000000000      0x6cc /usr/lib/gcc/avr/4.5.3/../../../avr/lib/avr5/crtm168.o
 .stab          0x00000000000006cc      0x12c /usr/lib/gcc/avr/4.5.3/../../../avr/lib/avr5/libc.a(utoa.o)
                                        0x138 (size before relaxing)
 .stab          0x00000000000007f8       0x90 /usr/lib/gcc/avr/4.5.3/../../../avr/lib/avr5/libc.a(eerd_byte_atmega168.o)
                                         0x9c (size before relaxing)
 .stab          0x0000000000000888       0x6c /usr/lib/gcc/avr/4.5.3/../../../avr/lib/avr5/libc.a(eerd_word_atmega168.o)
                                         0x78 (size before relaxing)
 .stab          0x00000000000008f4       0xd8 /usr/lib/gcc/avr/4.5.3/../../../avr/lib/avr5/libc.a(strrev.o)
                                         0xe4 (size before relaxing)
 .stab          0x00000000000009cc      0x108 /usr/lib/gcc/avr/4.5.3/../../../avr/lib/avr5/libc.a(eerd_block_atmega168.o)
                                        0x114 (size before relaxing)

.stabstr        0x0000000000000000      0x142
 *(.stabstr)
 .stabstr       0x0000000000000000      0x142 /usr/lib/gcc/avr/4.5.3/../../../avr/lib/avr5/crtm168.o

.stab.excl
 *(.stab.excl)

.stab.exclstr
 *(.stab.exclstr)

.stab.index
 *(.stab.index)

.stab.indexstr
 *(.stab.indexstr)

.comment
 *(.comment)

.debug
 *(.debug)

.line
 *(.line)

.debug_srcinfo
 *(.debug_srcinfo)

.debug_sfnames
 *(.debug_sfnames)

.debug_aranges  0x0000000000000000       0x40
 *(.debug_aranges)
 .debug_aranges
                0x0000000000000000       0x20 lcd-routines.o
 .debug_aranges
                0x0000000000000020       0x20 main.o

.debug_pubnames
                0x0000000000000000      0x53a
 *(.debug_pubnames)
 .debug_pubnames
                0x0000000000000000       0xad lcd-routines.o
 .debug_pubnames
                0x00000000000000ad      0x48d main.o

.debug_info     0x0000000000000000     0x1714
 *(.debug_info)
 .debug_info    0x0000000000000000      0x20e lcd-routines.o
 .debug_info    0x000000000000020e     0x1506 main.o
 *(.gnu.linkonce.wi.*)

.debug_abbrev   0x0000000000000000      0x34d
 *(.debug_abbrev)
 .debug_abbrev  0x0000000000000000       0xaf lcd-routines.o
 .debug_abbrev  0x00000000000000af      0x29e main.o

.debug_line     0x0000000000000000     0x2476
 *(.debug_line)
 .debug_line    0x0000000000000000      0x2b5 lcd-routines.o
 .debug_line    0x00000000000002b5     0x21c1 main.o

.debug_frame    0x0000000000000000      0x1b0
 *(.debug_frame)
 .debug_frame   0x0000000000000000       0xb0 lcd-routines.o
 .debug_frame   0x00000000000000b0      0x100 main.o

.debug_str      0x0000000000000000      0x5cb
 *(.debug_str)
 .debug_str     0x0000000000000000      0x12f lcd-routines.o
                                        0x16d (size before relaxing)
 .debug_str     0x000000000000012f      0x49c main.o
                                        0x585 (size before relaxing)

.debug_loc      0x0000000000000000      0xc6f
 *(.debug_loc)
 .debug_loc     0x0000000000000000      0x115 lcd-routines.o
 .debug_loc     0x0000000000000115      0xb5a main.o

.debug_macinfo
 *(.debug_macinfo)
OUTPUT(TransistorTester.elf elf32-avr)
LOAD linker stubs

.debug_pubtypes
                0x0000000000000000       0x5f
 .debug_pubtypes
                0x0000000000000000       0x1e lcd-routines.o
 .debug_pubtypes
                0x000000000000001e       0x41 main.o
