Archive member included to satisfy reference by file (symbol)

/usr/lib/gcc/avr/5.4.0/avr5/libgcc.a(_mulsi3.o)
                              ../Obj/TransistorTester/ReadADC.o (__mulsi3)
/usr/lib/gcc/avr/5.4.0/avr5/libgcc.a(_udivmodqi4.o)
                              ../Obj/TransistorTester/DisplayValue.o (__udivmodqi4)
/usr/lib/gcc/avr/5.4.0/avr5/libgcc.a(_udivmodhi4.o)
                              ../Obj/TransistorTester/RefVoltage.o (__udivmodhi4)
/usr/lib/gcc/avr/5.4.0/avr5/libgcc.a(_udivmodsi4.o)
                              ../Obj/TransistorTester/DisplayValue.o (__udivmodsi4)
/usr/lib/gcc/avr/5.4.0/avr5/libgcc.a(_divmodsi4.o)
                              ../Obj/TransistorTester/main.o (__divmodsi4)
/usr/lib/gcc/avr/5.4.0/avr5/libgcc.a(_negsi2.o)
                              /usr/lib/gcc/avr/5.4.0/avr5/libgcc.a(_divmodsi4.o) (__negsi2)
/usr/lib/gcc/avr/5.4.0/avr5/libgcc.a(_exit.o)
                              /usr/lib/gcc/avr/5.4.0/../../../avr/lib/avr5/crtatmega168.o (exit)
/usr/lib/gcc/avr/5.4.0/avr5/libgcc.a(_clear_bss.o)
                              ../Obj/TransistorTester/lcd-routines.o (__do_clear_bss)
/usr/lib/gcc/avr/5.4.0/avr5/libgcc.a(_umulhisi3.o)
                              ../Obj/TransistorTester/CheckPins.o (__umulhisi3)
/usr/lib/gcc/avr/5.4.0/avr5/libgcc.a(_usmulhisi3.o)
                              ../Obj/TransistorTester/main.o (__usmulhisi3)
/usr/lib/gcc/avr/5.4.0/avr5/libgcc.a(_muluhisi3.o)
                              ../Obj/TransistorTester/main.o (__muluhisi3)
/usr/lib/gcc/avr/5.4.0/avr5/libgcc.a(_prologue.o)
                              ../Obj/TransistorTester/DisplayValue.o (__prologue_saves__)
/usr/lib/gcc/avr/5.4.0/avr5/libgcc.a(_epilogue.o)
                              ../Obj/TransistorTester/DisplayValue.o (__epilogue_restores__)
/usr/lib/gcc/avr/5.4.0/../../../avr/lib/avr5/libc.a(utoa.o)
                              ../Obj/TransistorTester/i2lcd.o (utoa)
/usr/lib/gcc/avr/5.4.0/../../../avr/lib/avr5/libc.a(utoa_ncheck.o)
                              ../Obj/TransistorTester/DisplayValue.o (__utoa_ncheck)
/usr/lib/gcc/avr/5.4.0/../../../avr/lib/avr5/libc.a(strrev.o)
                              /usr/lib/gcc/avr/5.4.0/../../../avr/lib/avr5/libc.a(utoa_ncheck.o) (strrev)
/usr/lib/gcc/avr/5.4.0/../../../avr/lib/avr5/libatmega168.a(eerd_byte.o)
                              ../Obj/TransistorTester/lcd-routines.o (eeprom_read_byte)
/usr/lib/gcc/avr/5.4.0/../../../avr/lib/avr5/libatmega168.a(eewr_byte.o)
                              ../Obj/TransistorTester/main.o (eeprom_write_byte)
/usr/lib/gcc/avr/5.4.0/../../../avr/lib/avr5/libatmega168.a(eewr_word.o)
                              ../Obj/TransistorTester/main.o (eeprom_write_word)

Allocating common symbols
Common symbol       size              file

diode_sequence      0x1               ../Obj/TransistorTester/main.o
display_time        0x2               ../Obj/TransistorTester/main.o
resis680mi          0x2               ../Obj/TransistorTester/main.o
ref_mv_offs         0x2               ../Obj/TransistorTester/main.o
NumOfDiodes         0x1               ../Obj/TransistorTester/main.o
PartMode            0x1               ../Obj/TransistorTester/main.o
PartFound           0x1               ../Obj/TransistorTester/main.o
resis680pl          0x2               ../Obj/TransistorTester/main.o
tmpval              0x1               ../Obj/TransistorTester/main.o
last_text_column    0x1               ../Obj/TransistorTester/lcd-routines.o
adc_vcc_reference   0x2               ../Obj/TransistorTester/main.o
inductor_lpre       0x1               ../Obj/TransistorTester/main.o
mess_count          0x1               ../Obj/TransistorTester/main.o
last_text_line      0x1               ../Obj/TransistorTester/lcd-routines.o
outval              0xa               ../Obj/TransistorTester/main.o
ADCconfig           0x6               ../Obj/TransistorTester/main.o
pin_rpl             0x2               ../Obj/TransistorTester/main.o
ref_mv              0x2               ../Obj/TransistorTester/main.o
DC_Pwr_mode         0x1               ../Obj/TransistorTester/main.o
tmpval2             0x1               ../Obj/TransistorTester/main.o
UnCalibrated        0x1               ../Obj/TransistorTester/main.o
pin_rmi             0x2               ../Obj/TransistorTester/main.o
WithReference       0x1               ../Obj/TransistorTester/main.o
_lcd_column         0x1               ../Obj/TransistorTester/main.o
_trans              0x2               ../Obj/TransistorTester/main.o
last_line_used      0x1               ../Obj/TransistorTester/main.o
ntrans              0x10              ../Obj/TransistorTester/main.o
empty_count         0x1               ../Obj/TransistorTester/main.o
pin_combination     0x1               ../Obj/TransistorTester/main.o
cell_mv             0x6               ../Obj/TransistorTester/main.o
ResistorChecked     0x3               ../Obj/TransistorTester/main.o
ResistorList        0x3               ../Obj/TransistorTester/main.o
ptrans              0x10              ../Obj/TransistorTester/main.o
adc_internal_reference
                    0x2               ../Obj/TransistorTester/main.o
ResistorsFound      0x1               ../Obj/TransistorTester/main.o
RHmultip            0x2               ../Obj/TransistorTester/main.o
cap                 0x14              ../Obj/TransistorTester/main.o
load_diff           0x2               ../Obj/TransistorTester/main.o
diodes              0x18              ../Obj/TransistorTester/main.o
inductor_lx         0x4               ../Obj/TransistorTester/main.o
lcd_text_line       0x1               ../Obj/TransistorTester/main.o
ResistorVal         0xc               ../Obj/TransistorTester/main.o

Discarded input sections

 .data          0x0000000000000000        0x0 /usr/lib/gcc/avr/5.4.0/../../../avr/lib/avr5/crtatmega168.o
 .bss           0x0000000000000000        0x0 /usr/lib/gcc/avr/5.4.0/../../../avr/lib/avr5/crtatmega168.o
 .data          0x0000000000000000        0x0 ../Obj/TransistorTester/lcd_hw_4_bit.o
 .bss           0x0000000000000000        0x0 ../Obj/TransistorTester/lcd_hw_4_bit.o
 .text          0x0000000000000000        0x0 ../Obj/TransistorTester/lcd-routines.o
 .data          0x0000000000000000        0x0 ../Obj/TransistorTester/lcd-routines.o
 .bss           0x0000000000000000        0x0 ../Obj/TransistorTester/lcd-routines.o
 .text.lcd_line3
                0x0000000000000000       0x12 ../Obj/TransistorTester/lcd-routines.o
 .text.lcd_line4
                0x0000000000000000       0x12 ../Obj/TransistorTester/lcd-routines.o
 .text.lcd_clear_line1
                0x0000000000000000        0xe ../Obj/TransistorTester/lcd-routines.o
 .text.lcd_set_pixels
                0x0000000000000000        0x2 ../Obj/TransistorTester/lcd-routines.o
 .data          0x0000000000000000        0x0 ../Obj/TransistorTester/i2lcd.o
 .bss           0x0000000000000000        0x0 ../Obj/TransistorTester/i2lcd.o
 .data          0x0000000000000000        0x0 ../Obj/TransistorTester/PinLayout.o
 .bss           0x0000000000000000        0x0 ../Obj/TransistorTester/PinLayout.o
 .data          0x0000000000000000        0x0 ../Obj/TransistorTester/RvalOut.o
 .bss           0x0000000000000000        0x0 ../Obj/TransistorTester/RvalOut.o
 .data          0x0000000000000000        0x0 ../Obj/TransistorTester/UfAusgabe.o
 .bss           0x0000000000000000        0x0 ../Obj/TransistorTester/UfAusgabe.o
 .text          0x0000000000000000        0x0 ../Obj/TransistorTester/DisplayValue.o
 .data          0x0000000000000000        0x0 ../Obj/TransistorTester/DisplayValue.o
 .bss           0x0000000000000000        0x0 ../Obj/TransistorTester/DisplayValue.o
 .text          0x0000000000000000        0x2 ../Obj/TransistorTester/swuart.o
 .data          0x0000000000000000        0x0 ../Obj/TransistorTester/swuart.o
 .bss           0x0000000000000000        0x0 ../Obj/TransistorTester/swuart.o
 .debug_line    0x0000000000000000       0x3a ../Obj/TransistorTester/swuart.o
 .debug_info    0x0000000000000000       0x79 ../Obj/TransistorTester/swuart.o
 .debug_abbrev  0x0000000000000000       0x14 ../Obj/TransistorTester/swuart.o
 .debug_aranges
                0x0000000000000000       0x20 ../Obj/TransistorTester/swuart.o
 .data          0x0000000000000000        0x0 ../Obj/TransistorTester/wait1000ms.o
 .bss           0x0000000000000000        0x0 ../Obj/TransistorTester/wait1000ms.o
 .data          0x0000000000000000        0x0 ../Obj/TransistorTester/ReadADC.o
 .bss           0x0000000000000000        0x0 ../Obj/TransistorTester/ReadADC.o
 .data          0x0000000000000000        0x0 ../Obj/TransistorTester/wait_for_key_ms.o
 .bss           0x0000000000000000        0x0 ../Obj/TransistorTester/wait_for_key_ms.o
 .data          0x0000000000000000        0x0 ../Obj/TransistorTester/RefVoltage.o
 .bss           0x0000000000000000        0x0 ../Obj/TransistorTester/RefVoltage.o
 .text          0x0000000000000000        0x0 ../Obj/TransistorTester/main.o
 .data          0x0000000000000000        0x0 ../Obj/TransistorTester/main.o
 .bss           0x0000000000000000        0x0 ../Obj/TransistorTester/main.o
 .text          0x0000000000000000        0x0 ../Obj/TransistorTester/Battery_check.o
 .data          0x0000000000000000        0x0 ../Obj/TransistorTester/Battery_check.o
 .bss           0x0000000000000000        0x0 ../Obj/TransistorTester/Battery_check.o
 .text          0x0000000000000000        0x0 ../Obj/TransistorTester/CheckPins.o
 .data          0x0000000000000000        0x0 ../Obj/TransistorTester/CheckPins.o
 .bss           0x0000000000000000        0x0 ../Obj/TransistorTester/CheckPins.o
 .text          0x0000000000000000        0x0 ../Obj/TransistorTester/GetResistance.o
 .data          0x0000000000000000        0x0 ../Obj/TransistorTester/GetResistance.o
 .bss           0x0000000000000000        0x0 ../Obj/TransistorTester/GetResistance.o
 .text          0x0000000000000000        0x0 ../Obj/TransistorTester/ChargePin10ms.o
 .data          0x0000000000000000        0x0 ../Obj/TransistorTester/ChargePin10ms.o
 .bss           0x0000000000000000        0x0 ../Obj/TransistorTester/ChargePin10ms.o
 .text          0x0000000000000000        0x0 ../Obj/TransistorTester/EntladePins.o
 .data          0x0000000000000000        0x0 ../Obj/TransistorTester/EntladePins.o
 .bss           0x0000000000000000        0x0 ../Obj/TransistorTester/EntladePins.o
 .text          0x0000000000000000        0x0 ../Obj/TransistorTester/ReadCapacity.o
 .data          0x0000000000000000        0x0 ../Obj/TransistorTester/ReadCapacity.o
 .bss           0x0000000000000000        0x0 ../Obj/TransistorTester/ReadCapacity.o
 .data          0x0000000000000000        0x0 ../Obj/TransistorTester/GetRLmultip.o
 .bss           0x0000000000000000        0x0 ../Obj/TransistorTester/GetRLmultip.o
 .text          0x0000000000000000        0x0 ../Obj/TransistorTester/Calibrate_UR.o
 .data          0x0000000000000000        0x0 ../Obj/TransistorTester/Calibrate_UR.o
 .bss           0x0000000000000000        0x0 ../Obj/TransistorTester/Calibrate_UR.o
 .text          0x0000000000000000        0x0 ../Obj/TransistorTester/show_Resis_Cap.o
 .data          0x0000000000000000        0x0 ../Obj/TransistorTester/show_Resis_Cap.o
 .bss           0x0000000000000000        0x0 ../Obj/TransistorTester/show_Resis_Cap.o
 .text.Bat_update
                0x0000000000000000       0x16 ../Obj/TransistorTester/show_Resis_Cap.o
 .text.Pwr_mode_check
                0x0000000000000000       0x14 ../Obj/TransistorTester/show_Resis_Cap.o
 .data          0x0000000000000000        0x0 ../Obj/TransistorTester/get_log.o
 .bss           0x0000000000000000        0x0 ../Obj/TransistorTester/get_log.o
 .text          0x0000000000000000        0x0 ../Obj/TransistorTester/ReadInductance.o
 .data          0x0000000000000000        0x0 ../Obj/TransistorTester/ReadInductance.o
 .bss           0x0000000000000000        0x0 ../Obj/TransistorTester/ReadInductance.o
 .data          0x0000000000000000        0x0 ../Obj/TransistorTester/GetESR.o
 .bss           0x0000000000000000        0x0 ../Obj/TransistorTester/GetESR.o
 .text          0x0000000000000000        0x0 ../Obj/TransistorTester/GetVloss.o
 .data          0x0000000000000000        0x0 ../Obj/TransistorTester/GetVloss.o
 .bss           0x0000000000000000        0x0 ../Obj/TransistorTester/GetVloss.o
 .text          0x0000000000000000        0x0 ../Obj/TransistorTester/function_menu.o
 .data          0x0000000000000000        0x0 ../Obj/TransistorTester/function_menu.o
 .bss           0x0000000000000000        0x0 ../Obj/TransistorTester/function_menu.o
 .debug_info    0x0000000000000000       0x5d ../Obj/TransistorTester/function_menu.o
 .debug_abbrev  0x0000000000000000       0x26 ../Obj/TransistorTester/function_menu.o
 .debug_aranges
                0x0000000000000000       0x18 ../Obj/TransistorTester/function_menu.o
 .debug_line    0x0000000000000000       0x1a ../Obj/TransistorTester/function_menu.o
 .debug_str     0x0000000000000000      0x18c ../Obj/TransistorTester/function_menu.o
 .comment       0x0000000000000000       0x12 ../Obj/TransistorTester/function_menu.o
 .text          0x0000000000000000        0x0 ../Obj/TransistorTester/message_key_released.o
 .data          0x0000000000000000        0x0 ../Obj/TransistorTester/message_key_released.o
 .bss           0x0000000000000000        0x0 ../Obj/TransistorTester/message_key_released.o
 .debug_info    0x0000000000000000       0x5d ../Obj/TransistorTester/message_key_released.o
 .debug_abbrev  0x0000000000000000       0x26 ../Obj/TransistorTester/message_key_released.o
 .debug_aranges
                0x0000000000000000       0x18 ../Obj/TransistorTester/message_key_released.o
 .debug_line    0x0000000000000000       0x1a ../Obj/TransistorTester/message_key_released.o
 .debug_str     0x0000000000000000      0x193 ../Obj/TransistorTester/message_key_released.o
 .comment       0x0000000000000000       0x12 ../Obj/TransistorTester/message_key_released.o
 .text          0x0000000000000000        0x0 ../Obj/TransistorTester/GetFrequency.o
 .data          0x0000000000000000        0x0 ../Obj/TransistorTester/GetFrequency.o
 .bss           0x0000000000000000        0x0 ../Obj/TransistorTester/GetFrequency.o
 .debug_info    0x0000000000000000       0x5d ../Obj/TransistorTester/GetFrequency.o
 .debug_abbrev  0x0000000000000000       0x26 ../Obj/TransistorTester/GetFrequency.o
 .debug_aranges
                0x0000000000000000       0x18 ../Obj/TransistorTester/GetFrequency.o
 .debug_line    0x0000000000000000       0x1a ../Obj/TransistorTester/GetFrequency.o
 .debug_str     0x0000000000000000      0x18b ../Obj/TransistorTester/GetFrequency.o
 .comment       0x0000000000000000       0x12 ../Obj/TransistorTester/GetFrequency.o
 .text          0x0000000000000000        0x0 ../Obj/TransistorTester/ReadBigCap.o
 .data          0x0000000000000000        0x0 ../Obj/TransistorTester/ReadBigCap.o
 .bss           0x0000000000000000        0x0 ../Obj/TransistorTester/ReadBigCap.o
 .debug_info    0x0000000000000000       0x5d ../Obj/TransistorTester/ReadBigCap.o
 .debug_abbrev  0x0000000000000000       0x26 ../Obj/TransistorTester/ReadBigCap.o
 .debug_aranges
                0x0000000000000000       0x18 ../Obj/TransistorTester/ReadBigCap.o
 .debug_line    0x0000000000000000       0x1a ../Obj/TransistorTester/ReadBigCap.o
 .debug_str     0x0000000000000000      0x189 ../Obj/TransistorTester/ReadBigCap.o
 .comment       0x0000000000000000       0x12 ../Obj/TransistorTester/ReadBigCap.o
 .text          0x0000000000000000        0x0 ../Obj/TransistorTester/CheckRotaryEncoder.o
 .data          0x0000000000000000        0x0 ../Obj/TransistorTester/CheckRotaryEncoder.o
 .bss           0x0000000000000000        0x0 ../Obj/TransistorTester/CheckRotaryEncoder.o
 .debug_info    0x0000000000000000       0x5d ../Obj/TransistorTester/CheckRotaryEncoder.o
 .debug_abbrev  0x0000000000000000       0x26 ../Obj/TransistorTester/CheckRotaryEncoder.o
 .debug_aranges
                0x0000000000000000       0x18 ../Obj/TransistorTester/CheckRotaryEncoder.o
 .debug_line    0x0000000000000000       0x1a ../Obj/TransistorTester/CheckRotaryEncoder.o
 .debug_str     0x0000000000000000      0x191 ../Obj/TransistorTester/CheckRotaryEncoder.o
 .comment       0x0000000000000000       0x12 ../Obj/TransistorTester/CheckRotaryEncoder.o
 .text          0x0000000000000000        0x0 ../Obj/TransistorTester/CalibrationCap.o
 .data          0x0000000000000000        0x0 ../Obj/TransistorTester/CalibrationCap.o
 .bss           0x0000000000000000        0x0 ../Obj/TransistorTester/CalibrationCap.o
 .debug_info    0x0000000000000000       0x5d ../Obj/TransistorTester/CalibrationCap.o
 .debug_abbrev  0x0000000000000000       0x26 ../Obj/TransistorTester/CalibrationCap.o
 .debug_aranges
                0x0000000000000000       0x18 ../Obj/TransistorTester/CalibrationCap.o
 .debug_line    0x0000000000000000       0x1a ../Obj/TransistorTester/CalibrationCap.o
 .debug_str     0x0000000000000000      0x18d ../Obj/TransistorTester/CalibrationCap.o
 .comment       0x0000000000000000       0x12 ../Obj/TransistorTester/CalibrationCap.o
 .text          0x0000000000000000        0x0 ../Obj/TransistorTester/CheckUJT.o
 .data          0x0000000000000000        0x0 ../Obj/TransistorTester/CheckUJT.o
 .bss           0x0000000000000000        0x0 ../Obj/TransistorTester/CheckUJT.o
 .debug_info    0x0000000000000000       0x5d ../Obj/TransistorTester/CheckUJT.o
 .debug_abbrev  0x0000000000000000       0x26 ../Obj/TransistorTester/CheckUJT.o
 .debug_aranges
                0x0000000000000000       0x18 ../Obj/TransistorTester/CheckUJT.o
 .debug_line    0x0000000000000000       0x1a ../Obj/TransistorTester/CheckUJT.o
 .debug_str     0x0000000000000000      0x187 ../Obj/TransistorTester/CheckUJT.o
 .comment       0x0000000000000000       0x12 ../Obj/TransistorTester/CheckUJT.o
 .text          0x0000000000000000        0x0 ../Obj/TransistorTester/ShowData.o
 .data          0x0000000000000000        0x0 ../Obj/TransistorTester/ShowData.o
 .bss           0x0000000000000000        0x0 ../Obj/TransistorTester/ShowData.o
 .debug_info    0x0000000000000000       0x5d ../Obj/TransistorTester/ShowData.o
 .debug_abbrev  0x0000000000000000       0x26 ../Obj/TransistorTester/ShowData.o
 .debug_aranges
                0x0000000000000000       0x18 ../Obj/TransistorTester/ShowData.o
 .debug_line    0x0000000000000000       0x1a ../Obj/TransistorTester/ShowData.o
 .debug_str     0x0000000000000000      0x187 ../Obj/TransistorTester/ShowData.o
 .comment       0x0000000000000000       0x12 ../Obj/TransistorTester/ShowData.o
 .text          0x0000000000000000        0x0 ../Obj/TransistorTester/EE_check_init.o
 .data          0x0000000000000000        0x0 ../Obj/TransistorTester/EE_check_init.o
 .bss           0x0000000000000000        0x0 ../Obj/TransistorTester/EE_check_init.o
 .text.EE_check_init
                0x0000000000000000        0x2 ../Obj/TransistorTester/EE_check_init.o
 .debug_info    0x0000000000000000       0x7f ../Obj/TransistorTester/EE_check_init.o
 .debug_abbrev  0x0000000000000000       0x44 ../Obj/TransistorTester/EE_check_init.o
 .debug_aranges
                0x0000000000000000       0x20 ../Obj/TransistorTester/EE_check_init.o
 .debug_ranges  0x0000000000000000       0x10 ../Obj/TransistorTester/EE_check_init.o
 .debug_line    0x0000000000000000       0x3e ../Obj/TransistorTester/EE_check_init.o
 .debug_str     0x0000000000000000      0x19a ../Obj/TransistorTester/EE_check_init.o
 .comment       0x0000000000000000       0x12 ../Obj/TransistorTester/EE_check_init.o
 .debug_frame   0x0000000000000000       0x24 ../Obj/TransistorTester/EE_check_init.o
 .text          0x0000000000000000        0x0 /usr/lib/gcc/avr/5.4.0/avr5/libgcc.a(_mulsi3.o)
 .data          0x0000000000000000        0x0 /usr/lib/gcc/avr/5.4.0/avr5/libgcc.a(_mulsi3.o)
 .bss           0x0000000000000000        0x0 /usr/lib/gcc/avr/5.4.0/avr5/libgcc.a(_mulsi3.o)
 .text.libgcc.div
                0x0000000000000000        0x0 /usr/lib/gcc/avr/5.4.0/avr5/libgcc.a(_mulsi3.o)
 .text.libgcc   0x0000000000000000        0x0 /usr/lib/gcc/avr/5.4.0/avr5/libgcc.a(_mulsi3.o)
 .text.libgcc.prologue
                0x0000000000000000        0x0 /usr/lib/gcc/avr/5.4.0/avr5/libgcc.a(_mulsi3.o)
 .text.libgcc.builtins
                0x0000000000000000        0x0 /usr/lib/gcc/avr/5.4.0/avr5/libgcc.a(_mulsi3.o)
 .text.libgcc.fmul
                0x0000000000000000        0x0 /usr/lib/gcc/avr/5.4.0/avr5/libgcc.a(_mulsi3.o)
 .text.libgcc.fixed
                0x0000000000000000        0x0 /usr/lib/gcc/avr/5.4.0/avr5/libgcc.a(_mulsi3.o)
 .text          0x0000000000000000        0x0 /usr/lib/gcc/avr/5.4.0/avr5/libgcc.a(_udivmodqi4.o)
 .data          0x0000000000000000        0x0 /usr/lib/gcc/avr/5.4.0/avr5/libgcc.a(_udivmodqi4.o)
 .bss           0x0000000000000000        0x0 /usr/lib/gcc/avr/5.4.0/avr5/libgcc.a(_udivmodqi4.o)
 .text.libgcc.mul
                0x0000000000000000        0x0 /usr/lib/gcc/avr/5.4.0/avr5/libgcc.a(_udivmodqi4.o)
 .text.libgcc   0x0000000000000000        0x0 /usr/lib/gcc/avr/5.4.0/avr5/libgcc.a(_udivmodqi4.o)
 .text.libgcc.prologue
                0x0000000000000000        0x0 /usr/lib/gcc/avr/5.4.0/avr5/libgcc.a(_udivmodqi4.o)
 .text.libgcc.builtins
                0x0000000000000000        0x0 /usr/lib/gcc/avr/5.4.0/avr5/libgcc.a(_udivmodqi4.o)
 .text.libgcc.fmul
                0x0000000000000000        0x0 /usr/lib/gcc/avr/5.4.0/avr5/libgcc.a(_udivmodqi4.o)
 .text.libgcc.fixed
                0x0000000000000000        0x0 /usr/lib/gcc/avr/5.4.0/avr5/libgcc.a(_udivmodqi4.o)
 .text          0x0000000000000000        0x0 /usr/lib/gcc/avr/5.4.0/avr5/libgcc.a(_udivmodhi4.o)
 .data          0x0000000000000000        0x0 /usr/lib/gcc/avr/5.4.0/avr5/libgcc.a(_udivmodhi4.o)
 .bss           0x0000000000000000        0x0 /usr/lib/gcc/avr/5.4.0/avr5/libgcc.a(_udivmodhi4.o)
 .text.libgcc.mul
                0x0000000000000000        0x0 /usr/lib/gcc/avr/5.4.0/avr5/libgcc.a(_udivmodhi4.o)
 .text.libgcc   0x0000000000000000        0x0 /usr/lib/gcc/avr/5.4.0/avr5/libgcc.a(_udivmodhi4.o)
 .text.libgcc.prologue
                0x0000000000000000        0x0 /usr/lib/gcc/avr/5.4.0/avr5/libgcc.a(_udivmodhi4.o)
 .text.libgcc.builtins
                0x0000000000000000        0x0 /usr/lib/gcc/avr/5.4.0/avr5/libgcc.a(_udivmodhi4.o)
 .text.libgcc.fmul
                0x0000000000000000        0x0 /usr/lib/gcc/avr/5.4.0/avr5/libgcc.a(_udivmodhi4.o)
 .text.libgcc.fixed
                0x0000000000000000        0x0 /usr/lib/gcc/avr/5.4.0/avr5/libgcc.a(_udivmodhi4.o)
 .text          0x0000000000000000        0x0 /usr/lib/gcc/avr/5.4.0/avr5/libgcc.a(_udivmodsi4.o)
 .data          0x0000000000000000        0x0 /usr/lib/gcc/avr/5.4.0/avr5/libgcc.a(_udivmodsi4.o)
 .bss           0x0000000000000000        0x0 /usr/lib/gcc/avr/5.4.0/avr5/libgcc.a(_udivmodsi4.o)
 .text.libgcc.mul
                0x0000000000000000        0x0 /usr/lib/gcc/avr/5.4.0/avr5/libgcc.a(_udivmodsi4.o)
 .text.libgcc   0x0000000000000000        0x0 /usr/lib/gcc/avr/5.4.0/avr5/libgcc.a(_udivmodsi4.o)
 .text.libgcc.prologue
                0x0000000000000000        0x0 /usr/lib/gcc/avr/5.4.0/avr5/libgcc.a(_udivmodsi4.o)
 .text.libgcc.builtins
                0x0000000000000000        0x0 /usr/lib/gcc/avr/5.4.0/avr5/libgcc.a(_udivmodsi4.o)
 .text.libgcc.fmul
                0x0000000000000000        0x0 /usr/lib/gcc/avr/5.4.0/avr5/libgcc.a(_udivmodsi4.o)
 .text.libgcc.fixed
                0x0000000000000000        0x0 /usr/lib/gcc/avr/5.4.0/avr5/libgcc.a(_udivmodsi4.o)
 .text          0x0000000000000000        0x0 /usr/lib/gcc/avr/5.4.0/avr5/libgcc.a(_divmodsi4.o)
 .data          0x0000000000000000        0x0 /usr/lib/gcc/avr/5.4.0/avr5/libgcc.a(_divmodsi4.o)
 .bss           0x0000000000000000        0x0 /usr/lib/gcc/avr/5.4.0/avr5/libgcc.a(_divmodsi4.o)
 .text.libgcc.mul
                0x0000000000000000        0x0 /usr/lib/gcc/avr/5.4.0/avr5/libgcc.a(_divmodsi4.o)
 .text.libgcc   0x0000000000000000        0x0 /usr/lib/gcc/avr/5.4.0/avr5/libgcc.a(_divmodsi4.o)
 .text.libgcc.prologue
                0x0000000000000000        0x0 /usr/lib/gcc/avr/5.4.0/avr5/libgcc.a(_divmodsi4.o)
 .text.libgcc.builtins
                0x0000000000000000        0x0 /usr/lib/gcc/avr/5.4.0/avr5/libgcc.a(_divmodsi4.o)
 .text.libgcc.fmul
                0x0000000000000000        0x0 /usr/lib/gcc/avr/5.4.0/avr5/libgcc.a(_divmodsi4.o)
 .text.libgcc.fixed
                0x0000000000000000        0x0 /usr/lib/gcc/avr/5.4.0/avr5/libgcc.a(_divmodsi4.o)
 .text          0x0000000000000000        0x0 /usr/lib/gcc/avr/5.4.0/avr5/libgcc.a(_negsi2.o)
 .data          0x0000000000000000        0x0 /usr/lib/gcc/avr/5.4.0/avr5/libgcc.a(_negsi2.o)
 .bss           0x0000000000000000        0x0 /usr/lib/gcc/avr/5.4.0/avr5/libgcc.a(_negsi2.o)
 .text.libgcc.mul
                0x0000000000000000        0x0 /usr/lib/gcc/avr/5.4.0/avr5/libgcc.a(_negsi2.o)
 .text.libgcc   0x0000000000000000        0x0 /usr/lib/gcc/avr/5.4.0/avr5/libgcc.a(_negsi2.o)
 .text.libgcc.prologue
                0x0000000000000000        0x0 /usr/lib/gcc/avr/5.4.0/avr5/libgcc.a(_negsi2.o)
 .text.libgcc.builtins
                0x0000000000000000        0x0 /usr/lib/gcc/avr/5.4.0/avr5/libgcc.a(_negsi2.o)
 .text.libgcc.fmul
                0x0000000000000000        0x0 /usr/lib/gcc/avr/5.4.0/avr5/libgcc.a(_negsi2.o)
 .text.libgcc.fixed
                0x0000000000000000        0x0 /usr/lib/gcc/avr/5.4.0/avr5/libgcc.a(_negsi2.o)
 .text          0x0000000000000000        0x0 /usr/lib/gcc/avr/5.4.0/avr5/libgcc.a(_exit.o)
 .data          0x0000000000000000        0x0 /usr/lib/gcc/avr/5.4.0/avr5/libgcc.a(_exit.o)
 .bss           0x0000000000000000        0x0 /usr/lib/gcc/avr/5.4.0/avr5/libgcc.a(_exit.o)
 .text.libgcc.mul
                0x0000000000000000        0x0 /usr/lib/gcc/avr/5.4.0/avr5/libgcc.a(_exit.o)
 .text.libgcc.div
                0x0000000000000000        0x0 /usr/lib/gcc/avr/5.4.0/avr5/libgcc.a(_exit.o)
 .text.libgcc   0x0000000000000000        0x0 /usr/lib/gcc/avr/5.4.0/avr5/libgcc.a(_exit.o)
 .text.libgcc.prologue
                0x0000000000000000        0x0 /usr/lib/gcc/avr/5.4.0/avr5/libgcc.a(_exit.o)
 .text.libgcc.builtins
                0x0000000000000000        0x0 /usr/lib/gcc/avr/5.4.0/avr5/libgcc.a(_exit.o)
 .text.libgcc.fmul
                0x0000000000000000        0x0 /usr/lib/gcc/avr/5.4.0/avr5/libgcc.a(_exit.o)
 .text.libgcc.fixed
                0x0000000000000000        0x0 /usr/lib/gcc/avr/5.4.0/avr5/libgcc.a(_exit.o)
 .text          0x0000000000000000        0x0 /usr/lib/gcc/avr/5.4.0/avr5/libgcc.a(_clear_bss.o)
 .data          0x0000000000000000        0x0 /usr/lib/gcc/avr/5.4.0/avr5/libgcc.a(_clear_bss.o)
 .bss           0x0000000000000000        0x0 /usr/lib/gcc/avr/5.4.0/avr5/libgcc.a(_clear_bss.o)
 .text.libgcc.mul
                0x0000000000000000        0x0 /usr/lib/gcc/avr/5.4.0/avr5/libgcc.a(_clear_bss.o)
 .text.libgcc.div
                0x0000000000000000        0x0 /usr/lib/gcc/avr/5.4.0/avr5/libgcc.a(_clear_bss.o)
 .text.libgcc   0x0000000000000000        0x0 /usr/lib/gcc/avr/5.4.0/avr5/libgcc.a(_clear_bss.o)
 .text.libgcc.prologue
                0x0000000000000000        0x0 /usr/lib/gcc/avr/5.4.0/avr5/libgcc.a(_clear_bss.o)
 .text.libgcc.builtins
                0x0000000000000000        0x0 /usr/lib/gcc/avr/5.4.0/avr5/libgcc.a(_clear_bss.o)
 .text.libgcc.fmul
                0x0000000000000000        0x0 /usr/lib/gcc/avr/5.4.0/avr5/libgcc.a(_clear_bss.o)
 .text.libgcc.fixed
                0x0000000000000000        0x0 /usr/lib/gcc/avr/5.4.0/avr5/libgcc.a(_clear_bss.o)
 .text          0x0000000000000000        0x0 /usr/lib/gcc/avr/5.4.0/avr5/libgcc.a(_umulhisi3.o)
 .data          0x0000000000000000        0x0 /usr/lib/gcc/avr/5.4.0/avr5/libgcc.a(_umulhisi3.o)
 .bss           0x0000000000000000        0x0 /usr/lib/gcc/avr/5.4.0/avr5/libgcc.a(_umulhisi3.o)
 .text.libgcc.div
                0x0000000000000000        0x0 /usr/lib/gcc/avr/5.4.0/avr5/libgcc.a(_umulhisi3.o)
 .text.libgcc   0x0000000000000000        0x0 /usr/lib/gcc/avr/5.4.0/avr5/libgcc.a(_umulhisi3.o)
 .text.libgcc.prologue
                0x0000000000000000        0x0 /usr/lib/gcc/avr/5.4.0/avr5/libgcc.a(_umulhisi3.o)
 .text.libgcc.builtins
                0x0000000000000000        0x0 /usr/lib/gcc/avr/5.4.0/avr5/libgcc.a(_umulhisi3.o)
 .text.libgcc.fmul
                0x0000000000000000        0x0 /usr/lib/gcc/avr/5.4.0/avr5/libgcc.a(_umulhisi3.o)
 .text.libgcc.fixed
                0x0000000000000000        0x0 /usr/lib/gcc/avr/5.4.0/avr5/libgcc.a(_umulhisi3.o)
 .text          0x0000000000000000        0x0 /usr/lib/gcc/avr/5.4.0/avr5/libgcc.a(_usmulhisi3.o)
 .data          0x0000000000000000        0x0 /usr/lib/gcc/avr/5.4.0/avr5/libgcc.a(_usmulhisi3.o)
 .bss           0x0000000000000000        0x0 /usr/lib/gcc/avr/5.4.0/avr5/libgcc.a(_usmulhisi3.o)
 .text.libgcc.div
                0x0000000000000000        0x0 /usr/lib/gcc/avr/5.4.0/avr5/libgcc.a(_usmulhisi3.o)
 .text.libgcc   0x0000000000000000        0x0 /usr/lib/gcc/avr/5.4.0/avr5/libgcc.a(_usmulhisi3.o)
 .text.libgcc.prologue
                0x0000000000000000        0x0 /usr/lib/gcc/avr/5.4.0/avr5/libgcc.a(_usmulhisi3.o)
 .text.libgcc.builtins
                0x0000000000000000        0x0 /usr/lib/gcc/avr/5.4.0/avr5/libgcc.a(_usmulhisi3.o)
 .text.libgcc.fmul
                0x0000000000000000        0x0 /usr/lib/gcc/avr/5.4.0/avr5/libgcc.a(_usmulhisi3.o)
 .text.libgcc.fixed
                0x0000000000000000        0x0 /usr/lib/gcc/avr/5.4.0/avr5/libgcc.a(_usmulhisi3.o)
 .text          0x0000000000000000        0x0 /usr/lib/gcc/avr/5.4.0/avr5/libgcc.a(_muluhisi3.o)
 .data          0x0000000000000000        0x0 /usr/lib/gcc/avr/5.4.0/avr5/libgcc.a(_muluhisi3.o)
 .bss           0x0000000000000000        0x0 /usr/lib/gcc/avr/5.4.0/avr5/libgcc.a(_muluhisi3.o)
 .text.libgcc.div
                0x0000000000000000        0x0 /usr/lib/gcc/avr/5.4.0/avr5/libgcc.a(_muluhisi3.o)
 .text.libgcc   0x0000000000000000        0x0 /usr/lib/gcc/avr/5.4.0/avr5/libgcc.a(_muluhisi3.o)
 .text.libgcc.prologue
                0x0000000000000000        0x0 /usr/lib/gcc/avr/5.4.0/avr5/libgcc.a(_muluhisi3.o)
 .text.libgcc.builtins
                0x0000000000000000        0x0 /usr/lib/gcc/avr/5.4.0/avr5/libgcc.a(_muluhisi3.o)
 .text.libgcc.fmul
                0x0000000000000000        0x0 /usr/lib/gcc/avr/5.4.0/avr5/libgcc.a(_muluhisi3.o)
 .text.libgcc.fixed
                0x0000000000000000        0x0 /usr/lib/gcc/avr/5.4.0/avr5/libgcc.a(_muluhisi3.o)
 .text          0x0000000000000000        0x0 /usr/lib/gcc/avr/5.4.0/avr5/libgcc.a(_prologue.o)
 .data          0x0000000000000000        0x0 /usr/lib/gcc/avr/5.4.0/avr5/libgcc.a(_prologue.o)
 .bss           0x0000000000000000        0x0 /usr/lib/gcc/avr/5.4.0/avr5/libgcc.a(_prologue.o)
 .text.libgcc.mul
                0x0000000000000000        0x0 /usr/lib/gcc/avr/5.4.0/avr5/libgcc.a(_prologue.o)
 .text.libgcc.div
                0x0000000000000000        0x0 /usr/lib/gcc/avr/5.4.0/avr5/libgcc.a(_prologue.o)
 .text.libgcc   0x0000000000000000        0x0 /usr/lib/gcc/avr/5.4.0/avr5/libgcc.a(_prologue.o)
 .text.libgcc.builtins
                0x0000000000000000        0x0 /usr/lib/gcc/avr/5.4.0/avr5/libgcc.a(_prologue.o)
 .text.libgcc.fmul
                0x0000000000000000        0x0 /usr/lib/gcc/avr/5.4.0/avr5/libgcc.a(_prologue.o)
 .text.libgcc.fixed
                0x0000000000000000        0x0 /usr/lib/gcc/avr/5.4.0/avr5/libgcc.a(_prologue.o)
 .text          0x0000000000000000        0x0 /usr/lib/gcc/avr/5.4.0/avr5/libgcc.a(_epilogue.o)
 .data          0x0000000000000000        0x0 /usr/lib/gcc/avr/5.4.0/avr5/libgcc.a(_epilogue.o)
 .bss           0x0000000000000000        0x0 /usr/lib/gcc/avr/5.4.0/avr5/libgcc.a(_epilogue.o)
 .text.libgcc.mul
                0x0000000000000000        0x0 /usr/lib/gcc/avr/5.4.0/avr5/libgcc.a(_epilogue.o)
 .text.libgcc.div
                0x0000000000000000        0x0 /usr/lib/gcc/avr/5.4.0/avr5/libgcc.a(_epilogue.o)
 .text.libgcc   0x0000000000000000        0x0 /usr/lib/gcc/avr/5.4.0/avr5/libgcc.a(_epilogue.o)
 .text.libgcc.builtins
                0x0000000000000000        0x0 /usr/lib/gcc/avr/5.4.0/avr5/libgcc.a(_epilogue.o)
 .text.libgcc.fmul
                0x0000000000000000        0x0 /usr/lib/gcc/avr/5.4.0/avr5/libgcc.a(_epilogue.o)
 .text.libgcc.fixed
                0x0000000000000000        0x0 /usr/lib/gcc/avr/5.4.0/avr5/libgcc.a(_epilogue.o)
 .text          0x0000000000000000        0x0 /usr/lib/gcc/avr/5.4.0/../../../avr/lib/avr5/libc.a(utoa.o)
 .data          0x0000000000000000        0x0 /usr/lib/gcc/avr/5.4.0/../../../avr/lib/avr5/libc.a(utoa.o)
 .bss           0x0000000000000000        0x0 /usr/lib/gcc/avr/5.4.0/../../../avr/lib/avr5/libc.a(utoa.o)
 .text          0x0000000000000000        0x0 /usr/lib/gcc/avr/5.4.0/../../../avr/lib/avr5/libc.a(utoa_ncheck.o)
 .data          0x0000000000000000        0x0 /usr/lib/gcc/avr/5.4.0/../../../avr/lib/avr5/libc.a(utoa_ncheck.o)
 .bss           0x0000000000000000        0x0 /usr/lib/gcc/avr/5.4.0/../../../avr/lib/avr5/libc.a(utoa_ncheck.o)
 .text          0x0000000000000000        0x0 /usr/lib/gcc/avr/5.4.0/../../../avr/lib/avr5/libc.a(strrev.o)
 .data          0x0000000000000000        0x0 /usr/lib/gcc/avr/5.4.0/../../../avr/lib/avr5/libc.a(strrev.o)
 .bss           0x0000000000000000        0x0 /usr/lib/gcc/avr/5.4.0/../../../avr/lib/avr5/libc.a(strrev.o)
 .text          0x0000000000000000        0x0 /usr/lib/gcc/avr/5.4.0/../../../avr/lib/avr5/libatmega168.a(eerd_byte.o)
 .data          0x0000000000000000        0x0 /usr/lib/gcc/avr/5.4.0/../../../avr/lib/avr5/libatmega168.a(eerd_byte.o)
 .bss           0x0000000000000000        0x0 /usr/lib/gcc/avr/5.4.0/../../../avr/lib/avr5/libatmega168.a(eerd_byte.o)
 .text          0x0000000000000000        0x0 /usr/lib/gcc/avr/5.4.0/../../../avr/lib/avr5/libatmega168.a(eewr_byte.o)
 .data          0x0000000000000000        0x0 /usr/lib/gcc/avr/5.4.0/../../../avr/lib/avr5/libatmega168.a(eewr_byte.o)
 .bss           0x0000000000000000        0x0 /usr/lib/gcc/avr/5.4.0/../../../avr/lib/avr5/libatmega168.a(eewr_byte.o)
 .text          0x0000000000000000        0x0 /usr/lib/gcc/avr/5.4.0/../../../avr/lib/avr5/libatmega168.a(eewr_word.o)
 .data          0x0000000000000000        0x0 /usr/lib/gcc/avr/5.4.0/../../../avr/lib/avr5/libatmega168.a(eewr_word.o)
 .bss           0x0000000000000000        0x0 /usr/lib/gcc/avr/5.4.0/../../../avr/lib/avr5/libatmega168.a(eewr_word.o)

Speicherkonfiguration

Name             Ursprung           Länge             Attribute
text             0x0000000000000000 0x0000000000020000 xr
data             0x0000000000800060 0x000000000000ffa0 rw !x
eeprom           0x0000000000810000 0x0000000000010000 rw !x
fuse             0x0000000000820000 0x0000000000000003 rw !x
lock             0x0000000000830000 0x0000000000000400 rw !x
signature        0x0000000000840000 0x0000000000000400 rw !x
user_signatures  0x0000000000850000 0x0000000000000400 rw !x
*default*        0x0000000000000000 0xffffffffffffffff

Linker script and memory map

Adresse des Abschnitts .data gesetzt auf 0x800100
LOAD /usr/lib/gcc/avr/5.4.0/../../../avr/lib/avr5/crtatmega168.o
LOAD ../Obj/TransistorTester/lcd_hw_4_bit.o
LOAD ../Obj/TransistorTester/lcd-routines.o
LOAD ../Obj/TransistorTester/i2lcd.o
LOAD ../Obj/TransistorTester/PinLayout.o
LOAD ../Obj/TransistorTester/RvalOut.o
LOAD ../Obj/TransistorTester/UfAusgabe.o
LOAD ../Obj/TransistorTester/DisplayValue.o
LOAD ../Obj/TransistorTester/swuart.o
LOAD ../Obj/TransistorTester/wait1000ms.o
LOAD ../Obj/TransistorTester/ReadADC.o
LOAD ../Obj/TransistorTester/wait_for_key_ms.o
LOAD ../Obj/TransistorTester/RefVoltage.o
LOAD ../Obj/TransistorTester/main.o
LOAD ../Obj/TransistorTester/Battery_check.o
LOAD ../Obj/TransistorTester/CheckPins.o
LOAD ../Obj/TransistorTester/GetResistance.o
LOAD ../Obj/TransistorTester/ChargePin10ms.o
LOAD ../Obj/TransistorTester/EntladePins.o
LOAD ../Obj/TransistorTester/ReadCapacity.o
LOAD ../Obj/TransistorTester/GetRLmultip.o
LOAD ../Obj/TransistorTester/Calibrate_UR.o
LOAD ../Obj/TransistorTester/show_Resis_Cap.o
LOAD ../Obj/TransistorTester/get_log.o
LOAD ../Obj/TransistorTester/ReadInductance.o
LOAD ../Obj/TransistorTester/GetESR.o
LOAD ../Obj/TransistorTester/GetVloss.o
LOAD ../Obj/TransistorTester/function_menu.o
LOAD ../Obj/TransistorTester/message_key_released.o
LOAD ../Obj/TransistorTester/GetFrequency.o
LOAD ../Obj/TransistorTester/ReadBigCap.o
LOAD ../Obj/TransistorTester/CheckRotaryEncoder.o
LOAD ../Obj/TransistorTester/CalibrationCap.o
LOAD ../Obj/TransistorTester/CheckUJT.o
LOAD ../Obj/TransistorTester/ShowData.o
LOAD ../Obj/TransistorTester/EE_check_init.o
START GROUP
LOAD /usr/lib/gcc/avr/5.4.0/avr5/libgcc.a
LOAD /usr/lib/gcc/avr/5.4.0/../../../avr/lib/avr5/libm.a
LOAD /usr/lib/gcc/avr/5.4.0/../../../avr/lib/avr5/libc.a
LOAD /usr/lib/gcc/avr/5.4.0/../../../avr/lib/avr5/libatmega168.a
END GROUP
                0x0000000000020000                __TEXT_REGION_LENGTH__ = DEFINED (__TEXT_REGION_LENGTH__)?__TEXT_REGION_LENGTH__:0x20000
                0x000000000000ffa0                __DATA_REGION_LENGTH__ = DEFINED (__DATA_REGION_LENGTH__)?__DATA_REGION_LENGTH__:0xffa0
                0x0000000000010000                __EEPROM_REGION_LENGTH__ = DEFINED (__EEPROM_REGION_LENGTH__)?__EEPROM_REGION_LENGTH__:0x10000
                [0x0000000000000003]                __FUSE_REGION_LENGTH__ = DEFINED (__FUSE_REGION_LENGTH__)?__FUSE_REGION_LENGTH__:0x400
                0x0000000000000400                __LOCK_REGION_LENGTH__ = DEFINED (__LOCK_REGION_LENGTH__)?__LOCK_REGION_LENGTH__:0x400
                0x0000000000000400                __SIGNATURE_REGION_LENGTH__ = DEFINED (__SIGNATURE_REGION_LENGTH__)?__SIGNATURE_REGION_LENGTH__:0x400
                0x0000000000000400                __USER_SIGNATURE_REGION_LENGTH__ = DEFINED (__USER_SIGNATURE_REGION_LENGTH__)?__USER_SIGNATURE_REGION_LENGTH__:0x400

.hash
 *(.hash)

.dynsym
 *(.dynsym)

.dynstr
 *(.dynstr)

.gnu.version
 *(.gnu.version)

.gnu.version_d
 *(.gnu.version_d)

.gnu.version_r
 *(.gnu.version_r)

.rel.init
 *(.rel.init)

.rela.init
 *(.rela.init)

.rel.text
 *(.rel.text)
 *(.rel.text.*)
 *(.rel.gnu.linkonce.t*)

.rela.text
 *(.rela.text)
 *(.rela.text.*)
 *(.rela.gnu.linkonce.t*)

.rel.fini
 *(.rel.fini)

.rela.fini
 *(.rela.fini)

.rel.rodata
 *(.rel.rodata)
 *(.rel.rodata.*)
 *(.rel.gnu.linkonce.r*)

.rela.rodata
 *(.rela.rodata)
 *(.rela.rodata.*)
 *(.rela.gnu.linkonce.r*)

.rel.data
 *(.rel.data)
 *(.rel.data.*)
 *(.rel.gnu.linkonce.d*)

.rela.data
 *(.rela.data)
 *(.rela.data.*)
 *(.rela.gnu.linkonce.d*)

.rel.ctors
 *(.rel.ctors)

.rela.ctors
 *(.rela.ctors)

.rel.dtors
 *(.rel.dtors)

.rela.dtors
 *(.rela.dtors)

.rel.got
 *(.rel.got)

.rela.got
 *(.rela.got)

.rel.bss
 *(.rel.bss)

.rela.bss
 *(.rela.bss)

.rel.plt
 *(.rel.plt)

.rela.plt
 *(.rela.plt)

.text           0x0000000000000000     0x3efc
 *(.vectors)
 .vectors       0x0000000000000000       0x68 /usr/lib/gcc/avr/5.4.0/../../../avr/lib/avr5/crtatmega168.o
                0x0000000000000000                __vectors
                0x0000000000000000                __vector_default
 *(.vectors)
 *(.progmem.gcc*)
                0x0000000000000068                . = ALIGN (0x2)
                0x0000000000000068                __trampolines_start = .
 *(.trampolines)
 .trampolines   0x0000000000000068        0x0 linker stubs
 *(.trampolines*)
                0x0000000000000068                __trampolines_end = .
 *libprintf_flt.a:*(.progmem.data)
 *libc.a:*(.progmem.data)
 *(.progmem*)
 .progmem.data.REF_R_str
                0x0000000000000068        0x7 ../Obj/TransistorTester/main.o
                0x0000000000000068                REF_R_str
 .progmem.data.REF_C_str
                0x000000000000006f        0x7 ../Obj/TransistorTester/main.o
                0x000000000000006f                REF_C_str
 .progmem.data.MinCap_str
                0x0000000000000076        0x8 ../Obj/TransistorTester/main.o
                0x0000000000000076                MinCap_str
 .progmem.data.PinRLRHADCtab
                0x000000000000007e        0x6 ../Obj/TransistorTester/main.o
                0x000000000000007e                PinRLRHADCtab
 .progmem.data.R0_str
                0x0000000000000084        0x4 ../Obj/TransistorTester/main.o
                0x0000000000000084                R0_str
 .progmem.data.ICEs_str
                0x0000000000000088        0x6 ../Obj/TransistorTester/main.o
                0x0000000000000088                ICEs_str
 .progmem.data.ICE0_str
                0x000000000000008e        0x6 ../Obj/TransistorTester/main.o
                0x000000000000008e                ICE0_str
 .progmem.data.RHtab
                0x0000000000000094       0x12 ../Obj/TransistorTester/main.o
                0x0000000000000094                RHtab
 .progmem.data.LogTab
                0x00000000000000a6       0x66 ../Obj/TransistorTester/main.o
                0x00000000000000a6                LogTab
                0x000000000000010c                . = ALIGN (0x2)
 *(.jumptables)
 *(.jumptables*)
 *(.lowtext)
 *(.lowtext*)
                0x000000000000010c                __ctors_start = .
 *(.ctors)
                0x000000000000010c                __ctors_end = .
                0x000000000000010c                __dtors_start = .
 *(.dtors)
                0x000000000000010c                __dtors_end = .
 SORT(*)(.ctors)
 SORT(*)(.dtors)
 *(.init0)
 .init0         0x000000000000010c        0x0 /usr/lib/gcc/avr/5.4.0/../../../avr/lib/avr5/crtatmega168.o
                0x000000000000010c                __init
 *(.init0)
 *(.init1)
 *(.init1)
 *(.init2)
 .init2         0x000000000000010c        0xc /usr/lib/gcc/avr/5.4.0/../../../avr/lib/avr5/crtatmega168.o
 *(.init2)
 *(.init3)
 *(.init3)
 *(.init4)
 .init4         0x0000000000000118       0x10 /usr/lib/gcc/avr/5.4.0/avr5/libgcc.a(_clear_bss.o)
                0x0000000000000118                __do_clear_bss
 *(.init4)
 *(.init5)
 *(.init5)
 *(.init6)
 *(.init6)
 *(.init7)
 *(.init7)
 *(.init8)
 *(.init8)
 *(.init9)
 .init9         0x0000000000000128        0x8 /usr/lib/gcc/avr/5.4.0/../../../avr/lib/avr5/crtatmega168.o
 *(.init9)
 *(.text)
 .text          0x0000000000000130        0x2 /usr/lib/gcc/avr/5.4.0/../../../avr/lib/avr5/crtatmega168.o
                0x0000000000000130                __vector_22
                0x0000000000000130                __vector_1
                0x0000000000000130                __vector_24
                0x0000000000000130                __vector_12
                0x0000000000000130                __bad_interrupt
                0x0000000000000130                __vector_6
                0x0000000000000130                __vector_3
                0x0000000000000130                __vector_23
                0x0000000000000130                __vector_25
                0x0000000000000130                __vector_11
                0x0000000000000130                __vector_13
                0x0000000000000130                __vector_17
                0x0000000000000130                __vector_19
                0x0000000000000130                __vector_7
                0x0000000000000130                __vector_5
                0x0000000000000130                __vector_4
                0x0000000000000130                __vector_9
                0x0000000000000130                __vector_2
                0x0000000000000130                __vector_21
                0x0000000000000130                __vector_15
                0x0000000000000130                __vector_8
                0x0000000000000130                __vector_14
                0x0000000000000130                __vector_10
                0x0000000000000130                __vector_16
                0x0000000000000130                __vector_18
                0x0000000000000130                __vector_20
 .text          0x0000000000000132       0x5c ../Obj/TransistorTester/lcd_hw_4_bit.o
                0x0000000000000132                _lcd_hw_write
 .text          0x000000000000018e       0x38 ../Obj/TransistorTester/i2lcd.o
                0x000000000000018e                i2lcd
                0x00000000000001a4                u2lcd
                0x00000000000001b4                i2lcd_space
                0x00000000000001b8                u2lcd_space
                0x00000000000001ba                lcd_space
                0x00000000000001be                lcd_minus
                0x00000000000001c2                lcd_equal
 .text          0x00000000000001c6       0x62 ../Obj/TransistorTester/PinLayout.o
                0x00000000000001c6                PinLayout
                0x0000000000000214                Rnum2pins
 .text          0x0000000000000228       0x4a ../Obj/TransistorTester/RvalOut.o
                0x0000000000000228                RvalOut
 .text          0x0000000000000272       0xc4 ../Obj/TransistorTester/UfAusgabe.o
                0x0000000000000272                mVAusgabe
                0x000000000000028e                UfAusgabe
                0x00000000000002ba                SerienDiodenAusgabe
                0x00000000000002de                DiodeSymbol_withPins
                0x00000000000002f6                DiodeSymbol_ApinCpin
                0x0000000000000304                DiodeSymbol_ACpin
                0x0000000000000316                DiodeSymbol_CpinApin
                0x0000000000000324                DiodeSymbol_CApin
 .text          0x0000000000000336       0x4a ../Obj/TransistorTester/wait1000ms.o
                0x0000000000000336                wait5s
                0x0000000000000338                wait4s
                0x000000000000033a                wait3s
                0x000000000000033c                wait2s
                0x000000000000033e                wait1000ms
                0x000000000000033e                wait1s
                0x0000000000000340                wait500ms
                0x0000000000000342                wait400ms
                0x0000000000000344                wait300ms
                0x0000000000000346                wait200ms
                0x0000000000000348                wait100ms
                0x000000000000034a                wait50ms
                0x000000000000034c                wait40ms
                0x000000000000034e                wait30ms
                0x0000000000000350                wait20ms
                0x0000000000000352                wait10ms
                0x0000000000000354                wait5ms
                0x0000000000000358                wait4ms
                0x000000000000035a                wait3ms
                0x000000000000035c                wait2ms
                0x000000000000035e                wait1ms
                0x0000000000000360                wait500us
                0x0000000000000362                wait400us
                0x0000000000000364                wait300us
                0x0000000000000366                wait200us
                0x0000000000000368                wait100us
                0x000000000000036a                wait50us
                0x000000000000036c                wait40us
                0x000000000000036e                wait30us
                0x0000000000000370                wait20us
                0x0000000000000372                wait10us
                0x0000000000000374                wait5us
                0x0000000000000376                wait4us
                0x0000000000000378                wait3us
                0x000000000000037a                wait2us
                0x000000000000037c                wait1us
 .text          0x0000000000000380       0xe6 ../Obj/TransistorTester/ReadADC.o
                0x0000000000000380                W20msReadADC
                0x0000000000000382                W10msReadADC
                0x0000000000000384                W5msReadADC
                0x0000000000000386                ReadADC
                0x000000000000043e                abs_diff
                0x000000000000044a                vcc_diff
                0x0000000000000454                unsigned_diff
 .text          0x0000000000000466       0xb0 ../Obj/TransistorTester/wait_for_key_ms.o
                0x0000000000000466                wait_for_key_ms
                0x00000000000004d0                wait_for_key_5s_line2
 .text          0x0000000000000516       0xb0 ../Obj/TransistorTester/RefVoltage.o
                0x0000000000000516                RefVoltage
 .text          0x00000000000005c6       0x7e ../Obj/TransistorTester/GetRLmultip.o
                0x00000000000005c6                GetRLmultip
 .text          0x0000000000000644       0x48 ../Obj/TransistorTester/get_log.o
                0x0000000000000644                get_log
 .text          0x000000000000068c      0x338 ../Obj/TransistorTester/GetESR.o
                0x000000000000068c                GetESR
                0x00000000000009c4                . = ALIGN (0x2)
 *(.text.*)
 .text.lcd_spaces
                0x00000000000009c4       0x12 ../Obj/TransistorTester/lcd-routines.o
                0x00000000000009c4                lcd_spaces
 .text.lcd_save_position
                0x00000000000009d6       0x12 ../Obj/TransistorTester/lcd-routines.o
                0x00000000000009d6                lcd_save_position
 .text.lcd_data
                0x00000000000009e8       0x16 ../Obj/TransistorTester/lcd-routines.o
                0x00000000000009e8                lcd_data
 .text.lcd_testpin
                0x00000000000009fe        0x6 ../Obj/TransistorTester/lcd-routines.o
                0x00000000000009fe                lcd_testpin
 .text.lcd_command
                0x0000000000000a04        0xa ../Obj/TransistorTester/lcd-routines.o
                0x0000000000000a04                lcd_command
 .text.lcd_line1
                0x0000000000000a0e        0xe ../Obj/TransistorTester/lcd-routines.o
                0x0000000000000a0e                lcd_line1
 .text.lcd_line2
                0x0000000000000a1c       0x10 ../Obj/TransistorTester/lcd-routines.o
                0x0000000000000a1c                lcd_line2
 .text.lcd_set_cursor
                0x0000000000000a2c       0x14 ../Obj/TransistorTester/lcd-routines.o
                0x0000000000000a2c                lcd_set_cursor
 .text.lcd_restore_position
                0x0000000000000a40        0xc ../Obj/TransistorTester/lcd-routines.o
                0x0000000000000a40                lcd_restore_position
 .text.lcd_clear
                0x0000000000000a4c        0xa ../Obj/TransistorTester/lcd-routines.o
                0x0000000000000a4c                lcd_clear
 .text.lcd_string
                0x0000000000000a56       0x16 ../Obj/TransistorTester/lcd-routines.o
                0x0000000000000a56                lcd_string
 .text.lcd_pgm_string
                0x0000000000000a6c       0x1a ../Obj/TransistorTester/lcd-routines.o
                0x0000000000000a6c                lcd_pgm_string
 .text.lcd_fix_string
                0x0000000000000a86       0x1c ../Obj/TransistorTester/lcd-routines.o
                0x0000000000000a86                lcd_fix_string
 .text.lcd_fix_customchar
                0x0000000000000aa2       0x2a ../Obj/TransistorTester/lcd-routines.o
                0x0000000000000aa2                lcd_fix_customchar
 .text.lcd_init
                0x0000000000000acc       0x60 ../Obj/TransistorTester/lcd-routines.o
                0x0000000000000acc                lcd_init
 .text.lcd_clear_line
                0x0000000000000b2c        0xc ../Obj/TransistorTester/lcd-routines.o
                0x0000000000000b2c                lcd_clear_line
 .text.lcd_next_line
                0x0000000000000b38       0x30 ../Obj/TransistorTester/lcd-routines.o
                0x0000000000000b38                lcd_next_line
 .text.lcd_next_line_wait
                0x0000000000000b68        0x6 ../Obj/TransistorTester/lcd-routines.o
                0x0000000000000b68                lcd_next_line_wait
 .text.lcd_clear_line2
                0x0000000000000b6e        0x8 ../Obj/TransistorTester/lcd-routines.o
                0x0000000000000b6e                lcd_clear_line2
 .text.lcd_show_Cg
                0x0000000000000b76       0x30 ../Obj/TransistorTester/lcd-routines.o
                0x0000000000000b76                lcd_show_Cg
 .text.lcd_show_rds
                0x0000000000000ba6       0x28 ../Obj/TransistorTester/lcd-routines.o
                0x0000000000000ba6                lcd_show_rds
 .text.DisplayValue
                0x0000000000000bce      0x164 ../Obj/TransistorTester/DisplayValue.o
                0x0000000000000bce                DisplayValue
 .text.DisplayValue16
                0x0000000000000d32       0x16 ../Obj/TransistorTester/DisplayValue.o
                0x0000000000000d32                DisplayValue16
 .text.Display_mV
                0x0000000000000d48       0x14 ../Obj/TransistorTester/DisplayValue.o
                0x0000000000000d48                Display_mV
 .text.search_vak_diode
                0x0000000000000d5c       0x48 ../Obj/TransistorTester/main.o
                0x0000000000000d5c                search_vak_diode
 .text.init_parts
                0x0000000000000da4       0x46 ../Obj/TransistorTester/main.o
                0x0000000000000da4                init_parts
 .text.switch_tester_off
                0x0000000000000dea        0xc ../Obj/TransistorTester/main.o
                0x0000000000000dea                switch_tester_off
 .text.ShortedProbes
                0x0000000000000df6       0x7a ../Obj/TransistorTester/main.o
                0x0000000000000df6                ShortedProbes
 .text.AllProbesShorted
                0x0000000000000e70       0x1e ../Obj/TransistorTester/main.o
                0x0000000000000e70                AllProbesShorted
 .text.AutoCheck
                0x0000000000000e8e      0x45c ../Obj/TransistorTester/main.o
                0x0000000000000e8e                AutoCheck
 .text.mark_as_uncalibrated
                0x00000000000012ea       0x24 ../Obj/TransistorTester/main.o
                0x00000000000012ea                mark_as_uncalibrated
 .text.GetIr    0x000000000000130e       0x88 ../Obj/TransistorTester/main.o
                0x000000000000130e                GetIr
 .text.startup.main
                0x0000000000001396      0x886 ../Obj/TransistorTester/main.o
                0x0000000000001396                main
 .text.Battery_check
                0x0000000000001c1c       0x94 ../Obj/TransistorTester/Battery_check.o
                0x0000000000001c1c                Battery_check
 .text.CheckPins
                0x0000000000001cb0      0xd04 ../Obj/TransistorTester/CheckPins.o
                0x0000000000001cb0                CheckPins
 .text.GetResistance
                0x00000000000029b4      0x422 ../Obj/TransistorTester/GetResistance.o
                0x00000000000029b4                GetResistance
 .text.ChargePin10ms
                0x0000000000002dd6       0x2e ../Obj/TransistorTester/ChargePin10ms.o
                0x0000000000002dd6                ChargePin10ms
 .text.EntladePins
                0x0000000000002e04      0x100 ../Obj/TransistorTester/EntladePins.o
                0x0000000000002e04                EntladePins
 .text.Scale_C_with_vcc
                0x0000000000002f04       0x7a ../Obj/TransistorTester/ReadCapacity.o
                0x0000000000002f04                Scale_C_with_vcc
 .text.ReadCapacity
                0x0000000000002f7e      0x4fc ../Obj/TransistorTester/ReadCapacity.o
                0x0000000000002f7e                ReadCapacity
 .text.Calibrate_UR
                0x000000000000347a      0x186 ../Obj/TransistorTester/Calibrate_UR.o
                0x000000000000347a                Calibrate_UR
 .text.show_resis
                0x0000000000003600       0x6e ../Obj/TransistorTester/show_Resis_Cap.o
                0x0000000000003600                show_resis
 .text.show_cap_simple
                0x000000000000366e       0xd8 ../Obj/TransistorTester/show_Resis_Cap.o
                0x000000000000366e                show_cap_simple
 .text.ReadInductance
                0x0000000000003746      0x448 ../Obj/TransistorTester/ReadInductance.o
                0x0000000000003746                ReadInductance
 .text.GetVloss
                0x0000000000003b8e      0x14c ../Obj/TransistorTester/GetVloss.o
                0x0000000000003b8e                GetVloss
 .text.libgcc.mul
                0x0000000000003cda       0x1e /usr/lib/gcc/avr/5.4.0/avr5/libgcc.a(_mulsi3.o)
                0x0000000000003cda                __mulsi3
 .text.libgcc.div
                0x0000000000003cf8       0x18 /usr/lib/gcc/avr/5.4.0/avr5/libgcc.a(_udivmodqi4.o)
                0x0000000000003cf8                __udivmodqi4
 .text.libgcc.div
                0x0000000000003d10       0x28 /usr/lib/gcc/avr/5.4.0/avr5/libgcc.a(_udivmodhi4.o)
                0x0000000000003d10                __udivmodhi4
 .text.libgcc.div
                0x0000000000003d38       0x44 /usr/lib/gcc/avr/5.4.0/avr5/libgcc.a(_udivmodsi4.o)
                0x0000000000003d38                __udivmodsi4
 .text.libgcc.div
                0x0000000000003d7c       0x28 /usr/lib/gcc/avr/5.4.0/avr5/libgcc.a(_divmodsi4.o)
                0x0000000000003d7c                __divmodsi4
 .text.libgcc.div
                0x0000000000003da4       0x10 /usr/lib/gcc/avr/5.4.0/avr5/libgcc.a(_negsi2.o)
                0x0000000000003da4                __negsi2
 .text.libgcc.mul
                0x0000000000003db4       0x1e /usr/lib/gcc/avr/5.4.0/avr5/libgcc.a(_umulhisi3.o)
                0x0000000000003db4                __umulhisi3
 .text.libgcc.mul
                0x0000000000003dd2        0xc /usr/lib/gcc/avr/5.4.0/avr5/libgcc.a(_usmulhisi3.o)
                0x0000000000003dd2                __usmulhisi3
                0x0000000000003dd4                __usmulhisi3_tail
 .text.libgcc.mul
                0x0000000000003dde       0x14 /usr/lib/gcc/avr/5.4.0/avr5/libgcc.a(_muluhisi3.o)
                0x0000000000003dde                __muluhisi3
 .text.libgcc.prologue
                0x0000000000003df2       0x38 /usr/lib/gcc/avr/5.4.0/avr5/libgcc.a(_prologue.o)
                0x0000000000003df2                __prologue_saves__
 .text.libgcc.prologue
                0x0000000000003e2a       0x36 /usr/lib/gcc/avr/5.4.0/avr5/libgcc.a(_epilogue.o)
                0x0000000000003e2a                __epilogue_restores__
 .text.avr-libc
                0x0000000000003e60       0x14 /usr/lib/gcc/avr/5.4.0/../../../avr/lib/avr5/libc.a(utoa.o)
                0x0000000000003e60                utoa
                0x0000000000003e60                __utoa
 .text.avr-libc
                0x0000000000003e74       0x32 /usr/lib/gcc/avr/5.4.0/../../../avr/lib/avr5/libc.a(utoa_ncheck.o)
                0x0000000000003e74                __utoa_ncheck
                0x0000000000003e76                __utoa_common
 .text.avr-libc
                0x0000000000003ea6       0x20 /usr/lib/gcc/avr/5.4.0/../../../avr/lib/avr5/libc.a(strrev.o)
                0x0000000000003ea6                strrev
 .text.avr-libc
                0x0000000000003ec6       0x10 /usr/lib/gcc/avr/5.4.0/../../../avr/lib/avr5/libatmega168.a(eerd_byte.o)
                0x0000000000003ec6                eeprom_read_byte
 .text.avr-libc
                0x0000000000003ed6       0x1c /usr/lib/gcc/avr/5.4.0/../../../avr/lib/avr5/libatmega168.a(eewr_byte.o)
                0x0000000000003ed6                eeprom_write_byte
                0x0000000000003ed8                eeprom_write_r18
 .text.avr-libc
                0x0000000000003ef2        0x6 /usr/lib/gcc/avr/5.4.0/../../../avr/lib/avr5/libatmega168.a(eewr_word.o)
                0x0000000000003ef2                eeprom_write_word
                0x0000000000003ef8                . = ALIGN (0x2)
 *(.fini9)
 .fini9         0x0000000000003ef8        0x0 /usr/lib/gcc/avr/5.4.0/avr5/libgcc.a(_exit.o)
                0x0000000000003ef8                exit
                0x0000000000003ef8                _exit
 *(.fini9)
 *(.fini8)
 *(.fini8)
 *(.fini7)
 *(.fini7)
 *(.fini6)
 *(.fini6)
 *(.fini5)
 *(.fini5)
 *(.fini4)
 *(.fini4)
 *(.fini3)
 *(.fini3)
 *(.fini2)
 *(.fini2)
 *(.fini1)
 *(.fini1)
 *(.fini0)
 .fini0         0x0000000000003ef8        0x4 /usr/lib/gcc/avr/5.4.0/avr5/libgcc.a(_exit.o)
 *(.fini0)
                0x0000000000003efc                _etext = .

.data           0x0000000000800100        0x0 load address 0x0000000000003efc
                [!provide]                        PROVIDE (__data_start, .)
 *(.data)
 *(.data*)
 *(.rodata)
 *(.rodata*)
 *(.gnu.linkonce.d*)
                0x0000000000800100                . = ALIGN (0x2)
                0x0000000000800100                _edata = .
                [!provide]                        PROVIDE (__data_end, .)

.bss            0x0000000000800100       0xa3
                0x0000000000800100                PROVIDE (__bss_start, .)
 *(.bss)
 *(.bss*)
 *(COMMON)
 COMMON         0x0000000000800100        0x2 ../Obj/TransistorTester/lcd-routines.o
                0x0000000000800100                last_text_column
                0x0000000000800101                last_text_line
 COMMON         0x0000000000800102       0xa1 ../Obj/TransistorTester/main.o
                0x0000000000800102                diode_sequence
                0x0000000000800103                display_time
                0x0000000000800105                resis680mi
                0x0000000000800107                ref_mv_offs
                0x0000000000800109                NumOfDiodes
                0x000000000080010a                PartMode
                0x000000000080010b                PartFound
                0x000000000080010c                resis680pl
                0x000000000080010e                tmpval
                0x000000000080010f                adc_vcc_reference
                0x0000000000800111                inductor_lpre
                0x0000000000800112                mess_count
                0x0000000000800113                outval
                0x000000000080011d                ADCconfig
                0x0000000000800123                pin_rpl
                0x0000000000800125                ref_mv
                0x0000000000800127                DC_Pwr_mode
                0x0000000000800128                tmpval2
                0x0000000000800129                UnCalibrated
                0x000000000080012a                pin_rmi
                0x000000000080012c                WithReference
                0x000000000080012d                _lcd_column
                0x000000000080012e                _trans
                0x0000000000800130                last_line_used
                0x0000000000800131                ntrans
                0x0000000000800141                empty_count
                0x0000000000800142                pin_combination
                0x0000000000800143                cell_mv
                0x0000000000800149                ResistorChecked
                0x000000000080014c                ResistorList
                0x000000000080014f                ptrans
                0x000000000080015f                adc_internal_reference
                0x0000000000800161                ResistorsFound
                0x0000000000800162                RHmultip
                0x0000000000800164                cap
                0x0000000000800178                load_diff
                0x000000000080017a                diodes
                0x0000000000800192                inductor_lx
                0x0000000000800196                lcd_text_line
                0x0000000000800197                ResistorVal
                0x00000000008001a3                PROVIDE (__bss_end, .)
                0x0000000000003efc                __data_load_start = LOADADDR (.data)
                0x0000000000003efc                __data_load_end = (__data_load_start + SIZEOF (.data))

.noinit         0x00000000008001a3        0x0
                [!provide]                        PROVIDE (__noinit_start, .)
 *(.noinit*)
                [!provide]                        PROVIDE (__noinit_end, .)
                0x00000000008001a3                _end = .
                [!provide]                        PROVIDE (__heap_start, .)

.eeprom         0x0000000000810000      0x1d6
 *(.eeprom*)
 .eeprom        0x0000000000810000      0x1d6 ../Obj/TransistorTester/main.o
                0x0000000000810000                PrefixTab
                0x0000000000810008                ResIcon2
                0x0000000000810010                ResIcon1
                0x0000000000810018                DiodeIcon2
                0x0000000000810020                DiodeIcon1
                0x0000000000810028                CapIcon
                0x0000000000810030                RDS_str
                0x0000000000810035                T50HZ
                0x000000000081003b                C0_str
                0x000000000081003f                RILO_str
                0x0000000000810046                RIHI_str
                0x000000000081004d                VERSION_str
                0x000000000081005b                Inductor_str
                0x0000000000810060                Resistor_str
                0x0000000000810065                Dioden
                0x000000000081006a                KatAn_str
                0x000000000081006e                AnKat_str
                0x0000000000810072                Ir_str
                0x0000000000810078                Lis_str
                0x000000000081007b                VLOSS_str
                0x0000000000810083                ESR_str
                0x0000000000810089                VCC_str
                0x000000000081008e                Cell_str
                0x0000000000810094                CapZeich
                0x0000000000810098                Vgs_str
                0x000000000081009d                vt_str
                0x00000000008100a2                Uf_str
                0x00000000008100a6                Ube_str
                0x00000000008100ab                N123_str
                0x00000000008100b1                PNP_str
                0x00000000008100b5                NPN_str
                0x00000000008100b9                Cap_str
                0x00000000008100bc                GateCap_str
                0x00000000008100bf                hfe_str
                0x00000000008100c2                igbt_str
                0x00000000008100c8                jfet_str
                0x00000000008100cd                mosfet_str
                0x00000000008100d2                DC_Pwr_Mode_str
                0x00000000008100de                OK_str
                0x00000000008100e1                Bat_str
                0x00000000008100e7                ATE
                0x00000000008100f0                RELPROBE
                0x0000000000810100                SELFTEST
                0x0000000000810110                TestTimedOut
                0x0000000000810119                Detected
                0x0000000000810123                TestFailed1
                0x0000000000810133                Unknown
                0x000000000081013c                Thyristor
                0x0000000000810145                Triac
                0x000000000081014b                Bauteil
                0x0000000000810150                TestFailed2
                0x0000000000810159                BatEmpty
                0x0000000000810160                BatWeak
                0x0000000000810165                TestRunning
                0x000000000081016e                RLtab
                0x00000000008101c8                EE_ESR_ZEROtab
                0x00000000008101cc                c_zero_tab
                0x00000000008101d3                ref_offset
                0x00000000008101d5                RefDiff
                0x00000000008101d6                __eeprom_end = .

.fuse
 *(.fuse)
 *(.lfuse)
 *(.hfuse)
 *(.efuse)

.lock
 *(.lock*)

.signature
 *(.signature*)

.user_signatures
 *(.user_signatures*)

.stab
 *(.stab)

.stabstr
 *(.stabstr)

.stab.excl
 *(.stab.excl)

.stab.exclstr
 *(.stab.exclstr)

.stab.index
 *(.stab.index)

.stab.indexstr
 *(.stab.indexstr)

.comment        0x0000000000000000       0x11
 *(.comment)
 .comment       0x0000000000000000       0x11 ../Obj/TransistorTester/lcd-routines.o
                                         0x12 (size before relaxing)
 .comment       0x0000000000000011       0x12 ../Obj/TransistorTester/DisplayValue.o
 .comment       0x0000000000000011       0x12 ../Obj/TransistorTester/main.o
 .comment       0x0000000000000011       0x12 ../Obj/TransistorTester/Battery_check.o
 .comment       0x0000000000000011       0x12 ../Obj/TransistorTester/CheckPins.o
 .comment       0x0000000000000011       0x12 ../Obj/TransistorTester/GetResistance.o
 .comment       0x0000000000000011       0x12 ../Obj/TransistorTester/ChargePin10ms.o
 .comment       0x0000000000000011       0x12 ../Obj/TransistorTester/EntladePins.o
 .comment       0x0000000000000011       0x12 ../Obj/TransistorTester/ReadCapacity.o
 .comment       0x0000000000000011       0x12 ../Obj/TransistorTester/Calibrate_UR.o
 .comment       0x0000000000000011       0x12 ../Obj/TransistorTester/show_Resis_Cap.o
 .comment       0x0000000000000011       0x12 ../Obj/TransistorTester/ReadInductance.o
 .comment       0x0000000000000011       0x12 ../Obj/TransistorTester/GetVloss.o

.note.gnu.avr.deviceinfo
                0x0000000000000000       0x3c
 .note.gnu.avr.deviceinfo
                0x0000000000000000       0x3c /usr/lib/gcc/avr/5.4.0/../../../avr/lib/avr5/crtatmega168.o

.note.gnu.build-id
 *(.note.gnu.build-id)

.debug
 *(.debug)

.line
 *(.line)

.debug_srcinfo
 *(.debug_srcinfo)

.debug_sfnames
 *(.debug_sfnames)

.debug_aranges  0x0000000000000000      0x450
 *(.debug_aranges)
 .debug_aranges
                0x0000000000000000       0x20 ../Obj/TransistorTester/lcd_hw_4_bit.o
 .debug_aranges
                0x0000000000000020       0xe0 ../Obj/TransistorTester/lcd-routines.o
 .debug_aranges
                0x0000000000000100       0x20 ../Obj/TransistorTester/i2lcd.o
 .debug_aranges
                0x0000000000000120       0x20 ../Obj/TransistorTester/PinLayout.o
 .debug_aranges
                0x0000000000000140       0x20 ../Obj/TransistorTester/RvalOut.o
 .debug_aranges
                0x0000000000000160       0x20 ../Obj/TransistorTester/UfAusgabe.o
 .debug_aranges
                0x0000000000000180       0x30 ../Obj/TransistorTester/DisplayValue.o
 .debug_aranges
                0x00000000000001b0       0x20 ../Obj/TransistorTester/wait1000ms.o
 .debug_aranges
                0x00000000000001d0       0x20 ../Obj/TransistorTester/ReadADC.o
 .debug_aranges
                0x00000000000001f0       0x20 ../Obj/TransistorTester/wait_for_key_ms.o
 .debug_aranges
                0x0000000000000210       0x20 ../Obj/TransistorTester/RefVoltage.o
 .debug_aranges
                0x0000000000000230       0x60 ../Obj/TransistorTester/main.o
 .debug_aranges
                0x0000000000000290       0x20 ../Obj/TransistorTester/Battery_check.o
 .debug_aranges
                0x00000000000002b0       0x20 ../Obj/TransistorTester/CheckPins.o
 .debug_aranges
                0x00000000000002d0       0x20 ../Obj/TransistorTester/GetResistance.o
 .debug_aranges
                0x00000000000002f0       0x20 ../Obj/TransistorTester/ChargePin10ms.o
 .debug_aranges
                0x0000000000000310       0x20 ../Obj/TransistorTester/EntladePins.o
 .debug_aranges
                0x0000000000000330       0x28 ../Obj/TransistorTester/ReadCapacity.o
 .debug_aranges
                0x0000000000000358       0x20 ../Obj/TransistorTester/GetRLmultip.o
 .debug_aranges
                0x0000000000000378       0x20 ../Obj/TransistorTester/Calibrate_UR.o
 .debug_aranges
                0x0000000000000398       0x38 ../Obj/TransistorTester/show_Resis_Cap.o
 .debug_aranges
                0x00000000000003d0       0x20 ../Obj/TransistorTester/get_log.o
 .debug_aranges
                0x00000000000003f0       0x20 ../Obj/TransistorTester/ReadInductance.o
 .debug_aranges
                0x0000000000000410       0x20 ../Obj/TransistorTester/GetESR.o
 .debug_aranges
                0x0000000000000430       0x20 ../Obj/TransistorTester/GetVloss.o

.debug_pubnames
 *(.debug_pubnames)

.debug_info     0x0000000000000000     0x72ca
 *(.debug_info .gnu.linkonce.wi.*)
 .debug_info    0x0000000000000000      0x5f4 /usr/lib/gcc/avr/5.4.0/../../../avr/lib/avr5/crtatmega168.o
 .debug_info    0x00000000000005f4       0x7f ../Obj/TransistorTester/lcd_hw_4_bit.o
 .debug_info    0x0000000000000673      0xb07 ../Obj/TransistorTester/lcd-routines.o
 .debug_info    0x000000000000117a       0x78 ../Obj/TransistorTester/i2lcd.o
 .debug_info    0x00000000000011f2       0x7c ../Obj/TransistorTester/PinLayout.o
 .debug_info    0x000000000000126e       0x7a ../Obj/TransistorTester/RvalOut.o
 .debug_info    0x00000000000012e8       0x7c ../Obj/TransistorTester/UfAusgabe.o
 .debug_info    0x0000000000001364      0x3e9 ../Obj/TransistorTester/DisplayValue.o
 .debug_info    0x000000000000174d       0x7d ../Obj/TransistorTester/wait1000ms.o
 .debug_info    0x00000000000017ca       0x7a ../Obj/TransistorTester/ReadADC.o
 .debug_info    0x0000000000001844       0x82 ../Obj/TransistorTester/wait_for_key_ms.o
 .debug_info    0x00000000000018c6       0x7d ../Obj/TransistorTester/RefVoltage.o
 .debug_info    0x0000000000001943     0x284f ../Obj/TransistorTester/main.o
 .debug_info    0x0000000000004192      0x23a ../Obj/TransistorTester/Battery_check.o
 .debug_info    0x00000000000043cc     0x1045 ../Obj/TransistorTester/CheckPins.o
 .debug_info    0x0000000000005411      0x60e ../Obj/TransistorTester/GetResistance.o
 .debug_info    0x0000000000005a1f       0xc3 ../Obj/TransistorTester/ChargePin10ms.o
 .debug_info    0x0000000000005ae2      0x197 ../Obj/TransistorTester/EntladePins.o
 .debug_info    0x0000000000005c79      0x568 ../Obj/TransistorTester/ReadCapacity.o
 .debug_info    0x00000000000061e1       0x7e ../Obj/TransistorTester/GetRLmultip.o
 .debug_info    0x000000000000625f      0x2b5 ../Obj/TransistorTester/Calibrate_UR.o
 .debug_info    0x0000000000006514      0x535 ../Obj/TransistorTester/show_Resis_Cap.o
 .debug_info    0x0000000000006a49       0x7a ../Obj/TransistorTester/get_log.o
 .debug_info    0x0000000000006ac3      0x473 ../Obj/TransistorTester/ReadInductance.o
 .debug_info    0x0000000000006f36       0x79 ../Obj/TransistorTester/GetESR.o
 .debug_info    0x0000000000006faf      0x31b ../Obj/TransistorTester/GetVloss.o

.debug_abbrev   0x0000000000000000     0x195c
 *(.debug_abbrev)
 .debug_abbrev  0x0000000000000000      0x5a2 /usr/lib/gcc/avr/5.4.0/../../../avr/lib/avr5/crtatmega168.o
 .debug_abbrev  0x00000000000005a2       0x14 ../Obj/TransistorTester/lcd_hw_4_bit.o
 .debug_abbrev  0x00000000000005b6      0x240 ../Obj/TransistorTester/lcd-routines.o
 .debug_abbrev  0x00000000000007f6       0x14 ../Obj/TransistorTester/i2lcd.o
 .debug_abbrev  0x000000000000080a       0x14 ../Obj/TransistorTester/PinLayout.o
 .debug_abbrev  0x000000000000081e       0x14 ../Obj/TransistorTester/RvalOut.o
 .debug_abbrev  0x0000000000000832       0x14 ../Obj/TransistorTester/UfAusgabe.o
 .debug_abbrev  0x0000000000000846      0x1a5 ../Obj/TransistorTester/DisplayValue.o
 .debug_abbrev  0x00000000000009eb       0x14 ../Obj/TransistorTester/wait1000ms.o
 .debug_abbrev  0x00000000000009ff       0x14 ../Obj/TransistorTester/ReadADC.o
 .debug_abbrev  0x0000000000000a13       0x14 ../Obj/TransistorTester/wait_for_key_ms.o
 .debug_abbrev  0x0000000000000a27       0x14 ../Obj/TransistorTester/RefVoltage.o
 .debug_abbrev  0x0000000000000a3b      0x361 ../Obj/TransistorTester/main.o
 .debug_abbrev  0x0000000000000d9c       0xcf ../Obj/TransistorTester/Battery_check.o
 .debug_abbrev  0x0000000000000e6b      0x15c ../Obj/TransistorTester/CheckPins.o
 .debug_abbrev  0x0000000000000fc7      0x160 ../Obj/TransistorTester/GetResistance.o
 .debug_abbrev  0x0000000000001127       0x7f ../Obj/TransistorTester/ChargePin10ms.o
 .debug_abbrev  0x00000000000011a6       0xbb ../Obj/TransistorTester/EntladePins.o
 .debug_abbrev  0x0000000000001261      0x18d ../Obj/TransistorTester/ReadCapacity.o
 .debug_abbrev  0x00000000000013ee       0x14 ../Obj/TransistorTester/GetRLmultip.o
 .debug_abbrev  0x0000000000001402       0xe3 ../Obj/TransistorTester/Calibrate_UR.o
 .debug_abbrev  0x00000000000014e5      0x1ba ../Obj/TransistorTester/show_Resis_Cap.o
 .debug_abbrev  0x000000000000169f       0x14 ../Obj/TransistorTester/get_log.o
 .debug_abbrev  0x00000000000016b3      0x155 ../Obj/TransistorTester/ReadInductance.o
 .debug_abbrev  0x0000000000001808       0x14 ../Obj/TransistorTester/GetESR.o
 .debug_abbrev  0x000000000000181c      0x140 ../Obj/TransistorTester/GetVloss.o

.debug_line     0x0000000000000000     0x4cb2
 *(.debug_line .debug_line.* .debug_line_end)
 .debug_line    0x0000000000000000       0x1a /usr/lib/gcc/avr/5.4.0/../../../avr/lib/avr5/crtatmega168.o
 .debug_line    0x000000000000001a      0x14e ../Obj/TransistorTester/lcd_hw_4_bit.o
 .debug_line    0x0000000000000168      0x4d6 ../Obj/TransistorTester/lcd-routines.o
 .debug_line    0x000000000000063e       0xd4 ../Obj/TransistorTester/i2lcd.o
 .debug_line    0x0000000000000712      0x151 ../Obj/TransistorTester/PinLayout.o
 .debug_line    0x0000000000000863      0x106 ../Obj/TransistorTester/RvalOut.o
 .debug_line    0x0000000000000969      0x264 ../Obj/TransistorTester/UfAusgabe.o
 .debug_line    0x0000000000000bcd      0x20d ../Obj/TransistorTester/DisplayValue.o
 .debug_line    0x0000000000000dda      0x116 ../Obj/TransistorTester/wait1000ms.o
 .debug_line    0x0000000000000ef0      0x238 ../Obj/TransistorTester/ReadADC.o
 .debug_line    0x0000000000001128      0x240 ../Obj/TransistorTester/wait_for_key_ms.o
 .debug_line    0x0000000000001368      0x1db ../Obj/TransistorTester/RefVoltage.o
 .debug_line    0x0000000000001543      0xe38 ../Obj/TransistorTester/main.o
 .debug_line    0x000000000000237b      0x142 ../Obj/TransistorTester/Battery_check.o
 .debug_line    0x00000000000024bd      0x9ec ../Obj/TransistorTester/CheckPins.o
 .debug_line    0x0000000000002ea9      0x2e8 ../Obj/TransistorTester/GetResistance.o
 .debug_line    0x0000000000003191       0xa5 ../Obj/TransistorTester/ChargePin10ms.o
 .debug_line    0x0000000000003236      0x1ca ../Obj/TransistorTester/EntladePins.o
 .debug_line    0x0000000000003400      0x442 ../Obj/TransistorTester/ReadCapacity.o
 .debug_line    0x0000000000003842      0x188 ../Obj/TransistorTester/GetRLmultip.o
 .debug_line    0x00000000000039ca      0x1b5 ../Obj/TransistorTester/Calibrate_UR.o
 .debug_line    0x0000000000003b7f      0x21e ../Obj/TransistorTester/show_Resis_Cap.o
 .debug_line    0x0000000000003d9d       0xfa ../Obj/TransistorTester/get_log.o
 .debug_line    0x0000000000003e97      0x3a6 ../Obj/TransistorTester/ReadInductance.o
 .debug_line    0x000000000000423d      0x87a ../Obj/TransistorTester/GetESR.o
 .debug_line    0x0000000000004ab7      0x1fb ../Obj/TransistorTester/GetVloss.o

.debug_frame    0x0000000000000000      0x6a4
 *(.debug_frame)
 .debug_frame   0x0000000000000000      0x1f4 ../Obj/TransistorTester/lcd-routines.o
 .debug_frame   0x00000000000001f4       0x7c ../Obj/TransistorTester/DisplayValue.o
 .debug_frame   0x0000000000000270      0x128 ../Obj/TransistorTester/main.o
 .debug_frame   0x0000000000000398       0x38 ../Obj/TransistorTester/Battery_check.o
 .debug_frame   0x00000000000003d0       0x4c ../Obj/TransistorTester/CheckPins.o
 .debug_frame   0x000000000000041c       0x48 ../Obj/TransistorTester/GetResistance.o
 .debug_frame   0x0000000000000464       0x2c ../Obj/TransistorTester/ChargePin10ms.o
 .debug_frame   0x0000000000000490       0x3c ../Obj/TransistorTester/EntladePins.o
 .debug_frame   0x00000000000004cc       0x9c ../Obj/TransistorTester/ReadCapacity.o
 .debug_frame   0x0000000000000568       0x40 ../Obj/TransistorTester/Calibrate_UR.o
 .debug_frame   0x00000000000005a8       0x70 ../Obj/TransistorTester/show_Resis_Cap.o
 .debug_frame   0x0000000000000618       0x4c ../Obj/TransistorTester/ReadInductance.o
 .debug_frame   0x0000000000000664       0x40 ../Obj/TransistorTester/GetVloss.o

.debug_str      0x0000000000000000     0x1278
 *(.debug_str)
 .debug_str     0x0000000000000000      0x208 /usr/lib/gcc/avr/5.4.0/../../../avr/lib/avr5/crtatmega168.o
 .debug_str     0x0000000000000208      0x469 ../Obj/TransistorTester/lcd-routines.o
                                        0x4c8 (size before relaxing)
 .debug_str     0x0000000000000671       0xa8 ../Obj/TransistorTester/DisplayValue.o
                                        0x286 (size before relaxing)
 .debug_str     0x0000000000000719      0x721 ../Obj/TransistorTester/main.o
                                        0xb0c (size before relaxing)
 .debug_str     0x0000000000000e3a       0x3a ../Obj/TransistorTester/Battery_check.o
                                        0x25b (size before relaxing)
 .debug_str     0x0000000000000e74      0x157 ../Obj/TransistorTester/CheckPins.o
                                        0x3cc (size before relaxing)
 .debug_str     0x0000000000000fcb       0x33 ../Obj/TransistorTester/GetResistance.o
                                        0x37b (size before relaxing)
 .debug_str     0x0000000000000ffe       0x2f ../Obj/TransistorTester/ChargePin10ms.o
                                        0x1c7 (size before relaxing)
 .debug_str     0x000000000000102d       0x31 ../Obj/TransistorTester/EntladePins.o
                                        0x1ef (size before relaxing)
 .debug_str     0x000000000000105e       0xb4 ../Obj/TransistorTester/ReadCapacity.o
                                        0x3b7 (size before relaxing)
 .debug_str     0x0000000000001112       0x35 ../Obj/TransistorTester/Calibrate_UR.o
                                        0x284 (size before relaxing)
 .debug_str     0x0000000000001147       0x76 ../Obj/TransistorTester/show_Resis_Cap.o
                                        0x36a (size before relaxing)
 .debug_str     0x00000000000011bd       0x9b ../Obj/TransistorTester/ReadInductance.o
                                        0x350 (size before relaxing)
 .debug_str     0x0000000000001258       0x20 ../Obj/TransistorTester/GetVloss.o
                                        0x27d (size before relaxing)

.debug_loc      0x0000000000000000     0x3e07
 *(.debug_loc)
 .debug_loc     0x0000000000000000      0x424 ../Obj/TransistorTester/lcd-routines.o
 .debug_loc     0x0000000000000424      0x43f ../Obj/TransistorTester/DisplayValue.o
 .debug_loc     0x0000000000000863      0x777 ../Obj/TransistorTester/main.o
 .debug_loc     0x0000000000000fda       0x8b ../Obj/TransistorTester/Battery_check.o
 .debug_loc     0x0000000000001065     0x1752 ../Obj/TransistorTester/CheckPins.o
 .debug_loc     0x00000000000027b7      0x7eb ../Obj/TransistorTester/GetResistance.o
 .debug_loc     0x0000000000002fa2       0x72 ../Obj/TransistorTester/ChargePin10ms.o
 .debug_loc     0x0000000000003014      0x1b6 ../Obj/TransistorTester/EntladePins.o
 .debug_loc     0x00000000000031ca      0x41c ../Obj/TransistorTester/ReadCapacity.o
 .debug_loc     0x00000000000035e6       0x72 ../Obj/TransistorTester/Calibrate_UR.o
 .debug_loc     0x0000000000003658      0x191 ../Obj/TransistorTester/show_Resis_Cap.o
 .debug_loc     0x00000000000037e9      0x3f5 ../Obj/TransistorTester/ReadInductance.o
 .debug_loc     0x0000000000003bde      0x229 ../Obj/TransistorTester/GetVloss.o

.debug_macinfo
 *(.debug_macinfo)

.debug_weaknames
 *(.debug_weaknames)

.debug_funcnames
 *(.debug_funcnames)

.debug_typenames
 *(.debug_typenames)

.debug_varnames
 *(.debug_varnames)

.debug_pubtypes
 *(.debug_pubtypes)

.debug_ranges   0x0000000000000000      0x220
 *(.debug_ranges)
 .debug_ranges  0x0000000000000000       0xd0 ../Obj/TransistorTester/lcd-routines.o
 .debug_ranges  0x00000000000000d0       0x20 ../Obj/TransistorTester/DisplayValue.o
 .debug_ranges  0x00000000000000f0       0x70 ../Obj/TransistorTester/main.o
 .debug_ranges  0x0000000000000160       0x10 ../Obj/TransistorTester/Battery_check.o
 .debug_ranges  0x0000000000000170       0x10 ../Obj/TransistorTester/CheckPins.o
 .debug_ranges  0x0000000000000180       0x10 ../Obj/TransistorTester/GetResistance.o
 .debug_ranges  0x0000000000000190       0x10 ../Obj/TransistorTester/ChargePin10ms.o
 .debug_ranges  0x00000000000001a0       0x10 ../Obj/TransistorTester/EntladePins.o
 .debug_ranges  0x00000000000001b0       0x18 ../Obj/TransistorTester/ReadCapacity.o
 .debug_ranges  0x00000000000001c8       0x10 ../Obj/TransistorTester/Calibrate_UR.o
 .debug_ranges  0x00000000000001d8       0x28 ../Obj/TransistorTester/show_Resis_Cap.o
 .debug_ranges  0x0000000000000200       0x10 ../Obj/TransistorTester/ReadInductance.o
 .debug_ranges  0x0000000000000210       0x10 ../Obj/TransistorTester/GetVloss.o

.debug_macro
 *(.debug_macro)
OUTPUT(../Obj/TransistorTester/TransistorTester.elf elf32-avr)
LOAD linker stubs
