Archive member included because of file (symbol)

/usr/lib/gcc/avr/4.5.3/avr5/libgcc.a(_mulsi3.o)
                              main.o (__mulsi3)
/usr/lib/gcc/avr/4.5.3/avr5/libgcc.a(_udivmodqi4.o)
                              main.o (__udivmodqi4)
/usr/lib/gcc/avr/4.5.3/avr5/libgcc.a(_udivmodhi4.o)
                              main.o (__udivmodhi4)
/usr/lib/gcc/avr/4.5.3/avr5/libgcc.a(_udivmodsi4.o)
                              main.o (__udivmodsi4)
/usr/lib/gcc/avr/4.5.3/avr5/libgcc.a(_divmodsi4.o)
                              main.o (__divmodsi4)
/usr/lib/gcc/avr/4.5.3/avr5/libgcc.a(_exit.o)
                              /usr/lib/gcc/avr/4.5.3/../../../avr/lib/avr5/crtm168.o (exit)
/usr/lib/gcc/avr/4.5.3/avr5/libgcc.a(_copy_data.o)
                              main.o (__do_copy_data)
/usr/lib/gcc/avr/4.5.3/avr5/libgcc.a(_clear_bss.o)
                              main.o (__do_clear_bss)
/usr/lib/gcc/avr/4.5.3/../../../avr/lib/avr5/libc.a(itoa.o)
                              main.o (itoa)
/usr/lib/gcc/avr/4.5.3/../../../avr/lib/avr5/libc.a(utoa.o)
                              main.o (utoa)
/usr/lib/gcc/avr/4.5.3/../../../avr/lib/avr5/libc.a(eerd_byte_atmega168.o)
                              lcd-routines.o (__eerd_byte_m168)
/usr/lib/gcc/avr/4.5.3/../../../avr/lib/avr5/libc.a(eerd_word_atmega168.o)
                              main.o (__eerd_word_m168)
/usr/lib/gcc/avr/4.5.3/../../../avr/lib/avr5/libc.a(eewr_byte_atmega168.o)
                              main.o (__eewr_byte_m168)
/usr/lib/gcc/avr/4.5.3/../../../avr/lib/avr5/libc.a(eewr_word_atmega168.o)
                              main.o (__eewr_word_m168)
/usr/lib/gcc/avr/4.5.3/../../../avr/lib/avr5/libc.a(strrev.o)
                              /usr/lib/gcc/avr/4.5.3/../../../avr/lib/avr5/libc.a(itoa.o) (strrev)
/usr/lib/gcc/avr/4.5.3/../../../avr/lib/avr5/libc.a(eerd_block_atmega168.o)
                              /usr/lib/gcc/avr/4.5.3/../../../avr/lib/avr5/libc.a(eerd_word_atmega168.o) (__eerd_blraw_m168)

Allocating common symbols
Common symbol       size              file

diode_sequence      0x1               main.o
resis680mi          0x2               main.o
NumOfDiodes         0x1               main.o
PartMode            0x1               main.o
PartFound           0x1               main.o
resis680pl          0x2               main.o
tmpval              0x1               main.o
inductor_lpre       0x1               main.o
mess_count          0x1               main.o
outval              0xc               main.o
resis               0x18              main.o
ADCconfig           0x6               main.o
pin_rpl             0x2               main.o
ref_mv              0x2               main.o
tmpval2             0x1               main.o
UnCalibrated        0x1               main.o
pin_rmi             0x2               main.o
WithReference       0x1               main.o
_trans              0x2               main.o
ntrans              0xe               main.o
empty_count         0x1               main.o
pin_combination     0x1               main.o
ovcnt16             0x2               main.o
cell_mv             0x6               main.o
ptrans              0xe               main.o
ResistorsFound      0x1               main.o
unfinished          0x1               main.o
cap                 0x14              main.o
load_diff           0x2               main.o
diodes              0x18              main.o
inductor_lx         0x4               main.o

Memory Configuration

Name             Origin             Length             Attributes
text             0x0000000000000000 0x0000000000020000 xr
data             0x0000000000800060 0x000000000000ffa0 rw !x
eeprom           0x0000000000810000 0x0000000000010000 rw !x
fuse             0x0000000000820000 0x0000000000000400 rw !x
lock             0x0000000000830000 0x0000000000000400 rw !x
signature        0x0000000000840000 0x0000000000000400 rw !x
*default*        0x0000000000000000 0xffffffffffffffff

Linker script and memory map

Address of section .data set to 0x800100
LOAD /usr/lib/gcc/avr/4.5.3/../../../avr/lib/avr5/crtm168.o
LOAD lcd-routines.o
LOAD lcd_hw_4_bit.o
LOAD main.o
LOAD swuart.o
LOAD wait1000ms.o
LOAD ReadCapacity.o
LOAD ReadInductance.o
LOAD ReadADC.o
LOAD GetESR.o
LOAD GetVloss.o
LOAD Calibrate_UR.o
LOAD /usr/lib/gcc/avr/4.5.3/avr5/libgcc.a
LOAD /usr/lib/gcc/avr/4.5.3/../../../avr/lib/avr5/libc.a
LOAD /usr/lib/gcc/avr/4.5.3/avr5/libgcc.a

.hash
 *(.hash)

.dynsym
 *(.dynsym)

.dynstr
 *(.dynstr)

.gnu.version
 *(.gnu.version)

.gnu.version_d
 *(.gnu.version_d)

.gnu.version_r
 *(.gnu.version_r)

.rel.init
 *(.rel.init)

.rela.init
 *(.rela.init)

.rel.text
 *(.rel.text)
 *(.rel.text.*)
 *(.rel.gnu.linkonce.t*)

.rela.text
 *(.rela.text)
 *(.rela.text.*)
 *(.rela.gnu.linkonce.t*)

.rel.fini
 *(.rel.fini)

.rela.fini
 *(.rela.fini)

.rel.rodata
 *(.rel.rodata)
 *(.rel.rodata.*)
 *(.rel.gnu.linkonce.r*)

.rela.rodata
 *(.rela.rodata)
 *(.rela.rodata.*)
 *(.rela.gnu.linkonce.r*)

.rel.data
 *(.rel.data)
 *(.rel.data.*)
 *(.rel.gnu.linkonce.d*)

.rela.data
 *(.rela.data)
 *(.rela.data.*)
 *(.rela.gnu.linkonce.d*)

.rel.ctors
 *(.rel.ctors)

.rela.ctors
 *(.rela.ctors)

.rel.dtors
 *(.rel.dtors)

.rela.dtors
 *(.rela.dtors)

.rel.got
 *(.rel.got)

.rela.got
 *(.rela.got)

.rel.bss
 *(.rel.bss)

.rela.bss
 *(.rela.bss)

.rel.plt
 *(.rel.plt)

.rela.plt
 *(.rela.plt)

.text           0x0000000000000000     0x3fba
 *(.vectors)
 .vectors       0x0000000000000000       0x68 /usr/lib/gcc/avr/4.5.3/../../../avr/lib/avr5/crtm168.o
                0x0000000000000000                __vectors
                0x0000000000000000                __vector_default
 *(.vectors)
 *(.progmem.gcc*)
 *(.progmem*)
 .progmem.data  0x0000000000000068       0x9e main.o
                0x0000000000000068                LogTab
                0x00000000000000c6                RHtab
                0x00000000000000d8                VERSION_str
                0x00000000000000e6                R0_str
                0x00000000000000ea                PinRLtab
                0x00000000000000ed                PinADCtab
                0x00000000000000f0                MinCap_str
                0x00000000000000f8                REF_C_str
                0x00000000000000ff                REF_R_str
                0x0000000000000106                . = ALIGN (0x2)
                0x0000000000000106                __trampolines_start = .
 *(.trampolines)
 .trampolines   0x0000000000000106        0x0 linker stubs
 *(.trampolines*)
                0x0000000000000106                __trampolines_end = .
 *(.jumptables)
 *(.jumptables*)
 *(.lowtext)
 *(.lowtext*)
                0x0000000000000106                __ctors_start = .
 *(.ctors)
                0x0000000000000106                __ctors_end = .
                0x0000000000000106                __dtors_start = .
 *(.dtors)
                0x0000000000000106                __dtors_end = .
 SORT(*)(.ctors)
 SORT(*)(.dtors)
 *(.init0)
 .init0         0x0000000000000106        0x0 /usr/lib/gcc/avr/4.5.3/../../../avr/lib/avr5/crtm168.o
                0x0000000000000106                __init
 *(.init0)
 *(.init1)
 *(.init1)
 *(.init2)
 .init2         0x0000000000000106        0xc /usr/lib/gcc/avr/4.5.3/../../../avr/lib/avr5/crtm168.o
 *(.init2)
 *(.init3)
 *(.init3)
 *(.init4)
 .init4         0x0000000000000112       0x16 /usr/lib/gcc/avr/4.5.3/avr5/libgcc.a(_copy_data.o)
                0x0000000000000112                __do_copy_data
 .init4         0x0000000000000128       0x10 /usr/lib/gcc/avr/4.5.3/avr5/libgcc.a(_clear_bss.o)
                0x0000000000000128                __do_clear_bss
 *(.init4)
 *(.init5)
 *(.init5)
 *(.init6)
 *(.init6)
 *(.init7)
 *(.init7)
 *(.init8)
 *(.init8)
 *(.init9)
 .init9         0x0000000000000138        0x8 /usr/lib/gcc/avr/4.5.3/../../../avr/lib/avr5/crtm168.o
 *(.init9)
 *(.text)
 .text          0x0000000000000140        0x4 /usr/lib/gcc/avr/4.5.3/../../../avr/lib/avr5/crtm168.o
                0x0000000000000140                __vector_22
                0x0000000000000140                __vector_1
                0x0000000000000140                __vector_24
                0x0000000000000140                __vector_12
                0x0000000000000140                __bad_interrupt
                0x0000000000000140                __vector_6
                0x0000000000000140                __vector_3
                0x0000000000000140                __vector_23
                0x0000000000000140                __vector_25
                0x0000000000000140                __vector_11
                0x0000000000000140                __vector_17
                0x0000000000000140                __vector_19
                0x0000000000000140                __vector_5
                0x0000000000000140                __vector_4
                0x0000000000000140                __vector_9
                0x0000000000000140                __vector_2
                0x0000000000000140                __vector_15
                0x0000000000000140                __vector_8
                0x0000000000000140                __vector_14
                0x0000000000000140                __vector_16
                0x0000000000000140                __vector_18
                0x0000000000000140                __vector_20
 .text          0x0000000000000144      0x1b2 lcd-routines.o
                0x0000000000000144                lcd_data
                0x00000000000001ae                lcd_space
                0x00000000000001b6                lcd_testpin
                0x00000000000001be                uart_newline
                0x00000000000001cc                lcd_command
                0x00000000000001ec                lcd_clear
                0x0000000000000206                lcd_init
                0x000000000000025e                lcd_string
                0x0000000000000286                lcd_pgm_string
                0x00000000000002a6                lcd_fix_string
                0x00000000000002c8                lcd_fix_customchar
 .text          0x00000000000002f6       0x60 lcd_hw_4_bit.o
                0x00000000000002f6                _lcd_hw_write
 .text          0x0000000000000356     0x253e main.o
                0x0000000000000356                __vector_7
                0x0000000000000358                __vector_21
                0x000000000000035a                EntladePins
                0x0000000000000486                RefVoltage
                0x000000000000050a                lcd_clear_line
                0x000000000000051a                DisplayValue
                0x0000000000000690                RvalOut
                0x00000000000006e6                mVAusgabe
                0x0000000000000716                UfAusgabe
                0x0000000000000750                SerienDiodenAusgabe
                0x00000000000007cc                sleep_5ms
                0x0000000000000812                ChargePin10ms
                0x0000000000000848                CheckPins
                0x00000000000016e8                PinLayout
                0x000000000000174e                wait_for_key_ms
                0x0000000000001788                wait_for_key_5s_line2
                0x00000000000017a2                ShortedProbes
                0x0000000000001820                AllProbesShorted
                0x0000000000001844                AutoCheck
                0x0000000000001d9e                mark_as_uncalibrated
                0x0000000000001dc2                GetIr
                0x0000000000001e3a                main
 .text          0x0000000000002894       0x2a swuart.o
                0x0000000000002894                uart_putc
 .text          0x00000000000028be       0x4a wait1000ms.o
                0x00000000000028be                wait5s
                0x00000000000028c0                wait4s
                0x00000000000028c2                wait3s
                0x00000000000028c4                wait2s
                0x00000000000028c6                wait1000ms
                0x00000000000028c6                wait1s
                0x00000000000028c8                wait500ms
                0x00000000000028ca                wait400ms
                0x00000000000028cc                wait300ms
                0x00000000000028ce                wait200ms
                0x00000000000028d0                wait100ms
                0x00000000000028d4                wait50ms
                0x00000000000028d6                wait40ms
                0x00000000000028d8                wait30ms
                0x00000000000028da                wait20ms
                0x00000000000028dc                wait10ms
                0x00000000000028de                wait5ms
                0x00000000000028e0                wait4ms
                0x00000000000028e2                wait3ms
                0x00000000000028e4                wait2ms
                0x00000000000028e6                wait1ms
                0x00000000000028e8                wait500us
                0x00000000000028ea                wait400us
                0x00000000000028ec                wait300us
                0x00000000000028ee                wait200us
                0x00000000000028f0                wait100us
                0x00000000000028f2                wait50us
                0x00000000000028f4                wait40us
                0x00000000000028f6                wait30us
                0x00000000000028f8                wait20us
                0x00000000000028fa                wait10us
                0x00000000000028fc                wait5us
                0x00000000000028fe                wait4us
                0x0000000000002900                wait3us
                0x0000000000002902                wait2us
                0x0000000000002904                wait1us
 .text          0x0000000000002908      0x75a ReadCapacity.o
                0x0000000000002908                getRLmultip
                0x000000000000299e                Scale_C_with_vcc
                0x0000000000002a3e                ReadCapacity
                0x0000000000002fd2                __vector_13
                0x000000000000301e                __vector_10
 .text          0x0000000000003062      0x578 ReadInductance.o
                0x0000000000003062                get_log
                0x00000000000030b4                ReadInductance
 .text          0x00000000000035da       0xe4 ReadADC.o
                0x00000000000035da                W20msReadADC
                0x00000000000035e6                W10msReadADC
                0x00000000000035f2                W5msReadADC
                0x00000000000035fe                ReadADC
 .text          0x00000000000036be      0x3ac GetESR.o
                0x00000000000036be                GetESR
 .text          0x0000000000003a6a      0x174 GetVloss.o
                0x0000000000003a6a                GetVloss
 .text          0x0000000000003bde      0x1f0 Calibrate_UR.o
                0x0000000000003bde                Calibrate_UR
 .text          0x0000000000003dce        0x0 /usr/lib/gcc/avr/4.5.3/avr5/libgcc.a(_mulsi3.o)
 .text          0x0000000000003dce        0x0 /usr/lib/gcc/avr/4.5.3/avr5/libgcc.a(_udivmodqi4.o)
 .text          0x0000000000003dce        0x0 /usr/lib/gcc/avr/4.5.3/avr5/libgcc.a(_udivmodhi4.o)
 .text          0x0000000000003dce        0x0 /usr/lib/gcc/avr/4.5.3/avr5/libgcc.a(_udivmodsi4.o)
 .text          0x0000000000003dce        0x0 /usr/lib/gcc/avr/4.5.3/avr5/libgcc.a(_divmodsi4.o)
 .text          0x0000000000003dce        0x0 /usr/lib/gcc/avr/4.5.3/avr5/libgcc.a(_exit.o)
 .text          0x0000000000003dce        0x0 /usr/lib/gcc/avr/4.5.3/avr5/libgcc.a(_copy_data.o)
 .text          0x0000000000003dce        0x0 /usr/lib/gcc/avr/4.5.3/avr5/libgcc.a(_clear_bss.o)
 .text          0x0000000000003dce        0x0 /usr/lib/gcc/avr/4.5.3/../../../avr/lib/avr5/libc.a(itoa.o)
 .text          0x0000000000003dce        0x0 /usr/lib/gcc/avr/4.5.3/../../../avr/lib/avr5/libc.a(utoa.o)
 .text          0x0000000000003dce        0x0 /usr/lib/gcc/avr/4.5.3/../../../avr/lib/avr5/libc.a(eerd_byte_atmega168.o)
 .text          0x0000000000003dce        0x0 /usr/lib/gcc/avr/4.5.3/../../../avr/lib/avr5/libc.a(eerd_word_atmega168.o)
 .text          0x0000000000003dce        0x0 /usr/lib/gcc/avr/4.5.3/../../../avr/lib/avr5/libc.a(eewr_byte_atmega168.o)
 .text          0x0000000000003dce        0x0 /usr/lib/gcc/avr/4.5.3/../../../avr/lib/avr5/libc.a(eewr_word_atmega168.o)
 .text          0x0000000000003dce        0x0 /usr/lib/gcc/avr/4.5.3/../../../avr/lib/avr5/libc.a(strrev.o)
 .text          0x0000000000003dce        0x0 /usr/lib/gcc/avr/4.5.3/../../../avr/lib/avr5/libc.a(eerd_block_atmega168.o)
                0x0000000000003dce                . = ALIGN (0x2)
 *(.text.*)
 .text.libgcc   0x0000000000003dce       0x3e /usr/lib/gcc/avr/4.5.3/avr5/libgcc.a(_mulsi3.o)
                0x0000000000003dce                __mulsi3
 .text.libgcc   0x0000000000003e0c       0x18 /usr/lib/gcc/avr/4.5.3/avr5/libgcc.a(_udivmodqi4.o)
                0x0000000000003e0c                __udivmodqi4
 .text.libgcc   0x0000000000003e24       0x28 /usr/lib/gcc/avr/4.5.3/avr5/libgcc.a(_udivmodhi4.o)
                0x0000000000003e24                __udivmodhi4
 .text.libgcc   0x0000000000003e4c       0x44 /usr/lib/gcc/avr/4.5.3/avr5/libgcc.a(_udivmodsi4.o)
                0x0000000000003e4c                __udivmodsi4
 .text.libgcc   0x0000000000003e90       0x36 /usr/lib/gcc/avr/4.5.3/avr5/libgcc.a(_divmodsi4.o)
                0x0000000000003e90                __divmodsi4
 .text.libgcc   0x0000000000003ec6        0x0 /usr/lib/gcc/avr/4.5.3/avr5/libgcc.a(_exit.o)
 .text.libgcc   0x0000000000003ec6        0x0 /usr/lib/gcc/avr/4.5.3/avr5/libgcc.a(_copy_data.o)
 .text.libgcc   0x0000000000003ec6        0x0 /usr/lib/gcc/avr/4.5.3/avr5/libgcc.a(_clear_bss.o)
 .text.avr-libc
                0x0000000000003ec6       0x42 /usr/lib/gcc/avr/4.5.3/../../../avr/lib/avr5/libc.a(itoa.o)
                0x0000000000003ec6                itoa
 .text.avr-libc
                0x0000000000003f08       0x2c /usr/lib/gcc/avr/4.5.3/../../../avr/lib/avr5/libc.a(utoa.o)
                0x0000000000003f08                utoa
 .text.avr-libc
                0x0000000000003f34       0x10 /usr/lib/gcc/avr/4.5.3/../../../avr/lib/avr5/libc.a(eerd_byte_atmega168.o)
                0x0000000000003f34                __eerd_byte_m168
 .text.avr-libc
                0x0000000000003f44        0xc /usr/lib/gcc/avr/4.5.3/../../../avr/lib/avr5/libc.a(eerd_word_atmega168.o)
                0x0000000000003f44                __eerd_word_m168
 .text.avr-libc
                0x0000000000003f50       0x1c /usr/lib/gcc/avr/4.5.3/../../../avr/lib/avr5/libc.a(eewr_byte_atmega168.o)
                0x0000000000003f50                __eewr_byte_m168
                0x0000000000003f52                __eewr_r18_m168
 .text.avr-libc
                0x0000000000003f6c        0xa /usr/lib/gcc/avr/4.5.3/../../../avr/lib/avr5/libc.a(eewr_word_atmega168.o)
                0x0000000000003f6c                __eewr_word_m168
 .text.avr-libc
                0x0000000000003f76       0x20 /usr/lib/gcc/avr/4.5.3/../../../avr/lib/avr5/libc.a(strrev.o)
                0x0000000000003f76                strrev
 .text.avr-libc
                0x0000000000003f96       0x20 /usr/lib/gcc/avr/4.5.3/../../../avr/lib/avr5/libc.a(eerd_block_atmega168.o)
                0x0000000000003f96                __eerd_block_m168
                0x0000000000003f9a                __eerd_blraw_m168
                0x0000000000003fb6                . = ALIGN (0x2)
 *(.fini9)
 .fini9         0x0000000000003fb6        0x0 /usr/lib/gcc/avr/4.5.3/avr5/libgcc.a(_exit.o)
                0x0000000000003fb6                exit
                0x0000000000003fb6                _exit
 *(.fini9)
 *(.fini8)
 *(.fini8)
 *(.fini7)
 *(.fini7)
 *(.fini6)
 *(.fini6)
 *(.fini5)
 *(.fini5)
 *(.fini4)
 *(.fini4)
 *(.fini3)
 *(.fini3)
 *(.fini2)
 *(.fini2)
 *(.fini1)
 *(.fini1)
 *(.fini0)
 .fini0         0x0000000000003fb6        0x4 /usr/lib/gcc/avr/4.5.3/avr5/libgcc.a(_exit.o)
 *(.fini0)
                0x0000000000003fba                _etext = .

.data           0x0000000000800100        0x2 load address 0x0000000000003fba
                0x0000000000800100                PROVIDE (__data_start, .)
 *(.data)
 .data          0x0000000000800100        0x0 /usr/lib/gcc/avr/4.5.3/../../../avr/lib/avr5/crtm168.o
 .data          0x0000000000800100        0x0 lcd-routines.o
 .data          0x0000000000800100        0x0 lcd_hw_4_bit.o
 .data          0x0000000000800100        0x2 main.o
                0x0000000000800100                RHmultip
 .data          0x0000000000800102        0x0 swuart.o
 .data          0x0000000000800102        0x0 wait1000ms.o
 .data          0x0000000000800102        0x0 ReadCapacity.o
 .data          0x0000000000800102        0x0 ReadInductance.o
 .data          0x0000000000800102        0x0 ReadADC.o
 .data          0x0000000000800102        0x0 GetESR.o
 .data          0x0000000000800102        0x0 GetVloss.o
 .data          0x0000000000800102        0x0 Calibrate_UR.o
 .data          0x0000000000800102        0x0 /usr/lib/gcc/avr/4.5.3/avr5/libgcc.a(_mulsi3.o)
 .data          0x0000000000800102        0x0 /usr/lib/gcc/avr/4.5.3/avr5/libgcc.a(_udivmodqi4.o)
 .data          0x0000000000800102        0x0 /usr/lib/gcc/avr/4.5.3/avr5/libgcc.a(_udivmodhi4.o)
 .data          0x0000000000800102        0x0 /usr/lib/gcc/avr/4.5.3/avr5/libgcc.a(_udivmodsi4.o)
 .data          0x0000000000800102        0x0 /usr/lib/gcc/avr/4.5.3/avr5/libgcc.a(_divmodsi4.o)
 .data          0x0000000000800102        0x0 /usr/lib/gcc/avr/4.5.3/avr5/libgcc.a(_exit.o)
 .data          0x0000000000800102        0x0 /usr/lib/gcc/avr/4.5.3/avr5/libgcc.a(_copy_data.o)
 .data          0x0000000000800102        0x0 /usr/lib/gcc/avr/4.5.3/avr5/libgcc.a(_clear_bss.o)
 .data          0x0000000000800102        0x0 /usr/lib/gcc/avr/4.5.3/../../../avr/lib/avr5/libc.a(itoa.o)
 .data          0x0000000000800102        0x0 /usr/lib/gcc/avr/4.5.3/../../../avr/lib/avr5/libc.a(utoa.o)
 .data          0x0000000000800102        0x0 /usr/lib/gcc/avr/4.5.3/../../../avr/lib/avr5/libc.a(eerd_byte_atmega168.o)
 .data          0x0000000000800102        0x0 /usr/lib/gcc/avr/4.5.3/../../../avr/lib/avr5/libc.a(eerd_word_atmega168.o)
 .data          0x0000000000800102        0x0 /usr/lib/gcc/avr/4.5.3/../../../avr/lib/avr5/libc.a(eewr_byte_atmega168.o)
 .data          0x0000000000800102        0x0 /usr/lib/gcc/avr/4.5.3/../../../avr/lib/avr5/libc.a(eewr_word_atmega168.o)
 .data          0x0000000000800102        0x0 /usr/lib/gcc/avr/4.5.3/../../../avr/lib/avr5/libc.a(strrev.o)
 .data          0x0000000000800102        0x0 /usr/lib/gcc/avr/4.5.3/../../../avr/lib/avr5/libc.a(eerd_block_atmega168.o)
 *(.data*)
 *(.rodata)
 *(.rodata*)
 *(.gnu.linkonce.d*)
                0x0000000000800102                . = ALIGN (0x2)
                0x0000000000800102                _edata = .
                0x0000000000800102                PROVIDE (__data_end, .)

.bss            0x0000000000800102       0x9a
                0x0000000000800102                PROVIDE (__bss_start, .)
 *(.bss)
 .bss           0x0000000000800102        0x0 /usr/lib/gcc/avr/4.5.3/../../../avr/lib/avr5/crtm168.o
 .bss           0x0000000000800102        0x0 lcd-routines.o
 .bss           0x0000000000800102        0x0 lcd_hw_4_bit.o
 .bss           0x0000000000800102        0x0 main.o
 .bss           0x0000000000800102        0x0 swuart.o
 .bss           0x0000000000800102        0x0 wait1000ms.o
 .bss           0x0000000000800102        0x0 ReadCapacity.o
 .bss           0x0000000000800102        0x0 ReadInductance.o
 .bss           0x0000000000800102        0x0 ReadADC.o
 .bss           0x0000000000800102        0x0 GetESR.o
 .bss           0x0000000000800102        0x0 GetVloss.o
 .bss           0x0000000000800102        0x0 Calibrate_UR.o
 .bss           0x0000000000800102        0x0 /usr/lib/gcc/avr/4.5.3/avr5/libgcc.a(_mulsi3.o)
 .bss           0x0000000000800102        0x0 /usr/lib/gcc/avr/4.5.3/avr5/libgcc.a(_udivmodqi4.o)
 .bss           0x0000000000800102        0x0 /usr/lib/gcc/avr/4.5.3/avr5/libgcc.a(_udivmodhi4.o)
 .bss           0x0000000000800102        0x0 /usr/lib/gcc/avr/4.5.3/avr5/libgcc.a(_udivmodsi4.o)
 .bss           0x0000000000800102        0x0 /usr/lib/gcc/avr/4.5.3/avr5/libgcc.a(_divmodsi4.o)
 .bss           0x0000000000800102        0x0 /usr/lib/gcc/avr/4.5.3/avr5/libgcc.a(_exit.o)
 .bss           0x0000000000800102        0x0 /usr/lib/gcc/avr/4.5.3/avr5/libgcc.a(_copy_data.o)
 .bss           0x0000000000800102        0x0 /usr/lib/gcc/avr/4.5.3/avr5/libgcc.a(_clear_bss.o)
 .bss           0x0000000000800102        0x0 /usr/lib/gcc/avr/4.5.3/../../../avr/lib/avr5/libc.a(itoa.o)
 .bss           0x0000000000800102        0x0 /usr/lib/gcc/avr/4.5.3/../../../avr/lib/avr5/libc.a(utoa.o)
 .bss           0x0000000000800102        0x0 /usr/lib/gcc/avr/4.5.3/../../../avr/lib/avr5/libc.a(eerd_byte_atmega168.o)
 .bss           0x0000000000800102        0x0 /usr/lib/gcc/avr/4.5.3/../../../avr/lib/avr5/libc.a(eerd_word_atmega168.o)
 .bss           0x0000000000800102        0x0 /usr/lib/gcc/avr/4.5.3/../../../avr/lib/avr5/libc.a(eewr_byte_atmega168.o)
 .bss           0x0000000000800102        0x0 /usr/lib/gcc/avr/4.5.3/../../../avr/lib/avr5/libc.a(eewr_word_atmega168.o)
 .bss           0x0000000000800102        0x0 /usr/lib/gcc/avr/4.5.3/../../../avr/lib/avr5/libc.a(strrev.o)
 .bss           0x0000000000800102        0x0 /usr/lib/gcc/avr/4.5.3/../../../avr/lib/avr5/libc.a(eerd_block_atmega168.o)
 *(.bss*)
 *(COMMON)
 COMMON         0x0000000000800102       0x9a main.o
                0x0000000000800102                diode_sequence
                0x0000000000800103                resis680mi
                0x0000000000800105                NumOfDiodes
                0x0000000000800106                PartMode
                0x0000000000800107                PartFound
                0x0000000000800108                resis680pl
                0x000000000080010a                tmpval
                0x000000000080010b                inductor_lpre
                0x000000000080010c                mess_count
                0x000000000080010d                outval
                0x0000000000800119                resis
                0x0000000000800131                ADCconfig
                0x0000000000800137                pin_rpl
                0x0000000000800139                ref_mv
                0x000000000080013b                tmpval2
                0x000000000080013c                UnCalibrated
                0x000000000080013d                pin_rmi
                0x000000000080013f                WithReference
                0x0000000000800140                _trans
                0x0000000000800142                ntrans
                0x0000000000800150                empty_count
                0x0000000000800151                pin_combination
                0x0000000000800152                ovcnt16
                0x0000000000800154                cell_mv
                0x000000000080015a                ptrans
                0x0000000000800168                ResistorsFound
                0x0000000000800169                unfinished
                0x000000000080016a                cap
                0x000000000080017e                load_diff
                0x0000000000800180                diodes
                0x0000000000800198                inductor_lx
                0x000000000080019c                PROVIDE (__bss_end, .)
                0x0000000000003fba                __data_load_start = LOADADDR (.data)
                0x0000000000003fbc                __data_load_end = (__data_load_start + SIZEOF (.data))

.noinit         0x000000000080019c        0x0
                0x000000000080019c                PROVIDE (__noinit_start, .)
 *(.noinit*)
                0x000000000080019c                PROVIDE (__noinit_end, .)
                0x000000000080019c                _end = .
                0x000000000080019c                PROVIDE (__heap_start, .)

.eeprom         0x0000000000810000      0x1ac
 *(.eeprom*)
 .eeprom        0x0000000000810000      0x1ac main.o
                0x0000000000810000                RLtab
                0x000000000081005a                TestRunning
                0x0000000000810065                BatWeak
                0x000000000081006a                BatEmpty
                0x0000000000810071                TestFailed2
                0x000000000081007a                Bauteil
                0x000000000081007f                Triac
                0x0000000000810085                Thyristor
                0x000000000081008e                Unknown
                0x0000000000810097                TestFailed1
                0x00000000008100a7                OrBroken
                0x00000000008100b3                TestTimedOut
                0x00000000008100bc                SELFTEST
                0x00000000008100cc                RELPROBE
                0x00000000008100db                ATE
                0x00000000008100e4                Bat_str
                0x00000000008100ea                OK_str
                0x00000000008100ed                mosfet_str
                0x00000000008100f2                jfet_str
                0x00000000008100f7                igbt_str
                0x00000000008100fd                GateCap_str
                0x0000000000810100                hfe_str
                0x0000000000810103                NPN_str
                0x0000000000810107                PNP_str
                0x000000000081010b                N123_str
                0x0000000000810111                Uf_str
                0x0000000000810115                vt_str
                0x000000000081011a                Vgs_str
                0x000000000081011f                CapZeich
                0x0000000000810123                Cell_str
                0x0000000000810129                VCC_str
                0x000000000081012e                ESR_str
                0x0000000000810134                VLOSS_str
                0x000000000081013c                Lis_str
                0x000000000081013f                Ir_str
                0x0000000000810145                AnKat
                0x0000000000810149                KatAn
                0x000000000081014d                Dioden
                0x0000000000810152                Resistor_str
                0x0000000000810157                RIHI
                0x000000000081015e                RILO
                0x0000000000810165                C0_str
                0x0000000000810169                T50HZ
                0x000000000081016f                DiodeIcon1
                0x0000000000810177                DiodeIcon2
                0x000000000081017f                CapIcon
                0x0000000000810187                ResIcon1
                0x000000000081018f                ResIcon2
                0x0000000000810197                PrefixTab
                0x000000000081019e                RefDiff
                0x000000000081019f                ref_offset
                0x00000000008101a1                c_zero_tab
                0x00000000008101a8                EE_ESR_ZEROtab
                0x00000000008101ac                __eeprom_end = .

.fuse
 *(.fuse)
 *(.lfuse)
 *(.hfuse)
 *(.efuse)

.lock
 *(.lock*)

.signature
 *(.signature*)

.stab           0x0000000000000000      0xdbc
 *(.stab)
 .stab          0x0000000000000000      0x6cc /usr/lib/gcc/avr/4.5.3/../../../avr/lib/avr5/crtm168.o
 .stab          0x00000000000006cc      0x1b0 /usr/lib/gcc/avr/4.5.3/../../../avr/lib/avr5/libc.a(itoa.o)
                                        0x1bc (size before relaxing)
 .stab          0x000000000000087c      0x12c /usr/lib/gcc/avr/4.5.3/../../../avr/lib/avr5/libc.a(utoa.o)
                                        0x138 (size before relaxing)
 .stab          0x00000000000009a8       0x90 /usr/lib/gcc/avr/4.5.3/../../../avr/lib/avr5/libc.a(eerd_byte_atmega168.o)
                                         0x9c (size before relaxing)
 .stab          0x0000000000000a38       0x6c /usr/lib/gcc/avr/4.5.3/../../../avr/lib/avr5/libc.a(eerd_word_atmega168.o)
                                         0x78 (size before relaxing)
 .stab          0x0000000000000aa4       0xe4 /usr/lib/gcc/avr/4.5.3/../../../avr/lib/avr5/libc.a(eewr_byte_atmega168.o)
                                         0xf0 (size before relaxing)
 .stab          0x0000000000000b88       0x54 /usr/lib/gcc/avr/4.5.3/../../../avr/lib/avr5/libc.a(eewr_word_atmega168.o)
                                         0x60 (size before relaxing)
 .stab          0x0000000000000bdc       0xd8 /usr/lib/gcc/avr/4.5.3/../../../avr/lib/avr5/libc.a(strrev.o)
                                         0xe4 (size before relaxing)
 .stab          0x0000000000000cb4      0x108 /usr/lib/gcc/avr/4.5.3/../../../avr/lib/avr5/libc.a(eerd_block_atmega168.o)
                                        0x114 (size before relaxing)

.stabstr        0x0000000000000000      0x1d2
 *(.stabstr)
 .stabstr       0x0000000000000000      0x1d2 /usr/lib/gcc/avr/4.5.3/../../../avr/lib/avr5/crtm168.o

.stab.excl
 *(.stab.excl)

.stab.exclstr
 *(.stab.exclstr)

.stab.index
 *(.stab.index)

.stab.indexstr
 *(.stab.indexstr)

.comment
 *(.comment)

.debug
 *(.debug)

.line
 *(.line)

.debug_srcinfo
 *(.debug_srcinfo)

.debug_sfnames
 *(.debug_sfnames)

.debug_aranges  0x0000000000000000       0xc0
 *(.debug_aranges)
 .debug_aranges
                0x0000000000000000       0x20 lcd-routines.o
 .debug_aranges
                0x0000000000000020       0x20 main.o
 .debug_aranges
                0x0000000000000040       0x20 ReadCapacity.o
 .debug_aranges
                0x0000000000000060       0x20 ReadInductance.o
 .debug_aranges
                0x0000000000000080       0x20 GetVloss.o
 .debug_aranges
                0x00000000000000a0       0x20 Calibrate_UR.o

.debug_pubnames
                0x0000000000000000      0x8aa
 *(.debug_pubnames)
 .debug_pubnames
                0x0000000000000000       0xc5 lcd-routines.o
 .debug_pubnames
                0x00000000000000c5      0x652 main.o
 .debug_pubnames
                0x0000000000000717       0x96 ReadCapacity.o
 .debug_pubnames
                0x00000000000007ad       0x5f ReadInductance.o
 .debug_pubnames
                0x000000000000080c       0x4d GetVloss.o
 .debug_pubnames
                0x0000000000000859       0x51 Calibrate_UR.o

.debug_info     0x0000000000000000     0x3080
 *(.debug_info)
 .debug_info    0x0000000000000000      0x264 lcd-routines.o
 .debug_info    0x0000000000000264     0x1ce2 main.o
 .debug_info    0x0000000000001f46      0x60b ReadCapacity.o
 .debug_info    0x0000000000002551      0x581 ReadInductance.o
 .debug_info    0x0000000000002ad2      0x35c GetVloss.o
 .debug_info    0x0000000000002e2e      0x252 Calibrate_UR.o
 *(.gnu.linkonce.wi.*)

.debug_abbrev   0x0000000000000000      0x8db
 *(.debug_abbrev)
 .debug_abbrev  0x0000000000000000       0xbe lcd-routines.o
 .debug_abbrev  0x00000000000000be      0x2f4 main.o
 .debug_abbrev  0x00000000000003b2      0x1b2 ReadCapacity.o
 .debug_abbrev  0x0000000000000564      0x178 ReadInductance.o
 .debug_abbrev  0x00000000000006dc      0x143 GetVloss.o
 .debug_abbrev  0x000000000000081f       0xbc Calibrate_UR.o

.debug_line     0x0000000000000000     0x35d5
 *(.debug_line)
 .debug_line    0x0000000000000000      0x309 lcd-routines.o
 .debug_line    0x0000000000000309     0x2356 main.o
 .debug_line    0x000000000000265f      0x67c ReadCapacity.o
 .debug_line    0x0000000000002cdb      0x47c ReadInductance.o
 .debug_line    0x0000000000003157      0x24d GetVloss.o
 .debug_line    0x00000000000033a4      0x231 Calibrate_UR.o

.debug_frame    0x0000000000000000      0x300
 *(.debug_frame)
 .debug_frame   0x0000000000000000       0xc0 lcd-routines.o
 .debug_frame   0x00000000000000c0      0x170 main.o
 .debug_frame   0x0000000000000230       0x60 ReadCapacity.o
 .debug_frame   0x0000000000000290       0x30 ReadInductance.o
 .debug_frame   0x00000000000002c0       0x20 GetVloss.o
 .debug_frame   0x00000000000002e0       0x20 Calibrate_UR.o

.debug_str      0x0000000000000000      0xa81
 *(.debug_str)
 .debug_str     0x0000000000000000      0x15e lcd-routines.o
                                        0x19c (size before relaxing)
 .debug_str     0x000000000000015e      0x796 main.o
                                        0x8b3 (size before relaxing)
 .debug_str     0x00000000000008f4       0xa9 ReadCapacity.o
                                        0x2f1 (size before relaxing)
 .debug_str     0x000000000000099d       0x8f ReadInductance.o
                                        0x292 (size before relaxing)
 .debug_str     0x0000000000000a2c       0x1c GetVloss.o
                                        0x1d1 (size before relaxing)
 .debug_str     0x0000000000000a48       0x39 Calibrate_UR.o
                                        0x1af (size before relaxing)

.debug_loc      0x0000000000000000     0x1c88
 *(.debug_loc)
 .debug_loc     0x0000000000000000      0x1e1 lcd-routines.o
 .debug_loc     0x00000000000001e1     0x120e main.o
 .debug_loc     0x00000000000013ef      0x2e8 ReadCapacity.o
 .debug_loc     0x00000000000016d7      0x403 ReadInductance.o
 .debug_loc     0x0000000000001ada       0xda GetVloss.o
 .debug_loc     0x0000000000001bb4       0xd4 Calibrate_UR.o

.debug_macinfo
 *(.debug_macinfo)
OUTPUT(TransistorTester.elf elf32-avr)
LOAD linker stubs

.debug_pubtypes
                0x0000000000000000      0x22b
 .debug_pubtypes
                0x0000000000000000       0x2b lcd-routines.o
 .debug_pubtypes
                0x000000000000002b       0x8c main.o
 .debug_pubtypes
                0x00000000000000b7       0x74 ReadCapacity.o
 .debug_pubtypes
                0x000000000000012b       0x5e ReadInductance.o
 .debug_pubtypes
                0x0000000000000189       0x5c GetVloss.o
 .debug_pubtypes
                0x00000000000001e5       0x46 Calibrate_UR.o
