Archive member included because of file (symbol)

/usr/lib/gcc/avr/4.8.2/avr5/libgcc.a(_umulhisi3.o)
                              CheckPins.o (__umulhisi3)
/usr/lib/gcc/avr/4.8.2/avr5/libgcc.a(_usmulhisi3.o)
                              main.o (__usmulhisi3)
/usr/lib/gcc/avr/4.8.2/avr5/libgcc.a(_muluhisi3.o)
                              main.o (__muluhisi3)
/usr/lib/gcc/avr/4.8.2/avr5/libgcc.a(_mulsi3.o)
                              ReadADC.o (__mulsi3)
/usr/lib/gcc/avr/4.8.2/avr5/libgcc.a(_udivmodqi4.o)
                              DisplayValue.o (__udivmodqi4)
/usr/lib/gcc/avr/4.8.2/avr5/libgcc.a(_udivmodhi4.o)
                              RefVoltage.o (__udivmodhi4)
/usr/lib/gcc/avr/4.8.2/avr5/libgcc.a(_udivmodsi4.o)
                              DisplayValue.o (__udivmodsi4)
/usr/lib/gcc/avr/4.8.2/avr5/libgcc.a(_divmodsi4.o)
                              main.o (__divmodsi4)
/usr/lib/gcc/avr/4.8.2/avr5/libgcc.a(_negsi2.o)
                              /usr/lib/gcc/avr/4.8.2/avr5/libgcc.a(_divmodsi4.o) (__negsi2)
/usr/lib/gcc/avr/4.8.2/avr5/libgcc.a(_prologue.o)
                              lcd-routines.o (__prologue_saves__)
/usr/lib/gcc/avr/4.8.2/avr5/libgcc.a(_epilogue.o)
                              lcd-routines.o (__epilogue_restores__)
/usr/lib/gcc/avr/4.8.2/avr5/libgcc.a(_exit.o)
                              /usr/lib/gcc/avr/4.8.2/../../../avr/lib/avr5/crtm168.o (exit)
/usr/lib/gcc/avr/4.8.2/avr5/libgcc.a(_clear_bss.o)
                              lcd-routines.o (__do_clear_bss)
/usr/lib/gcc/avr/4.8.2/../../../avr/lib/avr5/libc.a(utoa.o)
                              i2lcd.o (utoa)
/usr/lib/gcc/avr/4.8.2/../../../avr/lib/avr5/libc.a(eerd_byte_atmega168.o)
                              lcd-routines.o (__eerd_byte_m168)
/usr/lib/gcc/avr/4.8.2/../../../avr/lib/avr5/libc.a(eewr_byte_atmega168.o)
                              main.o (__eewr_byte_m168)
/usr/lib/gcc/avr/4.8.2/../../../avr/lib/avr5/libc.a(eewr_word_atmega168.o)
                              main.o (__eewr_word_m168)
/usr/lib/gcc/avr/4.8.2/../../../avr/lib/avr5/libc.a(strrev.o)
                              /usr/lib/gcc/avr/4.8.2/../../../avr/lib/avr5/libc.a(utoa.o) (strrev)

Allocating common symbols
Common symbol       size              file

diode_sequence      0x1               main.o
display_time        0x2               main.o
resis680mi          0x2               main.o
ref_mv_offs         0x2               main.o
NumOfDiodes         0x1               main.o
PartMode            0x1               main.o
PartFound           0x1               main.o
resis680pl          0x2               main.o
tmpval              0x1               main.o
last_text_column    0x1               lcd-routines.o
adc_vcc_reference   0x2               main.o
inductor_lpre       0x1               lcd-routines.o
mess_count          0x1               main.o
last_text_line      0x1               lcd-routines.o
outval              0xa               main.o
ADCconfig           0x6               main.o
pin_rpl             0x2               main.o
ref_mv              0x2               main.o
DC_Pwr_mode         0x1               main.o
tmpval2             0x1               main.o
UnCalibrated        0x1               main.o
pin_rmi             0x2               main.o
WithReference       0x1               main.o
_lcd_column         0x1               main.o
_trans              0x2               main.o
last_line_used      0x1               main.o
ntrans              0x10              main.o
empty_count         0x1               main.o
pin_combination     0x1               main.o
cell_mv             0x6               lcd-routines.o
ResistorChecked     0x3               main.o
ResistorList        0x3               main.o
ptrans              0x10              main.o
adc_internal_reference
                    0x2               main.o
ResistorsFound      0x1               main.o
RHmultip            0x2               main.o
cap                 0x14              main.o
load_diff           0x2               main.o
diodes              0x18              main.o
inductor_lx         0x4               lcd-routines.o
lcd_text_line       0x1               main.o
ResistorVal         0xc               main.o

↵
Speichereinrichtung
↵

Name             Ursprung           Länge             Eigenschaften
text             0x0000000000000000 0x0000000000020000 xr
data             0x0000000000800060 0x000000000000ffa0 rw !x
eeprom           0x0000000000810000 0x0000000000010000 rw !x
fuse             0x0000000000820000 0x0000000000000400 rw !x
lock             0x0000000000830000 0x0000000000000400 rw !x
signature        0x0000000000840000 0x0000000000000400 rw !x
user_signatures  0x0000000000850000 0x0000000000000400 rw !x
*default*        0x0000000000000000 0xffffffffffffffff

Linker script and memory map

Address of section .data set to 0x800100
LOAD /usr/lib/gcc/avr/4.8.2/../../../avr/lib/avr5/crtm168.o
LOAD lcd_hw_4_bit.o
LOAD lcd-routines.o
LOAD i2lcd.o
LOAD PinLayout.o
LOAD RvalOut.o
LOAD UfAusgabe.o
LOAD DisplayValue.o
LOAD swuart.o
LOAD wait1000ms.o
LOAD ReadADC.o
LOAD wait_for_key_ms.o
LOAD RefVoltage.o
LOAD get_log.o
LOAD main.o
LOAD Battery_check.o
LOAD CheckPins.o
LOAD GetResistance.o
LOAD ChargePin10ms.o
LOAD EntladePins.o
LOAD ReadCapacity.o
LOAD GetRLmultip.o
LOAD Calibrate_UR.o
LOAD show_Resis_Cap.o
LOAD ReadInductance.o
LOAD GetESR.o
LOAD GetVloss.o
LOAD GetFrequency.o
LOAD function_menu.o
LOAD message_key_released.o
LOAD ReadBigCap.o
LOAD CheckRotaryEncoder.o
LOAD CalibrationCap.o
LOAD ShowData.o
LOAD CheckUJT.o
LOAD EE_check_init.o
START GROUP
LOAD /usr/lib/gcc/avr/4.8.2/avr5/libgcc.a
LOAD /usr/lib/gcc/avr/4.8.2/../../../avr/lib/avr5/libm.a
LOAD /usr/lib/gcc/avr/4.8.2/../../../avr/lib/avr5/libc.a
END GROUP

.hash
 *(.hash)

.dynsym
 *(.dynsym)

.dynstr
 *(.dynstr)

.gnu.version
 *(.gnu.version)

.gnu.version_d
 *(.gnu.version_d)

.gnu.version_r
 *(.gnu.version_r)

.rel.init
 *(.rel.init)

.rela.init
 *(.rela.init)

.rel.text
 *(.rel.text)
 *(.rel.text.*)
 *(.rel.gnu.linkonce.t*)

.rela.text
 *(.rela.text)
 *(.rela.text.*)
 *(.rela.gnu.linkonce.t*)

.rel.fini
 *(.rel.fini)

.rela.fini
 *(.rela.fini)

.rel.rodata
 *(.rel.rodata)
 *(.rel.rodata.*)
 *(.rel.gnu.linkonce.r*)

.rela.rodata
 *(.rela.rodata)
 *(.rela.rodata.*)
 *(.rela.gnu.linkonce.r*)

.rel.data
 *(.rel.data)
 *(.rel.data.*)
 *(.rel.gnu.linkonce.d*)

.rela.data
 *(.rela.data)
 *(.rela.data.*)
 *(.rela.gnu.linkonce.d*)

.rel.ctors
 *(.rel.ctors)

.rela.ctors
 *(.rela.ctors)

.rel.dtors
 *(.rel.dtors)

.rela.dtors
 *(.rela.dtors)

.rel.got
 *(.rel.got)

.rela.got
 *(.rela.got)

.rel.bss
 *(.rel.bss)

.rela.bss
 *(.rela.bss)

.rel.plt
 *(.rel.plt)

.rela.plt
 *(.rela.plt)

.text           0x0000000000000000     0x3e64
 *(.vectors)
 .vectors       0x0000000000000000       0x68 /usr/lib/gcc/avr/4.8.2/../../../avr/lib/avr5/crtm168.o
                0x0000000000000000                __vectors
                0x0000000000000000                __vector_default
 *(.vectors)
 *(.progmem.gcc*)
 *(.progmem*)
 .progmem.data  0x0000000000000068       0x9c main.o
                0x0000000000000068                REF_R_str
                0x000000000000006f                REF_C_str
                0x0000000000000076                MinCap_str
                0x000000000000007e                PinRLRHADCtab
                0x0000000000000084                R0_str
                0x0000000000000088                ICEs_str
                0x000000000000008e                ICE0_str
                0x0000000000000094                RHtab
                0x00000000000000a6                LogTab
                0x0000000000000104                . = ALIGN (0x2)
                0x0000000000000104                __trampolines_start = .
 *(.trampolines)
 .trampolines   0x0000000000000104        0x0 linker stubs
 *(.trampolines*)
                0x0000000000000104                __trampolines_end = .
 *(.jumptables)
 *(.jumptables*)
 *(.lowtext)
 *(.lowtext*)
                0x0000000000000104                __ctors_start = .
 *(.ctors)
                0x0000000000000104                __ctors_end = .
                0x0000000000000104                __dtors_start = .
 *(.dtors)
                0x0000000000000104                __dtors_end = .
 SORT(*)(.ctors)
 SORT(*)(.dtors)
 *(.init0)
 .init0         0x0000000000000104        0x0 /usr/lib/gcc/avr/4.8.2/../../../avr/lib/avr5/crtm168.o
                0x0000000000000104                __init
 *(.init0)
 *(.init1)
 *(.init1)
 *(.init2)
 .init2         0x0000000000000104        0xc /usr/lib/gcc/avr/4.8.2/../../../avr/lib/avr5/crtm168.o
 *(.init2)
 *(.init3)
 *(.init3)
 *(.init4)
 .init4         0x0000000000000110       0x10 /usr/lib/gcc/avr/4.8.2/avr5/libgcc.a(_clear_bss.o)
                0x0000000000000110                __do_clear_bss
 *(.init4)
 *(.init5)
 *(.init5)
 *(.init6)
 *(.init6)
 *(.init7)
 *(.init7)
 *(.init8)
 *(.init8)
 *(.init9)
 .init9         0x0000000000000120        0x8 /usr/lib/gcc/avr/4.8.2/../../../avr/lib/avr5/crtm168.o
 *(.init9)
 *(.text)
 .text          0x0000000000000128        0x2 /usr/lib/gcc/avr/4.8.2/../../../avr/lib/avr5/crtm168.o
                0x0000000000000128                __vector_22
                0x0000000000000128                __vector_1
                0x0000000000000128                __vector_24
                0x0000000000000128                __vector_12
                0x0000000000000128                __bad_interrupt
                0x0000000000000128                __vector_6
                0x0000000000000128                __vector_3
                0x0000000000000128                __vector_23
                0x0000000000000128                __vector_25
                0x0000000000000128                __vector_11
                0x0000000000000128                __vector_13
                0x0000000000000128                __vector_17
                0x0000000000000128                __vector_19
                0x0000000000000128                __vector_7
                0x0000000000000128                __vector_5
                0x0000000000000128                __vector_4
                0x0000000000000128                __vector_9
                0x0000000000000128                __vector_2
                0x0000000000000128                __vector_21
                0x0000000000000128                __vector_15
                0x0000000000000128                __vector_8
                0x0000000000000128                __vector_14
                0x0000000000000128                __vector_10
                0x0000000000000128                __vector_16
                0x0000000000000128                __vector_18
                0x0000000000000128                __vector_20
 .text          0x000000000000012a       0x5c lcd_hw_4_bit.o
                0x000000000000012a                _lcd_hw_write
 .text          0x0000000000000186      0x222 lcd-routines.o
                0x0000000000000186                lcd_save_position
                0x0000000000000198                lcd_data
                0x00000000000001aa                lcd_testpin
                0x00000000000001ae                lcd_space
                0x00000000000001b2                lcd_spaces
                0x00000000000001d4                lcd_equal
                0x00000000000001d8                lcd_command
                0x00000000000001e0                lcd_line1
                0x00000000000001ee                lcd_line2
                0x00000000000001fe                lcd_line3
                0x000000000000020e                lcd_line4
                0x000000000000021e                lcd_set_cursor
                0x0000000000000230                lcd_restore_position
                0x000000000000023a                lcd_clear
                0x0000000000000242                lcd_string
                0x0000000000000258                lcd_pgm_string
                0x0000000000000274                lcd_fix_string
                0x0000000000000292                lcd_fix_customchar
                0x00000000000002be                lcd_init
                0x000000000000031c                lcd_clear_line
                0x0000000000000326                lcd_next_line
                0x0000000000000366                lcd_next_line_wait
                0x000000000000036a                lcd_clear_line1
                0x0000000000000370                lcd_clear_line2
                0x0000000000000376                lcd_set_pixels
                0x0000000000000378                lcd_show_Cg
 .text          0x00000000000003a8       0x2c i2lcd.o
                0x00000000000003a8                i2lcd
                0x00000000000003be                u2lcd
                0x00000000000003cc                i2lcd_space
                0x00000000000003d0                u2lcd_space
 .text          0x00000000000003d4       0x62 PinLayout.o
                0x00000000000003d4                PinLayout
                0x0000000000000422                Rnum2pins
 .text          0x0000000000000436       0x4c RvalOut.o
                0x0000000000000436                RvalOut
 .text          0x0000000000000482       0x8e UfAusgabe.o
                0x0000000000000482                mVAusgabe
                0x000000000000049e                UfAusgabe
                0x00000000000004ca                SerienDiodenAusgabe
 .text          0x0000000000000510      0x18e DisplayValue.o
                0x0000000000000510                DisplayValue
                0x0000000000000674                DisplayValue16
                0x000000000000068a                Display_mV
 .text          0x000000000000069e        0x2 swuart.o
                0x000000000000069e                uart_putc
 .text          0x00000000000006a0       0x4a wait1000ms.o
                0x00000000000006a0                wait5s
                0x00000000000006a2                wait4s
                0x00000000000006a4                wait3s
                0x00000000000006a6                wait2s
                0x00000000000006a8                wait1000ms
                0x00000000000006a8                wait1s
                0x00000000000006aa                wait500ms
                0x00000000000006ac                wait400ms
                0x00000000000006ae                wait300ms
                0x00000000000006b0                wait200ms
                0x00000000000006b2                wait100ms
                0x00000000000006b4                wait50ms
                0x00000000000006b6                wait40ms
                0x00000000000006b8                wait30ms
                0x00000000000006ba                wait20ms
                0x00000000000006bc                wait10ms
                0x00000000000006be                wait5ms
                0x00000000000006c2                wait4ms
                0x00000000000006c4                wait3ms
                0x00000000000006c6                wait2ms
                0x00000000000006c8                wait1ms
                0x00000000000006ca                wait500us
                0x00000000000006cc                wait400us
                0x00000000000006ce                wait300us
                0x00000000000006d0                wait200us
                0x00000000000006d2                wait100us
                0x00000000000006d4                wait50us
                0x00000000000006d6                wait40us
                0x00000000000006d8                wait30us
                0x00000000000006da                wait20us
                0x00000000000006dc                wait10us
                0x00000000000006de                wait5us
                0x00000000000006e0                wait4us
                0x00000000000006e2                wait3us
                0x00000000000006e4                wait2us
                0x00000000000006e6                wait1us
 .text          0x00000000000006ea       0xbe ReadADC.o
                0x00000000000006ea                W20msReadADC
                0x00000000000006ec                W10msReadADC
                0x00000000000006ee                W5msReadADC
                0x00000000000006f0                ReadADC
 .text          0x00000000000007a8       0xb0 wait_for_key_ms.o
                0x00000000000007a8                wait_for_key_ms
                0x0000000000000812                wait_for_key_5s_line2
 .text          0x0000000000000858       0xb0 RefVoltage.o
                0x0000000000000858                RefVoltage
 .text          0x0000000000000908       0x3e get_log.o
                0x0000000000000908                get_log
 .text          0x0000000000000946      0x608 main.o
                0x0000000000000946                init_parts
                0x000000000000099c                ShortedProbes
                0x0000000000000a20                AllProbesShorted
                0x0000000000000a3e                AutoCheck
                0x0000000000000e94                mark_as_uncalibrated
                0x0000000000000eb8                GetIr
 .text          0x0000000000000f4e       0x80 Battery_check.o
                0x0000000000000f4e                Battery_check
 .text          0x0000000000000fce      0xb76 CheckPins.o
                0x0000000000000fce                CheckPins
 .text          0x0000000000001b44      0x3d2 GetResistance.o
                0x0000000000001b44                GetResistance
 .text          0x0000000000001f16       0x2e ChargePin10ms.o
                0x0000000000001f16                ChargePin10ms
 .text          0x0000000000001f44       0xfe EntladePins.o
                0x0000000000001f44                EntladePins
 .text          0x0000000000002042      0x56c ReadCapacity.o
                0x0000000000002042                Scale_C_with_vcc
                0x00000000000020c2                ReadCapacity
 .text          0x00000000000025ae       0x7e GetRLmultip.o
                0x00000000000025ae                GetRLmultip
 .text          0x000000000000262c      0x1ae Calibrate_UR.o
                0x000000000000262c                Calibrate_UR
 .text          0x00000000000027da      0x194 show_Resis_Cap.o
                0x00000000000027da                show_resis
                0x0000000000002848                show_cap_simple
                0x0000000000002944                Bat_update
                0x000000000000295a                Pwr_mode_check
 .text          0x000000000000296e      0x456 ReadInductance.o
                0x000000000000296e                ReadInductance
 .text          0x0000000000002dc4      0x358 GetESR.o
                0x0000000000002dc4                GetESR
 .text          0x000000000000311c      0x17c GetVloss.o
                0x000000000000311c                GetVloss
 .text          0x0000000000003298        0x0 GetFrequency.o
 .text          0x0000000000003298        0x0 function_menu.o
 .text          0x0000000000003298        0x0 message_key_released.o
 .text          0x0000000000003298        0x0 ReadBigCap.o
 .text          0x0000000000003298        0x0 CheckRotaryEncoder.o
 .text          0x0000000000003298        0x0 CalibrationCap.o
 .text          0x0000000000003298        0x0 ShowData.o
 .text          0x0000000000003298        0x0 CheckUJT.o
 .text          0x0000000000003298        0x2 EE_check_init.o
                0x0000000000003298                EE_check_init
 .text          0x000000000000329a        0x0 /usr/lib/gcc/avr/4.8.2/avr5/libgcc.a(_umulhisi3.o)
 .text          0x000000000000329a        0x0 /usr/lib/gcc/avr/4.8.2/avr5/libgcc.a(_usmulhisi3.o)
 .text          0x000000000000329a        0x0 /usr/lib/gcc/avr/4.8.2/avr5/libgcc.a(_muluhisi3.o)
 .text          0x000000000000329a        0x0 /usr/lib/gcc/avr/4.8.2/avr5/libgcc.a(_mulsi3.o)
 .text          0x000000000000329a        0x0 /usr/lib/gcc/avr/4.8.2/avr5/libgcc.a(_udivmodqi4.o)
 .text          0x000000000000329a        0x0 /usr/lib/gcc/avr/4.8.2/avr5/libgcc.a(_udivmodhi4.o)
 .text          0x000000000000329a        0x0 /usr/lib/gcc/avr/4.8.2/avr5/libgcc.a(_udivmodsi4.o)
 .text          0x000000000000329a        0x0 /usr/lib/gcc/avr/4.8.2/avr5/libgcc.a(_divmodsi4.o)
 .text          0x000000000000329a        0x0 /usr/lib/gcc/avr/4.8.2/avr5/libgcc.a(_negsi2.o)
 .text          0x000000000000329a        0x0 /usr/lib/gcc/avr/4.8.2/avr5/libgcc.a(_prologue.o)
 .text          0x000000000000329a        0x0 /usr/lib/gcc/avr/4.8.2/avr5/libgcc.a(_epilogue.o)
 .text          0x000000000000329a        0x0 /usr/lib/gcc/avr/4.8.2/avr5/libgcc.a(_exit.o)
 .text          0x000000000000329a        0x0 /usr/lib/gcc/avr/4.8.2/avr5/libgcc.a(_clear_bss.o)
 .text          0x000000000000329a        0x0 /usr/lib/gcc/avr/4.8.2/../../../avr/lib/avr5/libc.a(utoa.o)
 .text          0x000000000000329a        0x0 /usr/lib/gcc/avr/4.8.2/../../../avr/lib/avr5/libc.a(eerd_byte_atmega168.o)
 .text          0x000000000000329a        0x0 /usr/lib/gcc/avr/4.8.2/../../../avr/lib/avr5/libc.a(eewr_byte_atmega168.o)
 .text          0x000000000000329a        0x0 /usr/lib/gcc/avr/4.8.2/../../../avr/lib/avr5/libc.a(eewr_word_atmega168.o)
 .text          0x000000000000329a        0x0 /usr/lib/gcc/avr/4.8.2/../../../avr/lib/avr5/libc.a(strrev.o)
                0x000000000000329a                . = ALIGN (0x2)
 *(.text.*)
 .text.startup  0x000000000000329a      0x9c6 main.o
                0x000000000000329a                main
 .text.libgcc.mul
                0x0000000000003c60       0x1e /usr/lib/gcc/avr/4.8.2/avr5/libgcc.a(_umulhisi3.o)
                0x0000000000003c60                __umulhisi3
 .text.libgcc.div
                0x0000000000003c7e        0x0 /usr/lib/gcc/avr/4.8.2/avr5/libgcc.a(_umulhisi3.o)
 .text.libgcc   0x0000000000003c7e        0x0 /usr/lib/gcc/avr/4.8.2/avr5/libgcc.a(_umulhisi3.o)
 .text.libgcc.prologue
                0x0000000000003c7e        0x0 /usr/lib/gcc/avr/4.8.2/avr5/libgcc.a(_umulhisi3.o)
 .text.libgcc.builtins
                0x0000000000003c7e        0x0 /usr/lib/gcc/avr/4.8.2/avr5/libgcc.a(_umulhisi3.o)
 .text.libgcc.fmul
                0x0000000000003c7e        0x0 /usr/lib/gcc/avr/4.8.2/avr5/libgcc.a(_umulhisi3.o)
 .text.libgcc.fixed
                0x0000000000003c7e        0x0 /usr/lib/gcc/avr/4.8.2/avr5/libgcc.a(_umulhisi3.o)
 .text.libgcc.mul
                0x0000000000003c7e        0xc /usr/lib/gcc/avr/4.8.2/avr5/libgcc.a(_usmulhisi3.o)
                0x0000000000003c7e                __usmulhisi3
                0x0000000000003c80                __usmulhisi3_tail
 .text.libgcc.div
                0x0000000000003c8a        0x0 /usr/lib/gcc/avr/4.8.2/avr5/libgcc.a(_usmulhisi3.o)
 .text.libgcc   0x0000000000003c8a        0x0 /usr/lib/gcc/avr/4.8.2/avr5/libgcc.a(_usmulhisi3.o)
 .text.libgcc.prologue
                0x0000000000003c8a        0x0 /usr/lib/gcc/avr/4.8.2/avr5/libgcc.a(_usmulhisi3.o)
 .text.libgcc.builtins
                0x0000000000003c8a        0x0 /usr/lib/gcc/avr/4.8.2/avr5/libgcc.a(_usmulhisi3.o)
 .text.libgcc.fmul
                0x0000000000003c8a        0x0 /usr/lib/gcc/avr/4.8.2/avr5/libgcc.a(_usmulhisi3.o)
 .text.libgcc.fixed
                0x0000000000003c8a        0x0 /usr/lib/gcc/avr/4.8.2/avr5/libgcc.a(_usmulhisi3.o)
 .text.libgcc.mul
                0x0000000000003c8a       0x14 /usr/lib/gcc/avr/4.8.2/avr5/libgcc.a(_muluhisi3.o)
                0x0000000000003c8a                __muluhisi3
 .text.libgcc.div
                0x0000000000003c9e        0x0 /usr/lib/gcc/avr/4.8.2/avr5/libgcc.a(_muluhisi3.o)
 .text.libgcc   0x0000000000003c9e        0x0 /usr/lib/gcc/avr/4.8.2/avr5/libgcc.a(_muluhisi3.o)
 .text.libgcc.prologue
                0x0000000000003c9e        0x0 /usr/lib/gcc/avr/4.8.2/avr5/libgcc.a(_muluhisi3.o)
 .text.libgcc.builtins
                0x0000000000003c9e        0x0 /usr/lib/gcc/avr/4.8.2/avr5/libgcc.a(_muluhisi3.o)
 .text.libgcc.fmul
                0x0000000000003c9e        0x0 /usr/lib/gcc/avr/4.8.2/avr5/libgcc.a(_muluhisi3.o)
 .text.libgcc.fixed
                0x0000000000003c9e        0x0 /usr/lib/gcc/avr/4.8.2/avr5/libgcc.a(_muluhisi3.o)
 .text.libgcc.mul
                0x0000000000003c9e       0x1e /usr/lib/gcc/avr/4.8.2/avr5/libgcc.a(_mulsi3.o)
                0x0000000000003c9e                __mulsi3
 .text.libgcc.div
                0x0000000000003cbc        0x0 /usr/lib/gcc/avr/4.8.2/avr5/libgcc.a(_mulsi3.o)
 .text.libgcc   0x0000000000003cbc        0x0 /usr/lib/gcc/avr/4.8.2/avr5/libgcc.a(_mulsi3.o)
 .text.libgcc.prologue
                0x0000000000003cbc        0x0 /usr/lib/gcc/avr/4.8.2/avr5/libgcc.a(_mulsi3.o)
 .text.libgcc.builtins
                0x0000000000003cbc        0x0 /usr/lib/gcc/avr/4.8.2/avr5/libgcc.a(_mulsi3.o)
 .text.libgcc.fmul
                0x0000000000003cbc        0x0 /usr/lib/gcc/avr/4.8.2/avr5/libgcc.a(_mulsi3.o)
 .text.libgcc.fixed
                0x0000000000003cbc        0x0 /usr/lib/gcc/avr/4.8.2/avr5/libgcc.a(_mulsi3.o)
 .text.libgcc.mul
                0x0000000000003cbc        0x0 /usr/lib/gcc/avr/4.8.2/avr5/libgcc.a(_udivmodqi4.o)
 .text.libgcc.div
                0x0000000000003cbc       0x18 /usr/lib/gcc/avr/4.8.2/avr5/libgcc.a(_udivmodqi4.o)
                0x0000000000003cbc                __udivmodqi4
 .text.libgcc   0x0000000000003cd4        0x0 /usr/lib/gcc/avr/4.8.2/avr5/libgcc.a(_udivmodqi4.o)
 .text.libgcc.prologue
                0x0000000000003cd4        0x0 /usr/lib/gcc/avr/4.8.2/avr5/libgcc.a(_udivmodqi4.o)
 .text.libgcc.builtins
                0x0000000000003cd4        0x0 /usr/lib/gcc/avr/4.8.2/avr5/libgcc.a(_udivmodqi4.o)
 .text.libgcc.fmul
                0x0000000000003cd4        0x0 /usr/lib/gcc/avr/4.8.2/avr5/libgcc.a(_udivmodqi4.o)
 .text.libgcc.fixed
                0x0000000000003cd4        0x0 /usr/lib/gcc/avr/4.8.2/avr5/libgcc.a(_udivmodqi4.o)
 .text.libgcc.mul
                0x0000000000003cd4        0x0 /usr/lib/gcc/avr/4.8.2/avr5/libgcc.a(_udivmodhi4.o)
 .text.libgcc.div
                0x0000000000003cd4       0x28 /usr/lib/gcc/avr/4.8.2/avr5/libgcc.a(_udivmodhi4.o)
                0x0000000000003cd4                __udivmodhi4
 .text.libgcc   0x0000000000003cfc        0x0 /usr/lib/gcc/avr/4.8.2/avr5/libgcc.a(_udivmodhi4.o)
 .text.libgcc.prologue
                0x0000000000003cfc        0x0 /usr/lib/gcc/avr/4.8.2/avr5/libgcc.a(_udivmodhi4.o)
 .text.libgcc.builtins
                0x0000000000003cfc        0x0 /usr/lib/gcc/avr/4.8.2/avr5/libgcc.a(_udivmodhi4.o)
 .text.libgcc.fmul
                0x0000000000003cfc        0x0 /usr/lib/gcc/avr/4.8.2/avr5/libgcc.a(_udivmodhi4.o)
 .text.libgcc.fixed
                0x0000000000003cfc        0x0 /usr/lib/gcc/avr/4.8.2/avr5/libgcc.a(_udivmodhi4.o)
 .text.libgcc.mul
                0x0000000000003cfc        0x0 /usr/lib/gcc/avr/4.8.2/avr5/libgcc.a(_udivmodsi4.o)
 .text.libgcc.div
                0x0000000000003cfc       0x44 /usr/lib/gcc/avr/4.8.2/avr5/libgcc.a(_udivmodsi4.o)
                0x0000000000003cfc                __udivmodsi4
 .text.libgcc   0x0000000000003d40        0x0 /usr/lib/gcc/avr/4.8.2/avr5/libgcc.a(_udivmodsi4.o)
 .text.libgcc.prologue
                0x0000000000003d40        0x0 /usr/lib/gcc/avr/4.8.2/avr5/libgcc.a(_udivmodsi4.o)
 .text.libgcc.builtins
                0x0000000000003d40        0x0 /usr/lib/gcc/avr/4.8.2/avr5/libgcc.a(_udivmodsi4.o)
 .text.libgcc.fmul
                0x0000000000003d40        0x0 /usr/lib/gcc/avr/4.8.2/avr5/libgcc.a(_udivmodsi4.o)
 .text.libgcc.fixed
                0x0000000000003d40        0x0 /usr/lib/gcc/avr/4.8.2/avr5/libgcc.a(_udivmodsi4.o)
 .text.libgcc.mul
                0x0000000000003d40        0x0 /usr/lib/gcc/avr/4.8.2/avr5/libgcc.a(_divmodsi4.o)
 .text.libgcc.div
                0x0000000000003d40       0x28 /usr/lib/gcc/avr/4.8.2/avr5/libgcc.a(_divmodsi4.o)
                0x0000000000003d40                __divmodsi4
 .text.libgcc   0x0000000000003d68        0x0 /usr/lib/gcc/avr/4.8.2/avr5/libgcc.a(_divmodsi4.o)
 .text.libgcc.prologue
                0x0000000000003d68        0x0 /usr/lib/gcc/avr/4.8.2/avr5/libgcc.a(_divmodsi4.o)
 .text.libgcc.builtins
                0x0000000000003d68        0x0 /usr/lib/gcc/avr/4.8.2/avr5/libgcc.a(_divmodsi4.o)
 .text.libgcc.fmul
                0x0000000000003d68        0x0 /usr/lib/gcc/avr/4.8.2/avr5/libgcc.a(_divmodsi4.o)
 .text.libgcc.fixed
                0x0000000000003d68        0x0 /usr/lib/gcc/avr/4.8.2/avr5/libgcc.a(_divmodsi4.o)
 .text.libgcc.mul
                0x0000000000003d68        0x0 /usr/lib/gcc/avr/4.8.2/avr5/libgcc.a(_negsi2.o)
 .text.libgcc.div
                0x0000000000003d68       0x10 /usr/lib/gcc/avr/4.8.2/avr5/libgcc.a(_negsi2.o)
                0x0000000000003d68                __negsi2
 .text.libgcc   0x0000000000003d78        0x0 /usr/lib/gcc/avr/4.8.2/avr5/libgcc.a(_negsi2.o)
 .text.libgcc.prologue
                0x0000000000003d78        0x0 /usr/lib/gcc/avr/4.8.2/avr5/libgcc.a(_negsi2.o)
 .text.libgcc.builtins
                0x0000000000003d78        0x0 /usr/lib/gcc/avr/4.8.2/avr5/libgcc.a(_negsi2.o)
 .text.libgcc.fmul
                0x0000000000003d78        0x0 /usr/lib/gcc/avr/4.8.2/avr5/libgcc.a(_negsi2.o)
 .text.libgcc.fixed
                0x0000000000003d78        0x0 /usr/lib/gcc/avr/4.8.2/avr5/libgcc.a(_negsi2.o)
 .text.libgcc.mul
                0x0000000000003d78        0x0 /usr/lib/gcc/avr/4.8.2/avr5/libgcc.a(_prologue.o)
 .text.libgcc.div
                0x0000000000003d78        0x0 /usr/lib/gcc/avr/4.8.2/avr5/libgcc.a(_prologue.o)
 .text.libgcc   0x0000000000003d78        0x0 /usr/lib/gcc/avr/4.8.2/avr5/libgcc.a(_prologue.o)
 .text.libgcc.prologue
                0x0000000000003d78       0x38 /usr/lib/gcc/avr/4.8.2/avr5/libgcc.a(_prologue.o)
                0x0000000000003d78                __prologue_saves__
 .text.libgcc.builtins
                0x0000000000003db0        0x0 /usr/lib/gcc/avr/4.8.2/avr5/libgcc.a(_prologue.o)
 .text.libgcc.fmul
                0x0000000000003db0        0x0 /usr/lib/gcc/avr/4.8.2/avr5/libgcc.a(_prologue.o)
 .text.libgcc.fixed
                0x0000000000003db0        0x0 /usr/lib/gcc/avr/4.8.2/avr5/libgcc.a(_prologue.o)
 .text.libgcc.mul
                0x0000000000003db0        0x0 /usr/lib/gcc/avr/4.8.2/avr5/libgcc.a(_epilogue.o)
 .text.libgcc.div
                0x0000000000003db0        0x0 /usr/lib/gcc/avr/4.8.2/avr5/libgcc.a(_epilogue.o)
 .text.libgcc   0x0000000000003db0        0x0 /usr/lib/gcc/avr/4.8.2/avr5/libgcc.a(_epilogue.o)
 .text.libgcc.prologue
                0x0000000000003db0       0x36 /usr/lib/gcc/avr/4.8.2/avr5/libgcc.a(_epilogue.o)
                0x0000000000003db0                __epilogue_restores__
 .text.libgcc.builtins
                0x0000000000003de6        0x0 /usr/lib/gcc/avr/4.8.2/avr5/libgcc.a(_epilogue.o)
 .text.libgcc.fmul
                0x0000000000003de6        0x0 /usr/lib/gcc/avr/4.8.2/avr5/libgcc.a(_epilogue.o)
 .text.libgcc.fixed
                0x0000000000003de6        0x0 /usr/lib/gcc/avr/4.8.2/avr5/libgcc.a(_epilogue.o)
 .text.libgcc.mul
                0x0000000000003de6        0x0 /usr/lib/gcc/avr/4.8.2/avr5/libgcc.a(_exit.o)
 .text.libgcc.div
                0x0000000000003de6        0x0 /usr/lib/gcc/avr/4.8.2/avr5/libgcc.a(_exit.o)
 .text.libgcc   0x0000000000003de6        0x0 /usr/lib/gcc/avr/4.8.2/avr5/libgcc.a(_exit.o)
 .text.libgcc.prologue
                0x0000000000003de6        0x0 /usr/lib/gcc/avr/4.8.2/avr5/libgcc.a(_exit.o)
 .text.libgcc.builtins
                0x0000000000003de6        0x0 /usr/lib/gcc/avr/4.8.2/avr5/libgcc.a(_exit.o)
 .text.libgcc.fmul
                0x0000000000003de6        0x0 /usr/lib/gcc/avr/4.8.2/avr5/libgcc.a(_exit.o)
 .text.libgcc.fixed
                0x0000000000003de6        0x0 /usr/lib/gcc/avr/4.8.2/avr5/libgcc.a(_exit.o)
 .text.libgcc.mul
                0x0000000000003de6        0x0 /usr/lib/gcc/avr/4.8.2/avr5/libgcc.a(_clear_bss.o)
 .text.libgcc.div
                0x0000000000003de6        0x0 /usr/lib/gcc/avr/4.8.2/avr5/libgcc.a(_clear_bss.o)
 .text.libgcc   0x0000000000003de6        0x0 /usr/lib/gcc/avr/4.8.2/avr5/libgcc.a(_clear_bss.o)
 .text.libgcc.prologue
                0x0000000000003de6        0x0 /usr/lib/gcc/avr/4.8.2/avr5/libgcc.a(_clear_bss.o)
 .text.libgcc.builtins
                0x0000000000003de6        0x0 /usr/lib/gcc/avr/4.8.2/avr5/libgcc.a(_clear_bss.o)
 .text.libgcc.fmul
                0x0000000000003de6        0x0 /usr/lib/gcc/avr/4.8.2/avr5/libgcc.a(_clear_bss.o)
 .text.libgcc.fixed
                0x0000000000003de6        0x0 /usr/lib/gcc/avr/4.8.2/avr5/libgcc.a(_clear_bss.o)
 .text.avr-libc
                0x0000000000003de6       0x28 /usr/lib/gcc/avr/4.8.2/../../../avr/lib/avr5/libc.a(utoa.o)
                0x0000000000003de6                utoa
 .text.avr-libc
                0x0000000000003e0e       0x10 /usr/lib/gcc/avr/4.8.2/../../../avr/lib/avr5/libc.a(eerd_byte_atmega168.o)
                0x0000000000003e0e                __eerd_byte_m168
 .text.avr-libc
                0x0000000000003e1e       0x1c /usr/lib/gcc/avr/4.8.2/../../../avr/lib/avr5/libc.a(eewr_byte_atmega168.o)
                0x0000000000003e1e                __eewr_byte_m168
                0x0000000000003e20                __eewr_r18_m168
 .text.avr-libc
                0x0000000000003e3a        0x6 /usr/lib/gcc/avr/4.8.2/../../../avr/lib/avr5/libc.a(eewr_word_atmega168.o)
                0x0000000000003e3a                __eewr_word_m168
 .text.avr-libc
                0x0000000000003e40       0x20 /usr/lib/gcc/avr/4.8.2/../../../avr/lib/avr5/libc.a(strrev.o)
                0x0000000000003e40                strrev
                0x0000000000003e60                . = ALIGN (0x2)
 *(.fini9)
 .fini9         0x0000000000003e60        0x0 /usr/lib/gcc/avr/4.8.2/avr5/libgcc.a(_exit.o)
                0x0000000000003e60                exit
                0x0000000000003e60                _exit
 *(.fini9)
 *(.fini8)
 *(.fini8)
 *(.fini7)
 *(.fini7)
 *(.fini6)
 *(.fini6)
 *(.fini5)
 *(.fini5)
 *(.fini4)
 *(.fini4)
 *(.fini3)
 *(.fini3)
 *(.fini2)
 *(.fini2)
 *(.fini1)
 *(.fini1)
 *(.fini0)
 .fini0         0x0000000000003e60        0x4 /usr/lib/gcc/avr/4.8.2/avr5/libgcc.a(_exit.o)
 *(.fini0)
                0x0000000000003e64                _etext = .

.data           0x0000000000800100        0x0 load address 0x0000000000003e64
                0x0000000000800100                PROVIDE (__data_start, .)
 *(.data)
 .data          0x0000000000800100        0x0 /usr/lib/gcc/avr/4.8.2/../../../avr/lib/avr5/crtm168.o
 .data          0x0000000000800100        0x0 lcd_hw_4_bit.o
 .data          0x0000000000800100        0x0 lcd-routines.o
 .data          0x0000000000800100        0x0 i2lcd.o
 .data          0x0000000000800100        0x0 PinLayout.o
 .data          0x0000000000800100        0x0 RvalOut.o
 .data          0x0000000000800100        0x0 UfAusgabe.o
 .data          0x0000000000800100        0x0 DisplayValue.o
 .data          0x0000000000800100        0x0 swuart.o
 .data          0x0000000000800100        0x0 wait1000ms.o
 .data          0x0000000000800100        0x0 ReadADC.o
 .data          0x0000000000800100        0x0 wait_for_key_ms.o
 .data          0x0000000000800100        0x0 RefVoltage.o
 .data          0x0000000000800100        0x0 get_log.o
 .data          0x0000000000800100        0x0 main.o
 .data          0x0000000000800100        0x0 Battery_check.o
 .data          0x0000000000800100        0x0 CheckPins.o
 .data          0x0000000000800100        0x0 GetResistance.o
 .data          0x0000000000800100        0x0 ChargePin10ms.o
 .data          0x0000000000800100        0x0 EntladePins.o
 .data          0x0000000000800100        0x0 ReadCapacity.o
 .data          0x0000000000800100        0x0 GetRLmultip.o
 .data          0x0000000000800100        0x0 Calibrate_UR.o
 .data          0x0000000000800100        0x0 show_Resis_Cap.o
 .data          0x0000000000800100        0x0 ReadInductance.o
 .data          0x0000000000800100        0x0 GetESR.o
 .data          0x0000000000800100        0x0 GetVloss.o
 .data          0x0000000000800100        0x0 GetFrequency.o
 .data          0x0000000000800100        0x0 function_menu.o
 .data          0x0000000000800100        0x0 message_key_released.o
 .data          0x0000000000800100        0x0 ReadBigCap.o
 .data          0x0000000000800100        0x0 CheckRotaryEncoder.o
 .data          0x0000000000800100        0x0 CalibrationCap.o
 .data          0x0000000000800100        0x0 ShowData.o
 .data          0x0000000000800100        0x0 CheckUJT.o
 .data          0x0000000000800100        0x0 EE_check_init.o
 .data          0x0000000000800100        0x0 /usr/lib/gcc/avr/4.8.2/avr5/libgcc.a(_umulhisi3.o)
 .data          0x0000000000800100        0x0 /usr/lib/gcc/avr/4.8.2/avr5/libgcc.a(_usmulhisi3.o)
 .data          0x0000000000800100        0x0 /usr/lib/gcc/avr/4.8.2/avr5/libgcc.a(_muluhisi3.o)
 .data          0x0000000000800100        0x0 /usr/lib/gcc/avr/4.8.2/avr5/libgcc.a(_mulsi3.o)
 .data          0x0000000000800100        0x0 /usr/lib/gcc/avr/4.8.2/avr5/libgcc.a(_udivmodqi4.o)
 .data          0x0000000000800100        0x0 /usr/lib/gcc/avr/4.8.2/avr5/libgcc.a(_udivmodhi4.o)
 .data          0x0000000000800100        0x0 /usr/lib/gcc/avr/4.8.2/avr5/libgcc.a(_udivmodsi4.o)
 .data          0x0000000000800100        0x0 /usr/lib/gcc/avr/4.8.2/avr5/libgcc.a(_divmodsi4.o)
 .data          0x0000000000800100        0x0 /usr/lib/gcc/avr/4.8.2/avr5/libgcc.a(_negsi2.o)
 .data          0x0000000000800100        0x0 /usr/lib/gcc/avr/4.8.2/avr5/libgcc.a(_prologue.o)
 .data          0x0000000000800100        0x0 /usr/lib/gcc/avr/4.8.2/avr5/libgcc.a(_epilogue.o)
 .data          0x0000000000800100        0x0 /usr/lib/gcc/avr/4.8.2/avr5/libgcc.a(_exit.o)
 .data          0x0000000000800100        0x0 /usr/lib/gcc/avr/4.8.2/avr5/libgcc.a(_clear_bss.o)
 .data          0x0000000000800100        0x0 /usr/lib/gcc/avr/4.8.2/../../../avr/lib/avr5/libc.a(utoa.o)
 .data          0x0000000000800100        0x0 /usr/lib/gcc/avr/4.8.2/../../../avr/lib/avr5/libc.a(eerd_byte_atmega168.o)
 .data          0x0000000000800100        0x0 /usr/lib/gcc/avr/4.8.2/../../../avr/lib/avr5/libc.a(eewr_byte_atmega168.o)
 .data          0x0000000000800100        0x0 /usr/lib/gcc/avr/4.8.2/../../../avr/lib/avr5/libc.a(eewr_word_atmega168.o)
 .data          0x0000000000800100        0x0 /usr/lib/gcc/avr/4.8.2/../../../avr/lib/avr5/libc.a(strrev.o)
 *(.data*)
 *(.rodata)
 *(.rodata*)
 *(.gnu.linkonce.d*)
                0x0000000000800100                . = ALIGN (0x2)
                0x0000000000800100                _edata = .
                0x0000000000800100                PROVIDE (__data_end, .)

.bss            0x0000000000800100       0xa3
                0x0000000000800100                PROVIDE (__bss_start, .)
 *(.bss)
 .bss           0x0000000000800100        0x0 /usr/lib/gcc/avr/4.8.2/../../../avr/lib/avr5/crtm168.o
 .bss           0x0000000000800100        0x0 lcd_hw_4_bit.o
 .bss           0x0000000000800100        0x0 lcd-routines.o
 .bss           0x0000000000800100        0x0 i2lcd.o
 .bss           0x0000000000800100        0x0 PinLayout.o
 .bss           0x0000000000800100        0x0 RvalOut.o
 .bss           0x0000000000800100        0x0 UfAusgabe.o
 .bss           0x0000000000800100        0x0 DisplayValue.o
 .bss           0x0000000000800100        0x0 swuart.o
 .bss           0x0000000000800100        0x0 wait1000ms.o
 .bss           0x0000000000800100        0x0 ReadADC.o
 .bss           0x0000000000800100        0x0 wait_for_key_ms.o
 .bss           0x0000000000800100        0x0 RefVoltage.o
 .bss           0x0000000000800100        0x0 get_log.o
 .bss           0x0000000000800100        0x0 main.o
 .bss           0x0000000000800100        0x0 Battery_check.o
 .bss           0x0000000000800100        0x0 CheckPins.o
 .bss           0x0000000000800100        0x0 GetResistance.o
 .bss           0x0000000000800100        0x0 ChargePin10ms.o
 .bss           0x0000000000800100        0x0 EntladePins.o
 .bss           0x0000000000800100        0x0 ReadCapacity.o
 .bss           0x0000000000800100        0x0 GetRLmultip.o
 .bss           0x0000000000800100        0x0 Calibrate_UR.o
 .bss           0x0000000000800100        0x0 show_Resis_Cap.o
 .bss           0x0000000000800100        0x0 ReadInductance.o
 .bss           0x0000000000800100        0x0 GetESR.o
 .bss           0x0000000000800100        0x0 GetVloss.o
 .bss           0x0000000000800100        0x0 GetFrequency.o
 .bss           0x0000000000800100        0x0 function_menu.o
 .bss           0x0000000000800100        0x0 message_key_released.o
 .bss           0x0000000000800100        0x0 ReadBigCap.o
 .bss           0x0000000000800100        0x0 CheckRotaryEncoder.o
 .bss           0x0000000000800100        0x0 CalibrationCap.o
 .bss           0x0000000000800100        0x0 ShowData.o
 .bss           0x0000000000800100        0x0 CheckUJT.o
 .bss           0x0000000000800100        0x0 EE_check_init.o
 .bss           0x0000000000800100        0x0 /usr/lib/gcc/avr/4.8.2/avr5/libgcc.a(_umulhisi3.o)
 .bss           0x0000000000800100        0x0 /usr/lib/gcc/avr/4.8.2/avr5/libgcc.a(_usmulhisi3.o)
 .bss           0x0000000000800100        0x0 /usr/lib/gcc/avr/4.8.2/avr5/libgcc.a(_muluhisi3.o)
 .bss           0x0000000000800100        0x0 /usr/lib/gcc/avr/4.8.2/avr5/libgcc.a(_mulsi3.o)
 .bss           0x0000000000800100        0x0 /usr/lib/gcc/avr/4.8.2/avr5/libgcc.a(_udivmodqi4.o)
 .bss           0x0000000000800100        0x0 /usr/lib/gcc/avr/4.8.2/avr5/libgcc.a(_udivmodhi4.o)
 .bss           0x0000000000800100        0x0 /usr/lib/gcc/avr/4.8.2/avr5/libgcc.a(_udivmodsi4.o)
 .bss           0x0000000000800100        0x0 /usr/lib/gcc/avr/4.8.2/avr5/libgcc.a(_divmodsi4.o)
 .bss           0x0000000000800100        0x0 /usr/lib/gcc/avr/4.8.2/avr5/libgcc.a(_negsi2.o)
 .bss           0x0000000000800100        0x0 /usr/lib/gcc/avr/4.8.2/avr5/libgcc.a(_prologue.o)
 .bss           0x0000000000800100        0x0 /usr/lib/gcc/avr/4.8.2/avr5/libgcc.a(_epilogue.o)
 .bss           0x0000000000800100        0x0 /usr/lib/gcc/avr/4.8.2/avr5/libgcc.a(_exit.o)
 .bss           0x0000000000800100        0x0 /usr/lib/gcc/avr/4.8.2/avr5/libgcc.a(_clear_bss.o)
 .bss           0x0000000000800100        0x0 /usr/lib/gcc/avr/4.8.2/../../../avr/lib/avr5/libc.a(utoa.o)
 .bss           0x0000000000800100        0x0 /usr/lib/gcc/avr/4.8.2/../../../avr/lib/avr5/libc.a(eerd_byte_atmega168.o)
 .bss           0x0000000000800100        0x0 /usr/lib/gcc/avr/4.8.2/../../../avr/lib/avr5/libc.a(eewr_byte_atmega168.o)
 .bss           0x0000000000800100        0x0 /usr/lib/gcc/avr/4.8.2/../../../avr/lib/avr5/libc.a(eewr_word_atmega168.o)
 .bss           0x0000000000800100        0x0 /usr/lib/gcc/avr/4.8.2/../../../avr/lib/avr5/libc.a(strrev.o)
 *(.bss*)
 *(COMMON)
 COMMON         0x0000000000800100        0xd lcd-routines.o
                0x0000000000800100                last_text_column
                0x0000000000800101                inductor_lpre
                0x0000000000800102                last_text_line
                0x0000000000800103                cell_mv
                0x0000000000800109                inductor_lx
 COMMON         0x000000000080010d       0x96 main.o
                0x000000000080010d                diode_sequence
                0x000000000080010e                display_time
                0x0000000000800110                resis680mi
                0x0000000000800112                ref_mv_offs
                0x0000000000800114                NumOfDiodes
                0x0000000000800115                PartMode
                0x0000000000800116                PartFound
                0x0000000000800117                resis680pl
                0x0000000000800119                tmpval
                0x000000000080011a                adc_vcc_reference
                0x000000000080011c                mess_count
                0x000000000080011d                outval
                0x0000000000800127                ADCconfig
                0x000000000080012d                pin_rpl
                0x000000000080012f                ref_mv
                0x0000000000800131                DC_Pwr_mode
                0x0000000000800132                tmpval2
                0x0000000000800133                UnCalibrated
                0x0000000000800134                pin_rmi
                0x0000000000800136                WithReference
                0x0000000000800137                _lcd_column
                0x0000000000800138                _trans
                0x000000000080013a                last_line_used
                0x000000000080013b                ntrans
                0x000000000080014b                empty_count
                0x000000000080014c                pin_combination
                0x000000000080014d                ResistorChecked
                0x0000000000800150                ResistorList
                0x0000000000800153                ptrans
                0x0000000000800163                adc_internal_reference
                0x0000000000800165                ResistorsFound
                0x0000000000800166                RHmultip
                0x0000000000800168                cap
                0x000000000080017c                load_diff
                0x000000000080017e                diodes
                0x0000000000800196                lcd_text_line
                0x0000000000800197                ResistorVal
                0x00000000008001a3                PROVIDE (__bss_end, .)
                0x0000000000003e64                __data_load_start = LOADADDR (.data)
                0x0000000000003e64                __data_load_end = (__data_load_start + SIZEOF (.data))

.noinit         0x00000000008001a3        0x0
                0x00000000008001a3                PROVIDE (__noinit_start, .)
 *(.noinit*)
                0x00000000008001a3                PROVIDE (__noinit_end, .)
                0x00000000008001a3                _end = .
                0x00000000008001a3                PROVIDE (__heap_start, .)

.eeprom         0x0000000000810000      0x1da
 *(.eeprom*)
 .eeprom        0x0000000000810000      0x1da main.o
                0x0000000000810000                PrefixTab
                0x0000000000810008                ResIcon2
                0x0000000000810010                ResIcon1
                0x0000000000810018                DiodeIcon2
                0x0000000000810020                DiodeIcon1
                0x0000000000810028                CapIcon
                0x0000000000810030                RDS_str
                0x0000000000810035                T50HZ
                0x000000000081003b                C0_str
                0x000000000081003f                RILO_str
                0x0000000000810046                RIHI_str
                0x000000000081004d                VERSION_str
                0x000000000081005b                Inductor_str
                0x0000000000810060                Resistor_str
                0x0000000000810065                Dioden
                0x000000000081006a                KatAn_str
                0x000000000081006e                AnKat_str
                0x0000000000810072                Ir_str
                0x0000000000810078                Lis_str
                0x000000000081007b                VLOSS_str
                0x0000000000810083                ESR_str
                0x0000000000810089                VCC_str
                0x000000000081008e                Cell_str
                0x0000000000810094                CapZeich
                0x0000000000810098                Vgs_str
                0x000000000081009d                vt_str
                0x00000000008100a2                Uf_str
                0x00000000008100a6                Ube_str
                0x00000000008100ab                N123_str
                0x00000000008100b1                PNP_str
                0x00000000008100b5                NPN_str
                0x00000000008100b9                Cap_str
                0x00000000008100bc                GateCap_str
                0x00000000008100bf                hfe_str
                0x00000000008100c2                igbt_str
                0x00000000008100c8                jfet_str
                0x00000000008100cd                mosfet_str
                0x00000000008100d2                DC_Pwr_Mode_str
                0x00000000008100de                OK_str
                0x00000000008100e1                Bat_str
                0x00000000008100e7                ATE
                0x00000000008100f0                RELPROBE
                0x0000000000810100                SELFTEST
                0x0000000000810110                TestTimedOut
                0x0000000000810119                OrBroken
                0x0000000000810125                TestFailed1
                0x0000000000810135                Unknown
                0x000000000081013e                Thyristor
                0x0000000000810147                Triac
                0x000000000081014d                Bauteil
                0x0000000000810152                TestFailed2
                0x000000000081015b                BatEmpty
                0x0000000000810162                BatWeak
                0x0000000000810167                TestRunning
                0x0000000000810172                RLtab
                0x00000000008101cc                EE_ESR_ZEROtab
                0x00000000008101d0                c_zero_tab
                0x00000000008101d7                ref_offset
                0x00000000008101d9                RefDiff
                0x00000000008101da                __eeprom_end = .

.fuse
 *(.fuse)
 *(.lfuse)
 *(.hfuse)
 *(.efuse)

.lock
 *(.lock*)

.signature
 *(.signature*)

.user_signatures
 *(.user_signatures*)

.stab           0x0000000000000000      0xa98
 *(.stab)
 .stab          0x0000000000000000      0x6cc /usr/lib/gcc/avr/4.8.2/../../../avr/lib/avr5/crtm168.o
 .stab          0x00000000000006cc      0x12c /usr/lib/gcc/avr/4.8.2/../../../avr/lib/avr5/libc.a(utoa.o)
                                        0x138 (size before relaxing)
 .stab          0x00000000000007f8       0x90 /usr/lib/gcc/avr/4.8.2/../../../avr/lib/avr5/libc.a(eerd_byte_atmega168.o)
                                         0x9c (size before relaxing)
 .stab          0x0000000000000888       0xe4 /usr/lib/gcc/avr/4.8.2/../../../avr/lib/avr5/libc.a(eewr_byte_atmega168.o)
                                         0xf0 (size before relaxing)
 .stab          0x000000000000096c       0x54 /usr/lib/gcc/avr/4.8.2/../../../avr/lib/avr5/libc.a(eewr_word_atmega168.o)
                                         0x60 (size before relaxing)
 .stab          0x00000000000009c0       0xd8 /usr/lib/gcc/avr/4.8.2/../../../avr/lib/avr5/libc.a(strrev.o)
                                         0xe4 (size before relaxing)

.stabstr        0x0000000000000000      0x141
 *(.stabstr)
 .stabstr       0x0000000000000000      0x141 /usr/lib/gcc/avr/4.8.2/../../../avr/lib/avr5/crtm168.o

.stab.excl
 *(.stab.excl)

.stab.exclstr
 *(.stab.exclstr)

.stab.index
 *(.stab.index)

.stab.indexstr
 *(.stab.indexstr)

.comment        0x0000000000000000       0x11
 *(.comment)
 .comment       0x0000000000000000       0x11 lcd-routines.o
                                         0x12 (size before relaxing)
 .comment       0x0000000000000000       0x12 DisplayValue.o
 .comment       0x0000000000000000       0x12 main.o
 .comment       0x0000000000000000       0x12 Battery_check.o
 .comment       0x0000000000000000       0x12 CheckPins.o
 .comment       0x0000000000000000       0x12 GetResistance.o
 .comment       0x0000000000000000       0x12 ChargePin10ms.o
 .comment       0x0000000000000000       0x12 EntladePins.o
 .comment       0x0000000000000000       0x12 ReadCapacity.o
 .comment       0x0000000000000000       0x12 Calibrate_UR.o
 .comment       0x0000000000000000       0x12 show_Resis_Cap.o
 .comment       0x0000000000000000       0x12 ReadInductance.o
 .comment       0x0000000000000000       0x12 GetVloss.o
 .comment       0x0000000000000000       0x12 GetFrequency.o
 .comment       0x0000000000000000       0x12 function_menu.o
 .comment       0x0000000000000000       0x12 message_key_released.o
 .comment       0x0000000000000000       0x12 ReadBigCap.o
 .comment       0x0000000000000000       0x12 CheckRotaryEncoder.o
 .comment       0x0000000000000000       0x12 CalibrationCap.o
 .comment       0x0000000000000000       0x12 ShowData.o
 .comment       0x0000000000000000       0x12 CheckUJT.o
 .comment       0x0000000000000000       0x12 EE_check_init.o

.debug
 *(.debug)

.line
 *(.line)

.debug_srcinfo
 *(.debug_srcinfo)

.debug_sfnames
 *(.debug_sfnames)

.debug_aranges  0x0000000000000000      0x428
 *(.debug_aranges)
 .debug_aranges
                0x0000000000000000       0x20 lcd_hw_4_bit.o
 .debug_aranges
                0x0000000000000020       0x20 lcd-routines.o
 .debug_aranges
                0x0000000000000040       0x20 i2lcd.o
 .debug_aranges
                0x0000000000000060       0x20 PinLayout.o
 .debug_aranges
                0x0000000000000080       0x20 RvalOut.o
 .debug_aranges
                0x00000000000000a0       0x20 UfAusgabe.o
 .debug_aranges
                0x00000000000000c0       0x20 DisplayValue.o
 .debug_aranges
                0x00000000000000e0       0x20 swuart.o
 .debug_aranges
                0x0000000000000100       0x20 wait1000ms.o
 .debug_aranges
                0x0000000000000120       0x20 ReadADC.o
 .debug_aranges
                0x0000000000000140       0x20 wait_for_key_ms.o
 .debug_aranges
                0x0000000000000160       0x20 RefVoltage.o
 .debug_aranges
                0x0000000000000180       0x20 get_log.o
 .debug_aranges
                0x00000000000001a0       0x28 main.o
 .debug_aranges
                0x00000000000001c8       0x20 Battery_check.o
 .debug_aranges
                0x00000000000001e8       0x20 CheckPins.o
 .debug_aranges
                0x0000000000000208       0x20 GetResistance.o
 .debug_aranges
                0x0000000000000228       0x20 ChargePin10ms.o
 .debug_aranges
                0x0000000000000248       0x20 EntladePins.o
 .debug_aranges
                0x0000000000000268       0x20 ReadCapacity.o
 .debug_aranges
                0x0000000000000288       0x20 GetRLmultip.o
 .debug_aranges
                0x00000000000002a8       0x20 Calibrate_UR.o
 .debug_aranges
                0x00000000000002c8       0x20 show_Resis_Cap.o
 .debug_aranges
                0x00000000000002e8       0x20 ReadInductance.o
 .debug_aranges
                0x0000000000000308       0x20 GetESR.o
 .debug_aranges
                0x0000000000000328       0x20 GetVloss.o
 .debug_aranges
                0x0000000000000348       0x18 GetFrequency.o
 .debug_aranges
                0x0000000000000360       0x18 function_menu.o
 .debug_aranges
                0x0000000000000378       0x18 message_key_released.o
 .debug_aranges
                0x0000000000000390       0x18 ReadBigCap.o
 .debug_aranges
                0x00000000000003a8       0x18 CheckRotaryEncoder.o
 .debug_aranges
                0x00000000000003c0       0x18 CalibrationCap.o
 .debug_aranges
                0x00000000000003d8       0x18 ShowData.o
 .debug_aranges
                0x00000000000003f0       0x18 CheckUJT.o
 .debug_aranges
                0x0000000000000408       0x20 EE_check_init.o

.debug_pubnames
 *(.debug_pubnames)

.debug_info     0x0000000000000000     0x7001
 *(.debug_info)
 .debug_info    0x0000000000000000       0x7d lcd_hw_4_bit.o
 .debug_info    0x000000000000007d      0xa83 lcd-routines.o
 .debug_info    0x0000000000000b00       0x76 i2lcd.o
 .debug_info    0x0000000000000b76       0x7a PinLayout.o
 .debug_info    0x0000000000000bf0       0x78 RvalOut.o
 .debug_info    0x0000000000000c68       0x7a UfAusgabe.o
 .debug_info    0x0000000000000ce2      0x3b9 DisplayValue.o
 .debug_info    0x000000000000109b       0x77 swuart.o
 .debug_info    0x0000000000001112       0x7b wait1000ms.o
 .debug_info    0x000000000000118d       0x78 ReadADC.o
 .debug_info    0x0000000000001205       0x80 wait_for_key_ms.o
 .debug_info    0x0000000000001285       0x7b RefVoltage.o
 .debug_info    0x0000000000001300       0x78 get_log.o
 .debug_info    0x0000000000001378     0x2893 main.o
 .debug_info    0x0000000000003c0b      0x2aa Battery_check.o
 .debug_info    0x0000000000003eb5      0xb14 CheckPins.o
 .debug_info    0x00000000000049c9      0x555 GetResistance.o
 .debug_info    0x0000000000004f1e      0x10d ChargePin10ms.o
 .debug_info    0x000000000000502b      0x1f2 EntladePins.o
 .debug_info    0x000000000000521d      0x5c5 ReadCapacity.o
 .debug_info    0x00000000000057e2       0x7c GetRLmultip.o
 .debug_info    0x000000000000585e      0x2e2 Calibrate_UR.o
 .debug_info    0x0000000000005b40      0x5f0 show_Resis_Cap.o
 .debug_info    0x0000000000006130      0x4c1 ReadInductance.o
 .debug_info    0x00000000000065f1       0x77 GetESR.o
 .debug_info    0x0000000000006668      0x35d GetVloss.o
 .debug_info    0x00000000000069c5       0xae GetFrequency.o
 .debug_info    0x0000000000006a73       0xae function_menu.o
 .debug_info    0x0000000000006b21       0xae message_key_released.o
 .debug_info    0x0000000000006bcf       0xae ReadBigCap.o
 .debug_info    0x0000000000006c7d       0xae CheckRotaryEncoder.o
 .debug_info    0x0000000000006d2b       0xae CalibrationCap.o
 .debug_info    0x0000000000006dd9       0xae ShowData.o
 .debug_info    0x0000000000006e87       0xae CheckUJT.o
 .debug_info    0x0000000000006f35       0xcc EE_check_init.o
 *(.gnu.linkonce.wi.*)

.debug_abbrev   0x0000000000000000     0x18b8
 *(.debug_abbrev)
 .debug_abbrev  0x0000000000000000       0x14 lcd_hw_4_bit.o
 .debug_abbrev  0x0000000000000014      0x261 lcd-routines.o
 .debug_abbrev  0x0000000000000275       0x14 i2lcd.o
 .debug_abbrev  0x0000000000000289       0x14 PinLayout.o
 .debug_abbrev  0x000000000000029d       0x14 RvalOut.o
 .debug_abbrev  0x00000000000002b1       0x14 UfAusgabe.o
 .debug_abbrev  0x00000000000002c5      0x134 DisplayValue.o
 .debug_abbrev  0x00000000000003f9       0x14 swuart.o
 .debug_abbrev  0x000000000000040d       0x14 wait1000ms.o
 .debug_abbrev  0x0000000000000421       0x14 ReadADC.o
 .debug_abbrev  0x0000000000000435       0x14 wait_for_key_ms.o
 .debug_abbrev  0x0000000000000449       0x14 RefVoltage.o
 .debug_abbrev  0x000000000000045d       0x14 get_log.o
 .debug_abbrev  0x0000000000000471      0x340 main.o
 .debug_abbrev  0x00000000000007b1      0x11e Battery_check.o
 .debug_abbrev  0x00000000000008cf      0x1b9 CheckPins.o
 .debug_abbrev  0x0000000000000a88      0x18c GetResistance.o
 .debug_abbrev  0x0000000000000c14       0x9f ChargePin10ms.o
 .debug_abbrev  0x0000000000000cb3       0xe5 EntladePins.o
 .debug_abbrev  0x0000000000000d98      0x1ea ReadCapacity.o
 .debug_abbrev  0x0000000000000f82       0x14 GetRLmultip.o
 .debug_abbrev  0x0000000000000f96      0x12a Calibrate_UR.o
 .debug_abbrev  0x00000000000010c0      0x1e6 show_Resis_Cap.o
 .debug_abbrev  0x00000000000012a6      0x172 ReadInductance.o
 .debug_abbrev  0x0000000000001418       0x14 GetESR.o
 .debug_abbrev  0x000000000000142c      0x16a GetVloss.o
 .debug_abbrev  0x0000000000001596       0x56 GetFrequency.o
 .debug_abbrev  0x00000000000015ec       0x56 function_menu.o
 .debug_abbrev  0x0000000000001642       0x56 message_key_released.o
 .debug_abbrev  0x0000000000001698       0x56 ReadBigCap.o
 .debug_abbrev  0x00000000000016ee       0x56 CheckRotaryEncoder.o
 .debug_abbrev  0x0000000000001744       0x56 CalibrationCap.o
 .debug_abbrev  0x000000000000179a       0x56 ShowData.o
 .debug_abbrev  0x00000000000017f0       0x56 CheckUJT.o
 .debug_abbrev  0x0000000000001846       0x72 EE_check_init.o

.debug_line     0x0000000000000000     0x1e27
 *(.debug_line)
 .debug_line    0x0000000000000000       0x6c lcd_hw_4_bit.o
 .debug_line    0x000000000000006c      0x1ac lcd-routines.o
 .debug_line    0x0000000000000218       0x4d i2lcd.o
 .debug_line    0x0000000000000265       0x6c PinLayout.o
 .debug_line    0x00000000000002d1       0x5b RvalOut.o
 .debug_line    0x000000000000032c       0x80 UfAusgabe.o
 .debug_line    0x00000000000003ac      0x136 DisplayValue.o
 .debug_line    0x00000000000004e2       0x39 swuart.o
 .debug_line    0x000000000000051b       0x64 wait1000ms.o
 .debug_line    0x000000000000057f       0x80 ReadADC.o
 .debug_line    0x00000000000005ff       0x9a wait_for_key_ms.o
 .debug_line    0x0000000000000699       0x83 RefVoltage.o
 .debug_line    0x000000000000071c       0x54 get_log.o
 .debug_line    0x0000000000000770      0x450 main.o
 .debug_line    0x0000000000000bc0       0xe4 Battery_check.o
 .debug_line    0x0000000000000ca4      0x2bf CheckPins.o
 .debug_line    0x0000000000000f63      0x135 GetResistance.o
 .debug_line    0x0000000000001098       0x98 ChargePin10ms.o
 .debug_line    0x0000000000001130       0xf4 EntladePins.o
 .debug_line    0x0000000000001224      0x1d8 ReadCapacity.o
 .debug_line    0x00000000000013fc       0x76 GetRLmultip.o
 .debug_line    0x0000000000001472       0xd8 Calibrate_UR.o
 .debug_line    0x000000000000154a      0x11f show_Resis_Cap.o
 .debug_line    0x0000000000001669      0x18c ReadInductance.o
 .debug_line    0x00000000000017f5      0x1ab GetESR.o
 .debug_line    0x00000000000019a0      0x110 GetVloss.o
 .debug_line    0x0000000000001ab0       0x5f GetFrequency.o
 .debug_line    0x0000000000001b0f       0x5f function_menu.o
 .debug_line    0x0000000000001b6e       0x5f message_key_released.o
 .debug_line    0x0000000000001bcd       0x5f ReadBigCap.o
 .debug_line    0x0000000000001c2c       0x5f CheckRotaryEncoder.o
 .debug_line    0x0000000000001c8b       0x5f CalibrationCap.o
 .debug_line    0x0000000000001cea       0x5f ShowData.o
 .debug_line    0x0000000000001d49       0x5f CheckUJT.o
 .debug_line    0x0000000000001da8       0x7f EE_check_init.o

.debug_frame    0x0000000000000000      0x684
 *(.debug_frame)
 .debug_frame   0x0000000000000000      0x204 lcd-routines.o
 .debug_frame   0x0000000000000204       0x7c DisplayValue.o
 .debug_frame   0x0000000000000280      0x108 main.o
 .debug_frame   0x0000000000000388       0x38 Battery_check.o
 .debug_frame   0x00000000000003c0       0x4c CheckPins.o
 .debug_frame   0x000000000000040c       0x48 GetResistance.o
 .debug_frame   0x0000000000000454       0x2c ChargePin10ms.o
 .debug_frame   0x0000000000000480       0x3c EntladePins.o
 .debug_frame   0x00000000000004bc       0x6c ReadCapacity.o
 .debug_frame   0x0000000000000528       0x40 Calibrate_UR.o
 .debug_frame   0x0000000000000568       0x70 show_Resis_Cap.o
 .debug_frame   0x00000000000005d8       0x4c ReadInductance.o
 .debug_frame   0x0000000000000624       0x3c GetVloss.o
 .debug_frame   0x0000000000000660       0x24 EE_check_init.o

.debug_str      0x0000000000000000      0xfc5
 *(.debug_str)
 .debug_str     0x0000000000000000      0x3fd lcd-routines.o
                                        0x456 (size before relaxing)
 .debug_str     0x00000000000003fd       0x8f DisplayValue.o
                                        0x23c (size before relaxing)
 .debug_str     0x000000000000048c      0x67c main.o
                                        0x9f6 (size before relaxing)
 .debug_str     0x0000000000000b08       0x3a Battery_check.o
                                        0x23a (size before relaxing)
 .debug_str     0x0000000000000b42      0x119 CheckPins.o
                                        0x39d (size before relaxing)
 .debug_str     0x0000000000000c5b       0x33 GetResistance.o
                                        0x31d (size before relaxing)
 .debug_str     0x0000000000000c8e       0x2f ChargePin10ms.o
                                        0x1b1 (size before relaxing)
 .debug_str     0x0000000000000cbd       0x31 EntladePins.o
                                        0x1d9 (size before relaxing)
 .debug_str     0x0000000000000cee       0xb4 ReadCapacity.o
                                        0x39a (size before relaxing)
 .debug_str     0x0000000000000da2       0x35 Calibrate_UR.o
                                        0x265 (size before relaxing)
 .debug_str     0x0000000000000dd7       0x7b show_Resis_Cap.o
                                        0x33a (size before relaxing)
 .debug_str     0x0000000000000e52       0x9b ReadInductance.o
                                        0x319 (size before relaxing)
 .debug_str     0x0000000000000eed       0x20 GetVloss.o
                                        0x260 (size before relaxing)
 .debug_str     0x0000000000000f0d       0x12 GetFrequency.o
                                        0x175 (size before relaxing)
 .debug_str     0x0000000000000f1f       0x13 function_menu.o
                                        0x176 (size before relaxing)
 .debug_str     0x0000000000000f32       0x1a message_key_released.o
                                        0x17d (size before relaxing)
 .debug_str     0x0000000000000f4c       0x10 ReadBigCap.o
                                        0x173 (size before relaxing)
 .debug_str     0x0000000000000f5c       0x18 CheckRotaryEncoder.o
                                        0x17b (size before relaxing)
 .debug_str     0x0000000000000f74       0x14 CalibrationCap.o
                                        0x177 (size before relaxing)
 .debug_str     0x0000000000000f88        0xe ShowData.o
                                        0x171 (size before relaxing)
 .debug_str     0x0000000000000f96        0xe CheckUJT.o
                                        0x171 (size before relaxing)
 .debug_str     0x0000000000000fa4       0x21 EE_check_init.o
                                        0x184 (size before relaxing)

.debug_loc      0x0000000000000000     0x3d42
 *(.debug_loc)
 .debug_loc     0x0000000000000000      0x41e lcd-routines.o
 .debug_loc     0x000000000000041e      0x3f2 DisplayValue.o
 .debug_loc     0x0000000000000810      0x7df main.o
 .debug_loc     0x0000000000000fef       0x89 Battery_check.o
 .debug_loc     0x0000000000001078     0x1725 CheckPins.o
 .debug_loc     0x000000000000279d      0x7ce GetResistance.o
 .debug_loc     0x0000000000002f6b       0x72 ChargePin10ms.o
 .debug_loc     0x0000000000002fdd      0x19f EntladePins.o
 .debug_loc     0x000000000000317c      0x359 ReadCapacity.o
 .debug_loc     0x00000000000034d5       0x88 Calibrate_UR.o
 .debug_loc     0x000000000000355d      0x170 show_Resis_Cap.o
 .debug_loc     0x00000000000036cd      0x45d ReadInductance.o
 .debug_loc     0x0000000000003b2a      0x218 GetVloss.o

.debug_macinfo
 *(.debug_macinfo)

.debug_pubtypes
 *(.debug_pubtypes)

.debug_ranges   0x0000000000000000       0x18
 *(.debug_ranges)
 .debug_ranges  0x0000000000000000       0x18 main.o

.debug_macro
 *(.debug_macro)
OUTPUT(TransistorTester.elf elf32-avr)
LOAD linker stubs
