Archive member included because of file (symbol)

/usr/lib/gcc/avr/4.5.3/avr5/libgcc.a(_mulsi3.o)
                              main.o (__mulsi3)
/usr/lib/gcc/avr/4.5.3/avr5/libgcc.a(_udivmodqi4.o)
                              main.o (__udivmodqi4)
/usr/lib/gcc/avr/4.5.3/avr5/libgcc.a(_udivmodhi4.o)
                              main.o (__udivmodhi4)
/usr/lib/gcc/avr/4.5.3/avr5/libgcc.a(_udivmodsi4.o)
                              main.o (__udivmodsi4)
/usr/lib/gcc/avr/4.5.3/avr5/libgcc.a(_divmodsi4.o)
                              main.o (__divmodsi4)
/usr/lib/gcc/avr/4.5.3/avr5/libgcc.a(_exit.o)
                              /usr/lib/gcc/avr/4.5.3/../../../avr/lib/avr5/crtm168.o (exit)
/usr/lib/gcc/avr/4.5.3/avr5/libgcc.a(_copy_data.o)
                              main.o (__do_copy_data)
/usr/lib/gcc/avr/4.5.3/avr5/libgcc.a(_clear_bss.o)
                              main.o (__do_clear_bss)
/usr/lib/gcc/avr/4.5.3/../../../avr/lib/avr5/libc.a(itoa.o)
                              main.o (itoa)
/usr/lib/gcc/avr/4.5.3/../../../avr/lib/avr5/libc.a(utoa.o)
                              main.o (utoa)
/usr/lib/gcc/avr/4.5.3/../../../avr/lib/avr5/libc.a(eerd_byte_atmega168.o)
                              lcd-routines.o (__eerd_byte_m168)
/usr/lib/gcc/avr/4.5.3/../../../avr/lib/avr5/libc.a(eerd_word_atmega168.o)
                              main.o (__eerd_word_m168)
/usr/lib/gcc/avr/4.5.3/../../../avr/lib/avr5/libc.a(eewr_byte_atmega168.o)
                              main.o (__eewr_byte_m168)
/usr/lib/gcc/avr/4.5.3/../../../avr/lib/avr5/libc.a(eewr_word_atmega168.o)
                              main.o (__eewr_word_m168)
/usr/lib/gcc/avr/4.5.3/../../../avr/lib/avr5/libc.a(strrev.o)
                              /usr/lib/gcc/avr/4.5.3/../../../avr/lib/avr5/libc.a(itoa.o) (strrev)
/usr/lib/gcc/avr/4.5.3/../../../avr/lib/avr5/libc.a(eerd_block_atmega168.o)
                              /usr/lib/gcc/avr/4.5.3/../../../avr/lib/avr5/libc.a(eerd_word_atmega168.o) (__eerd_blraw_m168)

Allocating common symbols
Common symbol       size              file

display_time        0x2               main.o
resis680mi          0x2               main.o
PartReady           0x1               main.o
NumOfDiodes         0x1               main.o
PartMode            0x1               main.o
PartFound           0x1               main.o
resis680pl          0x2               main.o
tmpval              0x1               main.o
mess_count          0x1               main.o
outval              0xc               main.o
resis               0x21              main.o
ADCconfig           0x6               main.o
ref_mv              0x2               main.o
tmpval2             0x1               main.o
WithReference       0x1               main.o
empty_count         0x1               main.o
ii                  0x1               main.o
pin_combination     0x1               main.o
trans               0xf               main.o
ResistorsFound      0x1               main.o
gthvoltage          0x2               main.o
cap                 0x12              main.o
load_diff           0x2               main.o
diodes              0x18              main.o

Memory Configuration

Name             Origin             Length             Attributes
text             0x0000000000000000 0x0000000000020000 xr
data             0x0000000000800060 0x000000000000ffa0 rw !x
eeprom           0x0000000000810000 0x0000000000010000 rw !x
fuse             0x0000000000820000 0x0000000000000400 rw !x
lock             0x0000000000830000 0x0000000000000400 rw !x
signature        0x0000000000840000 0x0000000000000400 rw !x
*default*        0x0000000000000000 0xffffffffffffffff

Linker script and memory map

Address of section .data set to 0x800100
LOAD /usr/lib/gcc/avr/4.5.3/../../../avr/lib/avr5/crtm168.o
LOAD lcd-routines.o
LOAD lcd_hw_4_bit.o
LOAD main.o
LOAD swuart.o
LOAD wait1000ms.o
LOAD CombineToLong.o
LOAD ReadCapacity.o
LOAD ReadInductance.o
LOAD ReadADC.o
LOAD GetESR.o
LOAD /usr/lib/gcc/avr/4.5.3/avr5/libgcc.a
LOAD /usr/lib/gcc/avr/4.5.3/../../../avr/lib/avr5/libc.a
LOAD /usr/lib/gcc/avr/4.5.3/avr5/libgcc.a

.hash
 *(.hash)

.dynsym
 *(.dynsym)

.dynstr
 *(.dynstr)

.gnu.version
 *(.gnu.version)

.gnu.version_d
 *(.gnu.version_d)

.gnu.version_r
 *(.gnu.version_r)

.rel.init
 *(.rel.init)

.rela.init
 *(.rela.init)

.rel.text
 *(.rel.text)
 *(.rel.text.*)
 *(.rel.gnu.linkonce.t*)

.rela.text
 *(.rela.text)
 *(.rela.text.*)
 *(.rela.gnu.linkonce.t*)

.rel.fini
 *(.rel.fini)

.rela.fini
 *(.rela.fini)

.rel.rodata
 *(.rel.rodata)
 *(.rel.rodata.*)
 *(.rel.gnu.linkonce.r*)

.rela.rodata
 *(.rela.rodata)
 *(.rela.rodata.*)
 *(.rela.gnu.linkonce.r*)

.rel.data
 *(.rel.data)
 *(.rel.data.*)
 *(.rel.gnu.linkonce.d*)

.rela.data
 *(.rela.data)
 *(.rela.data.*)
 *(.rela.gnu.linkonce.d*)

.rel.ctors
 *(.rel.ctors)

.rela.ctors
 *(.rela.ctors)

.rel.dtors
 *(.rel.dtors)

.rela.dtors
 *(.rela.dtors)

.rel.got
 *(.rel.got)

.rela.got
 *(.rela.got)

.rel.bss
 *(.rel.bss)

.rela.bss
 *(.rela.bss)

.rel.plt
 *(.rel.plt)

.rela.plt
 *(.rela.plt)

.text           0x0000000000000000     0x3c30
 *(.vectors)
 .vectors       0x0000000000000000       0x68 /usr/lib/gcc/avr/4.5.3/../../../avr/lib/avr5/crtm168.o
                0x0000000000000000                __vectors
                0x0000000000000000                __vector_default
 *(.vectors)
 *(.progmem.gcc*)
 *(.progmem*)
 .progmem.data  0x0000000000000068       0xae main.o
                0x0000000000000068                LogTab
                0x00000000000000c4                SELFTEST
                0x00000000000000d4                RELPROBE
                0x00000000000000e2                URefT
                0x00000000000000e7                RHfakt
                0x00000000000000ec                RH1L
                0x00000000000000f0                RH1H
                0x00000000000000f4                RLRL
                0x0000000000000102                RHRH
                0x0000000000000110                T50HZ
                0x0000000000000116                . = ALIGN (0x2)
                0x0000000000000116                __trampolines_start = .
 *(.trampolines)
 .trampolines   0x0000000000000116        0x0 linker stubs
 *(.trampolines*)
                0x0000000000000116                __trampolines_end = .
 *(.jumptables)
 *(.jumptables*)
 *(.lowtext)
 *(.lowtext*)
                0x0000000000000116                __ctors_start = .
 *(.ctors)
                0x0000000000000116                __ctors_end = .
                0x0000000000000116                __dtors_start = .
 *(.dtors)
                0x0000000000000116                __dtors_end = .
 SORT(*)(.ctors)
 SORT(*)(.dtors)
 *(.init0)
 .init0         0x0000000000000116        0x0 /usr/lib/gcc/avr/4.5.3/../../../avr/lib/avr5/crtm168.o
                0x0000000000000116                __init
 *(.init0)
 *(.init1)
 *(.init1)
 *(.init2)
 .init2         0x0000000000000116        0xc /usr/lib/gcc/avr/4.5.3/../../../avr/lib/avr5/crtm168.o
 *(.init2)
 *(.init3)
 *(.init3)
 *(.init4)
 .init4         0x0000000000000122       0x16 /usr/lib/gcc/avr/4.5.3/avr5/libgcc.a(_copy_data.o)
                0x0000000000000122                __do_copy_data
 .init4         0x0000000000000138       0x10 /usr/lib/gcc/avr/4.5.3/avr5/libgcc.a(_clear_bss.o)
                0x0000000000000138                __do_clear_bss
 *(.init4)
 *(.init5)
 *(.init5)
 *(.init6)
 *(.init6)
 *(.init7)
 *(.init7)
 *(.init8)
 *(.init8)
 *(.init9)
 .init9         0x0000000000000148        0x8 /usr/lib/gcc/avr/4.5.3/../../../avr/lib/avr5/crtm168.o
 *(.init9)
 *(.text)
 .text          0x0000000000000150        0x4 /usr/lib/gcc/avr/4.5.3/../../../avr/lib/avr5/crtm168.o
                0x0000000000000150                __vector_22
                0x0000000000000150                __vector_1
                0x0000000000000150                __vector_24
                0x0000000000000150                __vector_12
                0x0000000000000150                __bad_interrupt
                0x0000000000000150                __vector_6
                0x0000000000000150                __vector_3
                0x0000000000000150                __vector_23
                0x0000000000000150                __vector_25
                0x0000000000000150                __vector_11
                0x0000000000000150                __vector_13
                0x0000000000000150                __vector_17
                0x0000000000000150                __vector_19
                0x0000000000000150                __vector_7
                0x0000000000000150                __vector_5
                0x0000000000000150                __vector_4
                0x0000000000000150                __vector_9
                0x0000000000000150                __vector_2
                0x0000000000000150                __vector_21
                0x0000000000000150                __vector_15
                0x0000000000000150                __vector_8
                0x0000000000000150                __vector_14
                0x0000000000000150                __vector_10
                0x0000000000000150                __vector_16
                0x0000000000000150                __vector_18
                0x0000000000000150                __vector_20
 .text          0x0000000000000154      0x19a lcd-routines.o
                0x0000000000000154                lcd_data
                0x00000000000001b6                lcd_space
                0x00000000000001be                lcd_testpin
                0x00000000000001c6                uart_newline
                0x00000000000001d4                lcd_command
                0x00000000000001f4                lcd_clear
                0x000000000000020a                lcd_init
                0x0000000000000256                lcd_string
                0x000000000000027e                lcd_pgm_string
                0x000000000000029e                lcd_fix_string
                0x00000000000002c0                lcd_fix_customchar
 .text          0x00000000000002ee       0x5c lcd_hw_4_bit.o
                0x00000000000002ee                _lcd_hw_write
 .text          0x000000000000034a     0x2552 main.o
                0x000000000000034a                ChargePin10ms
                0x000000000000038c                CheckPins
                0x00000000000010fc                EntladePins
                0x0000000000001232                RefVoltage
                0x00000000000012d2                lcd_clear_line
                0x00000000000012e2                DisplayValue
                0x000000000000144e                RvalOut
                0x0000000000001482                mVAusgabe
                0x00000000000014b2                UfAusgabe
                0x00000000000014da                AutoCheck
                0x0000000000001e18                main
 .text          0x000000000000289c       0x40 swuart.o
                0x000000000000289c                uart_putc
 .text          0x00000000000028dc       0x4a wait1000ms.o
                0x00000000000028dc                wait5s
                0x00000000000028de                wait4s
                0x00000000000028e0                wait3s
                0x00000000000028e2                wait2s
                0x00000000000028e4                wait1000ms
                0x00000000000028e4                wait1s
                0x00000000000028e6                wait500ms
                0x00000000000028e8                wait400ms
                0x00000000000028ea                wait300ms
                0x00000000000028ec                wait200ms
                0x00000000000028ee                wait100ms
                0x00000000000028f2                wait50ms
                0x00000000000028f4                wait40ms
                0x00000000000028f6                wait30ms
                0x00000000000028f8                wait20ms
                0x00000000000028fa                wait10ms
                0x00000000000028fc                wait5ms
                0x00000000000028fe                wait4ms
                0x0000000000002900                wait3ms
                0x0000000000002902                wait2ms
                0x0000000000002904                wait1ms
                0x0000000000002906                wait500us
                0x0000000000002908                wait400us
                0x000000000000290a                wait300us
                0x000000000000290c                wait200us
                0x000000000000290e                wait100us
                0x0000000000002910                wait50us
                0x0000000000002912                wait40us
                0x0000000000002914                wait30us
                0x0000000000002916                wait20us
                0x0000000000002918                wait10us
                0x000000000000291a                wait5us
                0x000000000000291c                wait4us
                0x000000000000291e                wait3us
                0x0000000000002920                wait2us
                0x0000000000002922                wait1us
 .text          0x0000000000002926        0x4 CombineToLong.o
                0x0000000000002926                CombineBI2Long
                0x0000000000002928                CombineII2Long
 .text          0x000000000000292a      0x5f2 ReadCapacity.o
                0x000000000000292a                getRLmultip
                0x00000000000029ae                Scale_C_with_vcc
                0x0000000000002a4e                ReadCapacity
 .text          0x0000000000002f1c      0x542 ReadInductance.o
                0x0000000000002f1c                ReadInductance
 .text          0x000000000000345e       0xe6 ReadADC.o
                0x000000000000345e                W20msReadADC
                0x0000000000003462                W10msReadADC
                0x0000000000003466                W5msReadADC
                0x000000000000346a                ReadADC
 .text          0x0000000000003544      0x500 GetESR.o
                0x0000000000003544                GetESR
 .text          0x0000000000003a44        0x0 /usr/lib/gcc/avr/4.5.3/avr5/libgcc.a(_mulsi3.o)
 .text          0x0000000000003a44        0x0 /usr/lib/gcc/avr/4.5.3/avr5/libgcc.a(_udivmodqi4.o)
 .text          0x0000000000003a44        0x0 /usr/lib/gcc/avr/4.5.3/avr5/libgcc.a(_udivmodhi4.o)
 .text          0x0000000000003a44        0x0 /usr/lib/gcc/avr/4.5.3/avr5/libgcc.a(_udivmodsi4.o)
 .text          0x0000000000003a44        0x0 /usr/lib/gcc/avr/4.5.3/avr5/libgcc.a(_divmodsi4.o)
 .text          0x0000000000003a44        0x0 /usr/lib/gcc/avr/4.5.3/avr5/libgcc.a(_exit.o)
 .text          0x0000000000003a44        0x0 /usr/lib/gcc/avr/4.5.3/avr5/libgcc.a(_copy_data.o)
 .text          0x0000000000003a44        0x0 /usr/lib/gcc/avr/4.5.3/avr5/libgcc.a(_clear_bss.o)
 .text          0x0000000000003a44        0x0 /usr/lib/gcc/avr/4.5.3/../../../avr/lib/avr5/libc.a(itoa.o)
 .text          0x0000000000003a44        0x0 /usr/lib/gcc/avr/4.5.3/../../../avr/lib/avr5/libc.a(utoa.o)
 .text          0x0000000000003a44        0x0 /usr/lib/gcc/avr/4.5.3/../../../avr/lib/avr5/libc.a(eerd_byte_atmega168.o)
 .text          0x0000000000003a44        0x0 /usr/lib/gcc/avr/4.5.3/../../../avr/lib/avr5/libc.a(eerd_word_atmega168.o)
 .text          0x0000000000003a44        0x0 /usr/lib/gcc/avr/4.5.3/../../../avr/lib/avr5/libc.a(eewr_byte_atmega168.o)
 .text          0x0000000000003a44        0x0 /usr/lib/gcc/avr/4.5.3/../../../avr/lib/avr5/libc.a(eewr_word_atmega168.o)
 .text          0x0000000000003a44        0x0 /usr/lib/gcc/avr/4.5.3/../../../avr/lib/avr5/libc.a(strrev.o)
 .text          0x0000000000003a44        0x0 /usr/lib/gcc/avr/4.5.3/../../../avr/lib/avr5/libc.a(eerd_block_atmega168.o)
                0x0000000000003a44                . = ALIGN (0x2)
 *(.text.*)
 .text.libgcc   0x0000000000003a44       0x3e /usr/lib/gcc/avr/4.5.3/avr5/libgcc.a(_mulsi3.o)
                0x0000000000003a44                __mulsi3
 .text.libgcc   0x0000000000003a82       0x18 /usr/lib/gcc/avr/4.5.3/avr5/libgcc.a(_udivmodqi4.o)
                0x0000000000003a82                __udivmodqi4
 .text.libgcc   0x0000000000003a9a       0x28 /usr/lib/gcc/avr/4.5.3/avr5/libgcc.a(_udivmodhi4.o)
                0x0000000000003a9a                __udivmodhi4
 .text.libgcc   0x0000000000003ac2       0x44 /usr/lib/gcc/avr/4.5.3/avr5/libgcc.a(_udivmodsi4.o)
                0x0000000000003ac2                __udivmodsi4
 .text.libgcc   0x0000000000003b06       0x36 /usr/lib/gcc/avr/4.5.3/avr5/libgcc.a(_divmodsi4.o)
                0x0000000000003b06                __divmodsi4
 .text.libgcc   0x0000000000003b3c        0x0 /usr/lib/gcc/avr/4.5.3/avr5/libgcc.a(_exit.o)
 .text.libgcc   0x0000000000003b3c        0x0 /usr/lib/gcc/avr/4.5.3/avr5/libgcc.a(_copy_data.o)
 .text.libgcc   0x0000000000003b3c        0x0 /usr/lib/gcc/avr/4.5.3/avr5/libgcc.a(_clear_bss.o)
 .text.avr-libc
                0x0000000000003b3c       0x42 /usr/lib/gcc/avr/4.5.3/../../../avr/lib/avr5/libc.a(itoa.o)
                0x0000000000003b3c                itoa
 .text.avr-libc
                0x0000000000003b7e       0x2c /usr/lib/gcc/avr/4.5.3/../../../avr/lib/avr5/libc.a(utoa.o)
                0x0000000000003b7e                utoa
 .text.avr-libc
                0x0000000000003baa       0x10 /usr/lib/gcc/avr/4.5.3/../../../avr/lib/avr5/libc.a(eerd_byte_atmega168.o)
                0x0000000000003baa                __eerd_byte_m168
 .text.avr-libc
                0x0000000000003bba        0xc /usr/lib/gcc/avr/4.5.3/../../../avr/lib/avr5/libc.a(eerd_word_atmega168.o)
                0x0000000000003bba                __eerd_word_m168
 .text.avr-libc
                0x0000000000003bc6       0x1c /usr/lib/gcc/avr/4.5.3/../../../avr/lib/avr5/libc.a(eewr_byte_atmega168.o)
                0x0000000000003bc6                __eewr_byte_m168
                0x0000000000003bc8                __eewr_r18_m168
 .text.avr-libc
                0x0000000000003be2        0xa /usr/lib/gcc/avr/4.5.3/../../../avr/lib/avr5/libc.a(eewr_word_atmega168.o)
                0x0000000000003be2                __eewr_word_m168
 .text.avr-libc
                0x0000000000003bec       0x20 /usr/lib/gcc/avr/4.5.3/../../../avr/lib/avr5/libc.a(strrev.o)
                0x0000000000003bec                strrev
 .text.avr-libc
                0x0000000000003c0c       0x20 /usr/lib/gcc/avr/4.5.3/../../../avr/lib/avr5/libc.a(eerd_block_atmega168.o)
                0x0000000000003c0c                __eerd_block_m168
                0x0000000000003c10                __eerd_blraw_m168
                0x0000000000003c2c                . = ALIGN (0x2)
 *(.fini9)
 .fini9         0x0000000000003c2c        0x0 /usr/lib/gcc/avr/4.5.3/avr5/libgcc.a(_exit.o)
                0x0000000000003c2c                exit
                0x0000000000003c2c                _exit
 *(.fini9)
 *(.fini8)
 *(.fini8)
 *(.fini7)
 *(.fini7)
 *(.fini6)
 *(.fini6)
 *(.fini5)
 *(.fini5)
 *(.fini4)
 *(.fini4)
 *(.fini3)
 *(.fini3)
 *(.fini2)
 *(.fini2)
 *(.fini1)
 *(.fini1)
 *(.fini0)
 .fini0         0x0000000000003c2c        0x4 /usr/lib/gcc/avr/4.5.3/avr5/libgcc.a(_exit.o)
 *(.fini0)
                0x0000000000003c30                _etext = .

.data           0x0000000000800100        0x2 load address 0x0000000000003c30
                0x0000000000800100                PROVIDE (__data_start, .)
 *(.data)
 .data          0x0000000000800100        0x0 /usr/lib/gcc/avr/4.5.3/../../../avr/lib/avr5/crtm168.o
 .data          0x0000000000800100        0x0 lcd-routines.o
 .data          0x0000000000800100        0x0 lcd_hw_4_bit.o
 .data          0x0000000000800100        0x2 main.o
                0x0000000000800100                RHmultip
 .data          0x0000000000800102        0x0 swuart.o
 .data          0x0000000000800102        0x0 wait1000ms.o
 .data          0x0000000000800102        0x0 CombineToLong.o
 .data          0x0000000000800102        0x0 ReadCapacity.o
 .data          0x0000000000800102        0x0 ReadInductance.o
 .data          0x0000000000800102        0x0 ReadADC.o
 .data          0x0000000000800102        0x0 GetESR.o
 .data          0x0000000000800102        0x0 /usr/lib/gcc/avr/4.5.3/avr5/libgcc.a(_mulsi3.o)
 .data          0x0000000000800102        0x0 /usr/lib/gcc/avr/4.5.3/avr5/libgcc.a(_udivmodqi4.o)
 .data          0x0000000000800102        0x0 /usr/lib/gcc/avr/4.5.3/avr5/libgcc.a(_udivmodhi4.o)
 .data          0x0000000000800102        0x0 /usr/lib/gcc/avr/4.5.3/avr5/libgcc.a(_udivmodsi4.o)
 .data          0x0000000000800102        0x0 /usr/lib/gcc/avr/4.5.3/avr5/libgcc.a(_divmodsi4.o)
 .data          0x0000000000800102        0x0 /usr/lib/gcc/avr/4.5.3/avr5/libgcc.a(_exit.o)
 .data          0x0000000000800102        0x0 /usr/lib/gcc/avr/4.5.3/avr5/libgcc.a(_copy_data.o)
 .data          0x0000000000800102        0x0 /usr/lib/gcc/avr/4.5.3/avr5/libgcc.a(_clear_bss.o)
 .data          0x0000000000800102        0x0 /usr/lib/gcc/avr/4.5.3/../../../avr/lib/avr5/libc.a(itoa.o)
 .data          0x0000000000800102        0x0 /usr/lib/gcc/avr/4.5.3/../../../avr/lib/avr5/libc.a(utoa.o)
 .data          0x0000000000800102        0x0 /usr/lib/gcc/avr/4.5.3/../../../avr/lib/avr5/libc.a(eerd_byte_atmega168.o)
 .data          0x0000000000800102        0x0 /usr/lib/gcc/avr/4.5.3/../../../avr/lib/avr5/libc.a(eerd_word_atmega168.o)
 .data          0x0000000000800102        0x0 /usr/lib/gcc/avr/4.5.3/../../../avr/lib/avr5/libc.a(eewr_byte_atmega168.o)
 .data          0x0000000000800102        0x0 /usr/lib/gcc/avr/4.5.3/../../../avr/lib/avr5/libc.a(eewr_word_atmega168.o)
 .data          0x0000000000800102        0x0 /usr/lib/gcc/avr/4.5.3/../../../avr/lib/avr5/libc.a(strrev.o)
 .data          0x0000000000800102        0x0 /usr/lib/gcc/avr/4.5.3/../../../avr/lib/avr5/libc.a(eerd_block_atmega168.o)
 *(.data*)
 *(.rodata)
 *(.rodata*)
 *(.gnu.linkonce.d*)
                0x0000000000800102                . = ALIGN (0x2)
                0x0000000000800102                _edata = .
                0x0000000000800102                PROVIDE (__data_end, .)

.bss            0x0000000000800102       0x84
                0x0000000000800102                PROVIDE (__bss_start, .)
 *(.bss)
 .bss           0x0000000000800102        0x0 /usr/lib/gcc/avr/4.5.3/../../../avr/lib/avr5/crtm168.o
 .bss           0x0000000000800102        0x0 lcd-routines.o
 .bss           0x0000000000800102        0x0 lcd_hw_4_bit.o
 .bss           0x0000000000800102        0x0 main.o
 .bss           0x0000000000800102        0x0 swuart.o
 .bss           0x0000000000800102        0x0 wait1000ms.o
 .bss           0x0000000000800102        0x0 CombineToLong.o
 .bss           0x0000000000800102        0x0 ReadCapacity.o
 .bss           0x0000000000800102        0x0 ReadInductance.o
 .bss           0x0000000000800102        0x0 ReadADC.o
 .bss           0x0000000000800102        0x0 GetESR.o
 .bss           0x0000000000800102        0x0 /usr/lib/gcc/avr/4.5.3/avr5/libgcc.a(_mulsi3.o)
 .bss           0x0000000000800102        0x0 /usr/lib/gcc/avr/4.5.3/avr5/libgcc.a(_udivmodqi4.o)
 .bss           0x0000000000800102        0x0 /usr/lib/gcc/avr/4.5.3/avr5/libgcc.a(_udivmodhi4.o)
 .bss           0x0000000000800102        0x0 /usr/lib/gcc/avr/4.5.3/avr5/libgcc.a(_udivmodsi4.o)
 .bss           0x0000000000800102        0x0 /usr/lib/gcc/avr/4.5.3/avr5/libgcc.a(_divmodsi4.o)
 .bss           0x0000000000800102        0x0 /usr/lib/gcc/avr/4.5.3/avr5/libgcc.a(_exit.o)
 .bss           0x0000000000800102        0x0 /usr/lib/gcc/avr/4.5.3/avr5/libgcc.a(_copy_data.o)
 .bss           0x0000000000800102        0x0 /usr/lib/gcc/avr/4.5.3/avr5/libgcc.a(_clear_bss.o)
 .bss           0x0000000000800102        0x0 /usr/lib/gcc/avr/4.5.3/../../../avr/lib/avr5/libc.a(itoa.o)
 .bss           0x0000000000800102        0x0 /usr/lib/gcc/avr/4.5.3/../../../avr/lib/avr5/libc.a(utoa.o)
 .bss           0x0000000000800102        0x0 /usr/lib/gcc/avr/4.5.3/../../../avr/lib/avr5/libc.a(eerd_byte_atmega168.o)
 .bss           0x0000000000800102        0x0 /usr/lib/gcc/avr/4.5.3/../../../avr/lib/avr5/libc.a(eerd_word_atmega168.o)
 .bss           0x0000000000800102        0x0 /usr/lib/gcc/avr/4.5.3/../../../avr/lib/avr5/libc.a(eewr_byte_atmega168.o)
 .bss           0x0000000000800102        0x0 /usr/lib/gcc/avr/4.5.3/../../../avr/lib/avr5/libc.a(eewr_word_atmega168.o)
 .bss           0x0000000000800102        0x0 /usr/lib/gcc/avr/4.5.3/../../../avr/lib/avr5/libc.a(strrev.o)
 .bss           0x0000000000800102        0x0 /usr/lib/gcc/avr/4.5.3/../../../avr/lib/avr5/libc.a(eerd_block_atmega168.o)
 *(.bss*)
 *(COMMON)
 COMMON         0x0000000000800102       0x84 main.o
                0x0000000000800102                display_time
                0x0000000000800104                resis680mi
                0x0000000000800106                PartReady
                0x0000000000800107                NumOfDiodes
                0x0000000000800108                PartMode
                0x0000000000800109                PartFound
                0x000000000080010a                resis680pl
                0x000000000080010c                tmpval
                0x000000000080010d                mess_count
                0x000000000080010e                outval
                0x000000000080011a                resis
                0x000000000080013b                ADCconfig
                0x0000000000800141                ref_mv
                0x0000000000800143                tmpval2
                0x0000000000800144                WithReference
                0x0000000000800145                empty_count
                0x0000000000800146                ii
                0x0000000000800147                pin_combination
                0x0000000000800148                trans
                0x0000000000800157                ResistorsFound
                0x0000000000800158                gthvoltage
                0x000000000080015a                cap
                0x000000000080016c                load_diff
                0x000000000080016e                diodes
                0x0000000000800186                PROVIDE (__bss_end, .)
                0x0000000000003c30                __data_load_start = LOADADDR (.data)
                0x0000000000003c32                __data_load_end = (__data_load_start + SIZEOF (.data))

.noinit         0x0000000000800186        0x0
                0x0000000000800186                PROVIDE (__noinit_start, .)
 *(.noinit*)
                0x0000000000800186                PROVIDE (__noinit_end, .)
                0x0000000000800186                _end = .
                0x0000000000800186                PROVIDE (__heap_start, .)

.eeprom         0x0000000000810000      0x1c7
 *(.eeprom*)
 .eeprom        0x0000000000810000      0x1c7 main.o
                0x0000000000810000                RLtab
                0x000000000081005a                RHtab
                0x000000000081006c                TestRunning
                0x0000000000810077                BatWeak
                0x000000000081007c                BatEmpty
                0x0000000000810083                TestFailed2
                0x000000000081008c                Bauteil
                0x0000000000810091                Diode
                0x0000000000810099                GAK
                0x000000000081009e                Triac
                0x00000000008100a4                Thyristor
                0x00000000008100ae                Unknown
                0x00000000008100b7                TestFailed1
                0x00000000008100c7                OrBroken
                0x00000000008100d3                TestTimedOut
                0x00000000008100dc                ATE
                0x00000000008100e9                Bat_str
                0x00000000008100ef                OK_str
                0x00000000008100f2                mosfet_str
                0x00000000008100f7                jfet_str
                0x00000000008100fc                GateCap_str
                0x00000000008100ff                hfe_str
                0x0000000000810102                NPN_str
                0x0000000000810107                PNP_str
                0x000000000081010c                EBC_str
                0x0000000000810112                GDS_str
                0x0000000000810118                Uf_str
                0x000000000081011c                vt_str
                0x0000000000810121                Vgs_str
                0x0000000000810127                CapZeich
                0x000000000081012b                Cell_str
                0x0000000000810131                VCC_str
                0x0000000000810136                ESR_str
                0x000000000081013c                Lis_str
                0x000000000081013f                AnKat
                0x0000000000810143                KatAn
                0x0000000000810147                Dioden
                0x000000000081014c                Resistor_str
                0x0000000000810151                VERSION_str
                0x000000000081015f                RIHI
                0x0000000000810166                RILO
                0x000000000081016d                MinCap_str
                0x0000000000810175                REF_C_str
                0x000000000081017c                REF_R_str
                0x0000000000810183                DiodeIcon1
                0x000000000081018b                DiodeIcon2
                0x0000000000810193                CapIcon
                0x000000000081019b                ResIcon1
                0x00000000008101a3                ResIcon2
                0x00000000008101ab                PinRLtab
                0x00000000008101ae                PinADCtab
                0x00000000008101b1                R680pl
                0x00000000008101b3                R680mi
                0x00000000008101b5                RefDiff
                0x00000000008101b6                PrefixTab
                0x00000000008101bd                ref_offset
                0x00000000008101bf                c_zero_tab
                0x00000000008101c6                EE_ESR_ZERO
                0x00000000008101c7                __eeprom_end = .

.fuse
 *(.fuse)
 *(.lfuse)
 *(.hfuse)
 *(.efuse)

.lock
 *(.lock*)

.signature
 *(.signature*)

.stab           0x0000000000000000      0xdbc
 *(.stab)
 .stab          0x0000000000000000      0x6cc /usr/lib/gcc/avr/4.5.3/../../../avr/lib/avr5/crtm168.o
 .stab          0x00000000000006cc      0x1b0 /usr/lib/gcc/avr/4.5.3/../../../avr/lib/avr5/libc.a(itoa.o)
                                        0x1bc (size before relaxing)
 .stab          0x000000000000087c      0x12c /usr/lib/gcc/avr/4.5.3/../../../avr/lib/avr5/libc.a(utoa.o)
                                        0x138 (size before relaxing)
 .stab          0x00000000000009a8       0x90 /usr/lib/gcc/avr/4.5.3/../../../avr/lib/avr5/libc.a(eerd_byte_atmega168.o)
                                         0x9c (size before relaxing)
 .stab          0x0000000000000a38       0x6c /usr/lib/gcc/avr/4.5.3/../../../avr/lib/avr5/libc.a(eerd_word_atmega168.o)
                                         0x78 (size before relaxing)
 .stab          0x0000000000000aa4       0xe4 /usr/lib/gcc/avr/4.5.3/../../../avr/lib/avr5/libc.a(eewr_byte_atmega168.o)
                                         0xf0 (size before relaxing)
 .stab          0x0000000000000b88       0x54 /usr/lib/gcc/avr/4.5.3/../../../avr/lib/avr5/libc.a(eewr_word_atmega168.o)
                                         0x60 (size before relaxing)
 .stab          0x0000000000000bdc       0xd8 /usr/lib/gcc/avr/4.5.3/../../../avr/lib/avr5/libc.a(strrev.o)
                                         0xe4 (size before relaxing)
 .stab          0x0000000000000cb4      0x108 /usr/lib/gcc/avr/4.5.3/../../../avr/lib/avr5/libc.a(eerd_block_atmega168.o)
                                        0x114 (size before relaxing)

.stabstr        0x0000000000000000      0x1d2
 *(.stabstr)
 .stabstr       0x0000000000000000      0x1d2 /usr/lib/gcc/avr/4.5.3/../../../avr/lib/avr5/crtm168.o

.stab.excl
 *(.stab.excl)

.stab.exclstr
 *(.stab.exclstr)

.stab.index
 *(.stab.index)

.stab.indexstr
 *(.stab.indexstr)

.comment
 *(.comment)

.debug
 *(.debug)

.line
 *(.line)

.debug_srcinfo
 *(.debug_srcinfo)

.debug_sfnames
 *(.debug_sfnames)

.debug_aranges  0x0000000000000000       0xa0
 *(.debug_aranges)
 .debug_aranges
                0x0000000000000000       0x20 lcd-routines.o
 .debug_aranges
                0x0000000000000020       0x20 main.o
 .debug_aranges
                0x0000000000000040       0x20 ReadCapacity.o
 .debug_aranges
                0x0000000000000060       0x20 ReadInductance.o
 .debug_aranges
                0x0000000000000080       0x20 GetESR.o

.debug_pubnames
                0x0000000000000000      0x69c
 *(.debug_pubnames)
 .debug_pubnames
                0x0000000000000000       0xc5 lcd-routines.o
 .debug_pubnames
                0x00000000000000c5      0x54d main.o
 .debug_pubnames
                0x0000000000000612       0x48 ReadCapacity.o
 .debug_pubnames
                0x000000000000065a       0x25 ReadInductance.o
 .debug_pubnames
                0x000000000000067f       0x1d GetESR.o

.debug_info     0x0000000000000000     0x24e5
 *(.debug_info)
 .debug_info    0x0000000000000000      0x264 lcd-routines.o
 .debug_info    0x0000000000000264     0x1713 main.o
 .debug_info    0x0000000000001977      0x49c ReadCapacity.o
 .debug_info    0x0000000000001e13      0x44e ReadInductance.o
 .debug_info    0x0000000000002261      0x284 GetESR.o
 *(.gnu.linkonce.wi.*)

.debug_abbrev   0x0000000000000000      0x696
 *(.debug_abbrev)
 .debug_abbrev  0x0000000000000000       0xbe lcd-routines.o
 .debug_abbrev  0x00000000000000be      0x28d main.o
 .debug_abbrev  0x000000000000034b      0x170 ReadCapacity.o
 .debug_abbrev  0x00000000000004bb       0xf7 ReadInductance.o
 .debug_abbrev  0x00000000000005b2       0xe4 GetESR.o

.debug_line     0x0000000000000000     0x3247
 *(.debug_line)
 .debug_line    0x0000000000000000      0x2f9 lcd-routines.o
 .debug_line    0x00000000000002f9     0x213c main.o
 .debug_line    0x0000000000002435      0x55e ReadCapacity.o
 .debug_line    0x0000000000002993      0x425 ReadInductance.o
 .debug_line    0x0000000000002db8      0x48f GetESR.o

.debug_frame    0x0000000000000000      0x200
 *(.debug_frame)
 .debug_frame   0x0000000000000000       0xc0 lcd-routines.o
 .debug_frame   0x00000000000000c0       0xc0 main.o
 .debug_frame   0x0000000000000180       0x40 ReadCapacity.o
 .debug_frame   0x00000000000001c0       0x20 ReadInductance.o
 .debug_frame   0x00000000000001e0       0x20 GetESR.o

.debug_str      0x0000000000000000      0x823
 *(.debug_str)
 .debug_str     0x0000000000000000      0x15e lcd-routines.o
                                        0x19c (size before relaxing)
 .debug_str     0x000000000000015e      0x5b9 main.o
                                        0x6b4 (size before relaxing)
 .debug_str     0x0000000000000717       0x93 ReadCapacity.o
                                        0x285 (size before relaxing)
 .debug_str     0x00000000000007aa       0x59 ReadInductance.o
                                        0x24a (size before relaxing)
 .debug_str     0x0000000000000803       0x20 GetESR.o
                                        0x182 (size before relaxing)

.debug_loc      0x0000000000000000     0x1178
 *(.debug_loc)
 .debug_loc     0x0000000000000000      0x1e1 lcd-routines.o
 .debug_loc     0x00000000000001e1      0x9e3 main.o
 .debug_loc     0x0000000000000bc4      0x267 ReadCapacity.o
 .debug_loc     0x0000000000000e2b      0x274 ReadInductance.o
 .debug_loc     0x000000000000109f       0xd9 GetESR.o

.debug_macinfo
 *(.debug_macinfo)
OUTPUT(TransistorTester.elf elf32-avr)
LOAD linker stubs

.debug_pubtypes
                0x0000000000000000      0x1af
 .debug_pubtypes
                0x0000000000000000       0x2b lcd-routines.o
 .debug_pubtypes
                0x000000000000002b       0x74 main.o
 .debug_pubtypes
                0x000000000000009f       0x68 ReadCapacity.o
 .debug_pubtypes
                0x0000000000000107       0x68 ReadInductance.o
 .debug_pubtypes
                0x000000000000016f       0x40 GetESR.o
