Archive member included because of file (symbol)

/usr/lib/gcc/avr/4.8.2/avr5/libgcc.a(_umulhisi3.o)
                              CheckPins.o (__umulhisi3)
/usr/lib/gcc/avr/4.8.2/avr5/libgcc.a(_usmulhisi3.o)
                              main.o (__usmulhisi3)
/usr/lib/gcc/avr/4.8.2/avr5/libgcc.a(_muluhisi3.o)
                              main.o (__muluhisi3)
/usr/lib/gcc/avr/4.8.2/avr5/libgcc.a(_mulsi3.o)
                              ReadADC.o (__mulsi3)
/usr/lib/gcc/avr/4.8.2/avr5/libgcc.a(_udivmodhi4.o)
                              RefVoltage.o (__udivmodhi4)
/usr/lib/gcc/avr/4.8.2/avr5/libgcc.a(_udivmodsi4.o)
                              DisplayValue.o (__udivmodsi4)
/usr/lib/gcc/avr/4.8.2/avr5/libgcc.a(_divmodsi4.o)
                              main.o (__divmodsi4)
/usr/lib/gcc/avr/4.8.2/avr5/libgcc.a(_negsi2.o)
                              /usr/lib/gcc/avr/4.8.2/avr5/libgcc.a(_divmodsi4.o) (__negsi2)
/usr/lib/gcc/avr/4.8.2/avr5/libgcc.a(_prologue.o)
                              lcd-routines.o (__prologue_saves__)
/usr/lib/gcc/avr/4.8.2/avr5/libgcc.a(_epilogue.o)
                              lcd-routines.o (__epilogue_restores__)
/usr/lib/gcc/avr/4.8.2/avr5/libgcc.a(_exit.o)
                              /usr/lib/gcc/avr/4.8.2/../../../avr/lib/avr5/crtm168.o (exit)
/usr/lib/gcc/avr/4.8.2/avr5/libgcc.a(_clear_bss.o)
                              lcd-routines.o (__do_clear_bss)
/usr/lib/gcc/avr/4.8.2/../../../avr/lib/avr5/libc.a(utoa.o)
                              i2lcd.o (utoa)
/usr/lib/gcc/avr/4.8.2/../../../avr/lib/avr5/libc.a(eerd_byte_atmega168.o)
                              lcd-routines.o (__eerd_byte_m168)
/usr/lib/gcc/avr/4.8.2/../../../avr/lib/avr5/libc.a(eewr_byte_atmega168.o)
                              main.o (__eewr_byte_m168)
/usr/lib/gcc/avr/4.8.2/../../../avr/lib/avr5/libc.a(eewr_word_atmega168.o)
                              main.o (__eewr_word_m168)
/usr/lib/gcc/avr/4.8.2/../../../avr/lib/avr5/libc.a(strrev.o)
                              /usr/lib/gcc/avr/4.8.2/../../../avr/lib/avr5/libc.a(utoa.o) (strrev)

Allocating common symbols
Common symbol       size              file

diode_sequence      0x1               main.o
display_time        0x2               main.o
resis680mi          0x2               main.o
ref_mv_offs         0x2               main.o
NumOfDiodes         0x1               main.o
PartMode            0x1               main.o
PartFound           0x1               main.o
resis680pl          0x2               main.o
tmpval              0x1               main.o
last_text_column    0x1               lcd-routines.o
inductor_lpre       0x1               lcd-routines.o
mess_count          0x1               main.o
last_text_line      0x1               lcd-routines.o
outval              0xa               main.o
ADCconfig           0x6               main.o
pin_rpl             0x2               main.o
ref_mv              0x2               main.o
OutBuffer           0xa               main.o
tmpval2             0x1               main.o
UnCalibrated        0x1               main.o
pin_rmi             0x2               main.o
WithReference       0x1               main.o
_lcd_column         0x1               lcd-routines.o
_trans              0x2               main.o
last_line_used      0x1               main.o
ntrans              0x10              main.o
empty_count         0x1               main.o
pin_combination     0x1               main.o
ovcnt16             0x2               main.o
cell_mv             0x6               lcd-routines.o
ResistorChecked     0x3               main.o
ResistorList        0x3               main.o
ptrans              0x10              main.o
adc_internal_reference
                    0x2               main.o
ResistorsFound      0x1               main.o
unfinished          0x1               main.o
RHmultip            0x2               main.o
cap                 0x14              main.o
load_diff           0x2               main.o
diodes              0x18              main.o
inductor_lx         0x4               lcd-routines.o
lcd_text_line       0x1               lcd-routines.o
ResistorVal         0xc               main.o

↵
Speichereinrichtung
↵

Name             Ursprung           Länge             Eigenschaften
text             0x0000000000000000 0x0000000000020000 xr
data             0x0000000000800060 0x000000000000ffa0 rw !x
eeprom           0x0000000000810000 0x0000000000010000 rw !x
fuse             0x0000000000820000 0x0000000000000400 rw !x
lock             0x0000000000830000 0x0000000000000400 rw !x
signature        0x0000000000840000 0x0000000000000400 rw !x
user_signatures  0x0000000000850000 0x0000000000000400 rw !x
*default*        0x0000000000000000 0xffffffffffffffff

Linker script and memory map

Address of section .data set to 0x800100
LOAD /usr/lib/gcc/avr/4.8.2/../../../avr/lib/avr5/crtm168.o
LOAD lcd_hw_4_bit.o
LOAD lcd-routines.o
LOAD i2lcd.o
LOAD PinLayout.o
LOAD RvalOut.o
LOAD UfAusgabe.o
LOAD DisplayValue.o
LOAD swuart.o
LOAD wait1000ms.o
LOAD sleep_5ms.o
LOAD ReadADC.o
LOAD wait_for_key_ms.o
LOAD RefVoltage.o
LOAD get_log.o
LOAD main.o
LOAD Battery_check.o
LOAD CheckPins.o
LOAD GetResistance.o
LOAD ChargePin10ms.o
LOAD EntladePins.o
LOAD ReadCapacity.o
LOAD GetRLmultip.o
LOAD Calibrate_UR.o
LOAD ReadInductance.o
LOAD GetESR.o
LOAD GetVloss.o
LOAD GetFrequency.o
LOAD function_menu.o
LOAD message_key_released.o
LOAD ReadBigCap.o
LOAD CheckRotaryEncoder.o
LOAD CalibrationCap.o
LOAD ShowData.o
LOAD show_Resis_Cap.o
LOAD EE_check_init.o
START GROUP
LOAD /usr/lib/gcc/avr/4.8.2/avr5/libgcc.a
LOAD /usr/lib/gcc/avr/4.8.2/../../../avr/lib/avr5/libm.a
LOAD /usr/lib/gcc/avr/4.8.2/../../../avr/lib/avr5/libc.a
END GROUP

.hash
 *(.hash)

.dynsym
 *(.dynsym)

.dynstr
 *(.dynstr)

.gnu.version
 *(.gnu.version)

.gnu.version_d
 *(.gnu.version_d)

.gnu.version_r
 *(.gnu.version_r)

.rel.init
 *(.rel.init)

.rela.init
 *(.rela.init)

.rel.text
 *(.rel.text)
 *(.rel.text.*)
 *(.rel.gnu.linkonce.t*)

.rela.text
 *(.rela.text)
 *(.rela.text.*)
 *(.rela.gnu.linkonce.t*)

.rel.fini
 *(.rel.fini)

.rela.fini
 *(.rela.fini)

.rel.rodata
 *(.rel.rodata)
 *(.rel.rodata.*)
 *(.rel.gnu.linkonce.r*)

.rela.rodata
 *(.rela.rodata)
 *(.rela.rodata.*)
 *(.rela.gnu.linkonce.r*)

.rel.data
 *(.rel.data)
 *(.rel.data.*)
 *(.rel.gnu.linkonce.d*)

.rela.data
 *(.rela.data)
 *(.rela.data.*)
 *(.rela.gnu.linkonce.d*)

.rel.ctors
 *(.rel.ctors)

.rela.ctors
 *(.rela.ctors)

.rel.dtors
 *(.rel.dtors)

.rela.dtors
 *(.rela.dtors)

.rel.got
 *(.rel.got)

.rela.got
 *(.rela.got)

.rel.bss
 *(.rel.bss)

.rela.bss
 *(.rela.bss)

.rel.plt
 *(.rel.plt)

.rela.plt
 *(.rela.plt)

.text           0x0000000000000000     0x3fda
 *(.vectors)
 .vectors       0x0000000000000000       0x68 /usr/lib/gcc/avr/4.8.2/../../../avr/lib/avr5/crtm168.o
                0x0000000000000000                __vectors
                0x0000000000000000                __vector_default
 *(.vectors)
 *(.progmem.gcc*)
 *(.progmem*)
 .progmem.data  0x0000000000000068       0xaa main.o
                0x0000000000000068                REF_R_str
                0x000000000000006f                REF_C_str
                0x0000000000000076                MinCap_str
                0x000000000000007e                PinRLRHADCtab
                0x0000000000000084                R0_str
                0x0000000000000088                ICEs_str
                0x000000000000008e                ICE0_str
                0x0000000000000094                VERSION_str
                0x00000000000000a2                RHtab
                0x00000000000000b4                LogTab
                0x0000000000000112                . = ALIGN (0x2)
                0x0000000000000112                __trampolines_start = .
 *(.trampolines)
 .trampolines   0x0000000000000112        0x0 linker stubs
 *(.trampolines*)
                0x0000000000000112                __trampolines_end = .
 *(.jumptables)
 *(.jumptables*)
 *(.lowtext)
 *(.lowtext*)
                0x0000000000000112                __ctors_start = .
 *(.ctors)
                0x0000000000000112                __ctors_end = .
                0x0000000000000112                __dtors_start = .
 *(.dtors)
                0x0000000000000112                __dtors_end = .
 SORT(*)(.ctors)
 SORT(*)(.dtors)
 *(.init0)
 .init0         0x0000000000000112        0x0 /usr/lib/gcc/avr/4.8.2/../../../avr/lib/avr5/crtm168.o
                0x0000000000000112                __init
 *(.init0)
 *(.init1)
 *(.init1)
 *(.init2)
 .init2         0x0000000000000112        0xc /usr/lib/gcc/avr/4.8.2/../../../avr/lib/avr5/crtm168.o
 *(.init2)
 *(.init3)
 *(.init3)
 *(.init4)
 .init4         0x000000000000011e       0x10 /usr/lib/gcc/avr/4.8.2/avr5/libgcc.a(_clear_bss.o)
                0x000000000000011e                __do_clear_bss
 *(.init4)
 *(.init5)
 *(.init5)
 *(.init6)
 *(.init6)
 *(.init7)
 *(.init7)
 *(.init8)
 *(.init8)
 *(.init9)
 .init9         0x000000000000012e        0x8 /usr/lib/gcc/avr/4.8.2/../../../avr/lib/avr5/crtm168.o
 *(.init9)
 *(.text)
 .text          0x0000000000000136        0x4 /usr/lib/gcc/avr/4.8.2/../../../avr/lib/avr5/crtm168.o
                0x0000000000000136                __vector_22
                0x0000000000000136                __vector_1
                0x0000000000000136                __vector_24
                0x0000000000000136                __vector_12
                0x0000000000000136                __bad_interrupt
                0x0000000000000136                __vector_6
                0x0000000000000136                __vector_3
                0x0000000000000136                __vector_23
                0x0000000000000136                __vector_25
                0x0000000000000136                __vector_11
                0x0000000000000136                __vector_17
                0x0000000000000136                __vector_19
                0x0000000000000136                __vector_5
                0x0000000000000136                __vector_4
                0x0000000000000136                __vector_9
                0x0000000000000136                __vector_2
                0x0000000000000136                __vector_15
                0x0000000000000136                __vector_8
                0x0000000000000136                __vector_14
                0x0000000000000136                __vector_16
                0x0000000000000136                __vector_18
                0x0000000000000136                __vector_20
 .text          0x000000000000013a       0x5c lcd_hw_4_bit.o
                0x000000000000013a                _lcd_hw_write
 .text          0x0000000000000196      0x260 lcd-routines.o
                0x0000000000000196                lcd_save_position
                0x00000000000001a8                lcd_data
                0x00000000000001b6                lcd_testpin
                0x00000000000001be                lcd_space
                0x00000000000001c6                lcd_spaces
                0x00000000000001ea                lcd_command
                0x00000000000001f8                lcd_line1
                0x0000000000000204                lcd_line2
                0x0000000000000212                lcd_line3
                0x0000000000000220                lcd_line4
                0x000000000000022e                lcd_set_cursor
                0x0000000000000250                lcd_next_line
                0x000000000000027a                lcd_next_line_wait
                0x0000000000000284                lcd_restore_position
                0x0000000000000292                lcd_clear
                0x00000000000002a8                lcd_init
                0x0000000000000318                lcd_string
                0x0000000000000330                lcd_pgm_string
                0x000000000000034e                lcd_fix_string
                0x000000000000036e                lcd_fix_customchar
                0x000000000000039c                lcd_clear_line
                0x00000000000003a4                lcd_clear_line1
                0x00000000000003b2                lcd_clear_line2
                0x00000000000003c0                lcd_show_Cg
 .text          0x00000000000003f6       0x26 i2lcd.o
                0x00000000000003f6                i2lcd
                0x000000000000040c                u2lcd
 .text          0x000000000000041c       0x62 PinLayout.o
                0x000000000000041c                PinLayout
                0x000000000000046a                Rnum2pins
 .text          0x000000000000047e       0x50 RvalOut.o
                0x000000000000047e                RvalOut
 .text          0x00000000000004ce       0x8e UfAusgabe.o
                0x00000000000004ce                mVAusgabe
                0x00000000000004ea                UfAusgabe
                0x0000000000000516                SerienDiodenAusgabe
 .text          0x000000000000055c      0x14c DisplayValue.o
                0x000000000000055c                DisplayValue
                0x0000000000000692                Display_mV
 .text          0x00000000000006a8        0x2 swuart.o
                0x00000000000006a8                uart_putc
 .text          0x00000000000006aa       0x4a wait1000ms.o
                0x00000000000006aa                wait5s
                0x00000000000006ac                wait4s
                0x00000000000006ae                wait3s
                0x00000000000006b0                wait2s
                0x00000000000006b2                wait1000ms
                0x00000000000006b2                wait1s
                0x00000000000006b4                wait500ms
                0x00000000000006b6                wait400ms
                0x00000000000006b8                wait300ms
                0x00000000000006ba                wait200ms
                0x00000000000006bc                wait100ms
                0x00000000000006c0                wait50ms
                0x00000000000006c2                wait40ms
                0x00000000000006c4                wait30ms
                0x00000000000006c6                wait20ms
                0x00000000000006c8                wait10ms
                0x00000000000006ca                wait5ms
                0x00000000000006cc                wait4ms
                0x00000000000006ce                wait3ms
                0x00000000000006d0                wait2ms
                0x00000000000006d2                wait1ms
                0x00000000000006d4                wait500us
                0x00000000000006d6                wait400us
                0x00000000000006d8                wait300us
                0x00000000000006da                wait200us
                0x00000000000006dc                wait100us
                0x00000000000006de                wait50us
                0x00000000000006e0                wait40us
                0x00000000000006e2                wait30us
                0x00000000000006e4                wait20us
                0x00000000000006e6                wait10us
                0x00000000000006e8                wait5us
                0x00000000000006ea                wait4us
                0x00000000000006ec                wait3us
                0x00000000000006ee                wait2us
                0x00000000000006f0                wait1us
 .text          0x00000000000006f4       0x54 sleep_5ms.o
                0x00000000000006f4                sleep_5ms
 .text          0x0000000000000748       0xd4 ReadADC.o
                0x0000000000000748                W20msReadADC
                0x0000000000000750                W10msReadADC
                0x0000000000000758                W5msReadADC
                0x0000000000000760                ReadADC
 .text          0x000000000000081c       0x80 wait_for_key_ms.o
                0x000000000000081c                wait_for_key_ms
                0x000000000000088a                wait_for_key_5s_line2
 .text          0x000000000000089c       0xb0 RefVoltage.o
                0x000000000000089c                RefVoltage
 .text          0x000000000000094c       0x3e get_log.o
                0x000000000000094c                get_log
 .text          0x000000000000098a      0x6a6 main.o
                0x000000000000098a                __vector_7
                0x000000000000098c                __vector_21
                0x000000000000098e                init_parts
                0x00000000000009da                ShortedProbes
                0x0000000000000a56                AllProbesShorted
                0x0000000000000a7a                AutoCheck
                0x0000000000000f6c                mark_as_uncalibrated
                0x0000000000000f90                GetIr
 .text          0x0000000000001030       0x8e Battery_check.o
                0x0000000000001030                Battery_check
 .text          0x00000000000010be      0xb70 CheckPins.o
                0x00000000000010be                CheckPins
 .text          0x0000000000001c2e      0x3d0 GetResistance.o
                0x0000000000001c2e                GetResistance
 .text          0x0000000000001ffe       0x30 ChargePin10ms.o
                0x0000000000001ffe                ChargePin10ms
 .text          0x000000000000202e       0xfe EntladePins.o
                0x000000000000202e                EntladePins
 .text          0x000000000000212c      0x664 ReadCapacity.o
                0x000000000000212c                Scale_C_with_vcc
                0x00000000000021ac                ReadCapacity
                0x0000000000002700                __vector_13
                0x000000000000274c                __vector_10
 .text          0x0000000000002790       0x7e GetRLmultip.o
                0x0000000000002790                GetRLmultip
 .text          0x000000000000280e      0x18e Calibrate_UR.o
                0x000000000000280e                Calibrate_UR
 .text          0x000000000000299c      0x45a ReadInductance.o
                0x000000000000299c                ReadInductance
 .text          0x0000000000002df6      0x3b8 GetESR.o
                0x0000000000002df6                GetESR
 .text          0x00000000000031ae      0x158 GetVloss.o
                0x00000000000031ae                GetVloss
 .text          0x0000000000003306        0x0 GetFrequency.o
 .text          0x0000000000003306        0x0 function_menu.o
 .text          0x0000000000003306        0x0 message_key_released.o
 .text          0x0000000000003306        0x0 ReadBigCap.o
 .text          0x0000000000003306        0x0 CheckRotaryEncoder.o
 .text          0x0000000000003306        0x0 CalibrationCap.o
 .text          0x0000000000003306        0x0 ShowData.o
 .text          0x0000000000003306       0x1a show_Resis_Cap.o
                0x0000000000003306                Bat_update
 .text          0x0000000000003320        0x2 EE_check_init.o
                0x0000000000003320                EE_check_init
 .text          0x0000000000003322        0x0 /usr/lib/gcc/avr/4.8.2/avr5/libgcc.a(_umulhisi3.o)
 .text          0x0000000000003322        0x0 /usr/lib/gcc/avr/4.8.2/avr5/libgcc.a(_usmulhisi3.o)
 .text          0x0000000000003322        0x0 /usr/lib/gcc/avr/4.8.2/avr5/libgcc.a(_muluhisi3.o)
 .text          0x0000000000003322        0x0 /usr/lib/gcc/avr/4.8.2/avr5/libgcc.a(_mulsi3.o)
 .text          0x0000000000003322        0x0 /usr/lib/gcc/avr/4.8.2/avr5/libgcc.a(_udivmodhi4.o)
 .text          0x0000000000003322        0x0 /usr/lib/gcc/avr/4.8.2/avr5/libgcc.a(_udivmodsi4.o)
 .text          0x0000000000003322        0x0 /usr/lib/gcc/avr/4.8.2/avr5/libgcc.a(_divmodsi4.o)
 .text          0x0000000000003322        0x0 /usr/lib/gcc/avr/4.8.2/avr5/libgcc.a(_negsi2.o)
 .text          0x0000000000003322        0x0 /usr/lib/gcc/avr/4.8.2/avr5/libgcc.a(_prologue.o)
 .text          0x0000000000003322        0x0 /usr/lib/gcc/avr/4.8.2/avr5/libgcc.a(_epilogue.o)
 .text          0x0000000000003322        0x0 /usr/lib/gcc/avr/4.8.2/avr5/libgcc.a(_exit.o)
 .text          0x0000000000003322        0x0 /usr/lib/gcc/avr/4.8.2/avr5/libgcc.a(_clear_bss.o)
 .text          0x0000000000003322        0x0 /usr/lib/gcc/avr/4.8.2/../../../avr/lib/avr5/libc.a(utoa.o)
 .text          0x0000000000003322        0x0 /usr/lib/gcc/avr/4.8.2/../../../avr/lib/avr5/libc.a(eerd_byte_atmega168.o)
 .text          0x0000000000003322        0x0 /usr/lib/gcc/avr/4.8.2/../../../avr/lib/avr5/libc.a(eewr_byte_atmega168.o)
 .text          0x0000000000003322        0x0 /usr/lib/gcc/avr/4.8.2/../../../avr/lib/avr5/libc.a(eewr_word_atmega168.o)
 .text          0x0000000000003322        0x0 /usr/lib/gcc/avr/4.8.2/../../../avr/lib/avr5/libc.a(strrev.o)
                0x0000000000003322                . = ALIGN (0x2)
 *(.text.*)
 .text.startup  0x0000000000003322      0xab8 main.o
                0x0000000000003322                main
 .text.libgcc.mul
                0x0000000000003dda       0x1e /usr/lib/gcc/avr/4.8.2/avr5/libgcc.a(_umulhisi3.o)
                0x0000000000003dda                __umulhisi3
 .text.libgcc.div
                0x0000000000003df8        0x0 /usr/lib/gcc/avr/4.8.2/avr5/libgcc.a(_umulhisi3.o)
 .text.libgcc   0x0000000000003df8        0x0 /usr/lib/gcc/avr/4.8.2/avr5/libgcc.a(_umulhisi3.o)
 .text.libgcc.prologue
                0x0000000000003df8        0x0 /usr/lib/gcc/avr/4.8.2/avr5/libgcc.a(_umulhisi3.o)
 .text.libgcc.builtins
                0x0000000000003df8        0x0 /usr/lib/gcc/avr/4.8.2/avr5/libgcc.a(_umulhisi3.o)
 .text.libgcc.fmul
                0x0000000000003df8        0x0 /usr/lib/gcc/avr/4.8.2/avr5/libgcc.a(_umulhisi3.o)
 .text.libgcc.fixed
                0x0000000000003df8        0x0 /usr/lib/gcc/avr/4.8.2/avr5/libgcc.a(_umulhisi3.o)
 .text.libgcc.mul
                0x0000000000003df8        0xe /usr/lib/gcc/avr/4.8.2/avr5/libgcc.a(_usmulhisi3.o)
                0x0000000000003df8                __usmulhisi3
                0x0000000000003dfc                __usmulhisi3_tail
 .text.libgcc.div
                0x0000000000003e06        0x0 /usr/lib/gcc/avr/4.8.2/avr5/libgcc.a(_usmulhisi3.o)
 .text.libgcc   0x0000000000003e06        0x0 /usr/lib/gcc/avr/4.8.2/avr5/libgcc.a(_usmulhisi3.o)
 .text.libgcc.prologue
                0x0000000000003e06        0x0 /usr/lib/gcc/avr/4.8.2/avr5/libgcc.a(_usmulhisi3.o)
 .text.libgcc.builtins
                0x0000000000003e06        0x0 /usr/lib/gcc/avr/4.8.2/avr5/libgcc.a(_usmulhisi3.o)
 .text.libgcc.fmul
                0x0000000000003e06        0x0 /usr/lib/gcc/avr/4.8.2/avr5/libgcc.a(_usmulhisi3.o)
 .text.libgcc.fixed
                0x0000000000003e06        0x0 /usr/lib/gcc/avr/4.8.2/avr5/libgcc.a(_usmulhisi3.o)
 .text.libgcc.mul
                0x0000000000003e06       0x16 /usr/lib/gcc/avr/4.8.2/avr5/libgcc.a(_muluhisi3.o)
                0x0000000000003e06                __muluhisi3
 .text.libgcc.div
                0x0000000000003e1c        0x0 /usr/lib/gcc/avr/4.8.2/avr5/libgcc.a(_muluhisi3.o)
 .text.libgcc   0x0000000000003e1c        0x0 /usr/lib/gcc/avr/4.8.2/avr5/libgcc.a(_muluhisi3.o)
 .text.libgcc.prologue
                0x0000000000003e1c        0x0 /usr/lib/gcc/avr/4.8.2/avr5/libgcc.a(_muluhisi3.o)
 .text.libgcc.builtins
                0x0000000000003e1c        0x0 /usr/lib/gcc/avr/4.8.2/avr5/libgcc.a(_muluhisi3.o)
 .text.libgcc.fmul
                0x0000000000003e1c        0x0 /usr/lib/gcc/avr/4.8.2/avr5/libgcc.a(_muluhisi3.o)
 .text.libgcc.fixed
                0x0000000000003e1c        0x0 /usr/lib/gcc/avr/4.8.2/avr5/libgcc.a(_muluhisi3.o)
 .text.libgcc.mul
                0x0000000000003e1c       0x20 /usr/lib/gcc/avr/4.8.2/avr5/libgcc.a(_mulsi3.o)
                0x0000000000003e1c                __mulsi3
 .text.libgcc.div
                0x0000000000003e3c        0x0 /usr/lib/gcc/avr/4.8.2/avr5/libgcc.a(_mulsi3.o)
 .text.libgcc   0x0000000000003e3c        0x0 /usr/lib/gcc/avr/4.8.2/avr5/libgcc.a(_mulsi3.o)
 .text.libgcc.prologue
                0x0000000000003e3c        0x0 /usr/lib/gcc/avr/4.8.2/avr5/libgcc.a(_mulsi3.o)
 .text.libgcc.builtins
                0x0000000000003e3c        0x0 /usr/lib/gcc/avr/4.8.2/avr5/libgcc.a(_mulsi3.o)
 .text.libgcc.fmul
                0x0000000000003e3c        0x0 /usr/lib/gcc/avr/4.8.2/avr5/libgcc.a(_mulsi3.o)
 .text.libgcc.fixed
                0x0000000000003e3c        0x0 /usr/lib/gcc/avr/4.8.2/avr5/libgcc.a(_mulsi3.o)
 .text.libgcc.mul
                0x0000000000003e3c        0x0 /usr/lib/gcc/avr/4.8.2/avr5/libgcc.a(_udivmodhi4.o)
 .text.libgcc.div
                0x0000000000003e3c       0x28 /usr/lib/gcc/avr/4.8.2/avr5/libgcc.a(_udivmodhi4.o)
                0x0000000000003e3c                __udivmodhi4
 .text.libgcc   0x0000000000003e64        0x0 /usr/lib/gcc/avr/4.8.2/avr5/libgcc.a(_udivmodhi4.o)
 .text.libgcc.prologue
                0x0000000000003e64        0x0 /usr/lib/gcc/avr/4.8.2/avr5/libgcc.a(_udivmodhi4.o)
 .text.libgcc.builtins
                0x0000000000003e64        0x0 /usr/lib/gcc/avr/4.8.2/avr5/libgcc.a(_udivmodhi4.o)
 .text.libgcc.fmul
                0x0000000000003e64        0x0 /usr/lib/gcc/avr/4.8.2/avr5/libgcc.a(_udivmodhi4.o)
 .text.libgcc.fixed
                0x0000000000003e64        0x0 /usr/lib/gcc/avr/4.8.2/avr5/libgcc.a(_udivmodhi4.o)
 .text.libgcc.mul
                0x0000000000003e64        0x0 /usr/lib/gcc/avr/4.8.2/avr5/libgcc.a(_udivmodsi4.o)
 .text.libgcc.div
                0x0000000000003e64       0x44 /usr/lib/gcc/avr/4.8.2/avr5/libgcc.a(_udivmodsi4.o)
                0x0000000000003e64                __udivmodsi4
 .text.libgcc   0x0000000000003ea8        0x0 /usr/lib/gcc/avr/4.8.2/avr5/libgcc.a(_udivmodsi4.o)
 .text.libgcc.prologue
                0x0000000000003ea8        0x0 /usr/lib/gcc/avr/4.8.2/avr5/libgcc.a(_udivmodsi4.o)
 .text.libgcc.builtins
                0x0000000000003ea8        0x0 /usr/lib/gcc/avr/4.8.2/avr5/libgcc.a(_udivmodsi4.o)
 .text.libgcc.fmul
                0x0000000000003ea8        0x0 /usr/lib/gcc/avr/4.8.2/avr5/libgcc.a(_udivmodsi4.o)
 .text.libgcc.fixed
                0x0000000000003ea8        0x0 /usr/lib/gcc/avr/4.8.2/avr5/libgcc.a(_udivmodsi4.o)
 .text.libgcc.mul
                0x0000000000003ea8        0x0 /usr/lib/gcc/avr/4.8.2/avr5/libgcc.a(_divmodsi4.o)
 .text.libgcc.div
                0x0000000000003ea8       0x2e /usr/lib/gcc/avr/4.8.2/avr5/libgcc.a(_divmodsi4.o)
                0x0000000000003ea8                __divmodsi4
 .text.libgcc   0x0000000000003ed6        0x0 /usr/lib/gcc/avr/4.8.2/avr5/libgcc.a(_divmodsi4.o)
 .text.libgcc.prologue
                0x0000000000003ed6        0x0 /usr/lib/gcc/avr/4.8.2/avr5/libgcc.a(_divmodsi4.o)
 .text.libgcc.builtins
                0x0000000000003ed6        0x0 /usr/lib/gcc/avr/4.8.2/avr5/libgcc.a(_divmodsi4.o)
 .text.libgcc.fmul
                0x0000000000003ed6        0x0 /usr/lib/gcc/avr/4.8.2/avr5/libgcc.a(_divmodsi4.o)
 .text.libgcc.fixed
                0x0000000000003ed6        0x0 /usr/lib/gcc/avr/4.8.2/avr5/libgcc.a(_divmodsi4.o)
 .text.libgcc.mul
                0x0000000000003ed6        0x0 /usr/lib/gcc/avr/4.8.2/avr5/libgcc.a(_negsi2.o)
 .text.libgcc.div
                0x0000000000003ed6       0x10 /usr/lib/gcc/avr/4.8.2/avr5/libgcc.a(_negsi2.o)
                0x0000000000003ed6                __negsi2
 .text.libgcc   0x0000000000003ee6        0x0 /usr/lib/gcc/avr/4.8.2/avr5/libgcc.a(_negsi2.o)
 .text.libgcc.prologue
                0x0000000000003ee6        0x0 /usr/lib/gcc/avr/4.8.2/avr5/libgcc.a(_negsi2.o)
 .text.libgcc.builtins
                0x0000000000003ee6        0x0 /usr/lib/gcc/avr/4.8.2/avr5/libgcc.a(_negsi2.o)
 .text.libgcc.fmul
                0x0000000000003ee6        0x0 /usr/lib/gcc/avr/4.8.2/avr5/libgcc.a(_negsi2.o)
 .text.libgcc.fixed
                0x0000000000003ee6        0x0 /usr/lib/gcc/avr/4.8.2/avr5/libgcc.a(_negsi2.o)
 .text.libgcc.mul
                0x0000000000003ee6        0x0 /usr/lib/gcc/avr/4.8.2/avr5/libgcc.a(_prologue.o)
 .text.libgcc.div
                0x0000000000003ee6        0x0 /usr/lib/gcc/avr/4.8.2/avr5/libgcc.a(_prologue.o)
 .text.libgcc   0x0000000000003ee6        0x0 /usr/lib/gcc/avr/4.8.2/avr5/libgcc.a(_prologue.o)
 .text.libgcc.prologue
                0x0000000000003ee6       0x38 /usr/lib/gcc/avr/4.8.2/avr5/libgcc.a(_prologue.o)
                0x0000000000003ee6                __prologue_saves__
 .text.libgcc.builtins
                0x0000000000003f1e        0x0 /usr/lib/gcc/avr/4.8.2/avr5/libgcc.a(_prologue.o)
 .text.libgcc.fmul
                0x0000000000003f1e        0x0 /usr/lib/gcc/avr/4.8.2/avr5/libgcc.a(_prologue.o)
 .text.libgcc.fixed
                0x0000000000003f1e        0x0 /usr/lib/gcc/avr/4.8.2/avr5/libgcc.a(_prologue.o)
 .text.libgcc.mul
                0x0000000000003f1e        0x0 /usr/lib/gcc/avr/4.8.2/avr5/libgcc.a(_epilogue.o)
 .text.libgcc.div
                0x0000000000003f1e        0x0 /usr/lib/gcc/avr/4.8.2/avr5/libgcc.a(_epilogue.o)
 .text.libgcc   0x0000000000003f1e        0x0 /usr/lib/gcc/avr/4.8.2/avr5/libgcc.a(_epilogue.o)
 .text.libgcc.prologue
                0x0000000000003f1e       0x36 /usr/lib/gcc/avr/4.8.2/avr5/libgcc.a(_epilogue.o)
                0x0000000000003f1e                __epilogue_restores__
 .text.libgcc.builtins
                0x0000000000003f54        0x0 /usr/lib/gcc/avr/4.8.2/avr5/libgcc.a(_epilogue.o)
 .text.libgcc.fmul
                0x0000000000003f54        0x0 /usr/lib/gcc/avr/4.8.2/avr5/libgcc.a(_epilogue.o)
 .text.libgcc.fixed
                0x0000000000003f54        0x0 /usr/lib/gcc/avr/4.8.2/avr5/libgcc.a(_epilogue.o)
 .text.libgcc.mul
                0x0000000000003f54        0x0 /usr/lib/gcc/avr/4.8.2/avr5/libgcc.a(_exit.o)
 .text.libgcc.div
                0x0000000000003f54        0x0 /usr/lib/gcc/avr/4.8.2/avr5/libgcc.a(_exit.o)
 .text.libgcc   0x0000000000003f54        0x0 /usr/lib/gcc/avr/4.8.2/avr5/libgcc.a(_exit.o)
 .text.libgcc.prologue
                0x0000000000003f54        0x0 /usr/lib/gcc/avr/4.8.2/avr5/libgcc.a(_exit.o)
 .text.libgcc.builtins
                0x0000000000003f54        0x0 /usr/lib/gcc/avr/4.8.2/avr5/libgcc.a(_exit.o)
 .text.libgcc.fmul
                0x0000000000003f54        0x0 /usr/lib/gcc/avr/4.8.2/avr5/libgcc.a(_exit.o)
 .text.libgcc.fixed
                0x0000000000003f54        0x0 /usr/lib/gcc/avr/4.8.2/avr5/libgcc.a(_exit.o)
 .text.libgcc.mul
                0x0000000000003f54        0x0 /usr/lib/gcc/avr/4.8.2/avr5/libgcc.a(_clear_bss.o)
 .text.libgcc.div
                0x0000000000003f54        0x0 /usr/lib/gcc/avr/4.8.2/avr5/libgcc.a(_clear_bss.o)
 .text.libgcc   0x0000000000003f54        0x0 /usr/lib/gcc/avr/4.8.2/avr5/libgcc.a(_clear_bss.o)
 .text.libgcc.prologue
                0x0000000000003f54        0x0 /usr/lib/gcc/avr/4.8.2/avr5/libgcc.a(_clear_bss.o)
 .text.libgcc.builtins
                0x0000000000003f54        0x0 /usr/lib/gcc/avr/4.8.2/avr5/libgcc.a(_clear_bss.o)
 .text.libgcc.fmul
                0x0000000000003f54        0x0 /usr/lib/gcc/avr/4.8.2/avr5/libgcc.a(_clear_bss.o)
 .text.libgcc.fixed
                0x0000000000003f54        0x0 /usr/lib/gcc/avr/4.8.2/avr5/libgcc.a(_clear_bss.o)
 .text.avr-libc
                0x0000000000003f54       0x2c /usr/lib/gcc/avr/4.8.2/../../../avr/lib/avr5/libc.a(utoa.o)
                0x0000000000003f54                utoa
 .text.avr-libc
                0x0000000000003f80       0x10 /usr/lib/gcc/avr/4.8.2/../../../avr/lib/avr5/libc.a(eerd_byte_atmega168.o)
                0x0000000000003f80                __eerd_byte_m168
 .text.avr-libc
                0x0000000000003f90       0x1c /usr/lib/gcc/avr/4.8.2/../../../avr/lib/avr5/libc.a(eewr_byte_atmega168.o)
                0x0000000000003f90                __eewr_byte_m168
                0x0000000000003f92                __eewr_r18_m168
 .text.avr-libc
                0x0000000000003fac        0xa /usr/lib/gcc/avr/4.8.2/../../../avr/lib/avr5/libc.a(eewr_word_atmega168.o)
                0x0000000000003fac                __eewr_word_m168
 .text.avr-libc
                0x0000000000003fb6       0x20 /usr/lib/gcc/avr/4.8.2/../../../avr/lib/avr5/libc.a(strrev.o)
                0x0000000000003fb6                strrev
                0x0000000000003fd6                . = ALIGN (0x2)
 *(.fini9)
 .fini9         0x0000000000003fd6        0x0 /usr/lib/gcc/avr/4.8.2/avr5/libgcc.a(_exit.o)
                0x0000000000003fd6                exit
                0x0000000000003fd6                _exit
 *(.fini9)
 *(.fini8)
 *(.fini8)
 *(.fini7)
 *(.fini7)
 *(.fini6)
 *(.fini6)
 *(.fini5)
 *(.fini5)
 *(.fini4)
 *(.fini4)
 *(.fini3)
 *(.fini3)
 *(.fini2)
 *(.fini2)
 *(.fini1)
 *(.fini1)
 *(.fini0)
 .fini0         0x0000000000003fd6        0x4 /usr/lib/gcc/avr/4.8.2/avr5/libgcc.a(_exit.o)
 *(.fini0)
                0x0000000000003fda                _etext = .

.data           0x0000000000800100        0x0 load address 0x0000000000003fda
                0x0000000000800100                PROVIDE (__data_start, .)
 *(.data)
 .data          0x0000000000800100        0x0 /usr/lib/gcc/avr/4.8.2/../../../avr/lib/avr5/crtm168.o
 .data          0x0000000000800100        0x0 lcd_hw_4_bit.o
 .data          0x0000000000800100        0x0 lcd-routines.o
 .data          0x0000000000800100        0x0 i2lcd.o
 .data          0x0000000000800100        0x0 PinLayout.o
 .data          0x0000000000800100        0x0 RvalOut.o
 .data          0x0000000000800100        0x0 UfAusgabe.o
 .data          0x0000000000800100        0x0 DisplayValue.o
 .data          0x0000000000800100        0x0 swuart.o
 .data          0x0000000000800100        0x0 wait1000ms.o
 .data          0x0000000000800100        0x0 sleep_5ms.o
 .data          0x0000000000800100        0x0 ReadADC.o
 .data          0x0000000000800100        0x0 wait_for_key_ms.o
 .data          0x0000000000800100        0x0 RefVoltage.o
 .data          0x0000000000800100        0x0 get_log.o
 .data          0x0000000000800100        0x0 main.o
 .data          0x0000000000800100        0x0 Battery_check.o
 .data          0x0000000000800100        0x0 CheckPins.o
 .data          0x0000000000800100        0x0 GetResistance.o
 .data          0x0000000000800100        0x0 ChargePin10ms.o
 .data          0x0000000000800100        0x0 EntladePins.o
 .data          0x0000000000800100        0x0 ReadCapacity.o
 .data          0x0000000000800100        0x0 GetRLmultip.o
 .data          0x0000000000800100        0x0 Calibrate_UR.o
 .data          0x0000000000800100        0x0 ReadInductance.o
 .data          0x0000000000800100        0x0 GetESR.o
 .data          0x0000000000800100        0x0 GetVloss.o
 .data          0x0000000000800100        0x0 GetFrequency.o
 .data          0x0000000000800100        0x0 function_menu.o
 .data          0x0000000000800100        0x0 message_key_released.o
 .data          0x0000000000800100        0x0 ReadBigCap.o
 .data          0x0000000000800100        0x0 CheckRotaryEncoder.o
 .data          0x0000000000800100        0x0 CalibrationCap.o
 .data          0x0000000000800100        0x0 ShowData.o
 .data          0x0000000000800100        0x0 show_Resis_Cap.o
 .data          0x0000000000800100        0x0 EE_check_init.o
 .data          0x0000000000800100        0x0 /usr/lib/gcc/avr/4.8.2/avr5/libgcc.a(_umulhisi3.o)
 .data          0x0000000000800100        0x0 /usr/lib/gcc/avr/4.8.2/avr5/libgcc.a(_usmulhisi3.o)
 .data          0x0000000000800100        0x0 /usr/lib/gcc/avr/4.8.2/avr5/libgcc.a(_muluhisi3.o)
 .data          0x0000000000800100        0x0 /usr/lib/gcc/avr/4.8.2/avr5/libgcc.a(_mulsi3.o)
 .data          0x0000000000800100        0x0 /usr/lib/gcc/avr/4.8.2/avr5/libgcc.a(_udivmodhi4.o)
 .data          0x0000000000800100        0x0 /usr/lib/gcc/avr/4.8.2/avr5/libgcc.a(_udivmodsi4.o)
 .data          0x0000000000800100        0x0 /usr/lib/gcc/avr/4.8.2/avr5/libgcc.a(_divmodsi4.o)
 .data          0x0000000000800100        0x0 /usr/lib/gcc/avr/4.8.2/avr5/libgcc.a(_negsi2.o)
 .data          0x0000000000800100        0x0 /usr/lib/gcc/avr/4.8.2/avr5/libgcc.a(_prologue.o)
 .data          0x0000000000800100        0x0 /usr/lib/gcc/avr/4.8.2/avr5/libgcc.a(_epilogue.o)
 .data          0x0000000000800100        0x0 /usr/lib/gcc/avr/4.8.2/avr5/libgcc.a(_exit.o)
 .data          0x0000000000800100        0x0 /usr/lib/gcc/avr/4.8.2/avr5/libgcc.a(_clear_bss.o)
 .data          0x0000000000800100        0x0 /usr/lib/gcc/avr/4.8.2/../../../avr/lib/avr5/libc.a(utoa.o)
 .data          0x0000000000800100        0x0 /usr/lib/gcc/avr/4.8.2/../../../avr/lib/avr5/libc.a(eerd_byte_atmega168.o)
 .data          0x0000000000800100        0x0 /usr/lib/gcc/avr/4.8.2/../../../avr/lib/avr5/libc.a(eewr_byte_atmega168.o)
 .data          0x0000000000800100        0x0 /usr/lib/gcc/avr/4.8.2/../../../avr/lib/avr5/libc.a(eewr_word_atmega168.o)
 .data          0x0000000000800100        0x0 /usr/lib/gcc/avr/4.8.2/../../../avr/lib/avr5/libc.a(strrev.o)
 *(.data*)
 *(.rodata)
 *(.rodata*)
 *(.gnu.linkonce.d*)
                0x0000000000800100                . = ALIGN (0x2)
                0x0000000000800100                _edata = .
                0x0000000000800100                PROVIDE (__data_end, .)

.bss            0x0000000000800100       0xad
                0x0000000000800100                PROVIDE (__bss_start, .)
 *(.bss)
 .bss           0x0000000000800100        0x0 /usr/lib/gcc/avr/4.8.2/../../../avr/lib/avr5/crtm168.o
 .bss           0x0000000000800100        0x0 lcd_hw_4_bit.o
 .bss           0x0000000000800100        0x0 lcd-routines.o
 .bss           0x0000000000800100        0x0 i2lcd.o
 .bss           0x0000000000800100        0x0 PinLayout.o
 .bss           0x0000000000800100        0x0 RvalOut.o
 .bss           0x0000000000800100        0x0 UfAusgabe.o
 .bss           0x0000000000800100        0x0 DisplayValue.o
 .bss           0x0000000000800100        0x0 swuart.o
 .bss           0x0000000000800100        0x0 wait1000ms.o
 .bss           0x0000000000800100        0x0 sleep_5ms.o
 .bss           0x0000000000800100        0x0 ReadADC.o
 .bss           0x0000000000800100        0x0 wait_for_key_ms.o
 .bss           0x0000000000800100        0x0 RefVoltage.o
 .bss           0x0000000000800100        0x0 get_log.o
 .bss           0x0000000000800100        0x0 main.o
 .bss           0x0000000000800100        0x0 Battery_check.o
 .bss           0x0000000000800100        0x0 CheckPins.o
 .bss           0x0000000000800100        0x0 GetResistance.o
 .bss           0x0000000000800100        0x0 ChargePin10ms.o
 .bss           0x0000000000800100        0x0 EntladePins.o
 .bss           0x0000000000800100        0x0 ReadCapacity.o
 .bss           0x0000000000800100        0x0 GetRLmultip.o
 .bss           0x0000000000800100        0x0 Calibrate_UR.o
 .bss           0x0000000000800100        0x0 ReadInductance.o
 .bss           0x0000000000800100        0x0 GetESR.o
 .bss           0x0000000000800100        0x0 GetVloss.o
 .bss           0x0000000000800100        0x0 GetFrequency.o
 .bss           0x0000000000800100        0x0 function_menu.o
 .bss           0x0000000000800100        0x0 message_key_released.o
 .bss           0x0000000000800100        0x0 ReadBigCap.o
 .bss           0x0000000000800100        0x0 CheckRotaryEncoder.o
 .bss           0x0000000000800100        0x0 CalibrationCap.o
 .bss           0x0000000000800100        0x0 ShowData.o
 .bss           0x0000000000800100        0x0 show_Resis_Cap.o
 .bss           0x0000000000800100        0x0 EE_check_init.o
 .bss           0x0000000000800100        0x0 /usr/lib/gcc/avr/4.8.2/avr5/libgcc.a(_umulhisi3.o)
 .bss           0x0000000000800100        0x0 /usr/lib/gcc/avr/4.8.2/avr5/libgcc.a(_usmulhisi3.o)
 .bss           0x0000000000800100        0x0 /usr/lib/gcc/avr/4.8.2/avr5/libgcc.a(_muluhisi3.o)
 .bss           0x0000000000800100        0x0 /usr/lib/gcc/avr/4.8.2/avr5/libgcc.a(_mulsi3.o)
 .bss           0x0000000000800100        0x0 /usr/lib/gcc/avr/4.8.2/avr5/libgcc.a(_udivmodhi4.o)
 .bss           0x0000000000800100        0x0 /usr/lib/gcc/avr/4.8.2/avr5/libgcc.a(_udivmodsi4.o)
 .bss           0x0000000000800100        0x0 /usr/lib/gcc/avr/4.8.2/avr5/libgcc.a(_divmodsi4.o)
 .bss           0x0000000000800100        0x0 /usr/lib/gcc/avr/4.8.2/avr5/libgcc.a(_negsi2.o)
 .bss           0x0000000000800100        0x0 /usr/lib/gcc/avr/4.8.2/avr5/libgcc.a(_prologue.o)
 .bss           0x0000000000800100        0x0 /usr/lib/gcc/avr/4.8.2/avr5/libgcc.a(_epilogue.o)
 .bss           0x0000000000800100        0x0 /usr/lib/gcc/avr/4.8.2/avr5/libgcc.a(_exit.o)
 .bss           0x0000000000800100        0x0 /usr/lib/gcc/avr/4.8.2/avr5/libgcc.a(_clear_bss.o)
 .bss           0x0000000000800100        0x0 /usr/lib/gcc/avr/4.8.2/../../../avr/lib/avr5/libc.a(utoa.o)
 .bss           0x0000000000800100        0x0 /usr/lib/gcc/avr/4.8.2/../../../avr/lib/avr5/libc.a(eerd_byte_atmega168.o)
 .bss           0x0000000000800100        0x0 /usr/lib/gcc/avr/4.8.2/../../../avr/lib/avr5/libc.a(eewr_byte_atmega168.o)
 .bss           0x0000000000800100        0x0 /usr/lib/gcc/avr/4.8.2/../../../avr/lib/avr5/libc.a(eewr_word_atmega168.o)
 .bss           0x0000000000800100        0x0 /usr/lib/gcc/avr/4.8.2/../../../avr/lib/avr5/libc.a(strrev.o)
 *(.bss*)
 *(COMMON)
 COMMON         0x0000000000800100        0xf lcd-routines.o
                0x0000000000800100                last_text_column
                0x0000000000800101                inductor_lpre
                0x0000000000800102                last_text_line
                0x0000000000800103                _lcd_column
                0x0000000000800104                cell_mv
                0x000000000080010a                inductor_lx
                0x000000000080010e                lcd_text_line
 COMMON         0x000000000080010f       0x9e main.o
                0x000000000080010f                diode_sequence
                0x0000000000800110                display_time
                0x0000000000800112                resis680mi
                0x0000000000800114                ref_mv_offs
                0x0000000000800116                NumOfDiodes
                0x0000000000800117                PartMode
                0x0000000000800118                PartFound
                0x0000000000800119                resis680pl
                0x000000000080011b                tmpval
                0x000000000080011c                mess_count
                0x000000000080011d                outval
                0x0000000000800127                ADCconfig
                0x000000000080012d                pin_rpl
                0x000000000080012f                ref_mv
                0x0000000000800131                OutBuffer
                0x000000000080013b                tmpval2
                0x000000000080013c                UnCalibrated
                0x000000000080013d                pin_rmi
                0x000000000080013f                WithReference
                0x0000000000800140                _trans
                0x0000000000800142                last_line_used
                0x0000000000800143                ntrans
                0x0000000000800153                empty_count
                0x0000000000800154                pin_combination
                0x0000000000800155                ovcnt16
                0x0000000000800157                ResistorChecked
                0x000000000080015a                ResistorList
                0x000000000080015d                ptrans
                0x000000000080016d                adc_internal_reference
                0x000000000080016f                ResistorsFound
                0x0000000000800170                unfinished
                0x0000000000800171                RHmultip
                0x0000000000800173                cap
                0x0000000000800187                load_diff
                0x0000000000800189                diodes
                0x00000000008001a1                ResistorVal
                0x00000000008001ad                PROVIDE (__bss_end, .)
                0x0000000000003fda                __data_load_start = LOADADDR (.data)
                0x0000000000003fda                __data_load_end = (__data_load_start + SIZEOF (.data))

.noinit         0x00000000008001ad        0x0
                0x00000000008001ad                PROVIDE (__noinit_start, .)
 *(.noinit*)
                0x00000000008001ad                PROVIDE (__noinit_end, .)
                0x00000000008001ad                _end = .
                0x00000000008001ad                PROVIDE (__heap_start, .)

.eeprom         0x0000000000810000      0x1ba
 *(.eeprom*)
 .eeprom        0x0000000000810000      0x1ba main.o
                0x0000000000810000                PrefixTab
                0x0000000000810007                ResIcon2
                0x000000000081000f                ResIcon1
                0x0000000000810017                DiodeIcon2
                0x000000000081001f                DiodeIcon1
                0x0000000000810027                CapIcon
                0x000000000081002f                T50HZ
                0x0000000000810035                C0_str
                0x0000000000810039                RILO
                0x0000000000810040                RIHI
                0x0000000000810047                Inductor_str
                0x000000000081004c                Resistor_str
                0x0000000000810051                Dioden
                0x0000000000810056                KatAn
                0x000000000081005a                AnKat
                0x000000000081005e                Ir_str
                0x0000000000810064                Lis_str
                0x0000000000810067                VLOSS_str
                0x000000000081006f                ESR_str
                0x0000000000810075                VCC_str
                0x000000000081007a                Cell_str
                0x0000000000810080                CapZeich
                0x0000000000810084                Vgs_str
                0x0000000000810089                vt_str
                0x000000000081008e                Uf_str
                0x0000000000810092                Ube_str
                0x0000000000810097                N123_str
                0x000000000081009d                PNP_str
                0x00000000008100a1                NPN_str
                0x00000000008100a5                Cap_str
                0x00000000008100a8                GateCap_str
                0x00000000008100ab                hfe_str
                0x00000000008100ae                igbt_str
                0x00000000008100b4                jfet_str
                0x00000000008100b9                mosfet_str
                0x00000000008100be                OK_str
                0x00000000008100c1                Bat_str
                0x00000000008100c7                ATE
                0x00000000008100d0                RELPROBE
                0x00000000008100e0                SELFTEST
                0x00000000008100f0                TestTimedOut
                0x00000000008100f9                OrBroken
                0x0000000000810105                TestFailed1
                0x0000000000810115                Unknown
                0x000000000081011e                Thyristor
                0x0000000000810127                Triac
                0x000000000081012d                Bauteil
                0x0000000000810132                TestFailed2
                0x000000000081013b                BatEmpty
                0x0000000000810142                BatWeak
                0x0000000000810147                TestRunning
                0x0000000000810152                RLtab
                0x00000000008101ac                EE_ESR_ZEROtab
                0x00000000008101b0                c_zero_tab
                0x00000000008101b7                ref_offset
                0x00000000008101b9                RefDiff
                0x00000000008101ba                __eeprom_end = .

.fuse
 *(.fuse)
 *(.lfuse)
 *(.hfuse)
 *(.efuse)

.lock
 *(.lock*)

.signature
 *(.signature*)

.user_signatures
 *(.user_signatures*)

.stab           0x0000000000000000      0xa98
 *(.stab)
 .stab          0x0000000000000000      0x6cc /usr/lib/gcc/avr/4.8.2/../../../avr/lib/avr5/crtm168.o
 .stab          0x00000000000006cc      0x12c /usr/lib/gcc/avr/4.8.2/../../../avr/lib/avr5/libc.a(utoa.o)
                                        0x138 (size before relaxing)
 .stab          0x00000000000007f8       0x90 /usr/lib/gcc/avr/4.8.2/../../../avr/lib/avr5/libc.a(eerd_byte_atmega168.o)
                                         0x9c (size before relaxing)
 .stab          0x0000000000000888       0xe4 /usr/lib/gcc/avr/4.8.2/../../../avr/lib/avr5/libc.a(eewr_byte_atmega168.o)
                                         0xf0 (size before relaxing)
 .stab          0x000000000000096c       0x54 /usr/lib/gcc/avr/4.8.2/../../../avr/lib/avr5/libc.a(eewr_word_atmega168.o)
                                         0x60 (size before relaxing)
 .stab          0x00000000000009c0       0xd8 /usr/lib/gcc/avr/4.8.2/../../../avr/lib/avr5/libc.a(strrev.o)
                                         0xe4 (size before relaxing)

.stabstr        0x0000000000000000      0x141
 *(.stabstr)
 .stabstr       0x0000000000000000      0x141 /usr/lib/gcc/avr/4.8.2/../../../avr/lib/avr5/crtm168.o

.stab.excl
 *(.stab.excl)

.stab.exclstr
 *(.stab.exclstr)

.stab.index
 *(.stab.index)

.stab.indexstr
 *(.stab.indexstr)

.comment        0x0000000000000000       0x11
 *(.comment)
 .comment       0x0000000000000000       0x11 lcd-routines.o
                                         0x12 (size before relaxing)
 .comment       0x0000000000000000       0x12 DisplayValue.o
 .comment       0x0000000000000000       0x12 main.o
 .comment       0x0000000000000000       0x12 Battery_check.o
 .comment       0x0000000000000000       0x12 CheckPins.o
 .comment       0x0000000000000000       0x12 GetResistance.o
 .comment       0x0000000000000000       0x12 ChargePin10ms.o
 .comment       0x0000000000000000       0x12 EntladePins.o
 .comment       0x0000000000000000       0x12 ReadCapacity.o
 .comment       0x0000000000000000       0x12 Calibrate_UR.o
 .comment       0x0000000000000000       0x12 ReadInductance.o
 .comment       0x0000000000000000       0x12 GetVloss.o
 .comment       0x0000000000000000       0x12 GetFrequency.o
 .comment       0x0000000000000000       0x12 function_menu.o
 .comment       0x0000000000000000       0x12 message_key_released.o
 .comment       0x0000000000000000       0x12 ReadBigCap.o
 .comment       0x0000000000000000       0x12 CheckRotaryEncoder.o
 .comment       0x0000000000000000       0x12 CalibrationCap.o
 .comment       0x0000000000000000       0x12 ShowData.o
 .comment       0x0000000000000000       0x12 show_Resis_Cap.o
 .comment       0x0000000000000000       0x12 EE_check_init.o

.debug
 *(.debug)

.line
 *(.line)

.debug_srcinfo
 *(.debug_srcinfo)

.debug_sfnames
 *(.debug_sfnames)

.debug_aranges  0x0000000000000000      0x430
 *(.debug_aranges)
 .debug_aranges
                0x0000000000000000       0x20 lcd_hw_4_bit.o
 .debug_aranges
                0x0000000000000020       0x20 lcd-routines.o
 .debug_aranges
                0x0000000000000040       0x20 i2lcd.o
 .debug_aranges
                0x0000000000000060       0x20 PinLayout.o
 .debug_aranges
                0x0000000000000080       0x20 RvalOut.o
 .debug_aranges
                0x00000000000000a0       0x20 UfAusgabe.o
 .debug_aranges
                0x00000000000000c0       0x20 DisplayValue.o
 .debug_aranges
                0x00000000000000e0       0x20 swuart.o
 .debug_aranges
                0x0000000000000100       0x20 wait1000ms.o
 .debug_aranges
                0x0000000000000120       0x20 sleep_5ms.o
 .debug_aranges
                0x0000000000000140       0x20 ReadADC.o
 .debug_aranges
                0x0000000000000160       0x20 wait_for_key_ms.o
 .debug_aranges
                0x0000000000000180       0x20 RefVoltage.o
 .debug_aranges
                0x00000000000001a0       0x20 get_log.o
 .debug_aranges
                0x00000000000001c0       0x28 main.o
 .debug_aranges
                0x00000000000001e8       0x20 Battery_check.o
 .debug_aranges
                0x0000000000000208       0x20 CheckPins.o
 .debug_aranges
                0x0000000000000228       0x20 GetResistance.o
 .debug_aranges
                0x0000000000000248       0x20 ChargePin10ms.o
 .debug_aranges
                0x0000000000000268       0x20 EntladePins.o
 .debug_aranges
                0x0000000000000288       0x20 ReadCapacity.o
 .debug_aranges
                0x00000000000002a8       0x20 GetRLmultip.o
 .debug_aranges
                0x00000000000002c8       0x20 Calibrate_UR.o
 .debug_aranges
                0x00000000000002e8       0x20 ReadInductance.o
 .debug_aranges
                0x0000000000000308       0x20 GetESR.o
 .debug_aranges
                0x0000000000000328       0x20 GetVloss.o
 .debug_aranges
                0x0000000000000348       0x18 GetFrequency.o
 .debug_aranges
                0x0000000000000360       0x18 function_menu.o
 .debug_aranges
                0x0000000000000378       0x18 message_key_released.o
 .debug_aranges
                0x0000000000000390       0x18 ReadBigCap.o
 .debug_aranges
                0x00000000000003a8       0x18 CheckRotaryEncoder.o
 .debug_aranges
                0x00000000000003c0       0x18 CalibrationCap.o
 .debug_aranges
                0x00000000000003d8       0x18 ShowData.o
 .debug_aranges
                0x00000000000003f0       0x20 show_Resis_Cap.o
 .debug_aranges
                0x0000000000000410       0x20 EE_check_init.o

.debug_pubnames
 *(.debug_pubnames)

.debug_info     0x0000000000000000     0x6bf2
 *(.debug_info)
 .debug_info    0x0000000000000000       0x7d lcd_hw_4_bit.o
 .debug_info    0x000000000000007d      0x9c2 lcd-routines.o
 .debug_info    0x0000000000000a3f       0x76 i2lcd.o
 .debug_info    0x0000000000000ab5       0x7a PinLayout.o
 .debug_info    0x0000000000000b2f       0x78 RvalOut.o
 .debug_info    0x0000000000000ba7       0x7a UfAusgabe.o
 .debug_info    0x0000000000000c21      0x2e8 DisplayValue.o
 .debug_info    0x0000000000000f09       0x77 swuart.o
 .debug_info    0x0000000000000f80       0x7b wait1000ms.o
 .debug_info    0x0000000000000ffb       0x7a sleep_5ms.o
 .debug_info    0x0000000000001075       0x78 ReadADC.o
 .debug_info    0x00000000000010ed       0x80 wait_for_key_ms.o
 .debug_info    0x000000000000116d       0x7b RefVoltage.o
 .debug_info    0x00000000000011e8       0x78 get_log.o
 .debug_info    0x0000000000001260     0x29cd main.o
 .debug_info    0x0000000000003c2d      0x3a4 Battery_check.o
 .debug_info    0x0000000000003fd1      0xb70 CheckPins.o
 .debug_info    0x0000000000004b41      0x547 GetResistance.o
 .debug_info    0x0000000000005088      0x119 ChargePin10ms.o
 .debug_info    0x00000000000051a1      0x1f2 EntladePins.o
 .debug_info    0x0000000000005393      0x5aa ReadCapacity.o
 .debug_info    0x000000000000593d       0x7c GetRLmultip.o
 .debug_info    0x00000000000059b9      0x2c2 Calibrate_UR.o
 .debug_info    0x0000000000005c7b      0x4cd ReadInductance.o
 .debug_info    0x0000000000006148       0x77 GetESR.o
 .debug_info    0x00000000000061bf      0x35d GetVloss.o
 .debug_info    0x000000000000651c       0xae GetFrequency.o
 .debug_info    0x00000000000065ca       0xae function_menu.o
 .debug_info    0x0000000000006678       0xae message_key_released.o
 .debug_info    0x0000000000006726       0xae ReadBigCap.o
 .debug_info    0x00000000000067d4       0xae CheckRotaryEncoder.o
 .debug_info    0x0000000000006882       0xae CalibrationCap.o
 .debug_info    0x0000000000006930       0xae ShowData.o
 .debug_info    0x00000000000069de      0x148 show_Resis_Cap.o
 .debug_info    0x0000000000006b26       0xcc EE_check_init.o
 *(.gnu.linkonce.wi.*)

.debug_abbrev   0x0000000000000000     0x1871
 *(.debug_abbrev)
 .debug_abbrev  0x0000000000000000       0x14 lcd_hw_4_bit.o
 .debug_abbrev  0x0000000000000014      0x27e lcd-routines.o
 .debug_abbrev  0x0000000000000292       0x14 i2lcd.o
 .debug_abbrev  0x00000000000002a6       0x14 PinLayout.o
 .debug_abbrev  0x00000000000002ba       0x14 RvalOut.o
 .debug_abbrev  0x00000000000002ce       0x14 UfAusgabe.o
 .debug_abbrev  0x00000000000002e2      0x143 DisplayValue.o
 .debug_abbrev  0x0000000000000425       0x14 swuart.o
 .debug_abbrev  0x0000000000000439       0x14 wait1000ms.o
 .debug_abbrev  0x000000000000044d       0x14 sleep_5ms.o
 .debug_abbrev  0x0000000000000461       0x14 ReadADC.o
 .debug_abbrev  0x0000000000000475       0x14 wait_for_key_ms.o
 .debug_abbrev  0x0000000000000489       0x14 RefVoltage.o
 .debug_abbrev  0x000000000000049d       0x14 get_log.o
 .debug_abbrev  0x00000000000004b1      0x381 main.o
 .debug_abbrev  0x0000000000000832      0x187 Battery_check.o
 .debug_abbrev  0x00000000000009b9      0x1b9 CheckPins.o
 .debug_abbrev  0x0000000000000b72      0x18c GetResistance.o
 .debug_abbrev  0x0000000000000cfe       0xb2 ChargePin10ms.o
 .debug_abbrev  0x0000000000000db0       0xe5 EntladePins.o
 .debug_abbrev  0x0000000000000e95      0x1e9 ReadCapacity.o
 .debug_abbrev  0x000000000000107e       0x14 GetRLmultip.o
 .debug_abbrev  0x0000000000001092      0x12a Calibrate_UR.o
 .debug_abbrev  0x00000000000011bc      0x18e ReadInductance.o
 .debug_abbrev  0x000000000000134a       0x14 GetESR.o
 .debug_abbrev  0x000000000000135e      0x16a GetVloss.o
 .debug_abbrev  0x00000000000014c8       0x56 GetFrequency.o
 .debug_abbrev  0x000000000000151e       0x56 function_menu.o
 .debug_abbrev  0x0000000000001574       0x56 message_key_released.o
 .debug_abbrev  0x00000000000015ca       0x56 ReadBigCap.o
 .debug_abbrev  0x0000000000001620       0x56 CheckRotaryEncoder.o
 .debug_abbrev  0x0000000000001676       0x56 CalibrationCap.o
 .debug_abbrev  0x00000000000016cc       0x56 ShowData.o
 .debug_abbrev  0x0000000000001722       0xdd show_Resis_Cap.o
 .debug_abbrev  0x00000000000017ff       0x72 EE_check_init.o

.debug_line     0x0000000000000000     0x1d90
 *(.debug_line)
 .debug_line    0x0000000000000000       0x6c lcd_hw_4_bit.o
 .debug_line    0x000000000000006c      0x193 lcd-routines.o
 .debug_line    0x00000000000001ff       0x48 i2lcd.o
 .debug_line    0x0000000000000247       0x6c PinLayout.o
 .debug_line    0x00000000000002b3       0x5c RvalOut.o
 .debug_line    0x000000000000030f       0x80 UfAusgabe.o
 .debug_line    0x000000000000038f      0x12d DisplayValue.o
 .debug_line    0x00000000000004bc       0x39 swuart.o
 .debug_line    0x00000000000004f5       0x64 wait1000ms.o
 .debug_line    0x0000000000000559       0x60 sleep_5ms.o
 .debug_line    0x00000000000005b9       0x88 ReadADC.o
 .debug_line    0x0000000000000641       0x82 wait_for_key_ms.o
 .debug_line    0x00000000000006c3       0x83 RefVoltage.o
 .debug_line    0x0000000000000746       0x54 get_log.o
 .debug_line    0x000000000000079a      0x440 main.o
 .debug_line    0x0000000000000bda       0xcc Battery_check.o
 .debug_line    0x0000000000000ca6      0x2af CheckPins.o
 .debug_line    0x0000000000000f55      0x130 GetResistance.o
 .debug_line    0x0000000000001085       0x99 ChargePin10ms.o
 .debug_line    0x000000000000111e       0xf4 EntladePins.o
 .debug_line    0x0000000000001212      0x1f9 ReadCapacity.o
 .debug_line    0x000000000000140b       0x76 GetRLmultip.o
 .debug_line    0x0000000000001481       0xd4 Calibrate_UR.o
 .debug_line    0x0000000000001555      0x18e ReadInductance.o
 .debug_line    0x00000000000016e3      0x1d4 GetESR.o
 .debug_line    0x00000000000018b7      0x116 GetVloss.o
 .debug_line    0x00000000000019cd       0x5f GetFrequency.o
 .debug_line    0x0000000000001a2c       0x5f function_menu.o
 .debug_line    0x0000000000001a8b       0x5f message_key_released.o
 .debug_line    0x0000000000001aea       0x5f ReadBigCap.o
 .debug_line    0x0000000000001b49       0x5f CheckRotaryEncoder.o
 .debug_line    0x0000000000001ba8       0x5f CalibrationCap.o
 .debug_line    0x0000000000001c07       0x5f ShowData.o
 .debug_line    0x0000000000001c66       0xab show_Resis_Cap.o
 .debug_line    0x0000000000001d11       0x7f EE_check_init.o

.debug_frame    0x0000000000000000      0x640
 *(.debug_frame)
 .debug_frame   0x0000000000000000      0x1dc lcd-routines.o
 .debug_frame   0x00000000000001dc       0x58 DisplayValue.o
 .debug_frame   0x0000000000000234      0x124 main.o
 .debug_frame   0x0000000000000358       0x24 Battery_check.o
 .debug_frame   0x000000000000037c       0x4c CheckPins.o
 .debug_frame   0x00000000000003c8       0x48 GetResistance.o
 .debug_frame   0x0000000000000410       0x2c ChargePin10ms.o
 .debug_frame   0x000000000000043c       0x3c EntladePins.o
 .debug_frame   0x0000000000000478       0xb4 ReadCapacity.o
 .debug_frame   0x000000000000052c       0x40 Calibrate_UR.o
 .debug_frame   0x000000000000056c       0x4c ReadInductance.o
 .debug_frame   0x00000000000005b8       0x40 GetVloss.o
 .debug_frame   0x00000000000005f8       0x24 show_Resis_Cap.o
 .debug_frame   0x000000000000061c       0x24 EE_check_init.o

.debug_str      0x0000000000000000      0xe67
 *(.debug_str)
 .debug_str     0x0000000000000000      0x39a lcd-routines.o
                                        0x3e9 (size before relaxing)
 .debug_str     0x000000000000039a       0x6c DisplayValue.o
                                        0x212 (size before relaxing)
 .debug_str     0x0000000000000406      0x646 main.o
                                        0x998 (size before relaxing)
 .debug_str     0x0000000000000a4c       0x1f Battery_check.o
                                        0x266 (size before relaxing)
 .debug_str     0x0000000000000a6b      0x119 CheckPins.o
                                        0x3ac (size before relaxing)
 .debug_str     0x0000000000000b84       0x33 GetResistance.o
                                        0x30b (size before relaxing)
 .debug_str     0x0000000000000bb7       0x2f ChargePin10ms.o
                                        0x1b2 (size before relaxing)
 .debug_str     0x0000000000000be6       0x29 EntladePins.o
                                        0x1d9 (size before relaxing)
 .debug_str     0x0000000000000c0f       0xad ReadCapacity.o
                                        0x38e (size before relaxing)
 .debug_str     0x0000000000000cbc       0x35 Calibrate_UR.o
                                        0x247 (size before relaxing)
 .debug_str     0x0000000000000cf1       0x92 ReadInductance.o
                                        0x31a (size before relaxing)
 .debug_str     0x0000000000000d83       0x1b GetVloss.o
                                        0x260 (size before relaxing)
 .debug_str     0x0000000000000d9e       0x12 GetFrequency.o
                                        0x175 (size before relaxing)
 .debug_str     0x0000000000000db0       0x13 function_menu.o
                                        0x176 (size before relaxing)
 .debug_str     0x0000000000000dc3       0x1a message_key_released.o
                                        0x17d (size before relaxing)
 .debug_str     0x0000000000000ddd       0x10 ReadBigCap.o
                                        0x173 (size before relaxing)
 .debug_str     0x0000000000000ded       0x18 CheckRotaryEncoder.o
                                        0x17b (size before relaxing)
 .debug_str     0x0000000000000e05       0x14 CalibrationCap.o
                                        0x177 (size before relaxing)
 .debug_str     0x0000000000000e19        0xe ShowData.o
                                        0x171 (size before relaxing)
 .debug_str     0x0000000000000e27       0x1f show_Resis_Cap.o
                                        0x1b2 (size before relaxing)
 .debug_str     0x0000000000000e46       0x21 EE_check_init.o
                                        0x184 (size before relaxing)

.debug_loc      0x0000000000000000     0x3ac3
 *(.debug_loc)
 .debug_loc     0x0000000000000000      0x43c lcd-routines.o
 .debug_loc     0x000000000000043c      0x255 DisplayValue.o
 .debug_loc     0x0000000000000691      0x7f1 main.o
 .debug_loc     0x0000000000000e82     0x1679 CheckPins.o
 .debug_loc     0x00000000000024fb      0x7e6 GetResistance.o
 .debug_loc     0x0000000000002ce1       0x72 ChargePin10ms.o
 .debug_loc     0x0000000000002d53      0x19f EntladePins.o
 .debug_loc     0x0000000000002ef2      0x490 ReadCapacity.o
 .debug_loc     0x0000000000003382       0x88 Calibrate_UR.o
 .debug_loc     0x000000000000340a      0x45d ReadInductance.o
 .debug_loc     0x0000000000003867      0x23b GetVloss.o
 .debug_loc     0x0000000000003aa2       0x21 show_Resis_Cap.o

.debug_macinfo
 *(.debug_macinfo)

.debug_pubtypes
 *(.debug_pubtypes)

.debug_ranges   0x0000000000000000       0x18
 *(.debug_ranges)
 .debug_ranges  0x0000000000000000       0x18 main.o

.debug_macro
 *(.debug_macro)
OUTPUT(TransistorTester.elf elf32-avr)
LOAD linker stubs
