Archive member included because of file (symbol)

/usr/lib/gcc/avr/4.5.3/avr5/libgcc.a(_mulsi3.o)
                              main.o (__mulsi3)
/usr/lib/gcc/avr/4.5.3/avr5/libgcc.a(_udivmodqi4.o)
                              main.o (__udivmodqi4)
/usr/lib/gcc/avr/4.5.3/avr5/libgcc.a(_udivmodhi4.o)
                              main.o (__udivmodhi4)
/usr/lib/gcc/avr/4.5.3/avr5/libgcc.a(_udivmodsi4.o)
                              main.o (__udivmodsi4)
/usr/lib/gcc/avr/4.5.3/avr5/libgcc.a(_divmodsi4.o)
                              main.o (__divmodsi4)
/usr/lib/gcc/avr/4.5.3/avr5/libgcc.a(_exit.o)
                              /usr/lib/gcc/avr/4.5.3/../../../avr/lib/avr5/crtm328.o (exit)
/usr/lib/gcc/avr/4.5.3/avr5/libgcc.a(_copy_data.o)
                              main.o (__do_copy_data)
/usr/lib/gcc/avr/4.5.3/avr5/libgcc.a(_clear_bss.o)
                              main.o (__do_clear_bss)
/usr/lib/gcc/avr/4.5.3/../../../avr/lib/avr5/libc.a(itoa.o)
                              main.o (itoa)
/usr/lib/gcc/avr/4.5.3/../../../avr/lib/avr5/libc.a(utoa.o)
                              main.o (utoa)
/usr/lib/gcc/avr/4.5.3/../../../avr/lib/avr5/libc.a(eerd_byte_atmega328.o)
                              lcd-routines.o (__eerd_byte_m328)
/usr/lib/gcc/avr/4.5.3/../../../avr/lib/avr5/libc.a(eerd_word_atmega328.o)
                              main.o (__eerd_word_m328)
/usr/lib/gcc/avr/4.5.3/../../../avr/lib/avr5/libc.a(eewr_byte_atmega328.o)
                              main.o (__eewr_byte_m328)
/usr/lib/gcc/avr/4.5.3/../../../avr/lib/avr5/libc.a(eewr_word_atmega328.o)
                              main.o (__eewr_word_m328)
/usr/lib/gcc/avr/4.5.3/../../../avr/lib/avr5/libc.a(strrev.o)
                              /usr/lib/gcc/avr/4.5.3/../../../avr/lib/avr5/libc.a(itoa.o) (strrev)
/usr/lib/gcc/avr/4.5.3/../../../avr/lib/avr5/libc.a(eerd_block_atmega328.o)
                              /usr/lib/gcc/avr/4.5.3/../../../avr/lib/avr5/libc.a(eerd_word_atmega328.o) (__eerd_blraw_m328)

Allocating common symbols
Common symbol       size              file

resis680mi          0x2               main.o
PartReady           0x1               main.o
NumOfDiodes         0x1               main.o
PartMode            0x1               main.o
PartFound           0x1               main.o
resis680pl          0x2               main.o
tmpval              0x1               main.o
mess_count          0x1               main.o
outval              0xc               main.o
resis               0x21              main.o
ADCconfig           0x6               main.o
ref_mv              0x2               main.o
tmpval2             0x1               main.o
WithReference       0x1               main.o
empty_count         0x1               main.o
ii                  0x1               main.o
pin_combination     0x1               main.o
ovcnt16             0x2               main.o
trans               0xf               main.o
ResistorsFound      0x1               main.o
gthvoltage          0x2               main.o
unfinished          0x1               main.o
cap                 0x12              main.o
load_diff           0x2               main.o
diodes              0x18              main.o

Memory Configuration

Name             Origin             Length             Attributes
text             0x0000000000000000 0x0000000000020000 xr
data             0x0000000000800060 0x000000000000ffa0 rw !x
eeprom           0x0000000000810000 0x0000000000010000 rw !x
fuse             0x0000000000820000 0x0000000000000400 rw !x
lock             0x0000000000830000 0x0000000000000400 rw !x
signature        0x0000000000840000 0x0000000000000400 rw !x
*default*        0x0000000000000000 0xffffffffffffffff

Linker script and memory map

Address of section .data set to 0x800100
LOAD /usr/lib/gcc/avr/4.5.3/../../../avr/lib/avr5/crtm328.o
LOAD lcd-routines.o
LOAD lcd_hw_4_bit.o
LOAD main.o
LOAD swuart.o
LOAD wait1000ms.o
LOAD ReadCapacity.o
LOAD ReadInductance.o
LOAD ReadADC.o
LOAD GetESR.o
LOAD /usr/lib/gcc/avr/4.5.3/avr5/libgcc.a
LOAD /usr/lib/gcc/avr/4.5.3/../../../avr/lib/avr5/libc.a
LOAD /usr/lib/gcc/avr/4.5.3/avr5/libgcc.a

.hash
 *(.hash)

.dynsym
 *(.dynsym)

.dynstr
 *(.dynstr)

.gnu.version
 *(.gnu.version)

.gnu.version_d
 *(.gnu.version_d)

.gnu.version_r
 *(.gnu.version_r)

.rel.init
 *(.rel.init)

.rela.init
 *(.rela.init)

.rel.text
 *(.rel.text)
 *(.rel.text.*)
 *(.rel.gnu.linkonce.t*)

.rela.text
 *(.rela.text)
 *(.rela.text.*)
 *(.rela.gnu.linkonce.t*)

.rel.fini
 *(.rel.fini)

.rela.fini
 *(.rela.fini)

.rel.rodata
 *(.rel.rodata)
 *(.rel.rodata.*)
 *(.rel.gnu.linkonce.r*)

.rela.rodata
 *(.rela.rodata)
 *(.rela.rodata.*)
 *(.rela.gnu.linkonce.r*)

.rel.data
 *(.rel.data)
 *(.rel.data.*)
 *(.rel.gnu.linkonce.d*)

.rela.data
 *(.rela.data)
 *(.rela.data.*)
 *(.rela.gnu.linkonce.d*)

.rel.ctors
 *(.rel.ctors)

.rela.ctors
 *(.rela.ctors)

.rel.dtors
 *(.rel.dtors)

.rela.dtors
 *(.rela.dtors)

.rel.got
 *(.rel.got)

.rela.got
 *(.rela.got)

.rel.bss
 *(.rel.bss)

.rela.bss
 *(.rela.bss)

.rel.plt
 *(.rel.plt)

.rela.plt
 *(.rela.plt)

.text           0x0000000000000000     0x3c86
 *(.vectors)
 .vectors       0x0000000000000000       0x68 /usr/lib/gcc/avr/4.5.3/../../../avr/lib/avr5/crtm328.o
                0x0000000000000000                __vectors
                0x0000000000000000                __vector_default
 *(.vectors)
 *(.progmem.gcc*)
 *(.progmem*)
                0x0000000000000068                . = ALIGN (0x2)
                0x0000000000000068                __trampolines_start = .
 *(.trampolines)
 .trampolines   0x0000000000000068        0x0 linker stubs
 *(.trampolines*)
                0x0000000000000068                __trampolines_end = .
 *(.jumptables)
 *(.jumptables*)
 *(.lowtext)
 *(.lowtext*)
                0x0000000000000068                __ctors_start = .
 *(.ctors)
                0x0000000000000068                __ctors_end = .
                0x0000000000000068                __dtors_start = .
 *(.dtors)
                0x0000000000000068                __dtors_end = .
 SORT(*)(.ctors)
 SORT(*)(.dtors)
 *(.init0)
 .init0         0x0000000000000068        0x0 /usr/lib/gcc/avr/4.5.3/../../../avr/lib/avr5/crtm328.o
                0x0000000000000068                __init
 *(.init0)
 *(.init1)
 *(.init1)
 *(.init2)
 .init2         0x0000000000000068        0xc /usr/lib/gcc/avr/4.5.3/../../../avr/lib/avr5/crtm328.o
 *(.init2)
 *(.init3)
 *(.init3)
 *(.init4)
 .init4         0x0000000000000074       0x16 /usr/lib/gcc/avr/4.5.3/avr5/libgcc.a(_copy_data.o)
                0x0000000000000074                __do_copy_data
 .init4         0x000000000000008a       0x10 /usr/lib/gcc/avr/4.5.3/avr5/libgcc.a(_clear_bss.o)
                0x000000000000008a                __do_clear_bss
 *(.init4)
 *(.init5)
 *(.init5)
 *(.init6)
 *(.init6)
 *(.init7)
 *(.init7)
 *(.init8)
 *(.init8)
 *(.init9)
 .init9         0x000000000000009a        0x8 /usr/lib/gcc/avr/4.5.3/../../../avr/lib/avr5/crtm328.o
 *(.init9)
 *(.text)
 .text          0x00000000000000a2        0x4 /usr/lib/gcc/avr/4.5.3/../../../avr/lib/avr5/crtm328.o
                0x00000000000000a2                __vector_22
                0x00000000000000a2                __vector_1
                0x00000000000000a2                __vector_24
                0x00000000000000a2                __vector_12
                0x00000000000000a2                __bad_interrupt
                0x00000000000000a2                __vector_6
                0x00000000000000a2                __vector_3
                0x00000000000000a2                __vector_23
                0x00000000000000a2                __vector_25
                0x00000000000000a2                __vector_11
                0x00000000000000a2                __vector_17
                0x00000000000000a2                __vector_19
                0x00000000000000a2                __vector_5
                0x00000000000000a2                __vector_4
                0x00000000000000a2                __vector_9
                0x00000000000000a2                __vector_2
                0x00000000000000a2                __vector_15
                0x00000000000000a2                __vector_8
                0x00000000000000a2                __vector_14
                0x00000000000000a2                __vector_16
                0x00000000000000a2                __vector_18
                0x00000000000000a2                __vector_20
 .text          0x00000000000000a6      0x18a lcd-routines.o
                0x00000000000000a6                lcd_data
                0x0000000000000108                lcd_space
                0x0000000000000110                lcd_testpin
                0x0000000000000118                uart_newline
                0x0000000000000126                lcd_command
                0x0000000000000146                lcd_clear
                0x0000000000000160                lcd_init
                0x00000000000001b8                lcd_string
                0x00000000000001e0                lcd_fix_string
                0x0000000000000202                lcd_fix_customchar
 .text          0x0000000000000230       0x5c lcd_hw_4_bit.o
                0x0000000000000230                _lcd_hw_write
 .text          0x000000000000028c     0x25f8 main.o
                0x000000000000028c                __vector_7
                0x000000000000028e                __vector_21
                0x0000000000000290                EntladePins
                0x00000000000003c6                RefVoltage
                0x0000000000000466                lcd_clear_line
                0x0000000000000476                DisplayValue
                0x00000000000005e2                RvalOut
                0x0000000000000616                mVAusgabe
                0x0000000000000646                UfAusgabe
                0x000000000000066e                sleep_5ms
                0x00000000000006b4                ChargePin10ms
                0x00000000000006ea                CheckPins
                0x0000000000001470                PinLayout
                0x00000000000014d6                AutoCheck
                0x0000000000001e5a                main
 .text          0x0000000000002884       0x40 swuart.o
                0x0000000000002884                uart_putc
 .text          0x00000000000028c4       0x4a wait1000ms.o
                0x00000000000028c4                wait5s
                0x00000000000028c6                wait4s
                0x00000000000028c8                wait3s
                0x00000000000028ca                wait2s
                0x00000000000028cc                wait1000ms
                0x00000000000028cc                wait1s
                0x00000000000028ce                wait500ms
                0x00000000000028d0                wait400ms
                0x00000000000028d2                wait300ms
                0x00000000000028d4                wait200ms
                0x00000000000028d6                wait100ms
                0x00000000000028da                wait50ms
                0x00000000000028dc                wait40ms
                0x00000000000028de                wait30ms
                0x00000000000028e0                wait20ms
                0x00000000000028e2                wait10ms
                0x00000000000028e4                wait5ms
                0x00000000000028e6                wait4ms
                0x00000000000028e8                wait3ms
                0x00000000000028ea                wait2ms
                0x00000000000028ec                wait1ms
                0x00000000000028ee                wait500us
                0x00000000000028f0                wait400us
                0x00000000000028f2                wait300us
                0x00000000000028f4                wait200us
                0x00000000000028f6                wait100us
                0x00000000000028f8                wait50us
                0x00000000000028fa                wait40us
                0x00000000000028fc                wait30us
                0x00000000000028fe                wait20us
                0x0000000000002900                wait10us
                0x0000000000002902                wait5us
                0x0000000000002904                wait4us
                0x0000000000002906                wait3us
                0x0000000000002908                wait2us
                0x000000000000290a                wait1us
 .text          0x000000000000290e      0x6ae ReadCapacity.o
                0x000000000000290e                getRLmultip
                0x0000000000002992                Scale_C_with_vcc
                0x0000000000002a32                ReadCapacity
                0x0000000000002f88                __vector_13
                0x0000000000002fb6                __vector_10
 .text          0x0000000000002fbc      0x53c ReadInductance.o
                0x0000000000002fbc                ReadInductance
 .text          0x00000000000034f8      0x12a ReadADC.o
                0x00000000000034f8                ReadADC
                0x00000000000035e0                W5msReadADC
                0x00000000000035f6                W10msReadADC
                0x000000000000360c                W20msReadADC
 .text          0x0000000000003622      0x478 GetESR.o
                0x0000000000003622                GetESR
 .text          0x0000000000003a9a        0x0 /usr/lib/gcc/avr/4.5.3/avr5/libgcc.a(_mulsi3.o)
 .text          0x0000000000003a9a        0x0 /usr/lib/gcc/avr/4.5.3/avr5/libgcc.a(_udivmodqi4.o)
 .text          0x0000000000003a9a        0x0 /usr/lib/gcc/avr/4.5.3/avr5/libgcc.a(_udivmodhi4.o)
 .text          0x0000000000003a9a        0x0 /usr/lib/gcc/avr/4.5.3/avr5/libgcc.a(_udivmodsi4.o)
 .text          0x0000000000003a9a        0x0 /usr/lib/gcc/avr/4.5.3/avr5/libgcc.a(_divmodsi4.o)
 .text          0x0000000000003a9a        0x0 /usr/lib/gcc/avr/4.5.3/avr5/libgcc.a(_exit.o)
 .text          0x0000000000003a9a        0x0 /usr/lib/gcc/avr/4.5.3/avr5/libgcc.a(_copy_data.o)
 .text          0x0000000000003a9a        0x0 /usr/lib/gcc/avr/4.5.3/avr5/libgcc.a(_clear_bss.o)
 .text          0x0000000000003a9a        0x0 /usr/lib/gcc/avr/4.5.3/../../../avr/lib/avr5/libc.a(itoa.o)
 .text          0x0000000000003a9a        0x0 /usr/lib/gcc/avr/4.5.3/../../../avr/lib/avr5/libc.a(utoa.o)
 .text          0x0000000000003a9a        0x0 /usr/lib/gcc/avr/4.5.3/../../../avr/lib/avr5/libc.a(eerd_byte_atmega328.o)
 .text          0x0000000000003a9a        0x0 /usr/lib/gcc/avr/4.5.3/../../../avr/lib/avr5/libc.a(eerd_word_atmega328.o)
 .text          0x0000000000003a9a        0x0 /usr/lib/gcc/avr/4.5.3/../../../avr/lib/avr5/libc.a(eewr_byte_atmega328.o)
 .text          0x0000000000003a9a        0x0 /usr/lib/gcc/avr/4.5.3/../../../avr/lib/avr5/libc.a(eewr_word_atmega328.o)
 .text          0x0000000000003a9a        0x0 /usr/lib/gcc/avr/4.5.3/../../../avr/lib/avr5/libc.a(strrev.o)
 .text          0x0000000000003a9a        0x0 /usr/lib/gcc/avr/4.5.3/../../../avr/lib/avr5/libc.a(eerd_block_atmega328.o)
                0x0000000000003a9a                . = ALIGN (0x2)
 *(.text.*)
 .text.libgcc   0x0000000000003a9a       0x3e /usr/lib/gcc/avr/4.5.3/avr5/libgcc.a(_mulsi3.o)
                0x0000000000003a9a                __mulsi3
 .text.libgcc   0x0000000000003ad8       0x18 /usr/lib/gcc/avr/4.5.3/avr5/libgcc.a(_udivmodqi4.o)
                0x0000000000003ad8                __udivmodqi4
 .text.libgcc   0x0000000000003af0       0x28 /usr/lib/gcc/avr/4.5.3/avr5/libgcc.a(_udivmodhi4.o)
                0x0000000000003af0                __udivmodhi4
 .text.libgcc   0x0000000000003b18       0x44 /usr/lib/gcc/avr/4.5.3/avr5/libgcc.a(_udivmodsi4.o)
                0x0000000000003b18                __udivmodsi4
 .text.libgcc   0x0000000000003b5c       0x36 /usr/lib/gcc/avr/4.5.3/avr5/libgcc.a(_divmodsi4.o)
                0x0000000000003b5c                __divmodsi4
 .text.libgcc   0x0000000000003b92        0x0 /usr/lib/gcc/avr/4.5.3/avr5/libgcc.a(_exit.o)
 .text.libgcc   0x0000000000003b92        0x0 /usr/lib/gcc/avr/4.5.3/avr5/libgcc.a(_copy_data.o)
 .text.libgcc   0x0000000000003b92        0x0 /usr/lib/gcc/avr/4.5.3/avr5/libgcc.a(_clear_bss.o)
 .text.avr-libc
                0x0000000000003b92       0x42 /usr/lib/gcc/avr/4.5.3/../../../avr/lib/avr5/libc.a(itoa.o)
                0x0000000000003b92                itoa
 .text.avr-libc
                0x0000000000003bd4       0x2c /usr/lib/gcc/avr/4.5.3/../../../avr/lib/avr5/libc.a(utoa.o)
                0x0000000000003bd4                utoa
 .text.avr-libc
                0x0000000000003c00       0x10 /usr/lib/gcc/avr/4.5.3/../../../avr/lib/avr5/libc.a(eerd_byte_atmega328.o)
                0x0000000000003c00                __eerd_byte_m328
 .text.avr-libc
                0x0000000000003c10        0xc /usr/lib/gcc/avr/4.5.3/../../../avr/lib/avr5/libc.a(eerd_word_atmega328.o)
                0x0000000000003c10                __eerd_word_m328
 .text.avr-libc
                0x0000000000003c1c       0x1c /usr/lib/gcc/avr/4.5.3/../../../avr/lib/avr5/libc.a(eewr_byte_atmega328.o)
                0x0000000000003c1c                __eewr_byte_m328
                0x0000000000003c1e                __eewr_r18_m328
 .text.avr-libc
                0x0000000000003c38        0xa /usr/lib/gcc/avr/4.5.3/../../../avr/lib/avr5/libc.a(eewr_word_atmega328.o)
                0x0000000000003c38                __eewr_word_m328
 .text.avr-libc
                0x0000000000003c42       0x20 /usr/lib/gcc/avr/4.5.3/../../../avr/lib/avr5/libc.a(strrev.o)
                0x0000000000003c42                strrev
 .text.avr-libc
                0x0000000000003c62       0x20 /usr/lib/gcc/avr/4.5.3/../../../avr/lib/avr5/libc.a(eerd_block_atmega328.o)
                0x0000000000003c62                __eerd_block_m328
                0x0000000000003c66                __eerd_blraw_m328
                0x0000000000003c82                . = ALIGN (0x2)
 *(.fini9)
 .fini9         0x0000000000003c82        0x0 /usr/lib/gcc/avr/4.5.3/avr5/libgcc.a(_exit.o)
                0x0000000000003c82                exit
                0x0000000000003c82                _exit
 *(.fini9)
 *(.fini8)
 *(.fini8)
 *(.fini7)
 *(.fini7)
 *(.fini6)
 *(.fini6)
 *(.fini5)
 *(.fini5)
 *(.fini4)
 *(.fini4)
 *(.fini3)
 *(.fini3)
 *(.fini2)
 *(.fini2)
 *(.fini1)
 *(.fini1)
 *(.fini0)
 .fini0         0x0000000000003c82        0x4 /usr/lib/gcc/avr/4.5.3/avr5/libgcc.a(_exit.o)
 *(.fini0)
                0x0000000000003c86                _etext = .

.data           0x0000000000800100        0x2 load address 0x0000000000003c86
                0x0000000000800100                PROVIDE (__data_start, .)
 *(.data)
 .data          0x0000000000800100        0x0 /usr/lib/gcc/avr/4.5.3/../../../avr/lib/avr5/crtm328.o
 .data          0x0000000000800100        0x0 lcd-routines.o
 .data          0x0000000000800100        0x0 lcd_hw_4_bit.o
 .data          0x0000000000800100        0x2 main.o
                0x0000000000800100                RHmultip
 .data          0x0000000000800102        0x0 swuart.o
 .data          0x0000000000800102        0x0 wait1000ms.o
 .data          0x0000000000800102        0x0 ReadCapacity.o
 .data          0x0000000000800102        0x0 ReadInductance.o
 .data          0x0000000000800102        0x0 ReadADC.o
 .data          0x0000000000800102        0x0 GetESR.o
 .data          0x0000000000800102        0x0 /usr/lib/gcc/avr/4.5.3/avr5/libgcc.a(_mulsi3.o)
 .data          0x0000000000800102        0x0 /usr/lib/gcc/avr/4.5.3/avr5/libgcc.a(_udivmodqi4.o)
 .data          0x0000000000800102        0x0 /usr/lib/gcc/avr/4.5.3/avr5/libgcc.a(_udivmodhi4.o)
 .data          0x0000000000800102        0x0 /usr/lib/gcc/avr/4.5.3/avr5/libgcc.a(_udivmodsi4.o)
 .data          0x0000000000800102        0x0 /usr/lib/gcc/avr/4.5.3/avr5/libgcc.a(_divmodsi4.o)
 .data          0x0000000000800102        0x0 /usr/lib/gcc/avr/4.5.3/avr5/libgcc.a(_exit.o)
 .data          0x0000000000800102        0x0 /usr/lib/gcc/avr/4.5.3/avr5/libgcc.a(_copy_data.o)
 .data          0x0000000000800102        0x0 /usr/lib/gcc/avr/4.5.3/avr5/libgcc.a(_clear_bss.o)
 .data          0x0000000000800102        0x0 /usr/lib/gcc/avr/4.5.3/../../../avr/lib/avr5/libc.a(itoa.o)
 .data          0x0000000000800102        0x0 /usr/lib/gcc/avr/4.5.3/../../../avr/lib/avr5/libc.a(utoa.o)
 .data          0x0000000000800102        0x0 /usr/lib/gcc/avr/4.5.3/../../../avr/lib/avr5/libc.a(eerd_byte_atmega328.o)
 .data          0x0000000000800102        0x0 /usr/lib/gcc/avr/4.5.3/../../../avr/lib/avr5/libc.a(eerd_word_atmega328.o)
 .data          0x0000000000800102        0x0 /usr/lib/gcc/avr/4.5.3/../../../avr/lib/avr5/libc.a(eewr_byte_atmega328.o)
 .data          0x0000000000800102        0x0 /usr/lib/gcc/avr/4.5.3/../../../avr/lib/avr5/libc.a(eewr_word_atmega328.o)
 .data          0x0000000000800102        0x0 /usr/lib/gcc/avr/4.5.3/../../../avr/lib/avr5/libc.a(strrev.o)
 .data          0x0000000000800102        0x0 /usr/lib/gcc/avr/4.5.3/../../../avr/lib/avr5/libc.a(eerd_block_atmega328.o)
 *(.data*)
 *(.rodata)
 *(.rodata*)
 *(.gnu.linkonce.d*)
                0x0000000000800102                . = ALIGN (0x2)
                0x0000000000800102                _edata = .
                0x0000000000800102                PROVIDE (__data_end, .)

.bss            0x0000000000800102       0x85
                0x0000000000800102                PROVIDE (__bss_start, .)
 *(.bss)
 .bss           0x0000000000800102        0x0 /usr/lib/gcc/avr/4.5.3/../../../avr/lib/avr5/crtm328.o
 .bss           0x0000000000800102        0x0 lcd-routines.o
 .bss           0x0000000000800102        0x0 lcd_hw_4_bit.o
 .bss           0x0000000000800102        0x0 main.o
 .bss           0x0000000000800102        0x0 swuart.o
 .bss           0x0000000000800102        0x0 wait1000ms.o
 .bss           0x0000000000800102        0x0 ReadCapacity.o
 .bss           0x0000000000800102        0x0 ReadInductance.o
 .bss           0x0000000000800102        0x0 ReadADC.o
 .bss           0x0000000000800102        0x0 GetESR.o
 .bss           0x0000000000800102        0x0 /usr/lib/gcc/avr/4.5.3/avr5/libgcc.a(_mulsi3.o)
 .bss           0x0000000000800102        0x0 /usr/lib/gcc/avr/4.5.3/avr5/libgcc.a(_udivmodqi4.o)
 .bss           0x0000000000800102        0x0 /usr/lib/gcc/avr/4.5.3/avr5/libgcc.a(_udivmodhi4.o)
 .bss           0x0000000000800102        0x0 /usr/lib/gcc/avr/4.5.3/avr5/libgcc.a(_udivmodsi4.o)
 .bss           0x0000000000800102        0x0 /usr/lib/gcc/avr/4.5.3/avr5/libgcc.a(_divmodsi4.o)
 .bss           0x0000000000800102        0x0 /usr/lib/gcc/avr/4.5.3/avr5/libgcc.a(_exit.o)
 .bss           0x0000000000800102        0x0 /usr/lib/gcc/avr/4.5.3/avr5/libgcc.a(_copy_data.o)
 .bss           0x0000000000800102        0x0 /usr/lib/gcc/avr/4.5.3/avr5/libgcc.a(_clear_bss.o)
 .bss           0x0000000000800102        0x0 /usr/lib/gcc/avr/4.5.3/../../../avr/lib/avr5/libc.a(itoa.o)
 .bss           0x0000000000800102        0x0 /usr/lib/gcc/avr/4.5.3/../../../avr/lib/avr5/libc.a(utoa.o)
 .bss           0x0000000000800102        0x0 /usr/lib/gcc/avr/4.5.3/../../../avr/lib/avr5/libc.a(eerd_byte_atmega328.o)
 .bss           0x0000000000800102        0x0 /usr/lib/gcc/avr/4.5.3/../../../avr/lib/avr5/libc.a(eerd_word_atmega328.o)
 .bss           0x0000000000800102        0x0 /usr/lib/gcc/avr/4.5.3/../../../avr/lib/avr5/libc.a(eewr_byte_atmega328.o)
 .bss           0x0000000000800102        0x0 /usr/lib/gcc/avr/4.5.3/../../../avr/lib/avr5/libc.a(eewr_word_atmega328.o)
 .bss           0x0000000000800102        0x0 /usr/lib/gcc/avr/4.5.3/../../../avr/lib/avr5/libc.a(strrev.o)
 .bss           0x0000000000800102        0x0 /usr/lib/gcc/avr/4.5.3/../../../avr/lib/avr5/libc.a(eerd_block_atmega328.o)
 *(.bss*)
 *(COMMON)
 COMMON         0x0000000000800102       0x85 main.o
                0x0000000000800102                resis680mi
                0x0000000000800104                PartReady
                0x0000000000800105                NumOfDiodes
                0x0000000000800106                PartMode
                0x0000000000800107                PartFound
                0x0000000000800108                resis680pl
                0x000000000080010a                tmpval
                0x000000000080010b                mess_count
                0x000000000080010c                outval
                0x0000000000800118                resis
                0x0000000000800139                ADCconfig
                0x000000000080013f                ref_mv
                0x0000000000800141                tmpval2
                0x0000000000800142                WithReference
                0x0000000000800143                empty_count
                0x0000000000800144                ii
                0x0000000000800145                pin_combination
                0x0000000000800146                ovcnt16
                0x0000000000800148                trans
                0x0000000000800157                ResistorsFound
                0x0000000000800158                gthvoltage
                0x000000000080015a                unfinished
                0x000000000080015b                cap
                0x000000000080016d                load_diff
                0x000000000080016f                diodes
                0x0000000000800187                PROVIDE (__bss_end, .)
                0x0000000000003c86                __data_load_start = LOADADDR (.data)
                0x0000000000003c88                __data_load_end = (__data_load_start + SIZEOF (.data))

.noinit         0x0000000000800187        0x0
                0x0000000000800187                PROVIDE (__noinit_start, .)
 *(.noinit*)
                0x0000000000800187                PROVIDE (__noinit_end, .)
                0x0000000000800187                _end = .
                0x0000000000800187                PROVIDE (__heap_start, .)

.eeprom         0x0000000000810000      0x271
 *(.eeprom*)
 .eeprom        0x0000000000810000      0x271 main.o
                0x0000000000810000                RLtab
                0x000000000081005a                LogTab
                0x00000000008100b6                RHtab
                0x00000000008100c8                TestRunning
                0x00000000008100d3                BatWeak
                0x00000000008100d8                BatEmpty
                0x00000000008100df                TestFailed2
                0x00000000008100e8                Bauteil
                0x00000000008100ed                Diode
                0x00000000008100f5                Triac
                0x00000000008100fb                Thyristor
                0x0000000000810105                Unknown
                0x000000000081010e                TestFailed1
                0x000000000081011e                OrBroken
                0x000000000081012a                TestTimedOut
                0x0000000000810133                SELFTEST
                0x0000000000810143                RELPROBE
                0x0000000000810152                ATE
                0x000000000081015b                Bat_str
                0x0000000000810161                OK_str
                0x0000000000810164                mosfet_str
                0x0000000000810169                jfet_str
                0x000000000081016e                GateCap_str
                0x0000000000810171                hfe_str
                0x0000000000810174                NPN_str
                0x0000000000810179                PNP_str
                0x000000000081017e                N123_str
                0x0000000000810184                Uf_str
                0x0000000000810188                vt_str
                0x000000000081018d                Vgs_str
                0x0000000000810193                CapZeich
                0x0000000000810197                Cell_str
                0x000000000081019d                VCC_str
                0x00000000008101a2                ESR_str
                0x00000000008101a8                Lis_str
                0x00000000008101ab                AnKat
                0x00000000008101af                KatAn
                0x00000000008101b3                Dioden
                0x00000000008101b8                Resistor_str
                0x00000000008101bd                VERSION_str
                0x00000000008101cb                URefT
                0x00000000008101d0                RHfakt
                0x00000000008101d5                RH1L
                0x00000000008101d9                RH1H
                0x00000000008101dd                RLRL
                0x00000000008101eb                RHRH
                0x00000000008101f9                RHRL
                0x00000000008101ff                RIHI
                0x0000000000810206                RILO
                0x000000000081020d                C0_str
                0x0000000000810211                T50HZ
                0x0000000000810217                MinCap_str
                0x000000000081021f                REF_C_str
                0x0000000000810226                REF_R_str
                0x000000000081022d                DiodeIcon1
                0x0000000000810235                DiodeIcon2
                0x000000000081023d                CapIcon
                0x0000000000810245                ResIcon1
                0x000000000081024d                ResIcon2
                0x0000000000810255                PinRLtab
                0x0000000000810258                PinADCtab
                0x000000000081025b                R680pl
                0x000000000081025d                R680mi
                0x000000000081025f                RefDiff
                0x0000000000810260                PrefixTab
                0x0000000000810267                ref_offset
                0x0000000000810269                c_zero_tab
                0x0000000000810270                EE_ESR_ZERO
                0x0000000000810271                __eeprom_end = .

.fuse
 *(.fuse)
 *(.lfuse)
 *(.hfuse)
 *(.efuse)

.lock
 *(.lock*)

.signature
 *(.signature*)

.stab           0x0000000000000000      0xdbc
 *(.stab)
 .stab          0x0000000000000000      0x6cc /usr/lib/gcc/avr/4.5.3/../../../avr/lib/avr5/crtm328.o
 .stab          0x00000000000006cc      0x1b0 /usr/lib/gcc/avr/4.5.3/../../../avr/lib/avr5/libc.a(itoa.o)
                                        0x1bc (size before relaxing)
 .stab          0x000000000000087c      0x12c /usr/lib/gcc/avr/4.5.3/../../../avr/lib/avr5/libc.a(utoa.o)
                                        0x138 (size before relaxing)
 .stab          0x00000000000009a8       0x90 /usr/lib/gcc/avr/4.5.3/../../../avr/lib/avr5/libc.a(eerd_byte_atmega328.o)
                                         0x9c (size before relaxing)
 .stab          0x0000000000000a38       0x6c /usr/lib/gcc/avr/4.5.3/../../../avr/lib/avr5/libc.a(eerd_word_atmega328.o)
                                         0x78 (size before relaxing)
 .stab          0x0000000000000aa4       0xe4 /usr/lib/gcc/avr/4.5.3/../../../avr/lib/avr5/libc.a(eewr_byte_atmega328.o)
                                         0xf0 (size before relaxing)
 .stab          0x0000000000000b88       0x54 /usr/lib/gcc/avr/4.5.3/../../../avr/lib/avr5/libc.a(eewr_word_atmega328.o)
                                         0x60 (size before relaxing)
 .stab          0x0000000000000bdc       0xd8 /usr/lib/gcc/avr/4.5.3/../../../avr/lib/avr5/libc.a(strrev.o)
                                         0xe4 (size before relaxing)
 .stab          0x0000000000000cb4      0x108 /usr/lib/gcc/avr/4.5.3/../../../avr/lib/avr5/libc.a(eerd_block_atmega328.o)
                                        0x114 (size before relaxing)

.stabstr        0x0000000000000000      0x1d2
 *(.stabstr)
 .stabstr       0x0000000000000000      0x1d2 /usr/lib/gcc/avr/4.5.3/../../../avr/lib/avr5/crtm328.o

.stab.excl
 *(.stab.excl)

.stab.exclstr
 *(.stab.exclstr)

.stab.index
 *(.stab.index)

.stab.indexstr
 *(.stab.indexstr)

.comment
 *(.comment)

.debug
 *(.debug)

.line
 *(.line)

.debug_srcinfo
 *(.debug_srcinfo)

.debug_sfnames
 *(.debug_sfnames)

.debug_aranges  0x0000000000000000       0xc0
 *(.debug_aranges)
 .debug_aranges
                0x0000000000000000       0x20 lcd-routines.o
 .debug_aranges
                0x0000000000000020       0x20 main.o
 .debug_aranges
                0x0000000000000040       0x20 ReadCapacity.o
 .debug_aranges
                0x0000000000000060       0x20 ReadInductance.o
 .debug_aranges
                0x0000000000000080       0x20 ReadADC.o
 .debug_aranges
                0x00000000000000a0       0x20 GetESR.o

.debug_pubnames
                0x0000000000000000      0x73f
 *(.debug_pubnames)
 .debug_pubnames
                0x0000000000000000       0xb2 lcd-routines.o
 .debug_pubnames
                0x00000000000000b2      0x593 main.o
 .debug_pubnames
                0x0000000000000645       0x68 ReadCapacity.o
 .debug_pubnames
                0x00000000000006ad       0x25 ReadInductance.o
 .debug_pubnames
                0x00000000000006d2       0x50 ReadADC.o
 .debug_pubnames
                0x0000000000000722       0x1d GetESR.o

.debug_info     0x0000000000000000     0x2864
 *(.debug_info)
 .debug_info    0x0000000000000000      0x1fa lcd-routines.o
 .debug_info    0x00000000000001fa     0x1842 main.o
 .debug_info    0x0000000000001a3c      0x524 ReadCapacity.o
 .debug_info    0x0000000000001f60      0x45d ReadInductance.o
 .debug_info    0x00000000000023bd      0x1d2 ReadADC.o
 .debug_info    0x000000000000258f      0x2d5 GetESR.o
 *(.gnu.linkonce.wi.*)

.debug_abbrev   0x0000000000000000      0x7a0
 *(.debug_abbrev)
 .debug_abbrev  0x0000000000000000       0xaf lcd-routines.o
 .debug_abbrev  0x00000000000000af      0x2af main.o
 .debug_abbrev  0x000000000000035e      0x18c ReadCapacity.o
 .debug_abbrev  0x00000000000004ea       0xfd ReadInductance.o
 .debug_abbrev  0x00000000000005e7       0xb9 ReadADC.o
 .debug_abbrev  0x00000000000006a0      0x100 GetESR.o

.debug_line     0x0000000000000000     0x35a1
 *(.debug_line)
 .debug_line    0x0000000000000000      0x2b9 lcd-routines.o
 .debug_line    0x00000000000002b9     0x2290 main.o
 .debug_line    0x0000000000002549      0x5e6 ReadCapacity.o
 .debug_line    0x0000000000002b2f      0x42d ReadInductance.o
 .debug_line    0x0000000000002f5c      0x1e8 ReadADC.o
 .debug_line    0x0000000000003144      0x45d GetESR.o

.debug_frame    0x0000000000000000      0x2a0
 *(.debug_frame)
 .debug_frame   0x0000000000000000       0xb0 lcd-routines.o
 .debug_frame   0x00000000000000b0      0x100 main.o
 .debug_frame   0x00000000000001b0       0x60 ReadCapacity.o
 .debug_frame   0x0000000000000210       0x20 ReadInductance.o
 .debug_frame   0x0000000000000230       0x50 ReadADC.o
 .debug_frame   0x0000000000000280       0x20 GetESR.o

.debug_str      0x0000000000000000      0x8c4
 *(.debug_str)
 .debug_str     0x0000000000000000      0x134 lcd-routines.o
                                        0x172 (size before relaxing)
 .debug_str     0x0000000000000134      0x610 main.o
                                        0x711 (size before relaxing)
 .debug_str     0x0000000000000744       0xa3 ReadCapacity.o
                                        0x2b0 (size before relaxing)
 .debug_str     0x00000000000007e7       0x62 ReadInductance.o
                                        0x241 (size before relaxing)
 .debug_str     0x0000000000000849       0x40 ReadADC.o
                                        0x158 (size before relaxing)
 .debug_str     0x0000000000000889       0x3b GetESR.o
                                        0x1a5 (size before relaxing)

.debug_loc      0x0000000000000000     0x1320
 *(.debug_loc)
 .debug_loc     0x0000000000000000      0x118 lcd-routines.o
 .debug_loc     0x0000000000000118      0xb6f main.o
 .debug_loc     0x0000000000000c87      0x20c ReadCapacity.o
 .debug_loc     0x0000000000000e93      0x25d ReadInductance.o
 .debug_loc     0x00000000000010f0      0x131 ReadADC.o
 .debug_loc     0x0000000000001221       0xff GetESR.o

.debug_macinfo
 *(.debug_macinfo)
OUTPUT(TransistorTester.elf elf32-avr)
LOAD linker stubs

.debug_pubtypes
                0x0000000000000000      0x20d
 .debug_pubtypes
                0x0000000000000000       0x1e lcd-routines.o
 .debug_pubtypes
                0x000000000000001e       0x80 main.o
 .debug_pubtypes
                0x000000000000009e       0x74 ReadCapacity.o
 .debug_pubtypes
                0x0000000000000112       0x74 ReadInductance.o
 .debug_pubtypes
                0x0000000000000186       0x3b ReadADC.o
 .debug_pubtypes
                0x00000000000001c1       0x4c GetESR.o
