Archive member included because of file (symbol)

/usr/lib/gcc/avr/4.5.3/avr5/libgcc.a(_mulsi3.o)
                              main.o (__mulsi3)
/usr/lib/gcc/avr/4.5.3/avr5/libgcc.a(_udivmodqi4.o)
                              main.o (__udivmodqi4)
/usr/lib/gcc/avr/4.5.3/avr5/libgcc.a(_udivmodhi4.o)
                              main.o (__udivmodhi4)
/usr/lib/gcc/avr/4.5.3/avr5/libgcc.a(_divmodhi4.o)
                              main.o (__divmodhi4)
/usr/lib/gcc/avr/4.5.3/avr5/libgcc.a(_udivmodsi4.o)
                              main.o (__udivmodsi4)
/usr/lib/gcc/avr/4.5.3/avr5/libgcc.a(_divmodsi4.o)
                              main.o (__divmodsi4)
/usr/lib/gcc/avr/4.5.3/avr5/libgcc.a(_exit.o)
                              /usr/lib/gcc/avr/4.5.3/../../../avr/lib/avr5/crtm328p.o (exit)
/usr/lib/gcc/avr/4.5.3/avr5/libgcc.a(_copy_data.o)
                              main.o (__do_copy_data)
/usr/lib/gcc/avr/4.5.3/avr5/libgcc.a(_clear_bss.o)
                              main.o (__do_clear_bss)
/usr/lib/gcc/avr/4.5.3/../../../avr/lib/avr5/libc.a(itoa.o)
                              main.o (itoa)
/usr/lib/gcc/avr/4.5.3/../../../avr/lib/avr5/libc.a(utoa.o)
                              main.o (utoa)
/usr/lib/gcc/avr/4.5.3/../../../avr/lib/avr5/libc.a(eerd_byte_atmega328p.o)
                              lcd-routines.o (__eerd_byte_m328p)
/usr/lib/gcc/avr/4.5.3/../../../avr/lib/avr5/libc.a(eerd_word_atmega328p.o)
                              main.o (__eerd_word_m328p)
/usr/lib/gcc/avr/4.5.3/../../../avr/lib/avr5/libc.a(eewr_byte_atmega328p.o)
                              main.o (__eewr_byte_m328p)
/usr/lib/gcc/avr/4.5.3/../../../avr/lib/avr5/libc.a(eewr_word_atmega328p.o)
                              main.o (__eewr_word_m328p)
/usr/lib/gcc/avr/4.5.3/../../../avr/lib/avr5/libc.a(strrev.o)
                              /usr/lib/gcc/avr/4.5.3/../../../avr/lib/avr5/libc.a(itoa.o) (strrev)
/usr/lib/gcc/avr/4.5.3/../../../avr/lib/avr5/libc.a(eerd_block_atmega328p.o)
                              /usr/lib/gcc/avr/4.5.3/../../../avr/lib/avr5/libc.a(eerd_word_atmega328p.o) (__eerd_blraw_m328p)

Allocating common symbols
Common symbol       size              file

display_time        0x2               main.o
PartReady           0x1               main.o
NumOfDiodes         0x1               main.o
PartMode            0x1               main.o
PartFound           0x1               main.o
cb                  0x1               main.o
tmpval              0x1               main.o
mess_count          0x1               main.o
outval              0xc               main.o
resis               0x15              main.o
ref_mv              0x2               main.o
tmpval2             0x1               main.o
empty_count         0x1               main.o
ii                  0x1               main.o
pin_combination     0x1               main.o
cpre                0x1               main.o
trans               0xb               main.o
ResistorsFound      0x1               main.o
cval_uncorrected    0x4               main.o
gthvoltage          0x2               main.o
ca                  0x1               main.o
load_diff           0x2               main.o
diodes              0x18              main.o
cval                0x4               main.o
Config              0x6               main.o

Memory Configuration

Name             Origin             Length             Attributes
text             0x0000000000000000 0x0000000000020000 xr
data             0x0000000000800060 0x000000000000ffa0 rw !x
eeprom           0x0000000000810000 0x0000000000010000 rw !x
fuse             0x0000000000820000 0x0000000000000400 rw !x
lock             0x0000000000830000 0x0000000000000400 rw !x
signature        0x0000000000840000 0x0000000000000400 rw !x
*default*        0x0000000000000000 0xffffffffffffffff

Linker script and memory map

Address of section .data set to 0x800100
LOAD /usr/lib/gcc/avr/4.5.3/../../../avr/lib/avr5/crtm328p.o
LOAD lcd-routines.o
LOAD main.o
LOAD swuart.o
LOAD wait1000ms.o
LOAD CombineToLong.o
LOAD ReadADC.o
LOAD /usr/lib/gcc/avr/4.5.3/avr5/libgcc.a
LOAD /usr/lib/gcc/avr/4.5.3/../../../avr/lib/avr5/libc.a
LOAD /usr/lib/gcc/avr/4.5.3/avr5/libgcc.a

.hash
 *(.hash)

.dynsym
 *(.dynsym)

.dynstr
 *(.dynstr)

.gnu.version
 *(.gnu.version)

.gnu.version_d
 *(.gnu.version_d)

.gnu.version_r
 *(.gnu.version_r)

.rel.init
 *(.rel.init)

.rela.init
 *(.rela.init)

.rel.text
 *(.rel.text)
 *(.rel.text.*)
 *(.rel.gnu.linkonce.t*)

.rela.text
 *(.rela.text)
 *(.rela.text.*)
 *(.rela.gnu.linkonce.t*)

.rel.fini
 *(.rel.fini)

.rela.fini
 *(.rela.fini)

.rel.rodata
 *(.rel.rodata)
 *(.rel.rodata.*)
 *(.rel.gnu.linkonce.r*)

.rela.rodata
 *(.rela.rodata)
 *(.rela.rodata.*)
 *(.rela.gnu.linkonce.r*)

.rel.data
 *(.rel.data)
 *(.rel.data.*)
 *(.rel.gnu.linkonce.d*)

.rela.data
 *(.rela.data)
 *(.rela.data.*)
 *(.rela.gnu.linkonce.d*)

.rel.ctors
 *(.rel.ctors)

.rela.ctors
 *(.rela.ctors)

.rel.dtors
 *(.rel.dtors)

.rela.dtors
 *(.rela.dtors)

.rel.got
 *(.rel.got)

.rela.got
 *(.rela.got)

.rel.bss
 *(.rel.bss)

.rela.bss
 *(.rela.bss)

.rel.plt
 *(.rel.plt)

.rela.plt
 *(.rela.plt)

.text           0x0000000000000000     0x2e6a
 *(.vectors)
 .vectors       0x0000000000000000       0x68 /usr/lib/gcc/avr/4.5.3/../../../avr/lib/avr5/crtm328p.o
                0x0000000000000000                __vectors
                0x0000000000000000                __vector_default
 *(.vectors)
 *(.progmem.gcc*)
 *(.progmem*)
                0x0000000000000068                . = ALIGN (0x2)
                0x0000000000000068                __trampolines_start = .
 *(.trampolines)
 .trampolines   0x0000000000000068        0x0 linker stubs
 *(.trampolines*)
                0x0000000000000068                __trampolines_end = .
 *(.jumptables)
 *(.jumptables*)
 *(.lowtext)
 *(.lowtext*)
                0x0000000000000068                __ctors_start = .
 *(.ctors)
                0x0000000000000068                __ctors_end = .
                0x0000000000000068                __dtors_start = .
 *(.dtors)
                0x0000000000000068                __dtors_end = .
 SORT(*)(.ctors)
 SORT(*)(.dtors)
 *(.init0)
 .init0         0x0000000000000068        0x0 /usr/lib/gcc/avr/4.5.3/../../../avr/lib/avr5/crtm328p.o
                0x0000000000000068                __init
 *(.init0)
 *(.init1)
 *(.init1)
 *(.init2)
 .init2         0x0000000000000068        0xc /usr/lib/gcc/avr/4.5.3/../../../avr/lib/avr5/crtm328p.o
 *(.init2)
 *(.init3)
 *(.init3)
 *(.init4)
 .init4         0x0000000000000074       0x16 /usr/lib/gcc/avr/4.5.3/avr5/libgcc.a(_copy_data.o)
                0x0000000000000074                __do_copy_data
 .init4         0x000000000000008a       0x10 /usr/lib/gcc/avr/4.5.3/avr5/libgcc.a(_clear_bss.o)
                0x000000000000008a                __do_clear_bss
 *(.init4)
 *(.init5)
 *(.init5)
 *(.init6)
 *(.init6)
 *(.init7)
 *(.init7)
 *(.init8)
 *(.init8)
 *(.init9)
 .init9         0x000000000000009a        0x8 /usr/lib/gcc/avr/4.5.3/../../../avr/lib/avr5/crtm328p.o
 *(.init9)
 *(.text)
 .text          0x00000000000000a2        0x4 /usr/lib/gcc/avr/4.5.3/../../../avr/lib/avr5/crtm328p.o
                0x00000000000000a2                __vector_22
                0x00000000000000a2                __vector_1
                0x00000000000000a2                __vector_24
                0x00000000000000a2                __vector_12
                0x00000000000000a2                __bad_interrupt
                0x00000000000000a2                __vector_6
                0x00000000000000a2                __vector_3
                0x00000000000000a2                __vector_23
                0x00000000000000a2                __vector_25
                0x00000000000000a2                __vector_11
                0x00000000000000a2                __vector_13
                0x00000000000000a2                __vector_17
                0x00000000000000a2                __vector_19
                0x00000000000000a2                __vector_7
                0x00000000000000a2                __vector_5
                0x00000000000000a2                __vector_4
                0x00000000000000a2                __vector_9
                0x00000000000000a2                __vector_2
                0x00000000000000a2                __vector_21
                0x00000000000000a2                __vector_15
                0x00000000000000a2                __vector_8
                0x00000000000000a2                __vector_14
                0x00000000000000a2                __vector_10
                0x00000000000000a2                __vector_16
                0x00000000000000a2                __vector_18
                0x00000000000000a2                __vector_20
 .text          0x00000000000000a6      0x164 lcd-routines.o
                0x00000000000000a6                lcd_enable
                0x00000000000000b0                lcd_send
                0x00000000000000f8                lcd_command
                0x0000000000000100                lcd_data
                0x0000000000000108                lcd_testpin
                0x0000000000000110                lcd_clear
                0x000000000000011c                lcd_init
                0x0000000000000172                lcd_string
                0x000000000000019a                lcd_pgm_string
                0x00000000000001ba                lcd_fix_string
                0x00000000000001dc                lcd_fix_customchar
 .text          0x000000000000020a     0x2918 main.o
                0x000000000000020a                ChargePin10ms
                0x000000000000024c                CheckPins
                0x0000000000000ef2                EntladePins
                0x0000000000001024                getRLmultip
                0x00000000000010a8                ReadCapacity
                0x00000000000014b8                RefVoltage
                0x0000000000001558                lcd_clear_line
                0x000000000000156a                DisplayValue
                0x00000000000016d6                RvalOut
                0x000000000000170a                mVAusgabe
                0x000000000000173c                UfAusgabe
                0x0000000000001764                AutoCheck
                0x0000000000002192                main
 .text          0x0000000000002b22        0x2 swuart.o
                0x0000000000002b22                uart_putc
 .text          0x0000000000002b24       0x4a wait1000ms.o
                0x0000000000002b24                wait5s
                0x0000000000002b26                wait4s
                0x0000000000002b28                wait3s
                0x0000000000002b2a                wait2s
                0x0000000000002b2c                wait1000ms
                0x0000000000002b2c                wait1s
                0x0000000000002b2e                wait500ms
                0x0000000000002b30                wait400ms
                0x0000000000002b32                wait300ms
                0x0000000000002b34                wait200ms
                0x0000000000002b36                wait100ms
                0x0000000000002b3a                wait50ms
                0x0000000000002b3c                wait40ms
                0x0000000000002b3e                wait30ms
                0x0000000000002b40                wait20ms
                0x0000000000002b42                wait10ms
                0x0000000000002b44                wait5ms
                0x0000000000002b46                wait4ms
                0x0000000000002b48                wait3ms
                0x0000000000002b4a                wait2ms
                0x0000000000002b4c                wait1ms
                0x0000000000002b4e                wait500us
                0x0000000000002b50                wait400us
                0x0000000000002b52                wait300us
                0x0000000000002b54                wait200us
                0x0000000000002b56                wait100us
                0x0000000000002b58                wait50us
                0x0000000000002b5a                wait40us
                0x0000000000002b5c                wait30us
                0x0000000000002b5e                wait20us
                0x0000000000002b60                wait10us
                0x0000000000002b62                wait5us
                0x0000000000002b64                wait4us
                0x0000000000002b66                wait3us
                0x0000000000002b68                wait2us
                0x0000000000002b6a                wait1us
 .text          0x0000000000002b6e        0x4 CombineToLong.o
                0x0000000000002b6e                CombineBI2Long
                0x0000000000002b70                CombineII2Long
 .text          0x0000000000002b72       0xe6 ReadADC.o
                0x0000000000002b72                W20msReadADC
                0x0000000000002b76                W10msReadADC
                0x0000000000002b7a                W5msReadADC
                0x0000000000002b7e                ReadADC
 .text          0x0000000000002c58        0x0 /usr/lib/gcc/avr/4.5.3/avr5/libgcc.a(_mulsi3.o)
 .text          0x0000000000002c58        0x0 /usr/lib/gcc/avr/4.5.3/avr5/libgcc.a(_udivmodqi4.o)
 .text          0x0000000000002c58        0x0 /usr/lib/gcc/avr/4.5.3/avr5/libgcc.a(_udivmodhi4.o)
 .text          0x0000000000002c58        0x0 /usr/lib/gcc/avr/4.5.3/avr5/libgcc.a(_divmodhi4.o)
 .text          0x0000000000002c58        0x0 /usr/lib/gcc/avr/4.5.3/avr5/libgcc.a(_udivmodsi4.o)
 .text          0x0000000000002c58        0x0 /usr/lib/gcc/avr/4.5.3/avr5/libgcc.a(_divmodsi4.o)
 .text          0x0000000000002c58        0x0 /usr/lib/gcc/avr/4.5.3/avr5/libgcc.a(_exit.o)
 .text          0x0000000000002c58        0x0 /usr/lib/gcc/avr/4.5.3/avr5/libgcc.a(_copy_data.o)
 .text          0x0000000000002c58        0x0 /usr/lib/gcc/avr/4.5.3/avr5/libgcc.a(_clear_bss.o)
 .text          0x0000000000002c58        0x0 /usr/lib/gcc/avr/4.5.3/../../../avr/lib/avr5/libc.a(itoa.o)
 .text          0x0000000000002c58        0x0 /usr/lib/gcc/avr/4.5.3/../../../avr/lib/avr5/libc.a(utoa.o)
 .text          0x0000000000002c58        0x0 /usr/lib/gcc/avr/4.5.3/../../../avr/lib/avr5/libc.a(eerd_byte_atmega328p.o)
 .text          0x0000000000002c58        0x0 /usr/lib/gcc/avr/4.5.3/../../../avr/lib/avr5/libc.a(eerd_word_atmega328p.o)
 .text          0x0000000000002c58        0x0 /usr/lib/gcc/avr/4.5.3/../../../avr/lib/avr5/libc.a(eewr_byte_atmega328p.o)
 .text          0x0000000000002c58        0x0 /usr/lib/gcc/avr/4.5.3/../../../avr/lib/avr5/libc.a(eewr_word_atmega328p.o)
 .text          0x0000000000002c58        0x0 /usr/lib/gcc/avr/4.5.3/../../../avr/lib/avr5/libc.a(strrev.o)
 .text          0x0000000000002c58        0x0 /usr/lib/gcc/avr/4.5.3/../../../avr/lib/avr5/libc.a(eerd_block_atmega328p.o)
                0x0000000000002c58                . = ALIGN (0x2)
 *(.text.*)
 .text.libgcc   0x0000000000002c58       0x3e /usr/lib/gcc/avr/4.5.3/avr5/libgcc.a(_mulsi3.o)
                0x0000000000002c58                __mulsi3
 .text.libgcc   0x0000000000002c96       0x18 /usr/lib/gcc/avr/4.5.3/avr5/libgcc.a(_udivmodqi4.o)
                0x0000000000002c96                __udivmodqi4
 .text.libgcc   0x0000000000002cae       0x28 /usr/lib/gcc/avr/4.5.3/avr5/libgcc.a(_udivmodhi4.o)
                0x0000000000002cae                __udivmodhi4
 .text.libgcc   0x0000000000002cd6       0x26 /usr/lib/gcc/avr/4.5.3/avr5/libgcc.a(_divmodhi4.o)
                0x0000000000002cd6                __divmodhi4
                0x0000000000002cd6                _div
 .text.libgcc   0x0000000000002cfc       0x44 /usr/lib/gcc/avr/4.5.3/avr5/libgcc.a(_udivmodsi4.o)
                0x0000000000002cfc                __udivmodsi4
 .text.libgcc   0x0000000000002d40       0x36 /usr/lib/gcc/avr/4.5.3/avr5/libgcc.a(_divmodsi4.o)
                0x0000000000002d40                __divmodsi4
 .text.libgcc   0x0000000000002d76        0x0 /usr/lib/gcc/avr/4.5.3/avr5/libgcc.a(_exit.o)
 .text.libgcc   0x0000000000002d76        0x0 /usr/lib/gcc/avr/4.5.3/avr5/libgcc.a(_copy_data.o)
 .text.libgcc   0x0000000000002d76        0x0 /usr/lib/gcc/avr/4.5.3/avr5/libgcc.a(_clear_bss.o)
 .text.avr-libc
                0x0000000000002d76       0x42 /usr/lib/gcc/avr/4.5.3/../../../avr/lib/avr5/libc.a(itoa.o)
                0x0000000000002d76                itoa
 .text.avr-libc
                0x0000000000002db8       0x2c /usr/lib/gcc/avr/4.5.3/../../../avr/lib/avr5/libc.a(utoa.o)
                0x0000000000002db8                utoa
 .text.avr-libc
                0x0000000000002de4       0x10 /usr/lib/gcc/avr/4.5.3/../../../avr/lib/avr5/libc.a(eerd_byte_atmega328p.o)
                0x0000000000002de4                __eerd_byte_m328p
 .text.avr-libc
                0x0000000000002df4        0xc /usr/lib/gcc/avr/4.5.3/../../../avr/lib/avr5/libc.a(eerd_word_atmega328p.o)
                0x0000000000002df4                __eerd_word_m328p
 .text.avr-libc
                0x0000000000002e00       0x1c /usr/lib/gcc/avr/4.5.3/../../../avr/lib/avr5/libc.a(eewr_byte_atmega328p.o)
                0x0000000000002e00                __eewr_byte_m328p
                0x0000000000002e02                __eewr_r18_m328p
 .text.avr-libc
                0x0000000000002e1c        0xa /usr/lib/gcc/avr/4.5.3/../../../avr/lib/avr5/libc.a(eewr_word_atmega328p.o)
                0x0000000000002e1c                __eewr_word_m328p
 .text.avr-libc
                0x0000000000002e26       0x20 /usr/lib/gcc/avr/4.5.3/../../../avr/lib/avr5/libc.a(strrev.o)
                0x0000000000002e26                strrev
 .text.avr-libc
                0x0000000000002e46       0x20 /usr/lib/gcc/avr/4.5.3/../../../avr/lib/avr5/libc.a(eerd_block_atmega328p.o)
                0x0000000000002e46                __eerd_block_m328p
                0x0000000000002e4a                __eerd_blraw_m328p
                0x0000000000002e66                . = ALIGN (0x2)
 *(.fini9)
 .fini9         0x0000000000002e66        0x0 /usr/lib/gcc/avr/4.5.3/avr5/libgcc.a(_exit.o)
                0x0000000000002e66                exit
                0x0000000000002e66                _exit
 *(.fini9)
 *(.fini8)
 *(.fini8)
 *(.fini7)
 *(.fini7)
 *(.fini6)
 *(.fini6)
 *(.fini5)
 *(.fini5)
 *(.fini4)
 *(.fini4)
 *(.fini3)
 *(.fini3)
 *(.fini2)
 *(.fini2)
 *(.fini1)
 *(.fini1)
 *(.fini0)
 .fini0         0x0000000000002e66        0x4 /usr/lib/gcc/avr/4.5.3/avr5/libgcc.a(_exit.o)
 *(.fini0)
                0x0000000000002e6a                _etext = .

.data           0x0000000000800100        0x2 load address 0x0000000000002e6a
                0x0000000000800100                PROVIDE (__data_start, .)
 *(.data)
 .data          0x0000000000800100        0x0 /usr/lib/gcc/avr/4.5.3/../../../avr/lib/avr5/crtm328p.o
 .data          0x0000000000800100        0x0 lcd-routines.o
 .data          0x0000000000800100        0x2 main.o
                0x0000000000800100                RHmultip
 .data          0x0000000000800102        0x0 swuart.o
 .data          0x0000000000800102        0x0 wait1000ms.o
 .data          0x0000000000800102        0x0 CombineToLong.o
 .data          0x0000000000800102        0x0 ReadADC.o
 .data          0x0000000000800102        0x0 /usr/lib/gcc/avr/4.5.3/avr5/libgcc.a(_mulsi3.o)
 .data          0x0000000000800102        0x0 /usr/lib/gcc/avr/4.5.3/avr5/libgcc.a(_udivmodqi4.o)
 .data          0x0000000000800102        0x0 /usr/lib/gcc/avr/4.5.3/avr5/libgcc.a(_udivmodhi4.o)
 .data          0x0000000000800102        0x0 /usr/lib/gcc/avr/4.5.3/avr5/libgcc.a(_divmodhi4.o)
 .data          0x0000000000800102        0x0 /usr/lib/gcc/avr/4.5.3/avr5/libgcc.a(_udivmodsi4.o)
 .data          0x0000000000800102        0x0 /usr/lib/gcc/avr/4.5.3/avr5/libgcc.a(_divmodsi4.o)
 .data          0x0000000000800102        0x0 /usr/lib/gcc/avr/4.5.3/avr5/libgcc.a(_exit.o)
 .data          0x0000000000800102        0x0 /usr/lib/gcc/avr/4.5.3/avr5/libgcc.a(_copy_data.o)
 .data          0x0000000000800102        0x0 /usr/lib/gcc/avr/4.5.3/avr5/libgcc.a(_clear_bss.o)
 .data          0x0000000000800102        0x0 /usr/lib/gcc/avr/4.5.3/../../../avr/lib/avr5/libc.a(itoa.o)
 .data          0x0000000000800102        0x0 /usr/lib/gcc/avr/4.5.3/../../../avr/lib/avr5/libc.a(utoa.o)
 .data          0x0000000000800102        0x0 /usr/lib/gcc/avr/4.5.3/../../../avr/lib/avr5/libc.a(eerd_byte_atmega328p.o)
 .data          0x0000000000800102        0x0 /usr/lib/gcc/avr/4.5.3/../../../avr/lib/avr5/libc.a(eerd_word_atmega328p.o)
 .data          0x0000000000800102        0x0 /usr/lib/gcc/avr/4.5.3/../../../avr/lib/avr5/libc.a(eewr_byte_atmega328p.o)
 .data          0x0000000000800102        0x0 /usr/lib/gcc/avr/4.5.3/../../../avr/lib/avr5/libc.a(eewr_word_atmega328p.o)
 .data          0x0000000000800102        0x0 /usr/lib/gcc/avr/4.5.3/../../../avr/lib/avr5/libc.a(strrev.o)
 .data          0x0000000000800102        0x0 /usr/lib/gcc/avr/4.5.3/../../../avr/lib/avr5/libc.a(eerd_block_atmega328p.o)
 *(.data*)
 *(.rodata)
 *(.rodata*)
 *(.gnu.linkonce.d*)
                0x0000000000800102                . = ALIGN (0x2)
                0x0000000000800102                _edata = .
                0x0000000000800102                PROVIDE (__data_end, .)

.bss            0x0000000000800102       0x68
                0x0000000000800102                PROVIDE (__bss_start, .)
 *(.bss)
 .bss           0x0000000000800102        0x0 /usr/lib/gcc/avr/4.5.3/../../../avr/lib/avr5/crtm328p.o
 .bss           0x0000000000800102        0x0 lcd-routines.o
 .bss           0x0000000000800102        0x0 main.o
 .bss           0x0000000000800102        0x0 swuart.o
 .bss           0x0000000000800102        0x0 wait1000ms.o
 .bss           0x0000000000800102        0x0 CombineToLong.o
 .bss           0x0000000000800102        0x0 ReadADC.o
 .bss           0x0000000000800102        0x0 /usr/lib/gcc/avr/4.5.3/avr5/libgcc.a(_mulsi3.o)
 .bss           0x0000000000800102        0x0 /usr/lib/gcc/avr/4.5.3/avr5/libgcc.a(_udivmodqi4.o)
 .bss           0x0000000000800102        0x0 /usr/lib/gcc/avr/4.5.3/avr5/libgcc.a(_udivmodhi4.o)
 .bss           0x0000000000800102        0x0 /usr/lib/gcc/avr/4.5.3/avr5/libgcc.a(_divmodhi4.o)
 .bss           0x0000000000800102        0x0 /usr/lib/gcc/avr/4.5.3/avr5/libgcc.a(_udivmodsi4.o)
 .bss           0x0000000000800102        0x0 /usr/lib/gcc/avr/4.5.3/avr5/libgcc.a(_divmodsi4.o)
 .bss           0x0000000000800102        0x0 /usr/lib/gcc/avr/4.5.3/avr5/libgcc.a(_exit.o)
 .bss           0x0000000000800102        0x0 /usr/lib/gcc/avr/4.5.3/avr5/libgcc.a(_copy_data.o)
 .bss           0x0000000000800102        0x0 /usr/lib/gcc/avr/4.5.3/avr5/libgcc.a(_clear_bss.o)
 .bss           0x0000000000800102        0x0 /usr/lib/gcc/avr/4.5.3/../../../avr/lib/avr5/libc.a(itoa.o)
 .bss           0x0000000000800102        0x0 /usr/lib/gcc/avr/4.5.3/../../../avr/lib/avr5/libc.a(utoa.o)
 .bss           0x0000000000800102        0x0 /usr/lib/gcc/avr/4.5.3/../../../avr/lib/avr5/libc.a(eerd_byte_atmega328p.o)
 .bss           0x0000000000800102        0x0 /usr/lib/gcc/avr/4.5.3/../../../avr/lib/avr5/libc.a(eerd_word_atmega328p.o)
 .bss           0x0000000000800102        0x0 /usr/lib/gcc/avr/4.5.3/../../../avr/lib/avr5/libc.a(eewr_byte_atmega328p.o)
 .bss           0x0000000000800102        0x0 /usr/lib/gcc/avr/4.5.3/../../../avr/lib/avr5/libc.a(eewr_word_atmega328p.o)
 .bss           0x0000000000800102        0x0 /usr/lib/gcc/avr/4.5.3/../../../avr/lib/avr5/libc.a(strrev.o)
 .bss           0x0000000000800102        0x0 /usr/lib/gcc/avr/4.5.3/../../../avr/lib/avr5/libc.a(eerd_block_atmega328p.o)
 *(.bss*)
 *(COMMON)
 COMMON         0x0000000000800102       0x68 main.o
                0x0000000000800102                display_time
                0x0000000000800104                PartReady
                0x0000000000800105                NumOfDiodes
                0x0000000000800106                PartMode
                0x0000000000800107                PartFound
                0x0000000000800108                cb
                0x0000000000800109                tmpval
                0x000000000080010a                mess_count
                0x000000000080010b                outval
                0x0000000000800117                resis
                0x000000000080012c                ref_mv
                0x000000000080012e                tmpval2
                0x000000000080012f                empty_count
                0x0000000000800130                ii
                0x0000000000800131                pin_combination
                0x0000000000800132                cpre
                0x0000000000800133                trans
                0x000000000080013e                ResistorsFound
                0x000000000080013f                cval_uncorrected
                0x0000000000800143                gthvoltage
                0x0000000000800145                ca
                0x0000000000800146                load_diff
                0x0000000000800148                diodes
                0x0000000000800160                cval
                0x0000000000800164                Config
                0x000000000080016a                PROVIDE (__bss_end, .)
                0x0000000000002e6a                __data_load_start = LOADADDR (.data)
                0x0000000000002e6c                __data_load_end = (__data_load_start + SIZEOF (.data))

.noinit         0x000000000080016a        0x0
                0x000000000080016a                PROVIDE (__noinit_start, .)
 *(.noinit*)
                0x000000000080016a                PROVIDE (__noinit_end, .)
                0x000000000080016a                _end = .
                0x000000000080016a                PROVIDE (__heap_start, .)

.eeprom         0x0000000000810000      0x203
 *(.eeprom*)
 .eeprom        0x0000000000810000      0x203 main.o
                0x0000000000810000                RLtab
                0x000000000081005a                RHtab
                0x000000000081006c                TestRunning
                0x0000000000810077                BatWeak
                0x000000000081007c                BatEmpty
                0x0000000000810083                TestFailed2
                0x000000000081008c                Bauteil
                0x0000000000810091                Diode
                0x0000000000810099                GAK
                0x000000000081009e                Triac
                0x00000000008100a4                Thyristor
                0x00000000008100ae                Unknown
                0x00000000008100b7                TestFailed1
                0x00000000008100c7                OrBroken
                0x00000000008100d3                TestTimedOut
                0x00000000008100dc                SELFTEST
                0x00000000008100ec                ATE
                0x00000000008100f9                RELPROBE
                0x0000000000810107                Bat
                0x000000000081010d                OK
                0x0000000000810110                mosfet
                0x0000000000810115                jfet
                0x000000000081011a                GateCap
                0x000000000081011d                hfestr
                0x0000000000810120                NPN
                0x0000000000810125                PNP
                0x000000000081012a                ebcstr
                0x0000000000810130                gds
                0x0000000000810136                Uf
                0x000000000081013a                vt
                0x000000000081013f                Vgs_str
                0x0000000000810147                CapZeich
                0x000000000081014b                AnKat
                0x000000000081014f                KatAn
                0x0000000000810153                Dioden
                0x0000000000810158                Resistor_str
                0x000000000081015d                VERSION
                0x000000000081016b                mVT
                0x000000000081016f                URefT
                0x0000000000810174                RHfakt
                0x0000000000810179                RH1L
                0x000000000081017d                RH1H
                0x0000000000810181                RIHI
                0x0000000000810188                RILO
                0x000000000081018f                MinCap
                0x0000000000810197                REF_Cstr
                0x000000000081019e                RLRL
                0x00000000008101ac                RHRH
                0x00000000008101ba                T50HZ
                0x00000000008101c0                DiodeIcon1
                0x00000000008101c8                DiodeIcon2
                0x00000000008101d0                CapIcon
                0x00000000008101d8                ResIcon1
                0x00000000008101e0                ResIcon2
                0x00000000008101e8                PinRLtab
                0x00000000008101eb                PinADCtab
                0x00000000008101ee                R680pl
                0x00000000008101f0                R680mi
                0x00000000008101f2                RefDiff
                0x00000000008101f3                PrefixTab
                0x00000000008101fa                ref_offset
                0x00000000008101fc                c_zero_tab
                0x0000000000810203                __eeprom_end = .

.fuse
 *(.fuse)
 *(.lfuse)
 *(.hfuse)
 *(.efuse)

.lock
 *(.lock*)

.signature
 *(.signature*)

.stab           0x0000000000000000      0xdbc
 *(.stab)
 .stab          0x0000000000000000      0x6cc /usr/lib/gcc/avr/4.5.3/../../../avr/lib/avr5/crtm328p.o
 .stab          0x00000000000006cc      0x1b0 /usr/lib/gcc/avr/4.5.3/../../../avr/lib/avr5/libc.a(itoa.o)
                                        0x1bc (size before relaxing)
 .stab          0x000000000000087c      0x12c /usr/lib/gcc/avr/4.5.3/../../../avr/lib/avr5/libc.a(utoa.o)
                                        0x138 (size before relaxing)
 .stab          0x00000000000009a8       0x90 /usr/lib/gcc/avr/4.5.3/../../../avr/lib/avr5/libc.a(eerd_byte_atmega328p.o)
                                         0x9c (size before relaxing)
 .stab          0x0000000000000a38       0x6c /usr/lib/gcc/avr/4.5.3/../../../avr/lib/avr5/libc.a(eerd_word_atmega328p.o)
                                         0x78 (size before relaxing)
 .stab          0x0000000000000aa4       0xe4 /usr/lib/gcc/avr/4.5.3/../../../avr/lib/avr5/libc.a(eewr_byte_atmega328p.o)
                                         0xf0 (size before relaxing)
 .stab          0x0000000000000b88       0x54 /usr/lib/gcc/avr/4.5.3/../../../avr/lib/avr5/libc.a(eewr_word_atmega328p.o)
                                         0x60 (size before relaxing)
 .stab          0x0000000000000bdc       0xd8 /usr/lib/gcc/avr/4.5.3/../../../avr/lib/avr5/libc.a(strrev.o)
                                         0xe4 (size before relaxing)
 .stab          0x0000000000000cb4      0x108 /usr/lib/gcc/avr/4.5.3/../../../avr/lib/avr5/libc.a(eerd_block_atmega328p.o)
                                        0x114 (size before relaxing)

.stabstr        0x0000000000000000      0x1d2
 *(.stabstr)
 .stabstr       0x0000000000000000      0x1d2 /usr/lib/gcc/avr/4.5.3/../../../avr/lib/avr5/crtm328p.o

.stab.excl
 *(.stab.excl)

.stab.exclstr
 *(.stab.exclstr)

.stab.index
 *(.stab.index)

.stab.indexstr
 *(.stab.indexstr)

.comment
 *(.comment)

.debug
 *(.debug)

.line
 *(.line)

.debug_srcinfo
 *(.debug_srcinfo)

.debug_sfnames
 *(.debug_sfnames)

.debug_aranges  0x0000000000000000       0x40
 *(.debug_aranges)
 .debug_aranges
                0x0000000000000000       0x20 lcd-routines.o
 .debug_aranges
                0x0000000000000020       0x20 main.o

.debug_pubnames
                0x0000000000000000      0x5a5
 *(.debug_pubnames)
 .debug_pubnames
                0x0000000000000000       0xc2 lcd-routines.o
 .debug_pubnames
                0x00000000000000c2      0x4e3 main.o

.debug_info     0x0000000000000000     0x19d3
 *(.debug_info)
 .debug_info    0x0000000000000000      0x278 lcd-routines.o
 .debug_info    0x0000000000000278     0x175b main.o
 *(.gnu.linkonce.wi.*)

.debug_abbrev   0x0000000000000000      0x364
 *(.debug_abbrev)
 .debug_abbrev  0x0000000000000000       0xbe lcd-routines.o
 .debug_abbrev  0x00000000000000be      0x2a6 main.o

.debug_line     0x0000000000000000     0x2801
 *(.debug_line)
 .debug_line    0x0000000000000000      0x2f5 lcd-routines.o
 .debug_line    0x00000000000002f5     0x250c main.o

.debug_frame    0x0000000000000000      0x1a0
 *(.debug_frame)
 .debug_frame   0x0000000000000000       0xc0 lcd-routines.o
 .debug_frame   0x00000000000000c0       0xe0 main.o

.debug_str      0x0000000000000000      0x6bf
 *(.debug_str)
 .debug_str     0x0000000000000000      0x15b lcd-routines.o
                                        0x199 (size before relaxing)
 .debug_str     0x000000000000015b      0x564 main.o
                                        0x65f (size before relaxing)

.debug_loc      0x0000000000000000     0x1140
 *(.debug_loc)
 .debug_loc     0x0000000000000000      0x1de lcd-routines.o
 .debug_loc     0x00000000000001de      0xf62 main.o

.debug_macinfo
 *(.debug_macinfo)
OUTPUT(TransistorTester.elf elf32-avr)
LOAD linker stubs

.debug_pubtypes
                0x0000000000000000       0x90
 .debug_pubtypes
                0x0000000000000000       0x2b lcd-routines.o
 .debug_pubtypes
                0x000000000000002b       0x65 main.o
